info: seed 30
info: loading game
info: loaded game
info: loading player Skibbidy
info: loading player Dummy
info: loading player Dummy
info: loading player Dummy
info: players loaded
info: start round 0
info:     start player 0

next move down

different unit spotted
different unit spotted
different unit spotted
different unit spotted
Ally Pioneer spotted Enemy Furyan at dir: 2
dodge called with dir: 6

dodge
dodge1 dir: 6
order placed

next move down

different unit spotted
different unit spotted
different unit spotted
different unit spotted
different unit spotted
different unit spotted
different unit spotted
different unit spotted
different unit spotted
different unit spotted
different unit spotted
different unit spotted
different unit spotted
different unit spotted
different unit spotted
different unit spotted
different unit spotted
different unit spotted
different unit spotted
different unit spotted

Best move


next move down

different unit spotted
different unit spotted
different unit spotted
different unit spotted
different unit spotted
different unit spotted
different unit spotted
different unit spotted
different unit spotted
different unit spotted
different unit spotted
different unit spotted
different unit spotted
different unit spotted
different unit spotted
different unit spotted
different unit spotted
different unit spotted
different unit spotted
different unit spotted
different unit spotted
different unit spotted

Best move


next move down

different unit spotted
different unit spotted
different unit spotted
different unit spotted
different unit spotted
different unit spotted
different unit spotted
different unit spotted
different unit spotted
different unit spotted
different unit spotted
different unit spotted
different unit spotted
different unit spotted
different unit spotted
different unit spotted
different unit spotted
different unit spotted
different unit spotted
different unit spotted
different unit spotted
different unit spotted

Best move


next move down

different unit spotted
different unit spotted
different unit spotted
different unit spotted
different unit spotted
different unit spotted
different unit spotted
different unit spotted
Ally Pioneer spotted Enemy Furyan at dir: 7
dodge called with dir: 3

dodge
dodge1 dir: 3
order placed

next move down

different unit spotted
different unit spotted
different unit spotted
different unit spotted
different unit spotted
different unit spotted
different unit spotted
different unit spotted
different unit spotted
different unit spotted
different unit spotted
different unit spotted
different unit spotted
different unit spotted

Best move


next move down

different unit spotted
different unit spotted
different unit spotted
different unit spotted
different unit spotted
different unit spotted
different unit spotted
different unit spotted

Best move


next move down

different unit spotted
Ally Pioneer spotted Enemy Furyan at dir: 3
dodge called with dir: 7

dodge
dodge1 dir: 7
order placed

next move down

different unit spotted
different unit spotted
different unit spotted
different unit spotted
different unit spotted
different unit spotted
different unit spotted

Best move


next move down

different unit spotted
different unit spotted
different unit spotted

Best move


next move down

different unit spotted
different unit spotted
different unit spotted
different unit spotted
different unit spotted
different unit spotted

Best move


next move down

different unit spotted
different unit spotted
different unit spotted
different unit spotted
different unit spotted
different unit spotted
different unit spotted
different unit spotted
different unit spotted
different unit spotted
different unit spotted

Best move


next move down

different unit spotted
different unit spotted
different unit spotted
different unit spotted

Best move


next move down

different unit spotted
different unit spotted
different unit spotted
different unit spotted
different unit spotted
different unit spotted
different unit spotted
different unit spotted
different unit spotted

Best move


next move down

different unit spotted
different unit spotted
different unit spotted
different unit spotted
different unit spotted
different unit spotted

Best move


next move down

different unit spotted
different unit spotted
different unit spotted
different unit spotted
different unit spotted
different unit spotted
different unit spotted
different unit spotted
different unit spotted
Ally Furian spotted Enemy unit at dir: 1
dodge called with dir: 1

dodge
dodge1 dir: 1

next move down

different unit spotted
Ally Furian spotted Enemy unit at dir: 3
dodge called with dir: 3

next move down

different unit spotted
different unit spotted
different unit spotted
different unit spotted
different unit spotted
different unit spotted
different unit spotted
different unit spotted
different unit spotted
different unit spotted
different unit spotted
Ally Furian spotted Enemy unit at dir: 2
dodge called with dir: 2

dodge
dodge1 dir: 2

next move down

different unit spotted
Ally Furian spotted Enemy unit at dir: 0
dodge called with dir: 0

next move down

different unit spotted
different unit spotted
different unit spotted
different unit spotted
Ally Furian spotted Enemy unit at dir: 6
dodge called with dir: 6

dodge
dodge1 dir: 6
dodge or chase commanded dir: 3

dodge or chase commanded dir: 0

dodge or chase commanded dir: 6

dodge or chase commanded dir: 3

dodge or chase commanded dir: 7

best move (not dodge) commanded

best move (not dodge) commanded

best move (not dodge) commanded

best move (not dodge) commanded

best move (not dodge) commanded

best move (not dodge) commanded

best move (not dodge) commanded

best move (not dodge) commanded

best move (not dodge) commanded

best move (not dodge) commanded

best move (not dodge) commanded

best move (not dodge) commanded

best move (not dodge) commanded

best move (not dodge) commanded

best move (not dodge) commanded

info:     end player 0
info:     start player 1
info:     end player 1
info:     start player 2
info:     end player 2
info:     start player 3
info:     end player 3
info: end round 0
info: start round 1
info:     start player 0

next move down

different unit spotted
different unit spotted
different unit spotted
different unit spotted
different unit spotted
different unit spotted
different unit spotted
different unit spotted
different unit spotted
different unit spotted
different unit spotted
different unit spotted
different unit spotted
different unit spotted
different unit spotted
different unit spotted
different unit spotted
different unit spotted
different unit spotted
different unit spotted

Best move


next move down

different unit spotted
different unit spotted
different unit spotted
different unit spotted
different unit spotted
different unit spotted
different unit spotted
different unit spotted
different unit spotted
different unit spotted
different unit spotted
different unit spotted
different unit spotted
different unit spotted
different unit spotted
different unit spotted
different unit spotted
different unit spotted
different unit spotted
different unit spotted

Best move


next move down

different unit spotted
different unit spotted
different unit spotted
different unit spotted
different unit spotted
different unit spotted
different unit spotted
different unit spotted
different unit spotted
different unit spotted
different unit spotted
different unit spotted
different unit spotted
different unit spotted
different unit spotted
different unit spotted
different unit spotted

Best move


next move down

different unit spotted
different unit spotted
different unit spotted
different unit spotted
different unit spotted
different unit spotted
different unit spotted
different unit spotted
different unit spotted
different unit spotted
different unit spotted
different unit spotted
different unit spotted
different unit spotted
different unit spotted
different unit spotted
different unit spotted
different unit spotted
different unit spotted

Best move


next move down

different unit spotted
different unit spotted
different unit spotted
different unit spotted
different unit spotted
different unit spotted
different unit spotted
different unit spotted
different unit spotted
different unit spotted
Ally Pioneer spotted Enemy Furyan at dir: 7
dodge called with dir: 3

dodge
dodge1 dir: 3
order placed

next move down

different unit spotted
different unit spotted
different unit spotted
different unit spotted
Ally Pioneer spotted Enemy Furyan at dir: 6
dodge called with dir: 2

dodge
dodge1 dir: 2
order placed

next move down

different unit spotted
different unit spotted
different unit spotted
different unit spotted
different unit spotted
different unit spotted
different unit spotted
different unit spotted
different unit spotted
different unit spotted
different unit spotted
different unit spotted
different unit spotted
different unit spotted
different unit spotted
different unit spotted
different unit spotted
different unit spotted

Best move


next move down

different unit spotted
different unit spotted
different unit spotted
different unit spotted
different unit spotted
Ally Pioneer spotted Enemy Furyan at dir: 7
dodge called with dir: 3

dodge
dodge1 dir: 3
order placed

next move down

different unit spotted
different unit spotted
different unit spotted
different unit spotted
different unit spotted
different unit spotted
Ally Pioneer spotted Enemy Furyan at dir: 4
dodge called with dir: 0

dodge
dodge1 dir: 0
order placed

next move down

different unit spotted
different unit spotted
different unit spotted
different unit spotted
different unit spotted

Best move


next move down

different unit spotted
different unit spotted
different unit spotted
different unit spotted
different unit spotted
different unit spotted
different unit spotted
different unit spotted
different unit spotted

Best move


next move down

different unit spotted
different unit spotted
different unit spotted
different unit spotted
different unit spotted
different unit spotted
different unit spotted
different unit spotted
different unit spotted
different unit spotted
different unit spotted
different unit spotted
different unit spotted
different unit spotted
different unit spotted
different unit spotted
different unit spotted
different unit spotted
different unit spotted
different unit spotted

Best move


next move down

different unit spotted
different unit spotted
different unit spotted

Best move


next move down

different unit spotted
different unit spotted
different unit spotted
different unit spotted
different unit spotted
different unit spotted
different unit spotted
different unit spotted
different unit spotted
different unit spotted
different unit spotted

Best move


next move down

different unit spotted
different unit spotted
different unit spotted
different unit spotted
different unit spotted
different unit spotted
different unit spotted
different unit spotted
different unit spotted
different unit spotted
different unit spotted
different unit spotted
different unit spotted
different unit spotted
different unit spotted
different unit spotted

Best move


next move down

different unit spotted
different unit spotted
different unit spotted
different unit spotted
different unit spotted
different unit spotted
different unit spotted
different unit spotted
different unit spotted
Ally Furian spotted Enemy unit at dir: 3
dodge called with dir: 3

dodge
dodge1 dir: 3

next move down

different unit spotted
Ally Furian spotted Enemy unit at dir: 5
dodge called with dir: 5

next move down

different unit spotted
different unit spotted
different unit spotted
different unit spotted
different unit spotted
different unit spotted
different unit spotted
different unit spotted
different unit spotted
different unit spotted
different unit spotted
different unit spotted
different unit spotted
different unit spotted
Ally Furian spotted Enemy unit at dir: 3
dodge called with dir: 3

dodge
dodge1 dir: 3

next move down

different unit spotted
different unit spotted
Ally Furian spotted Enemy unit at dir: 0
dodge called with dir: 0

dodge
dodge1 dir: 0

next move down

different unit spotted
different unit spotted
Ally Furian spotted Enemy unit at dir: 7
dodge called with dir: 7
dodge or chase commanded dir: 5

dodge or chase commanded dir: 7

dodge or chase commanded dir: 2

dodge or chase commanded dir: 3

dodge or chase commanded dir: 3

dodge or chase commanded dir: 0

best move (not dodge) commanded

best move (not dodge) commanded

best move (not dodge) commanded

best move (not dodge) commanded

best move (not dodge) commanded

best move (not dodge) commanded

best move (not dodge) commanded

best move (not dodge) commanded

best move (not dodge) commanded

best move (not dodge) commanded

best move (not dodge) commanded

best move (not dodge) commanded

best move (not dodge) commanded

best move (not dodge) commanded

info:     end player 0
info:     start player 1
info:     end player 1
info:     start player 2
info:     end player 2
info:     start player 3
info:     end player 3
info: end round 1
info: start round 2
info:     start player 0

next move down

different unit spotted
different unit spotted
different unit spotted
different unit spotted
different unit spotted
different unit spotted
different unit spotted
different unit spotted
different unit spotted
different unit spotted
different unit spotted
different unit spotted
different unit spotted
different unit spotted
different unit spotted
different unit spotted
different unit spotted
different unit spotted
Ally Pioneer spotted Enemy Furyan at dir: 3
dodge called with dir: 7

dodge
dodge1 dir: 7
order placed

next move down

different unit spotted
different unit spotted
different unit spotted
different unit spotted
different unit spotted
different unit spotted
different unit spotted
different unit spotted
different unit spotted
different unit spotted
different unit spotted
different unit spotted
different unit spotted
different unit spotted
different unit spotted
different unit spotted
different unit spotted
different unit spotted
different unit spotted
different unit spotted
different unit spotted
different unit spotted
different unit spotted

Best move


next move down

different unit spotted
different unit spotted
different unit spotted
different unit spotted
different unit spotted
different unit spotted
different unit spotted
different unit spotted
different unit spotted
different unit spotted
different unit spotted

Best move


next move down

different unit spotted
different unit spotted
different unit spotted
different unit spotted
different unit spotted
different unit spotted
different unit spotted
different unit spotted
different unit spotted
different unit spotted
different unit spotted
different unit spotted
different unit spotted
different unit spotted
different unit spotted
different unit spotted
different unit spotted
different unit spotted

Best move


next move down

different unit spotted
different unit spotted
different unit spotted
different unit spotted
different unit spotted
different unit spotted
different unit spotted
different unit spotted
different unit spotted
different unit spotted
Ally Pioneer spotted Enemy Furyan at dir: 7
dodge called with dir: 3

dodge
dodge1 dir: 3
order placed

next move down

different unit spotted
different unit spotted
different unit spotted
different unit spotted
different unit spotted
Ally Pioneer spotted Enemy Furyan at dir: 6
dodge called with dir: 2

dodge
dodge1 dir: 2
order placed

next move down

different unit spotted
different unit spotted
different unit spotted
different unit spotted
different unit spotted
different unit spotted
different unit spotted
different unit spotted
different unit spotted
different unit spotted

Best move


next move down

different unit spotted
different unit spotted
different unit spotted
different unit spotted
Ally Pioneer spotted Enemy Furyan at dir: 3
dodge called with dir: 7

dodge
dodge1 dir: 7
order placed

next move down

different unit spotted
different unit spotted
different unit spotted
different unit spotted
different unit spotted
different unit spotted
different unit spotted
different unit spotted

Best move


next move down

different unit spotted
different unit spotted
different unit spotted

Best move


next move down

different unit spotted
different unit spotted
different unit spotted
different unit spotted
different unit spotted
different unit spotted
different unit spotted

Best move


next move down

different unit spotted
different unit spotted
different unit spotted
different unit spotted
different unit spotted
different unit spotted
different unit spotted
different unit spotted
different unit spotted
different unit spotted
different unit spotted
different unit spotted
different unit spotted

Best move


next move down

different unit spotted
different unit spotted

Best move


next move down

different unit spotted
different unit spotted
different unit spotted
different unit spotted
different unit spotted
different unit spotted
different unit spotted

Best move


next move down

different unit spotted
different unit spotted
different unit spotted
different unit spotted
different unit spotted
different unit spotted
different unit spotted
different unit spotted
different unit spotted
different unit spotted
different unit spotted
different unit spotted
different unit spotted
different unit spotted

Best move


next move down

different unit spotted
different unit spotted
different unit spotted
different unit spotted
different unit spotted
different unit spotted
different unit spotted
different unit spotted
different unit spotted
different unit spotted

Best move


next move down

different unit spotted
different unit spotted
different unit spotted
Ally Furian spotted Enemy unit at dir: 1
dodge called with dir: 1

dodge
dodge1 dir: 1

next move down

different unit spotted
Ally Furian spotted Enemy unit at dir: 5
dodge called with dir: 5

next move down

different unit spotted
different unit spotted
different unit spotted
different unit spotted
different unit spotted
different unit spotted
different unit spotted
different unit spotted
different unit spotted
different unit spotted
different unit spotted
different unit spotted
different unit spotted
Ally Furian spotted Enemy unit at dir: 3
dodge called with dir: 3

dodge
dodge1 dir: 3

next move down

different unit spotted
Ally Furian spotted Enemy unit at dir: 0
dodge called with dir: 0

dodge
dodge1 dir: 4
different unit spotted
different unit spotted
different unit spotted
different unit spotted
different unit spotted
Ally Furian spotted Enemy unit at dir: 7
dodge called with dir: 7

dodge
dodge1 dir: 4
different unit spotted
different unit spotted
different unit spotted
different unit spotted
Ally Furian spotted Enemy unit at dir: 6
dodge called with dir: 6

dodge
dodge1 dir: 1
different unit spotted
different unit spotted
different unit spotted
Ally Furian spotted Enemy unit at dir: 2
dodge called with dir: 2

dodge
dodge1 dir: 5
different unit spotted
different unit spotted
Ally Furian spotted Enemy unit at dir: 7
dodge called with dir: 7

dodge
dodge1 dir: 7

next move down

different unit spotted
different unit spotted
Ally Furian spotted Enemy unit at dir: 7
dodge called with dir: 7

dodge
dodge1 dir: 2
different unit spotted
different unit spotted
Ally Furian spotted Enemy unit at dir: 6
dodge called with dir: 6

dodge
dodge1 dir: 2
different unit spotted
different unit spotted
different unit spotted
Ally Furian spotted Enemy unit at dir: 0
dodge called with dir: 0

dodge
dodge1 dir: 5
different unit spotted
different unit spotted
different unit spotted
different unit spotted
different unit spotted
different unit spotted
different unit spotted
Ally Furian spotted Enemy unit at dir: 5
dodge called with dir: 5

dodge
dodge1 dir: 1
different unit spotted
Ally Furian spotted Enemy unit at dir: 4
dodge called with dir: 4

dodge
dodge1 dir: 0
different unit spotted
different unit spotted
Ally Furian spotted Enemy unit at dir: 2
dodge called with dir: 2

dodge
dodge1 dir: 5
different unit spotted
different unit spotted
Ally Furian spotted Enemy unit at dir: 7
dodge called with dir: 7

dodge
dodge1 dir: 0
dodge or chase commanded dir: 5

dodge or chase commanded dir: 2

dodge or chase commanded dir: 1

warning: action already requested for unit 4
dodge or chase commanded dir: 5

warning: action already requested for unit 4
dodge or chase commanded dir: 0

warning: action already requested for unit 4
dodge or chase commanded dir: 2

warning: action already requested for unit 4
dodge or chase commanded dir: 5

warning: action already requested for unit 4
dodge or chase commanded dir: 4

dodge or chase commanded dir: 4

warning: action already requested for unit 3
dodge or chase commanded dir: 1

warning: action already requested for unit 3
dodge or chase commanded dir: 5

warning: action already requested for unit 3
dodge or chase commanded dir: 2

dodge or chase commanded dir: 7

dodge or chase commanded dir: 3

dodge or chase commanded dir: 7

best move (not dodge) commanded

best move (not dodge) commanded

warning: action already requested for unit 4
best move (not dodge) commanded

warning: action already requested for unit 3
best move (not dodge) commanded

best move (not dodge) commanded

best move (not dodge) commanded

best move (not dodge) commanded

best move (not dodge) commanded

best move (not dodge) commanded

best move (not dodge) commanded

best move (not dodge) commanded

best move (not dodge) commanded

best move (not dodge) commanded

best move (not dodge) commanded

best move (not dodge) commanded

best move (not dodge) commanded

info:     end player 0
info:     start player 1
info:     end player 1
info:     start player 2
info:     end player 2
info:     start player 3
info:     end player 3
info: end round 2
info: start round 3
info:     start player 0

next move down

different unit spotted
different unit spotted
different unit spotted
different unit spotted
different unit spotted
different unit spotted
different unit spotted
different unit spotted
different unit spotted
different unit spotted
different unit spotted
different unit spotted
different unit spotted
different unit spotted
different unit spotted
different unit spotted
different unit spotted
different unit spotted
different unit spotted
different unit spotted
different unit spotted
different unit spotted
different unit spotted
Ally Pioneer spotted Enemy Furyan at dir: 3
dodge called with dir: 7

dodge
dodge1 dir: 7
order placed

next move down

different unit spotted
different unit spotted
different unit spotted
different unit spotted
different unit spotted
different unit spotted
different unit spotted
different unit spotted
different unit spotted
different unit spotted
different unit spotted
different unit spotted
different unit spotted
different unit spotted
different unit spotted
different unit spotted
different unit spotted
different unit spotted

Best move


next move down

different unit spotted
different unit spotted
different unit spotted
different unit spotted
different unit spotted
different unit spotted
different unit spotted
different unit spotted
different unit spotted
different unit spotted
different unit spotted
different unit spotted
different unit spotted
different unit spotted

Best move


next move down

different unit spotted
different unit spotted
different unit spotted
different unit spotted
different unit spotted
different unit spotted
different unit spotted
different unit spotted
different unit spotted
different unit spotted
different unit spotted
different unit spotted
different unit spotted
different unit spotted
different unit spotted
different unit spotted
different unit spotted

Best move


next move down

different unit spotted
different unit spotted
different unit spotted
different unit spotted
different unit spotted
different unit spotted
different unit spotted
different unit spotted
different unit spotted
different unit spotted
different unit spotted
different unit spotted
Ally Pioneer spotted Enemy Furyan at dir: 7
dodge called with dir: 3

dodge
dodge1 dir: 2
order placed

next move down

different unit spotted
different unit spotted
different unit spotted
different unit spotted
different unit spotted
Ally Pioneer spotted Enemy Furyan at dir: 6
dodge called with dir: 2

dodge
dodge1 dir: 2
order placed

next move down

different unit spotted
different unit spotted
different unit spotted
different unit spotted
different unit spotted
different unit spotted
different unit spotted
different unit spotted
different unit spotted
different unit spotted

Best move


next move down

different unit spotted
different unit spotted
different unit spotted
different unit spotted
different unit spotted
different unit spotted
different unit spotted
different unit spotted
different unit spotted
different unit spotted
different unit spotted
different unit spotted
Ally Pioneer spotted Enemy Furyan at dir: 3
dodge called with dir: 7

dodge
dodge1 dir: 7
order placed

next move down

different unit spotted
different unit spotted
different unit spotted
different unit spotted
different unit spotted
different unit spotted
different unit spotted

Best move


next move down

different unit spotted
different unit spotted
different unit spotted
different unit spotted

Best move


next move down

different unit spotted
different unit spotted
different unit spotted
different unit spotted
different unit spotted
different unit spotted
different unit spotted
different unit spotted

Best move


next move down

different unit spotted
different unit spotted
different unit spotted
different unit spotted
different unit spotted
different unit spotted
different unit spotted
different unit spotted
different unit spotted
different unit spotted
different unit spotted
different unit spotted
different unit spotted
different unit spotted

Best move


next move down

different unit spotted
different unit spotted
different unit spotted

Best move


next move down

different unit spotted
different unit spotted
different unit spotted
different unit spotted
different unit spotted
different unit spotted
different unit spotted
different unit spotted
different unit spotted
different unit spotted
different unit spotted
different unit spotted

Best move


next move down

different unit spotted
different unit spotted
different unit spotted
different unit spotted
different unit spotted
different unit spotted
different unit spotted
different unit spotted
different unit spotted
different unit spotted
different unit spotted
different unit spotted
different unit spotted

Best move


next move down

different unit spotted
different unit spotted
different unit spotted
different unit spotted
different unit spotted
different unit spotted
different unit spotted
different unit spotted
different unit spotted
different unit spotted
different unit spotted
different unit spotted
different unit spotted
Ally Pioneer spotted Enemy Furyan at dir: 3
dodge called with dir: 7

dodge
dodge1 dir: 7
order placed

next move down

different unit spotted
different unit spotted
different unit spotted
different unit spotted
different unit spotted
different unit spotted
different unit spotted
different unit spotted
different unit spotted
different unit spotted
different unit spotted
different unit spotted
different unit spotted
different unit spotted

Best move


next move down

different unit spotted
Ally Furian spotted Enemy unit at dir: 1
dodge called with dir: 1

next move down

different unit spotted
different unit spotted
different unit spotted
Ally Furian spotted Enemy unit at dir: 7
dodge called with dir: 7

dodge
dodge1 dir: 7

next move down

different unit spotted
different unit spotted
different unit spotted
different unit spotted
different unit spotted
Ally Furian spotted Enemy unit at dir: 3
dodge called with dir: 3

dodge
dodge1 dir: 3

next move down

different unit spotted
Ally Furian spotted Enemy unit at dir: 1
dodge called with dir: 1

dodge
dodge1 dir: 5
different unit spotted
Ally Furian spotted Enemy unit at dir: 2
dodge called with dir: 2

dodge
dodge1 dir: 6
different unit spotted
different unit spotted
different unit spotted
different unit spotted
different unit spotted
different unit spotted
different unit spotted
different unit spotted
Ally Furian spotted Enemy unit at dir: 3
dodge called with dir: 3

dodge
dodge1 dir: 6
different unit spotted
Ally Furian spotted Enemy unit at dir: 4
dodge called with dir: 4

dodge
dodge1 dir: 0
different unit spotted
different unit spotted
Ally Furian spotted Enemy unit at dir: 7
dodge called with dir: 7

dodge
dodge1 dir: 6

next move down

different unit spotted
Ally Furian spotted Enemy unit at dir: 6
dodge called with dir: 6

dodge
dodge1 dir: 2
different unit spotted
different unit spotted
Ally Furian spotted Enemy unit at dir: 5
dodge called with dir: 5

dodge
dodge1 dir: 0
different unit spotted
different unit spotted
different unit spotted
different unit spotted
Ally Furian spotted Enemy unit at dir: 4
dodge called with dir: 4

dodge
dodge1 dir: 0
different unit spotted
different unit spotted
Ally Furian spotted Enemy unit at dir: 2
dodge called with dir: 2

dodge
dodge1 dir: 7
different unit spotted
different unit spotted
Ally Furian spotted Enemy unit at dir: 1
dodge called with dir: 1

dodge
dodge1 dir: 7
different unit spotted
Ally Furian spotted Enemy unit at dir: 3
dodge called with dir: 3

dodge
dodge1 dir: 7
different unit spotted
different unit spotted
different unit spotted
different unit spotted
different unit spotted
Ally Furian spotted Enemy unit at dir: 7
dodge called with dir: 7

dodge
dodge1 dir: 7
dodge or chase commanded dir: 1

dodge or chase commanded dir: 0

dodge or chase commanded dir: 0

dodge or chase commanded dir: 7

warning: action already requested for unit 4
dodge or chase commanded dir: 7

warning: action already requested for unit 4
dodge or chase commanded dir: 7

warning: action already requested for unit 4
dodge or chase commanded dir: 2

warning: action already requested for unit 4
dodge or chase commanded dir: 0

warning: action already requested for unit 4
dodge or chase commanded dir: 5

warning: action already requested for unit 3
dodge or chase commanded dir: 6

warning: action already requested for unit 3
dodge or chase commanded dir: 6

warning: action already requested for unit 3
dodge or chase commanded dir: 2

dodge or chase commanded dir: 7

dodge or chase commanded dir: 2

dodge or chase commanded dir: 7

dodge or chase commanded dir: 7

best move (not dodge) commanded

best move (not dodge) commanded

warning: action already requested for unit 4
best move (not dodge) commanded

best move (not dodge) commanded

best move (not dodge) commanded

best move (not dodge) commanded

best move (not dodge) commanded

best move (not dodge) commanded

best move (not dodge) commanded

best move (not dodge) commanded

best move (not dodge) commanded

best move (not dodge) commanded

best move (not dodge) commanded

best move (not dodge) commanded

best move (not dodge) commanded

warning: action already requested for unit 3
best move (not dodge) commanded

info:     end player 0
info:     start player 1
info:     end player 1
info:     start player 2
info:     end player 2
info:     start player 3
info:     end player 3
info: end round 3
info: start round 4
info:     start player 0

next move down

different unit spotted
different unit spotted
different unit spotted
different unit spotted
different unit spotted
different unit spotted
different unit spotted
different unit spotted
different unit spotted
different unit spotted
different unit spotted
different unit spotted
different unit spotted
different unit spotted
different unit spotted
different unit spotted
different unit spotted
different unit spotted
different unit spotted
different unit spotted
different unit spotted
different unit spotted
different unit spotted
different unit spotted
different unit spotted
different unit spotted
different unit spotted
different unit spotted
different unit spotted
different unit spotted
different unit spotted
different unit spotted
different unit spotted
different unit spotted
different unit spotted
different unit spotted
different unit spotted

Best move


next move down

different unit spotted
different unit spotted
different unit spotted
different unit spotted
different unit spotted
different unit spotted
different unit spotted
different unit spotted
different unit spotted
Ally Pioneer spotted Enemy Furyan at dir: 5
dodge called with dir: 1

dodge
dodge1 dir: 1
order placed

next move down

different unit spotted
different unit spotted
different unit spotted
different unit spotted
different unit spotted
different unit spotted
different unit spotted
different unit spotted
different unit spotted
different unit spotted
different unit spotted
different unit spotted
different unit spotted
different unit spotted
different unit spotted
different unit spotted
different unit spotted
different unit spotted
different unit spotted
different unit spotted
different unit spotted
different unit spotted

Best move


next move down

different unit spotted
different unit spotted
different unit spotted
different unit spotted
different unit spotted
different unit spotted
different unit spotted
different unit spotted
different unit spotted
different unit spotted
different unit spotted
different unit spotted
different unit spotted
different unit spotted
different unit spotted
different unit spotted
different unit spotted
different unit spotted
different unit spotted

Best move


next move down

different unit spotted
different unit spotted
different unit spotted
different unit spotted
different unit spotted
different unit spotted
different unit spotted
Ally Pioneer spotted Enemy Furyan at dir: 7
dodge called with dir: 3

dodge
dodge1 dir: 3
order placed

next move down

different unit spotted
different unit spotted
different unit spotted
different unit spotted
different unit spotted
different unit spotted
different unit spotted
different unit spotted
different unit spotted
different unit spotted
different unit spotted
different unit spotted
different unit spotted
different unit spotted
different unit spotted
different unit spotted
different unit spotted
different unit spotted
different unit spotted

Best move


next move down

different unit spotted
different unit spotted
different unit spotted
different unit spotted

Best move


next move down

different unit spotted
different unit spotted
different unit spotted
different unit spotted
Ally Pioneer spotted Enemy Furyan at dir: 7
dodge called with dir: 3

dodge
dodge1 dir: 3
order placed

next move down

different unit spotted
different unit spotted
different unit spotted
different unit spotted
different unit spotted
different unit spotted

Best move


next move down

different unit spotted
different unit spotted
different unit spotted
different unit spotted
different unit spotted

Best move


next move down

different unit spotted
different unit spotted
different unit spotted
different unit spotted
different unit spotted
different unit spotted
different unit spotted

Best move


next move down

different unit spotted
different unit spotted
different unit spotted
different unit spotted
different unit spotted
different unit spotted
different unit spotted
different unit spotted
different unit spotted
different unit spotted

Best move


next move down

different unit spotted
different unit spotted
different unit spotted
different unit spotted
different unit spotted

Best move


next move down

different unit spotted
different unit spotted
different unit spotted
different unit spotted
different unit spotted
different unit spotted
different unit spotted
different unit spotted
different unit spotted
different unit spotted

Best move


next move down

different unit spotted
different unit spotted
different unit spotted
different unit spotted
different unit spotted
different unit spotted
different unit spotted
different unit spotted
different unit spotted
different unit spotted

Best move


next move down

different unit spotted
different unit spotted
different unit spotted
different unit spotted
different unit spotted
different unit spotted
different unit spotted
Ally Pioneer spotted Enemy Furyan at dir: 5
dodge called with dir: 1

dodge
dodge1 dir: 1
order placed

next move down

different unit spotted
different unit spotted
different unit spotted
different unit spotted
different unit spotted

Best move


next move down

different unit spotted
different unit spotted
different unit spotted
different unit spotted
different unit spotted
different unit spotted
different unit spotted
different unit spotted
different unit spotted
different unit spotted
different unit spotted
different unit spotted
different unit spotted
different unit spotted

Best move


next move down

different unit spotted
Ally Furian spotted Enemy unit at dir: 1
dodge called with dir: 1

next move down

different unit spotted
Ally Furian spotted Enemy unit at dir: 5
dodge called with dir: 5

next move down

different unit spotted
different unit spotted
different unit spotted
different unit spotted
different unit spotted
different unit spotted
different unit spotted
different unit spotted
different unit spotted
different unit spotted
different unit spotted
different unit spotted
different unit spotted
Ally Furian spotted Enemy unit at dir: 3
dodge called with dir: 3

dodge
dodge1 dir: 3

next move down

different unit spotted
Ally Furian spotted Enemy unit at dir: 4
dodge called with dir: 4

dodge
dodge1 dir: 0
different unit spotted
different unit spotted
different unit spotted
different unit spotted
Ally Furian spotted Enemy unit at dir: 5
dodge called with dir: 5

dodge
dodge1 dir: 1
different unit spotted
different unit spotted
different unit spotted
different unit spotted
Ally Furian spotted Enemy unit at dir: 2
dodge called with dir: 2

dodge
dodge1 dir: 5
different unit spotted
different unit spotted
different unit spotted
different unit spotted
different unit spotted
Ally Furian spotted Enemy unit at dir: 0
dodge called with dir: 0

dodge
dodge1 dir: 5
different unit spotted
Ally Furian spotted Enemy unit at dir: 7
dodge called with dir: 7

dodge
dodge1 dir: 2
different unit spotted
Ally Furian spotted Enemy unit at dir: 1
dodge called with dir: 1

dodge
dodge1 dir: 5
different unit spotted
Ally Furian spotted Enemy unit at dir: 6
dodge called with dir: 6

dodge
dodge1 dir: 5

next move down

different unit spotted
different unit spotted
different unit spotted
different unit spotted
different unit spotted
different unit spotted
different unit spotted
Ally Furian spotted Enemy unit at dir: 5
dodge called with dir: 5

dodge
dodge1 dir: 3
different unit spotted
different unit spotted
different unit spotted
Ally Furian spotted Enemy unit at dir: 4
dodge called with dir: 4

dodge
dodge1 dir: 3
different unit spotted
different unit spotted
different unit spotted
Ally Furian spotted Enemy unit at dir: 2
dodge called with dir: 2

dodge
dodge1 dir: 6
different unit spotted
different unit spotted
Ally Furian spotted Enemy unit at dir: 0
dodge called with dir: 0

dodge
dodge1 dir: 4
different unit spotted
Ally Furian spotted Enemy unit at dir: 7
dodge called with dir: 7

dodge
dodge1 dir: 3
different unit spotted
Ally Furian spotted Enemy unit at dir: 1
dodge called with dir: 1

dodge
dodge1 dir: 5
different unit spotted
Ally Furian spotted Enemy unit at dir: 7
dodge called with dir: 7

dodge
dodge1 dir: 7
dodge or chase commanded dir: 1

dodge or chase commanded dir: 5

dodge or chase commanded dir: 5

warning: action already requested for unit 3
dodge or chase commanded dir: 2

warning: action already requested for unit 3
dodge or chase commanded dir: 5

warning: action already requested for unit 3
dodge or chase commanded dir: 5

dodge or chase commanded dir: 0

warning: action already requested for unit 3
dodge or chase commanded dir: 1

warning: action already requested for unit 3
dodge or chase commanded dir: 1

dodge or chase commanded dir: 3

dodge or chase commanded dir: 3

dodge or chase commanded dir: 1

best move (not dodge) commanded

best move (not dodge) commanded

best move (not dodge) commanded

best move (not dodge) commanded

best move (not dodge) commanded

best move (not dodge) commanded

best move (not dodge) commanded

best move (not dodge) commanded

best move (not dodge) commanded

best move (not dodge) commanded

best move (not dodge) commanded

warning: action already requested for unit 4
best move (not dodge) commanded

best move (not dodge) commanded

best move (not dodge) commanded

warning: action already requested for unit 4
best move (not dodge) commanded

best move (not dodge) commanded

warning: action already requested for unit 4
best move (not dodge) commanded

best move (not dodge) commanded

warning: action already requested for unit 3
best move (not dodge) commanded

warning: action already requested for unit 4
best move (not dodge) commanded

best move (not dodge) commanded

warning: action already requested for unit 4
best move (not dodge) commanded

warning: action already requested for unit 4
best move (not dodge) commanded

info:     end player 0
info:     start player 1
info:     end player 1
info:     start player 2
info:     end player 2
info:     start player 3
info:     end player 3
info: end round 4
info: start round 5
info:     start player 0

next move down

different unit spotted
different unit spotted
different unit spotted
different unit spotted
different unit spotted
different unit spotted
different unit spotted
different unit spotted
different unit spotted
different unit spotted
different unit spotted
different unit spotted
different unit spotted
different unit spotted
different unit spotted
different unit spotted
different unit spotted
different unit spotted
different unit spotted
different unit spotted
different unit spotted
different unit spotted
different unit spotted
different unit spotted
different unit spotted
different unit spotted
different unit spotted
different unit spotted
different unit spotted
different unit spotted
different unit spotted
different unit spotted

Best move


next move down

different unit spotted
different unit spotted
different unit spotted
different unit spotted
different unit spotted
different unit spotted
different unit spotted
different unit spotted
different unit spotted
different unit spotted
different unit spotted
different unit spotted
different unit spotted
different unit spotted
different unit spotted
different unit spotted
different unit spotted
different unit spotted
different unit spotted
different unit spotted
different unit spotted
different unit spotted
different unit spotted

Best move


next move down

different unit spotted
different unit spotted
different unit spotted
different unit spotted
different unit spotted
different unit spotted
different unit spotted
different unit spotted
different unit spotted
different unit spotted
different unit spotted
different unit spotted
different unit spotted
different unit spotted
different unit spotted
different unit spotted
Ally Pioneer spotted Enemy Furyan at dir: 5
dodge called with dir: 1

dodge
dodge1 dir: 0
order placed

next move down

different unit spotted
different unit spotted
different unit spotted
different unit spotted
different unit spotted
different unit spotted
different unit spotted
different unit spotted
different unit spotted
different unit spotted
different unit spotted
different unit spotted
different unit spotted
different unit spotted
different unit spotted
different unit spotted
different unit spotted
different unit spotted
different unit spotted
different unit spotted
different unit spotted
different unit spotted
different unit spotted
different unit spotted
different unit spotted
different unit spotted
different unit spotted
different unit spotted

Best move


next move down

different unit spotted
different unit spotted
different unit spotted
different unit spotted
different unit spotted
different unit spotted
different unit spotted
different unit spotted
different unit spotted
different unit spotted
different unit spotted
Ally Pioneer spotted Enemy Furyan at dir: 7
dodge called with dir: 3

dodge
dodge1 dir: 3
order placed

next move down

different unit spotted
different unit spotted
different unit spotted
different unit spotted
different unit spotted
different unit spotted
different unit spotted
different unit spotted
different unit spotted
different unit spotted
different unit spotted

Best move


next move down

different unit spotted
different unit spotted
different unit spotted
different unit spotted
different unit spotted

Best move


next move down

different unit spotted
different unit spotted
different unit spotted
different unit spotted
different unit spotted
different unit spotted
different unit spotted
different unit spotted
Ally Pioneer spotted Enemy Furyan at dir: 3
dodge called with dir: 7

dodge
dodge1 dir: 7
order placed

next move down

different unit spotted
different unit spotted
different unit spotted
different unit spotted
different unit spotted

Best move


next move down

different unit spotted
different unit spotted
different unit spotted
different unit spotted
different unit spotted

Best move


next move down

different unit spotted
different unit spotted
different unit spotted
different unit spotted
different unit spotted
different unit spotted
different unit spotted
different unit spotted

Best move


next move down

different unit spotted
different unit spotted
different unit spotted
different unit spotted
different unit spotted
different unit spotted
different unit spotted
different unit spotted
different unit spotted
different unit spotted
different unit spotted

Best move


next move down

different unit spotted
different unit spotted
different unit spotted
different unit spotted
different unit spotted
different unit spotted
different unit spotted

Best move


next move down

different unit spotted
different unit spotted
different unit spotted
different unit spotted
different unit spotted
different unit spotted
different unit spotted
different unit spotted
different unit spotted
different unit spotted
different unit spotted
different unit spotted
different unit spotted

Best move


next move down

different unit spotted
different unit spotted
different unit spotted

Best move


next move down

different unit spotted
different unit spotted
different unit spotted
different unit spotted
different unit spotted
different unit spotted
different unit spotted

Best move


next move down

different unit spotted
different unit spotted
different unit spotted
different unit spotted
different unit spotted
different unit spotted
different unit spotted
different unit spotted
different unit spotted
different unit spotted
different unit spotted
different unit spotted
different unit spotted

Best move


next move down

different unit spotted
different unit spotted
different unit spotted
different unit spotted
different unit spotted
different unit spotted

Best move


next move down

different unit spotted
different unit spotted
different unit spotted
different unit spotted
different unit spotted
different unit spotted
different unit spotted
different unit spotted
different unit spotted
different unit spotted
different unit spotted
different unit spotted
different unit spotted
different unit spotted

Best move


next move down

different unit spotted
Ally Furian spotted Enemy unit at dir: 1
dodge called with dir: 1

dodge
dodge1 dir: 5
different unit spotted
Ally Furian spotted Enemy unit at dir: 2
dodge called with dir: 2

dodge
dodge1 dir: 6
different unit spotted
different unit spotted
Ally Furian spotted Enemy unit at dir: 0
dodge called with dir: 0

dodge
dodge1 dir: 4
different unit spotted
different unit spotted
different unit spotted
different unit spotted
Ally Furian spotted Enemy unit at dir: 6
dodge called with dir: 6

dodge
dodge1 dir: 6

next move down

different unit spotted
Ally Furian spotted Enemy unit at dir: 5
dodge called with dir: 5

next move down

different unit spotted
different unit spotted
different unit spotted
different unit spotted
different unit spotted
different unit spotted
different unit spotted
Ally Furian spotted Enemy unit at dir: 4
dodge called with dir: 4

dodge
dodge1 dir: 0
different unit spotted
different unit spotted
Ally Furian spotted Enemy unit at dir: 6
dodge called with dir: 6

dodge
dodge1 dir: 2
different unit spotted
different unit spotted
Ally Furian spotted Enemy unit at dir: 7
dodge called with dir: 7

dodge
dodge1 dir: 3
different unit spotted
different unit spotted
Ally Furian spotted Enemy unit at dir: 3
dodge called with dir: 3

dodge
dodge1 dir: 3

next move down

different unit spotted
Ally Furian spotted Enemy unit at dir: 1
dodge called with dir: 1

dodge
dodge1 dir: 5
different unit spotted
Ally Furian spotted Enemy unit at dir: 0
dodge called with dir: 0

dodge
dodge1 dir: 4
different unit spotted
different unit spotted
different unit spotted
different unit spotted
Ally Furian spotted Enemy unit at dir: 7
dodge called with dir: 7

dodge
dodge1 dir: 7

next move down

different unit spotted
Ally Furian spotted Enemy unit at dir: 5
dodge called with dir: 5

dodge
dodge1 dir: 0
different unit spotted
different unit spotted
different unit spotted
different unit spotted
Ally Furian spotted Enemy unit at dir: 6
dodge called with dir: 6

dodge
dodge1 dir: 2
different unit spotted
different unit spotted
Ally Furian spotted Enemy unit at dir: 4
dodge called with dir: 4

dodge
dodge1 dir: 0
different unit spotted
different unit spotted
different unit spotted
different unit spotted
different unit spotted
Ally Furian spotted Enemy unit at dir: 7
dodge called with dir: 7

dodge
dodge1 dir: 7
dodge or chase commanded dir: 5

dodge or chase commanded dir: 5

dodge or chase commanded dir: 5

dodge or chase commanded dir: 4

warning: action already requested for unit 3
dodge or chase commanded dir: 6

warning: action already requested for unit 0
dodge or chase commanded dir: 4

warning: action already requested for unit 0
dodge or chase commanded dir: 0

dodge or chase commanded dir: 2

warning: action already requested for unit 4
dodge or chase commanded dir: 0

warning: action already requested for unit 4
dodge or chase commanded dir: 0

dodge or chase commanded dir: 3

dodge or chase commanded dir: 7

best move (not dodge) commanded

warning: action already requested for unit 3
best move (not dodge) commanded

warning: action already requested for unit 4
best move (not dodge) commanded

best move (not dodge) commanded

best move (not dodge) commanded

best move (not dodge) commanded

best move (not dodge) commanded

warning: action already requested for unit 2
best move (not dodge) commanded

best move (not dodge) commanded

warning: action already requested for unit 2
best move (not dodge) commanded

best move (not dodge) commanded

best move (not dodge) commanded

best move (not dodge) commanded

best move (not dodge) commanded

best move (not dodge) commanded

best move (not dodge) commanded

warning: action already requested for unit 2
best move (not dodge) commanded

best move (not dodge) commanded

best move (not dodge) commanded

best move (not dodge) commanded

best move (not dodge) commanded

best move (not dodge) commanded

warning: action already requested for unit 0
best move (not dodge) commanded

info:     end player 0
info:     start player 1
info:     end player 1
info:     start player 2
info:     end player 2
info:     start player 3
info:     end player 3
info: end round 5
info: start round 6
info:     start player 0

next move down

different unit spotted
different unit spotted
different unit spotted
different unit spotted
different unit spotted
different unit spotted
different unit spotted
different unit spotted
different unit spotted
different unit spotted
different unit spotted
different unit spotted
different unit spotted
different unit spotted
different unit spotted
different unit spotted
different unit spotted
different unit spotted
different unit spotted
Ally Pioneer spotted Enemy Furyan at dir: 3
dodge called with dir: 7

dodge
dodge1 dir: 7
order placed

next move down

different unit spotted
different unit spotted
different unit spotted
different unit spotted
different unit spotted
different unit spotted
different unit spotted
different unit spotted
different unit spotted
different unit spotted
different unit spotted
different unit spotted
different unit spotted
different unit spotted
different unit spotted
different unit spotted
different unit spotted
different unit spotted
different unit spotted
Ally Pioneer spotted Enemy Furyan at dir: 5
dodge called with dir: 1

dodge
dodge1 dir: 1
order placed

next move down

different unit spotted
different unit spotted
different unit spotted
different unit spotted
different unit spotted
different unit spotted
different unit spotted
different unit spotted
different unit spotted
different unit spotted
different unit spotted
different unit spotted
different unit spotted
different unit spotted
different unit spotted
different unit spotted
different unit spotted

Best move


next move down

different unit spotted
different unit spotted
different unit spotted
different unit spotted
different unit spotted
different unit spotted
different unit spotted
different unit spotted
different unit spotted
different unit spotted
different unit spotted
different unit spotted
different unit spotted
different unit spotted
different unit spotted
different unit spotted
different unit spotted
different unit spotted
different unit spotted
different unit spotted
Ally Pioneer spotted Enemy Furyan at dir: 1
dodge called with dir: 5

dodge
dodge1 dir: 5
order placed

next move down

different unit spotted
different unit spotted
different unit spotted
different unit spotted
different unit spotted
different unit spotted
different unit spotted
different unit spotted
different unit spotted
different unit spotted
different unit spotted
different unit spotted
different unit spotted
different unit spotted
Ally Pioneer spotted Enemy Furyan at dir: 7
dodge called with dir: 3

dodge
dodge1 dir: 3
order placed

next move down

different unit spotted
different unit spotted
different unit spotted
different unit spotted
different unit spotted
different unit spotted
different unit spotted
different unit spotted
different unit spotted
different unit spotted
different unit spotted

Best move


next move down

different unit spotted
different unit spotted
different unit spotted

Best move


next move down

different unit spotted
Ally Pioneer spotted Enemy Furyan at dir: 6
dodge called with dir: 2

dodge
dodge1 dir: 2
order placed

next move down

different unit spotted
different unit spotted
different unit spotted
different unit spotted
different unit spotted

Best move


next move down

different unit spotted
different unit spotted
different unit spotted
different unit spotted

Best move


next move down

different unit spotted
different unit spotted
different unit spotted
different unit spotted
different unit spotted
different unit spotted
different unit spotted
different unit spotted

Best move


next move down

different unit spotted
different unit spotted
different unit spotted
different unit spotted
different unit spotted
different unit spotted
different unit spotted
different unit spotted
different unit spotted
different unit spotted

Best move


next move down

different unit spotted
different unit spotted
different unit spotted
different unit spotted
different unit spotted

Best move


next move down

different unit spotted
different unit spotted
different unit spotted
different unit spotted
different unit spotted
different unit spotted
different unit spotted
different unit spotted
different unit spotted
different unit spotted
different unit spotted
different unit spotted

Best move


next move down

different unit spotted
different unit spotted
different unit spotted
different unit spotted
different unit spotted

Best move


next move down

different unit spotted
different unit spotted
different unit spotted
different unit spotted
different unit spotted
different unit spotted
different unit spotted
different unit spotted
different unit spotted
different unit spotted
different unit spotted
different unit spotted
different unit spotted

Best move


next move down

different unit spotted
different unit spotted
different unit spotted
different unit spotted
different unit spotted
different unit spotted
different unit spotted
different unit spotted
different unit spotted
different unit spotted
different unit spotted

Best move


next move down

different unit spotted
different unit spotted
different unit spotted
different unit spotted
different unit spotted
different unit spotted
different unit spotted
different unit spotted

Best move


next move down

different unit spotted
different unit spotted
different unit spotted
different unit spotted
different unit spotted
different unit spotted
different unit spotted
different unit spotted
different unit spotted
different unit spotted
different unit spotted
different unit spotted
different unit spotted
different unit spotted
different unit spotted
different unit spotted
different unit spotted
different unit spotted

Best move


next move down

different unit spotted
different unit spotted
different unit spotted
different unit spotted
different unit spotted
different unit spotted
different unit spotted

Best move


next move down

different unit spotted
Ally Furian spotted Enemy unit at dir: 1
dodge called with dir: 1

dodge
dodge1 dir: 5
different unit spotted
Ally Furian spotted Enemy unit at dir: 2
dodge called with dir: 2

dodge
dodge1 dir: 6
different unit spotted
different unit spotted
Ally Furian spotted Enemy unit at dir: 0
dodge called with dir: 0

dodge
dodge1 dir: 3
different unit spotted
different unit spotted
different unit spotted
Ally Furian spotted Enemy unit at dir: 7
dodge called with dir: 7

dodge
dodge1 dir: 7

next move down

different unit spotted
different unit spotted
Ally Furian spotted Enemy unit at dir: 2
dodge called with dir: 2

dodge
dodge1 dir: 2

next move down

different unit spotted
different unit spotted
different unit spotted
different unit spotted
different unit spotted
different unit spotted
different unit spotted
different unit spotted
different unit spotted
Ally Furian spotted Enemy unit at dir: 3
dodge called with dir: 3

dodge
dodge1 dir: 6
different unit spotted
Ally Furian spotted Enemy unit at dir: 4
dodge called with dir: 4

dodge
dodge1 dir: 3
different unit spotted
different unit spotted
Ally Furian spotted Enemy unit at dir: 5
dodge called with dir: 5

dodge
dodge1 dir: 3
different unit spotted
Ally Furian spotted Enemy unit at dir: 6
dodge called with dir: 6

dodge
dodge1 dir: 3
different unit spotted
Ally Furian spotted Enemy unit at dir: 0
dodge called with dir: 0

dodge
dodge1 dir: 4
different unit spotted
Ally Furian spotted Enemy unit at dir: 7
dodge called with dir: 7

dodge
dodge1 dir: 3
different unit spotted
Ally Furian spotted Enemy unit at dir: 1
dodge called with dir: 1

dodge
dodge1 dir: 5
different unit spotted
Ally Furian spotted Enemy unit at dir: 4
dodge called with dir: 4

dodge
dodge1 dir: 4

next move down

different unit spotted
different unit spotted
different unit spotted
different unit spotted
Ally Furian spotted Enemy unit at dir: 7
dodge called with dir: 7

dodge
dodge1 dir: 0

next move down

different unit spotted
Ally Furian spotted Enemy unit at dir: 0
dodge called with dir: 0
dodge or chase commanded dir: 5

dodge or chase commanded dir: 6

warning: action already requested for unit 0
dodge or chase commanded dir: 3

warning: action already requested for unit 0
dodge or chase commanded dir: 0

dodge or chase commanded dir: 7

dodge or chase commanded dir: 1

dodge or chase commanded dir: 3

dodge or chase commanded dir: 5

dodge or chase commanded dir: 2

best move (not dodge) commanded

best move (not dodge) commanded

best move (not dodge) commanded

best move (not dodge) commanded

best move (not dodge) commanded

warning: action already requested for unit 2
best move (not dodge) commanded

best move (not dodge) commanded

warning: action already requested for unit 0
best move (not dodge) commanded

warning: action already requested for unit 2
best move (not dodge) commanded

best move (not dodge) commanded

warning: action already requested for unit 2
best move (not dodge) commanded

best move (not dodge) commanded

warning: action already requested for unit 2
best move (not dodge) commanded

best move (not dodge) commanded

warning: action already requested for unit 2
best move (not dodge) commanded

best move (not dodge) commanded

best move (not dodge) commanded

best move (not dodge) commanded

best move (not dodge) commanded

warning: action already requested for unit 2
best move (not dodge) commanded

best move (not dodge) commanded

best move (not dodge) commanded

best move (not dodge) commanded

best move (not dodge) commanded

warning: action already requested for unit 2
best move (not dodge) commanded

best move (not dodge) commanded

info:     end player 0
info:     start player 1
info:     end player 1
info:     start player 2
info:     end player 2
info:     start player 3
info:     end player 3
info: end round 6
info: start round 7
info:     start player 0

next move down

different unit spotted
different unit spotted
different unit spotted
different unit spotted
different unit spotted
different unit spotted
different unit spotted
different unit spotted
different unit spotted
different unit spotted
different unit spotted
different unit spotted
different unit spotted
different unit spotted
different unit spotted
different unit spotted
different unit spotted
different unit spotted
different unit spotted
different unit spotted
different unit spotted
different unit spotted
different unit spotted
different unit spotted
different unit spotted
different unit spotted
different unit spotted
different unit spotted
different unit spotted
different unit spotted
different unit spotted
different unit spotted
different unit spotted

Best move


next move down

different unit spotted
different unit spotted
different unit spotted
different unit spotted
different unit spotted
different unit spotted
different unit spotted
different unit spotted
different unit spotted
different unit spotted
different unit spotted
different unit spotted
different unit spotted
different unit spotted
different unit spotted
different unit spotted
different unit spotted
different unit spotted
different unit spotted
different unit spotted
different unit spotted
different unit spotted
different unit spotted
different unit spotted
different unit spotted
different unit spotted
different unit spotted

Best move


get sun distance

get sun distance

get sun distance

get sun distance

get sun distance

get sun distance

get sun distance

get sun distance

next move down

different unit spotted
different unit spotted
different unit spotted
different unit spotted
different unit spotted
different unit spotted
different unit spotted
different unit spotted
different unit spotted
different unit spotted
different unit spotted
different unit spotted
different unit spotted
different unit spotted
different unit spotted
different unit spotted
Ally Pioneer spotted Enemy Furyan at dir: 4
dodge called with dir: 0

dodge
dodge1 dir: 0
order placed

next move down

different unit spotted
different unit spotted
different unit spotted
different unit spotted
different unit spotted
different unit spotted
different unit spotted
different unit spotted
different unit spotted
different unit spotted
different unit spotted
different unit spotted
different unit spotted
different unit spotted
different unit spotted
different unit spotted
different unit spotted
different unit spotted
different unit spotted
different unit spotted
different unit spotted
different unit spotted
different unit spotted

Best move


next move down

different unit spotted
different unit spotted
different unit spotted
different unit spotted
different unit spotted
different unit spotted
different unit spotted
different unit spotted
different unit spotted
Ally Pioneer spotted Enemy Furyan at dir: 7
dodge called with dir: 3

dodge
dodge1 dir: 3
order placed

next move down

different unit spotted
different unit spotted
different unit spotted
different unit spotted
different unit spotted
different unit spotted
different unit spotted
Ally Pioneer spotted Enemy Furyan at dir: 1
dodge called with dir: 5

dodge
dodge1 dir: 5
order placed

next move down

different unit spotted
different unit spotted
different unit spotted
different unit spotted
different unit spotted
different unit spotted
different unit spotted

Best move


next move down

different unit spotted
different unit spotted
different unit spotted
different unit spotted
different unit spotted
different unit spotted

Best move


next move down

different unit spotted
different unit spotted
different unit spotted

Best move


next move down

different unit spotted
different unit spotted
different unit spotted
different unit spotted
different unit spotted
different unit spotted

Best move


next move down

different unit spotted
different unit spotted
different unit spotted
different unit spotted
different unit spotted
different unit spotted
different unit spotted
different unit spotted
different unit spotted

Best move


next move down

different unit spotted
different unit spotted
different unit spotted
different unit spotted
different unit spotted
different unit spotted

Best move


next move down

different unit spotted
different unit spotted
different unit spotted
different unit spotted
different unit spotted
different unit spotted
different unit spotted
different unit spotted
different unit spotted
different unit spotted
different unit spotted
different unit spotted
different unit spotted
different unit spotted
different unit spotted
different unit spotted

Best move


next move down

different unit spotted
different unit spotted
different unit spotted
different unit spotted

Best move


next move down

different unit spotted
different unit spotted
different unit spotted
different unit spotted
different unit spotted
different unit spotted
different unit spotted
different unit spotted
Ally Pioneer spotted Enemy Furyan at dir: 3
dodge called with dir: 7

dodge
dodge1 dir: 6
order placed

next move down

different unit spotted
different unit spotted
different unit spotted
different unit spotted
Ally Pioneer spotted Enemy Furyan at dir: 3
dodge called with dir: 7

dodge
dodge1 dir: 7
order placed

next move down

different unit spotted
different unit spotted
different unit spotted
different unit spotted
different unit spotted
different unit spotted

Best move


next move down

different unit spotted
different unit spotted
different unit spotted
different unit spotted
different unit spotted
different unit spotted
different unit spotted
different unit spotted
different unit spotted
different unit spotted
different unit spotted
different unit spotted
different unit spotted
different unit spotted
different unit spotted
different unit spotted

Best move


next move down

different unit spotted
different unit spotted
different unit spotted
different unit spotted
different unit spotted
different unit spotted
different unit spotted
different unit spotted
different unit spotted

Best move


next move down

different unit spotted
Ally Furian spotted Enemy unit at dir: 1
dodge called with dir: 1

dodge
dodge1 dir: 6
different unit spotted
Ally Furian spotted Enemy unit at dir: 2
dodge called with dir: 2

dodge
dodge1 dir: 6
different unit spotted
different unit spotted
different unit spotted
different unit spotted
different unit spotted
Ally Furian spotted Enemy unit at dir: 7
dodge called with dir: 7

dodge
dodge1 dir: 7

next move down

different unit spotted
Ally Furian spotted Enemy unit at dir: 1
dodge called with dir: 1

next move down

different unit spotted
different unit spotted
different unit spotted
different unit spotted
different unit spotted
Ally Furian spotted Enemy unit at dir: 4
dodge called with dir: 4

dodge
dodge1 dir: 2
different unit spotted
Ally Furian spotted Enemy unit at dir: 6
dodge called with dir: 6

dodge
dodge1 dir: 2
different unit spotted
Ally Furian spotted Enemy unit at dir: 7
dodge called with dir: 7

dodge
dodge1 dir: 2
different unit spotted
different unit spotted
different unit spotted
different unit spotted
different unit spotted
different unit spotted
different unit spotted
different unit spotted
Ally Furian spotted Enemy unit at dir: 4
dodge called with dir: 4

dodge
dodge1 dir: 4

next move down

different unit spotted
Ally Furian spotted Enemy unit at dir: 0
dodge called with dir: 0

next move down

different unit spotted
Ally Furian spotted Enemy unit at dir: 0
dodge called with dir: 0

dodge
dodge1 dir: 0
dodge or chase commanded dir: 6

dodge or chase commanded dir: 0

dodge or chase commanded dir: 6

warning: action already requested for unit 0
dodge or chase commanded dir: 1

dodge or chase commanded dir: 5

dodge or chase commanded dir: 6

dodge or chase commanded dir: 0

dodge or chase commanded dir: 3

dodge or chase commanded dir: 7

best move (not dodge) commanded

best move (not dodge) commanded

best move (not dodge) commanded

warning: action already requested for unit 2
best move (not dodge) commanded

warning: action already requested for unit 2
best move (not dodge) commanded

best move (not dodge) commanded

warning: action already requested for unit 2
best move (not dodge) commanded

best move (not dodge) commanded

best move (not dodge) commanded

best move (not dodge) commanded

best move (not dodge) commanded

best move (not dodge) commanded

best move (not dodge) commanded

warning: action already requested for unit 0
best move (not dodge) commanded

best move (not dodge) commanded

best move (not dodge) commanded

best move (not dodge) commanded

best move (not dodge) commanded

best move (not dodge) commanded

best move (not dodge) commanded

info:     end player 0
info:     start player 1
info:     end player 1
info:     start player 2
info:     end player 2
info:     start player 3
info:     end player 3
info: end round 7
info: start round 8
info:     start player 0

next move down

different unit spotted
different unit spotted
different unit spotted
different unit spotted
different unit spotted
different unit spotted
different unit spotted
different unit spotted
different unit spotted
different unit spotted
different unit spotted
different unit spotted
different unit spotted
different unit spotted
different unit spotted
different unit spotted
different unit spotted
different unit spotted
different unit spotted
different unit spotted
different unit spotted
different unit spotted
different unit spotted
different unit spotted
different unit spotted
different unit spotted
different unit spotted
different unit spotted
different unit spotted
different unit spotted

Best move


next move down

different unit spotted
different unit spotted
different unit spotted
different unit spotted
different unit spotted
different unit spotted
different unit spotted
different unit spotted
different unit spotted
different unit spotted
different unit spotted
different unit spotted
different unit spotted
different unit spotted
different unit spotted
different unit spotted
different unit spotted
different unit spotted
different unit spotted
different unit spotted
different unit spotted
different unit spotted
different unit spotted
different unit spotted
different unit spotted
different unit spotted
different unit spotted
different unit spotted
different unit spotted
different unit spotted

Best move


next move down

different unit spotted
different unit spotted
different unit spotted
different unit spotted
different unit spotted
different unit spotted
different unit spotted
different unit spotted
different unit spotted
Ally Pioneer spotted Enemy Furyan at dir: 5
dodge called with dir: 1

dodge
dodge1 dir: 0
order placed

next move down

different unit spotted
different unit spotted
different unit spotted
different unit spotted
different unit spotted
different unit spotted
different unit spotted
different unit spotted
different unit spotted
different unit spotted
different unit spotted
different unit spotted
different unit spotted
different unit spotted
different unit spotted
different unit spotted

Best move


next move down

different unit spotted
different unit spotted
different unit spotted
different unit spotted
different unit spotted
different unit spotted
different unit spotted
different unit spotted
different unit spotted
different unit spotted
different unit spotted
different unit spotted
different unit spotted
different unit spotted
different unit spotted

Best move


next move down

different unit spotted
different unit spotted
different unit spotted
different unit spotted
different unit spotted
different unit spotted
different unit spotted
different unit spotted
different unit spotted

Best move


next move down

different unit spotted
different unit spotted
different unit spotted
different unit spotted
different unit spotted
different unit spotted
different unit spotted

Best move


next move down

different unit spotted
different unit spotted
different unit spotted
different unit spotted
different unit spotted
different unit spotted

Best move


next move down

different unit spotted
different unit spotted
different unit spotted

Best move


next move down

different unit spotted
different unit spotted
different unit spotted
different unit spotted
different unit spotted
different unit spotted

Best move


next move down

different unit spotted
different unit spotted
different unit spotted
different unit spotted
different unit spotted
different unit spotted
different unit spotted
different unit spotted
different unit spotted
different unit spotted
different unit spotted
different unit spotted
different unit spotted
Ally Pioneer spotted Enemy Furyan at dir: 3
dodge called with dir: 7

dodge
dodge1 dir: 7
order placed

next move down

different unit spotted
different unit spotted
different unit spotted
different unit spotted
different unit spotted
different unit spotted
different unit spotted

Best move


next move down

different unit spotted
different unit spotted
different unit spotted
different unit spotted
different unit spotted
different unit spotted
different unit spotted
different unit spotted
different unit spotted
different unit spotted
different unit spotted
different unit spotted
different unit spotted
different unit spotted
different unit spotted
different unit spotted
different unit spotted

Best move


next move down

different unit spotted
different unit spotted
different unit spotted
different unit spotted
different unit spotted
different unit spotted

Best move


next move down

different unit spotted
different unit spotted
different unit spotted
different unit spotted
different unit spotted
different unit spotted
different unit spotted
different unit spotted
different unit spotted
different unit spotted
different unit spotted
different unit spotted
different unit spotted
different unit spotted
different unit spotted

Best move


next move down

different unit spotted
different unit spotted
different unit spotted
different unit spotted
different unit spotted
different unit spotted
different unit spotted
different unit spotted

Best move


next move down

different unit spotted
different unit spotted
different unit spotted
different unit spotted
different unit spotted
different unit spotted
different unit spotted

Best move


next move down

different unit spotted
different unit spotted
different unit spotted
different unit spotted
different unit spotted
different unit spotted
different unit spotted
different unit spotted
different unit spotted
different unit spotted
different unit spotted
different unit spotted

Best move


next move down

different unit spotted
different unit spotted
different unit spotted
different unit spotted
different unit spotted
different unit spotted

Best move


next move down

different unit spotted
Ally Furian spotted Enemy unit at dir: 2
dodge called with dir: 2

dodge
dodge1 dir: 6
different unit spotted
different unit spotted
Ally Furian spotted Enemy unit at dir: 3
dodge called with dir: 3

dodge
dodge1 dir: 7
different unit spotted
different unit spotted
different unit spotted
Ally Furian spotted Enemy unit at dir: 4
dodge called with dir: 4

dodge
dodge1 dir: 0
different unit spotted
different unit spotted
different unit spotted
different unit spotted
Ally Furian spotted Enemy unit at dir: 7
dodge called with dir: 7

dodge
dodge1 dir: 7

next move down

different unit spotted
Ally Furian spotted Enemy unit at dir: 1
dodge called with dir: 1

next move down

different unit spotted
different unit spotted
different unit spotted
different unit spotted
Ally Furian spotted Enemy unit at dir: 4
dodge called with dir: 4

dodge
dodge1 dir: 3
different unit spotted
Ally Furian spotted Enemy unit at dir: 6
dodge called with dir: 6

dodge
dodge1 dir: 3
different unit spotted
Ally Furian spotted Enemy unit at dir: 7
dodge called with dir: 7

dodge
dodge1 dir: 3
different unit spotted
different unit spotted
different unit spotted
different unit spotted
different unit spotted
different unit spotted
different unit spotted
different unit spotted
different unit spotted
different unit spotted
Ally Furian spotted Enemy unit at dir: 3
dodge called with dir: 3

dodge
dodge1 dir: 3

next move down

different unit spotted
Ally Furian spotted Enemy unit at dir: 0
dodge called with dir: 0

dodge
dodge1 dir: 0

next move down

different unit spotted
different unit spotted
Ally Furian spotted Enemy unit at dir: 1
dodge called with dir: 1

dodge
dodge1 dir: 0
dodge or chase commanded dir: 6

dodge or chase commanded dir: 1

dodge or chase commanded dir: 7

warning: action already requested for unit 0
dodge or chase commanded dir: 0

warning: action already requested for unit 0
dodge or chase commanded dir: 0

dodge or chase commanded dir: 7

best move (not dodge) commanded

best move (not dodge) commanded

best move (not dodge) commanded

best move (not dodge) commanded

best move (not dodge) commanded

best move (not dodge) commanded

warning: action already requested for unit 2
best move (not dodge) commanded

best move (not dodge) commanded

warning: action already requested for unit 2
best move (not dodge) commanded

best move (not dodge) commanded

best move (not dodge) commanded

best move (not dodge) commanded

best move (not dodge) commanded

best move (not dodge) commanded

best move (not dodge) commanded

best move (not dodge) commanded

best move (not dodge) commanded

warning: action already requested for unit 2
best move (not dodge) commanded

best move (not dodge) commanded

best move (not dodge) commanded

best move (not dodge) commanded

best move (not dodge) commanded

best move (not dodge) commanded

warning: action already requested for unit 0
best move (not dodge) commanded

info:     end player 0
info:     start player 1
info:     end player 1
info:     start player 2
info:     end player 2
info:     start player 3
info:     end player 3
info: end round 8
info: start round 9
info:     start player 0

next move down

different unit spotted
different unit spotted
different unit spotted
different unit spotted
different unit spotted
different unit spotted
different unit spotted
different unit spotted
different unit spotted
different unit spotted
different unit spotted
different unit spotted
different unit spotted
different unit spotted
different unit spotted
different unit spotted
different unit spotted
different unit spotted
different unit spotted
different unit spotted
different unit spotted
different unit spotted
different unit spotted
different unit spotted
different unit spotted
different unit spotted
different unit spotted
different unit spotted

Best move


next move down

different unit spotted
different unit spotted
different unit spotted
different unit spotted
different unit spotted
different unit spotted
different unit spotted
different unit spotted
different unit spotted
different unit spotted
different unit spotted
different unit spotted
different unit spotted
different unit spotted
different unit spotted
different unit spotted
different unit spotted
different unit spotted
different unit spotted
different unit spotted
different unit spotted
different unit spotted

Best move


next move down

different unit spotted
different unit spotted
different unit spotted
different unit spotted
different unit spotted
different unit spotted
Ally Pioneer spotted Enemy Furyan at dir: 5
dodge called with dir: 1

dodge
dodge1 dir: 1
order placed

next move down

different unit spotted
different unit spotted
different unit spotted
different unit spotted
different unit spotted
different unit spotted
different unit spotted
different unit spotted
different unit spotted
different unit spotted
different unit spotted
different unit spotted
different unit spotted

Best move


next move down

different unit spotted
different unit spotted
different unit spotted
different unit spotted
different unit spotted
different unit spotted
different unit spotted
different unit spotted
different unit spotted
different unit spotted
different unit spotted
different unit spotted
different unit spotted
different unit spotted
different unit spotted
different unit spotted
different unit spotted
different unit spotted
different unit spotted

Best move


next move down

different unit spotted
different unit spotted
different unit spotted
different unit spotted
different unit spotted
different unit spotted
different unit spotted
different unit spotted
different unit spotted
different unit spotted
different unit spotted
different unit spotted
different unit spotted
different unit spotted

Best move


next move down

different unit spotted
different unit spotted
different unit spotted
different unit spotted
different unit spotted
different unit spotted
different unit spotted

Best move


next move down

different unit spotted
different unit spotted
different unit spotted
different unit spotted
different unit spotted
different unit spotted
different unit spotted
different unit spotted
different unit spotted

Best move


next move down

different unit spotted
different unit spotted
different unit spotted

Best move


next move down

different unit spotted
different unit spotted
different unit spotted
different unit spotted

Best move


next move down

different unit spotted
different unit spotted
different unit spotted
different unit spotted
different unit spotted
different unit spotted
different unit spotted
different unit spotted
different unit spotted
different unit spotted
different unit spotted
different unit spotted
different unit spotted

Best move


next move down

different unit spotted
different unit spotted
different unit spotted
different unit spotted
different unit spotted
different unit spotted

Best move


next move down

different unit spotted
different unit spotted
different unit spotted
different unit spotted
different unit spotted
different unit spotted
different unit spotted
different unit spotted
different unit spotted
different unit spotted
different unit spotted
different unit spotted
different unit spotted
different unit spotted
different unit spotted
different unit spotted
different unit spotted

Best move


next move down

different unit spotted
different unit spotted
different unit spotted

Best move


next move down

different unit spotted
different unit spotted
different unit spotted
different unit spotted
different unit spotted
different unit spotted
different unit spotted
different unit spotted
different unit spotted
different unit spotted
different unit spotted
different unit spotted
different unit spotted
different unit spotted
different unit spotted
different unit spotted
different unit spotted
Ally Pioneer spotted Enemy Furyan at dir: 5
dodge called with dir: 1

dodge
dodge1 dir: 1
order placed

next move down

different unit spotted
different unit spotted
different unit spotted
different unit spotted
different unit spotted
different unit spotted
different unit spotted
different unit spotted
different unit spotted
different unit spotted
different unit spotted

Best move


next move down

different unit spotted
different unit spotted
different unit spotted
different unit spotted
different unit spotted

Best move


next move down

different unit spotted
different unit spotted
different unit spotted
different unit spotted
different unit spotted
different unit spotted
different unit spotted
different unit spotted
different unit spotted
different unit spotted
different unit spotted
different unit spotted
different unit spotted
different unit spotted
different unit spotted

Best move


next move down

different unit spotted
different unit spotted
different unit spotted
different unit spotted
different unit spotted
different unit spotted
different unit spotted
different unit spotted

Best move


next move down

different unit spotted
different unit spotted
different unit spotted
different unit spotted
different unit spotted
different unit spotted
different unit spotted
different unit spotted

Best move


next move down

different unit spotted
Ally Furian spotted Enemy unit at dir: 2
dodge called with dir: 2

dodge
dodge1 dir: 6
different unit spotted
different unit spotted
Ally Furian spotted Enemy unit at dir: 3
dodge called with dir: 3

dodge
dodge1 dir: 7
different unit spotted
different unit spotted
different unit spotted
Ally Furian spotted Enemy unit at dir: 1
dodge called with dir: 1

dodge
dodge1 dir: 5
different unit spotted
different unit spotted
Ally Furian spotted Enemy unit at dir: 4
dodge called with dir: 4

dodge
dodge1 dir: 0
different unit spotted
different unit spotted
different unit spotted
different unit spotted
Ally Furian spotted Enemy unit at dir: 7
dodge called with dir: 7

dodge
dodge1 dir: 7

next move down

different unit spotted
different unit spotted
different unit spotted
different unit spotted
different unit spotted
different unit spotted
different unit spotted
different unit spotted
different unit spotted
Ally Furian spotted Enemy unit at dir: 1
dodge called with dir: 1

dodge
dodge1 dir: 1

next move down

different unit spotted
different unit spotted
different unit spotted
Ally Furian spotted Enemy unit at dir: 4
dodge called with dir: 4

dodge
dodge1 dir: 2
different unit spotted
different unit spotted
Ally Furian spotted Enemy unit at dir: 6
dodge called with dir: 6

dodge
dodge1 dir: 2
different unit spotted
Ally Furian spotted Enemy unit at dir: 7
dodge called with dir: 7

dodge
dodge1 dir: 2
different unit spotted
different unit spotted
different unit spotted
different unit spotted
different unit spotted
Ally Furian spotted Enemy unit at dir: 2
dodge called with dir: 2

dodge
dodge1 dir: 2

next move down

different unit spotted
Ally Furian spotted Enemy unit at dir: 0
dodge called with dir: 0

dodge
dodge1 dir: 0

next move down

different unit spotted
different unit spotted
different unit spotted
Ally Furian spotted Enemy unit at dir: 3
dodge called with dir: 3

dodge
dodge1 dir: 4
dodge or chase commanded dir: 6

dodge or chase commanded dir: 0

warning: action already requested for unit 0
dodge or chase commanded dir: 7

warning: action already requested for unit 0
dodge or chase commanded dir: 5

warning: action already requested for unit 0
dodge or chase commanded dir: 1

dodge or chase commanded dir: 1

best move (not dodge) commanded

best move (not dodge) commanded

best move (not dodge) commanded

best move (not dodge) commanded

best move (not dodge) commanded

best move (not dodge) commanded

warning: action already requested for unit 0
best move (not dodge) commanded

best move (not dodge) commanded

warning: action already requested for unit 2
best move (not dodge) commanded

best move (not dodge) commanded

best move (not dodge) commanded

best move (not dodge) commanded

best move (not dodge) commanded

best move (not dodge) commanded

best move (not dodge) commanded

best move (not dodge) commanded

best move (not dodge) commanded

warning: action already requested for unit 2
best move (not dodge) commanded

best move (not dodge) commanded

warning: action already requested for unit 2
best move (not dodge) commanded

best move (not dodge) commanded

best move (not dodge) commanded

best move (not dodge) commanded

best move (not dodge) commanded

best move (not dodge) commanded

best move (not dodge) commanded

info:     end player 0
info:     start player 1
info:     end player 1
info:     start player 2
info:     end player 2
info:     start player 3
info:     end player 3
info: end round 9
info: start round 10
info:     start player 0

next move down

different unit spotted
different unit spotted
different unit spotted
different unit spotted
different unit spotted
different unit spotted
different unit spotted
different unit spotted
different unit spotted
different unit spotted
different unit spotted
different unit spotted
different unit spotted
different unit spotted
different unit spotted
different unit spotted
different unit spotted

Best move


next move down

different unit spotted
different unit spotted
different unit spotted
different unit spotted
different unit spotted
different unit spotted
different unit spotted
different unit spotted
different unit spotted
different unit spotted
different unit spotted
different unit spotted
different unit spotted
different unit spotted
different unit spotted
different unit spotted
different unit spotted
different unit spotted
different unit spotted
different unit spotted
different unit spotted

Best move


next move down

different unit spotted
different unit spotted
different unit spotted
different unit spotted
different unit spotted
different unit spotted
different unit spotted
Ally Pioneer spotted Enemy Furyan at dir: 5
dodge called with dir: 1

dodge
dodge1 dir: 1
order placed

next move down

different unit spotted
different unit spotted
different unit spotted
different unit spotted
different unit spotted
different unit spotted
different unit spotted
different unit spotted
different unit spotted
different unit spotted
different unit spotted
different unit spotted
different unit spotted
different unit spotted
different unit spotted
different unit spotted
different unit spotted
different unit spotted
different unit spotted

Best move


next move down

different unit spotted
different unit spotted
different unit spotted
different unit spotted
different unit spotted
different unit spotted
different unit spotted
different unit spotted
different unit spotted
different unit spotted
different unit spotted
different unit spotted
different unit spotted
different unit spotted
different unit spotted
different unit spotted
different unit spotted
different unit spotted

Best move


next move down

different unit spotted
different unit spotted
different unit spotted
different unit spotted
different unit spotted
different unit spotted
different unit spotted
different unit spotted
different unit spotted
different unit spotted
different unit spotted
different unit spotted
different unit spotted
different unit spotted
different unit spotted

Best move


next move down

different unit spotted
different unit spotted
different unit spotted
different unit spotted
different unit spotted
different unit spotted
different unit spotted

Best move


next move down

different unit spotted
different unit spotted
different unit spotted
different unit spotted
different unit spotted
different unit spotted
different unit spotted
different unit spotted
different unit spotted
different unit spotted
different unit spotted
different unit spotted

Best move


next move down

different unit spotted
different unit spotted
different unit spotted

Best move


next move down

different unit spotted
different unit spotted
different unit spotted

Best move


next move down

different unit spotted
different unit spotted
different unit spotted
different unit spotted
different unit spotted
different unit spotted
different unit spotted
different unit spotted
different unit spotted
different unit spotted
different unit spotted
different unit spotted
different unit spotted

Best move


next move down

different unit spotted
different unit spotted
different unit spotted
different unit spotted
different unit spotted
different unit spotted
different unit spotted

Best move


next move down

different unit spotted
different unit spotted
different unit spotted
different unit spotted
different unit spotted
different unit spotted
different unit spotted
different unit spotted
different unit spotted
different unit spotted
different unit spotted
different unit spotted
different unit spotted
different unit spotted

Best move


next move down

different unit spotted
different unit spotted
different unit spotted
different unit spotted

Best move


next move down

different unit spotted
different unit spotted
different unit spotted
different unit spotted
different unit spotted
different unit spotted
different unit spotted
different unit spotted
different unit spotted
different unit spotted
different unit spotted
different unit spotted
different unit spotted
different unit spotted
Ally Pioneer spotted Enemy Furyan at dir: 5
dodge called with dir: 1

dodge
dodge1 dir: 2
order placed

next move down

different unit spotted
different unit spotted
different unit spotted
different unit spotted
different unit spotted
different unit spotted
different unit spotted

Best move


next move down

different unit spotted
different unit spotted
different unit spotted
different unit spotted
different unit spotted
different unit spotted
different unit spotted

Best move


next move down

different unit spotted
different unit spotted
different unit spotted
different unit spotted
different unit spotted
different unit spotted
different unit spotted
different unit spotted
different unit spotted
different unit spotted
different unit spotted
different unit spotted
different unit spotted
different unit spotted
different unit spotted
different unit spotted

Best move


next move down

different unit spotted
different unit spotted
different unit spotted
different unit spotted
different unit spotted

Best move


next move down

different unit spotted
different unit spotted
different unit spotted
different unit spotted
different unit spotted
different unit spotted
different unit spotted
different unit spotted
different unit spotted
different unit spotted
different unit spotted

Best move


next move down

different unit spotted
Ally Furian spotted Enemy unit at dir: 2
dodge called with dir: 2

dodge
dodge1 dir: 6
different unit spotted
different unit spotted
Ally Furian spotted Enemy unit at dir: 3
dodge called with dir: 3

dodge
dodge1 dir: 6
different unit spotted
different unit spotted
different unit spotted
Ally Furian spotted Enemy unit at dir: 1
dodge called with dir: 1

dodge
dodge1 dir: 5
different unit spotted
different unit spotted
Ally Furian spotted Enemy unit at dir: 4
dodge called with dir: 4

dodge
dodge1 dir: 0
different unit spotted
different unit spotted
Ally Furian spotted Enemy unit at dir: 0
dodge called with dir: 0

dodge
dodge1 dir: 4
different unit spotted
different unit spotted
different unit spotted
Ally Furian spotted Enemy unit at dir: 0
dodge called with dir: 0

dodge
dodge1 dir: 0

next move down

different unit spotted
different unit spotted
different unit spotted
different unit spotted
different unit spotted
different unit spotted
different unit spotted
different unit spotted
Ally Furian spotted Enemy unit at dir: 1
dodge called with dir: 1

dodge
dodge1 dir: 0

next move down

different unit spotted
different unit spotted
different unit spotted
different unit spotted
Ally Furian spotted Enemy unit at dir: 4
dodge called with dir: 4

dodge
dodge1 dir: 2
different unit spotted
different unit spotted
Ally Furian spotted Enemy unit at dir: 6
dodge called with dir: 6

dodge
dodge1 dir: 2
different unit spotted
Ally Furian spotted Enemy unit at dir: 7
dodge called with dir: 7

dodge
dodge1 dir: 3
different unit spotted
different unit spotted
different unit spotted
Ally Furian spotted Enemy unit at dir: 3
dodge called with dir: 3

dodge
dodge1 dir: 3

next move down

different unit spotted
Ally Furian spotted Enemy unit at dir: 0
dodge called with dir: 0

next move down

different unit spotted
different unit spotted
different unit spotted
different unit spotted
Ally Furian spotted Enemy unit at dir: 5
dodge called with dir: 5

dodge
dodge1 dir: 0
different unit spotted
Ally Furian spotted Enemy unit at dir: 6
dodge called with dir: 6

dodge
dodge1 dir: 0
different unit spotted
different unit spotted
different unit spotted
Ally Furian spotted Enemy unit at dir: 7
dodge called with dir: 7

dodge
dodge1 dir: 4
different unit spotted
Ally Furian spotted Enemy unit at dir: 4
dodge called with dir: 4

dodge
dodge1 dir: 0
different unit spotted
Ally Furian spotted Enemy unit at dir: 6
dodge called with dir: 6

dodge
dodge1 dir: 6
dodge or chase commanded dir: 6

dodge or chase commanded dir: 0

warning: action already requested for unit 0
dodge or chase commanded dir: 4

warning: action already requested for unit 0
dodge or chase commanded dir: 6

warning: action already requested for unit 0
dodge or chase commanded dir: 5

warning: action already requested for unit 0
dodge or chase commanded dir: 0

dodge or chase commanded dir: 2

dodge or chase commanded dir: 1

best move (not dodge) commanded

best move (not dodge) commanded

best move (not dodge) commanded

best move (not dodge) commanded

warning: action already requested for unit 2
best move (not dodge) commanded

warning: action already requested for unit 2
best move (not dodge) commanded

warning: action already requested for unit 2
best move (not dodge) commanded

best move (not dodge) commanded

warning: action already requested for unit 0
best move (not dodge) commanded

warning: action already requested for unit 4
best move (not dodge) commanded

best move (not dodge) commanded

best move (not dodge) commanded

best move (not dodge) commanded

best move (not dodge) commanded

best move (not dodge) commanded

warning: action already requested for unit 4
best move (not dodge) commanded

best move (not dodge) commanded

best move (not dodge) commanded

best move (not dodge) commanded

best move (not dodge) commanded

best move (not dodge) commanded

best move (not dodge) commanded

warning: action already requested for unit 4
best move (not dodge) commanded

best move (not dodge) commanded

best move (not dodge) commanded

best move (not dodge) commanded

best move (not dodge) commanded

warning: action already requested for unit 4
best move (not dodge) commanded

best move (not dodge) commanded

info:     end player 0
info:     start player 1
info:     end player 1
info:     start player 2
info:     end player 2
info:     start player 3
info:     end player 3
info: end round 10
info: start round 11
info:     start player 0

next move down

different unit spotted
different unit spotted
different unit spotted
different unit spotted
different unit spotted
different unit spotted
different unit spotted
different unit spotted
different unit spotted
different unit spotted
different unit spotted
different unit spotted
different unit spotted
different unit spotted
different unit spotted
different unit spotted
different unit spotted
different unit spotted
different unit spotted
different unit spotted
different unit spotted
different unit spotted
different unit spotted
different unit spotted
different unit spotted

Best move


next move down

different unit spotted
different unit spotted
different unit spotted
different unit spotted
different unit spotted
different unit spotted
different unit spotted
different unit spotted
different unit spotted
different unit spotted
different unit spotted
different unit spotted
different unit spotted
different unit spotted
different unit spotted
different unit spotted
different unit spotted
different unit spotted
different unit spotted
different unit spotted
different unit spotted
different unit spotted
different unit spotted
different unit spotted
different unit spotted

Best move


next move down

different unit spotted
different unit spotted
different unit spotted
different unit spotted
different unit spotted
different unit spotted
different unit spotted
different unit spotted
different unit spotted
different unit spotted
different unit spotted
different unit spotted
different unit spotted
different unit spotted
different unit spotted
Ally Pioneer spotted Enemy Furyan at dir: 5
dodge called with dir: 1

dodge
dodge1 dir: 1
order placed

next move down

different unit spotted
different unit spotted
different unit spotted
different unit spotted
different unit spotted
different unit spotted
different unit spotted
different unit spotted
different unit spotted
different unit spotted
different unit spotted
different unit spotted
different unit spotted
different unit spotted
different unit spotted

Best move


next move down

different unit spotted
different unit spotted
different unit spotted
different unit spotted
different unit spotted
different unit spotted
different unit spotted
different unit spotted
different unit spotted
different unit spotted
different unit spotted
different unit spotted
different unit spotted
different unit spotted
different unit spotted
different unit spotted
different unit spotted
different unit spotted
different unit spotted
different unit spotted
different unit spotted
different unit spotted
different unit spotted
different unit spotted
different unit spotted
different unit spotted

Best move


next move down

different unit spotted
different unit spotted
different unit spotted
different unit spotted
different unit spotted
different unit spotted
different unit spotted
different unit spotted
different unit spotted
different unit spotted
different unit spotted

Best move


next move down

different unit spotted
different unit spotted
different unit spotted
different unit spotted
different unit spotted
different unit spotted
different unit spotted
different unit spotted
different unit spotted
different unit spotted
different unit spotted
different unit spotted
different unit spotted

Best move


next move down

different unit spotted
different unit spotted
different unit spotted
different unit spotted
different unit spotted
different unit spotted
different unit spotted
different unit spotted
different unit spotted
different unit spotted
different unit spotted
different unit spotted
different unit spotted
different unit spotted
different unit spotted
different unit spotted
different unit spotted

Best move


next move down

different unit spotted
different unit spotted
different unit spotted

Best move


next move down

different unit spotted
different unit spotted
different unit spotted
different unit spotted
different unit spotted

Best move


next move down

different unit spotted
different unit spotted
different unit spotted
different unit spotted
different unit spotted
different unit spotted
different unit spotted
different unit spotted
different unit spotted
different unit spotted
different unit spotted

Best move


next move down

different unit spotted
different unit spotted
different unit spotted
different unit spotted
different unit spotted
different unit spotted
different unit spotted
Ally Pioneer spotted Enemy Furyan at dir: 7
dodge called with dir: 3

dodge
dodge1 dir: 3
order placed

next move down

different unit spotted
different unit spotted
different unit spotted
different unit spotted
different unit spotted
different unit spotted
different unit spotted
different unit spotted
different unit spotted
different unit spotted
different unit spotted
different unit spotted
different unit spotted

Best move


next move down

different unit spotted
different unit spotted
different unit spotted

Best move


next move down

different unit spotted
different unit spotted
different unit spotted
different unit spotted
different unit spotted
different unit spotted
Ally Pioneer spotted Enemy Furyan at dir: 3
dodge called with dir: 7

dodge
dodge1 dir: 6
order placed

next move down

different unit spotted
different unit spotted
different unit spotted
different unit spotted
different unit spotted
different unit spotted
different unit spotted

Best move


next move down

different unit spotted
different unit spotted
different unit spotted
different unit spotted
different unit spotted
different unit spotted
different unit spotted
different unit spotted
Ally Pioneer spotted Enemy Furyan at dir: 6
dodge called with dir: 2

dodge
dodge1 dir: 1
order placed

next move down

different unit spotted
different unit spotted
different unit spotted
different unit spotted
different unit spotted
different unit spotted
different unit spotted
different unit spotted
different unit spotted
different unit spotted
different unit spotted
different unit spotted
different unit spotted
Hellhound spotted at dir: 2
dodge called with dir: 6

dodge
dodge1 dir: 5
order placed

next move down

different unit spotted
different unit spotted
different unit spotted
different unit spotted
different unit spotted
different unit spotted
different unit spotted
different unit spotted

Best move


next move down

different unit spotted
different unit spotted
different unit spotted
different unit spotted
different unit spotted
different unit spotted
different unit spotted
different unit spotted
different unit spotted
different unit spotted
different unit spotted
different unit spotted

Best move


next move down

different unit spotted
Ally Furian spotted Enemy unit at dir: 2
dodge called with dir: 2

dodge
dodge1 dir: 6
different unit spotted
different unit spotted
different unit spotted
Ally Furian spotted Enemy unit at dir: 1
dodge called with dir: 1

dodge
dodge1 dir: 5
different unit spotted
different unit spotted
Ally Furian spotted Enemy unit at dir: 4
dodge called with dir: 4

dodge
dodge1 dir: 1
different unit spotted
different unit spotted
Ally Furian spotted Enemy unit at dir: 0
dodge called with dir: 0

dodge
dodge1 dir: 4
different unit spotted
different unit spotted
different unit spotted
different unit spotted
Ally Furian spotted Enemy unit at dir: 6
dodge called with dir: 6

dodge
dodge1 dir: 1
different unit spotted
Ally Furian spotted Enemy unit at dir: 5
dodge called with dir: 5

dodge
dodge1 dir: 1
different unit spotted
Ally Furian spotted Enemy unit at dir: 7
dodge called with dir: 7

dodge
dodge1 dir: 3
different unit spotted
different unit spotted
Ally Furian spotted Enemy unit at dir: 0
dodge called with dir: 0

dodge
dodge1 dir: 1

next move down

different unit spotted
Hellhound spotted at dir: 0
dodge called with dir: 4

dodge
dodge1 dir: 4
order placed

next move down

different unit spotted
different unit spotted
different unit spotted
different unit spotted
Ally Furian spotted Enemy unit at dir: 5
dodge called with dir: 5

dodge
dodge1 dir: 1
different unit spotted
different unit spotted
different unit spotted
Ally Furian spotted Enemy unit at dir: 4
dodge called with dir: 4

dodge
dodge1 dir: 0
different unit spotted
different unit spotted
different unit spotted
Ally Furian spotted Enemy unit at dir: 6
dodge called with dir: 6

dodge
dodge1 dir: 2
different unit spotted
Ally Furian spotted Enemy unit at dir: 3
dodge called with dir: 3

dodge
dodge1 dir: 7
different unit spotted
Ally Furian spotted Enemy unit at dir: 7
dodge called with dir: 7

dodge
dodge1 dir: 3
different unit spotted
Ally Furian spotted Enemy unit at dir: 0
dodge called with dir: 0

dodge
dodge1 dir: 4
different unit spotted
Ally Furian spotted Enemy unit at dir: 1
dodge called with dir: 1

dodge
dodge1 dir: 5
different unit spotted
Ally Furian spotted Enemy unit at dir: 3
dodge called with dir: 3

dodge
dodge1 dir: 3

next move down

different unit spotted
Ally Furian spotted Enemy unit at dir: 1
dodge called with dir: 1

dodge
dodge1 dir: 5
different unit spotted
Ally Furian spotted Enemy unit at dir: 7
dodge called with dir: 7

next move down

different unit spotted
different unit spotted
different unit spotted
Ally Furian spotted Enemy unit at dir: 5
dodge called with dir: 5

dodge
dodge1 dir: 5

next move down

different unit spotted
different unit spotted
different unit spotted
different unit spotted
different unit spotted
different unit spotted
different unit spotted
different unit spotted
different unit spotted
Ally Furian spotted Enemy unit at dir: 7
dodge called with dir: 7

dodge
dodge1 dir: 7
dodge or chase commanded dir: 5

dodge or chase commanded dir: 4

dodge or chase commanded dir: 4

dodge or chase commanded dir: 1

warning: action already requested for unit 0
dodge or chase commanded dir: 1

warning: action already requested for unit 0
dodge or chase commanded dir: 3

warning: action already requested for unit 0
dodge or chase commanded dir: 6

warning: action already requested for unit 0
dodge or chase commanded dir: 5

warning: action already requested for unit 0
dodge or chase commanded dir: 1

warning: action already requested for unit 0
dodge or chase commanded dir: 5

dodge or chase commanded dir: 7

warning: action already requested for unit 3
dodge or chase commanded dir: 6

dodge or chase commanded dir: 3

dodge or chase commanded dir: 1

dodge or chase commanded dir: 1

best move (not dodge) commanded

best move (not dodge) commanded

best move (not dodge) commanded

warning: action already requested for unit 2
best move (not dodge) commanded

warning: action already requested for unit 2
best move (not dodge) commanded

best move (not dodge) commanded

best move (not dodge) commanded

best move (not dodge) commanded

warning: action already requested for unit 0
best move (not dodge) commanded

best move (not dodge) commanded

best move (not dodge) commanded

best move (not dodge) commanded

best move (not dodge) commanded

best move (not dodge) commanded

best move (not dodge) commanded

best move (not dodge) commanded

best move (not dodge) commanded

best move (not dodge) commanded

best move (not dodge) commanded

warning: action already requested for unit 2
best move (not dodge) commanded

best move (not dodge) commanded

warning: action already requested for unit 2
best move (not dodge) commanded

best move (not dodge) commanded

best move (not dodge) commanded

warning: action already requested for unit 2
best move (not dodge) commanded

warning: action already requested for unit 2
best move (not dodge) commanded

warning: action already requested for unit 2
info:     end player 0
info:     start player 1
info:     end player 1
info:     start player 2
info:     end player 2
info:     start player 3
info:     end player 3
info: end round 11
info: start round 12
info:     start player 0

next move down

different unit spotted
different unit spotted
different unit spotted
different unit spotted
different unit spotted
different unit spotted
different unit spotted
different unit spotted
different unit spotted
different unit spotted
different unit spotted
different unit spotted
different unit spotted
different unit spotted
different unit spotted
different unit spotted
different unit spotted
different unit spotted
different unit spotted
different unit spotted
different unit spotted
different unit spotted
different unit spotted
different unit spotted
different unit spotted
different unit spotted
different unit spotted
different unit spotted
different unit spotted
different unit spotted
different unit spotted
different unit spotted
different unit spotted

Best move


next move down

different unit spotted
different unit spotted
different unit spotted
different unit spotted
different unit spotted
different unit spotted
different unit spotted
different unit spotted
different unit spotted
different unit spotted
different unit spotted
different unit spotted
different unit spotted
different unit spotted
different unit spotted
different unit spotted
different unit spotted
different unit spotted
different unit spotted
Ally Pioneer spotted Enemy Furyan at dir: 1
dodge called with dir: 5

dodge
dodge1 dir: 5
order placed

next move down

different unit spotted
different unit spotted
different unit spotted
different unit spotted
different unit spotted
different unit spotted
different unit spotted
different unit spotted
different unit spotted
different unit spotted
different unit spotted
different unit spotted
different unit spotted
different unit spotted
different unit spotted
different unit spotted
different unit spotted
different unit spotted
different unit spotted
different unit spotted

Best move


next move down

different unit spotted
different unit spotted
different unit spotted
different unit spotted
different unit spotted
different unit spotted
different unit spotted
different unit spotted
different unit spotted
different unit spotted

Best move


next move down

different unit spotted
different unit spotted
different unit spotted
different unit spotted
different unit spotted
different unit spotted
different unit spotted
different unit spotted
different unit spotted
different unit spotted
different unit spotted
different unit spotted
different unit spotted
different unit spotted
different unit spotted
different unit spotted
different unit spotted
different unit spotted
different unit spotted
different unit spotted
different unit spotted
different unit spotted
different unit spotted
different unit spotted
different unit spotted
different unit spotted
different unit spotted
different unit spotted
different unit spotted
different unit spotted
different unit spotted

Best move


next move down

different unit spotted
different unit spotted
different unit spotted
different unit spotted
different unit spotted
different unit spotted
different unit spotted

Best move


next move down

different unit spotted
different unit spotted
different unit spotted
different unit spotted
different unit spotted
Ally Pioneer spotted Enemy Furyan at dir: 1
dodge called with dir: 5

dodge
dodge1 dir: 4
order placed

next move down

different unit spotted
different unit spotted
different unit spotted
different unit spotted
different unit spotted
different unit spotted
different unit spotted
different unit spotted
different unit spotted

Best move


next move down

different unit spotted
different unit spotted
different unit spotted
different unit spotted
different unit spotted

Best move


next move down

different unit spotted
different unit spotted
different unit spotted
different unit spotted
different unit spotted
different unit spotted

Best move


next move down

different unit spotted
different unit spotted
different unit spotted
different unit spotted
different unit spotted
different unit spotted

Best move


next move down

different unit spotted
different unit spotted
different unit spotted
different unit spotted
different unit spotted
different unit spotted
different unit spotted
different unit spotted
different unit spotted
different unit spotted
different unit spotted

Best move


next move down

different unit spotted
different unit spotted
different unit spotted
different unit spotted
different unit spotted
different unit spotted
different unit spotted
different unit spotted
different unit spotted
different unit spotted
different unit spotted
different unit spotted
different unit spotted
different unit spotted

Best move


next move down

different unit spotted
different unit spotted
different unit spotted

Best move


next move down

different unit spotted
different unit spotted
different unit spotted
different unit spotted
different unit spotted
different unit spotted
different unit spotted
different unit spotted
different unit spotted
different unit spotted
Ally Pioneer spotted Enemy Furyan at dir: 3
dodge called with dir: 7

dodge
dodge1 dir: 6
order placed

next move down

different unit spotted
different unit spotted
different unit spotted
different unit spotted
different unit spotted
different unit spotted
different unit spotted

Best move


next move down

different unit spotted
different unit spotted
different unit spotted
different unit spotted
different unit spotted
different unit spotted
different unit spotted
different unit spotted
different unit spotted
different unit spotted
different unit spotted

Best move


next move down

different unit spotted
different unit spotted
different unit spotted
different unit spotted
different unit spotted
different unit spotted
different unit spotted
different unit spotted
different unit spotted
different unit spotted
different unit spotted
different unit spotted
different unit spotted
Hellhound spotted at dir: 1
dodge called with dir: 5

dodge
dodge1 dir: 5
order placed

next move down

different unit spotted
different unit spotted
different unit spotted
different unit spotted

Best move


next move down

different unit spotted
different unit spotted
different unit spotted
different unit spotted
different unit spotted
different unit spotted
Ally Pioneer spotted Enemy Furyan at dir: 5
dodge called with dir: 1

dodge
dodge1 dir: 1
order placed

next move down

different unit spotted
Ally Furian spotted Enemy unit at dir: 0
dodge called with dir: 0

dodge
dodge1 dir: 4
different unit spotted
different unit spotted
different unit spotted
Ally Furian spotted Enemy unit at dir: 7
dodge called with dir: 7

dodge
dodge1 dir: 2
different unit spotted
different unit spotted
different unit spotted
Ally Furian spotted Enemy unit at dir: 1
dodge called with dir: 1

dodge
dodge1 dir: 5
different unit spotted
Ally Furian spotted Enemy unit at dir: 6
dodge called with dir: 6

dodge
dodge1 dir: 2
different unit spotted
different unit spotted
different unit spotted
Ally Furian spotted Enemy unit at dir: 2
dodge called with dir: 2

dodge
dodge1 dir: 6
different unit spotted
different unit spotted
Ally Furian spotted Enemy unit at dir: 5
dodge called with dir: 5

dodge
dodge1 dir: 1
different unit spotted
Ally Furian spotted Enemy unit at dir: 3
dodge called with dir: 3

dodge
dodge1 dir: 7
different unit spotted
Ally Furian spotted Enemy unit at dir: 4
dodge called with dir: 4

dodge
dodge1 dir: 4

next move down

different unit spotted
different unit spotted
Hellhound spotted at dir: 1
dodge called with dir: 5

dodge
dodge1 dir: 5
order placed

next move down

different unit spotted
different unit spotted
different unit spotted
Ally Furian spotted Enemy unit at dir: 5
dodge called with dir: 5

dodge
dodge1 dir: 2
different unit spotted
different unit spotted
different unit spotted
Ally Furian spotted Enemy unit at dir: 6
dodge called with dir: 6

dodge
dodge1 dir: 2
different unit spotted
Ally Furian spotted Enemy unit at dir: 3
dodge called with dir: 3

dodge
dodge1 dir: 6
different unit spotted
Ally Furian spotted Enemy unit at dir: 7
dodge called with dir: 7

dodge
dodge1 dir: 3
different unit spotted
Ally Furian spotted Enemy unit at dir: 0
dodge called with dir: 0

dodge
dodge1 dir: 4
different unit spotted
Ally Furian spotted Enemy unit at dir: 2
dodge called with dir: 2

dodge
dodge1 dir: 6
different unit spotted
Ally Furian spotted Enemy unit at dir: 3
dodge called with dir: 3

dodge
dodge1 dir: 3

next move down

different unit spotted
Ally Furian spotted Enemy unit at dir: 0
dodge called with dir: 0

dodge
dodge1 dir: 0

next move down

different unit spotted
Ally Furian spotted Enemy unit at dir: 6
dodge called with dir: 6

next move down

different unit spotted
different unit spotted
different unit spotted
different unit spotted
different unit spotted
different unit spotted
Ally Furian spotted Enemy unit at dir: 7
dodge called with dir: 7

dodge
dodge1 dir: 0
dodge or chase commanded dir: 5

dodge or chase commanded dir: 2

dodge or chase commanded dir: 5

dodge or chase commanded dir: 6

warning: action already requested for unit 0
dodge or chase commanded dir: 1

warning: action already requested for unit 0
dodge or chase commanded dir: 7

warning: action already requested for unit 0
dodge or chase commanded dir: 4

warning: action already requested for unit 0
dodge or chase commanded dir: 2

warning: action already requested for unit 0
dodge or chase commanded dir: 5

warning: action already requested for unit 0
dodge or chase commanded dir: 6

dodge or chase commanded dir: 6

dodge or chase commanded dir: 4

dodge or chase commanded dir: 5

dodge or chase commanded dir: 1

best move (not dodge) commanded

best move (not dodge) commanded

best move (not dodge) commanded

best move (not dodge) commanded

best move (not dodge) commanded

warning: action already requested for unit 2
best move (not dodge) commanded

best move (not dodge) commanded

warning: action already requested for unit 2
best move (not dodge) commanded

best move (not dodge) commanded

warning: action already requested for unit 2
best move (not dodge) commanded

best move (not dodge) commanded

warning: action already requested for unit 2
best move (not dodge) commanded

best move (not dodge) commanded

best move (not dodge) commanded

best move (not dodge) commanded

best move (not dodge) commanded

best move (not dodge) commanded

best move (not dodge) commanded

warning: action already requested for unit 0
best move (not dodge) commanded

best move (not dodge) commanded

best move (not dodge) commanded

best move (not dodge) commanded

best move (not dodge) commanded

warning: action already requested for unit 2
best move (not dodge) commanded

warning: action already requested for unit 2
best move (not dodge) commanded

info:     end player 0
info:     start player 1
info:     end player 1
info:     start player 2
info:     end player 2
info:     start player 3
info:     end player 3
info: end round 12
info: start round 13
info:     start player 0

next move down

different unit spotted
different unit spotted
different unit spotted
different unit spotted
different unit spotted
Ally Pioneer spotted Enemy Furyan at dir: 3
dodge called with dir: 7

dodge
dodge1 dir: 7
order placed

next move down

different unit spotted
different unit spotted
different unit spotted
different unit spotted
different unit spotted
different unit spotted
different unit spotted
different unit spotted
different unit spotted
different unit spotted
different unit spotted
different unit spotted
different unit spotted
different unit spotted
different unit spotted
different unit spotted
different unit spotted
different unit spotted
different unit spotted
different unit spotted
different unit spotted
different unit spotted
different unit spotted

Best move


next move down

different unit spotted
different unit spotted
different unit spotted
different unit spotted
different unit spotted
different unit spotted
different unit spotted
different unit spotted
different unit spotted
different unit spotted
different unit spotted
different unit spotted
Ally Pioneer spotted Enemy Furyan at dir: 3
dodge called with dir: 7

dodge
dodge1 dir: 7
order placed

next move down

different unit spotted
different unit spotted
different unit spotted
different unit spotted

Best move


next move down

different unit spotted
different unit spotted
different unit spotted
different unit spotted
different unit spotted
different unit spotted
different unit spotted
different unit spotted
different unit spotted
different unit spotted
different unit spotted
different unit spotted
different unit spotted
different unit spotted
different unit spotted
different unit spotted
different unit spotted
different unit spotted
different unit spotted
different unit spotted
different unit spotted
different unit spotted

Best move


next move down

different unit spotted
different unit spotted
different unit spotted
different unit spotted
different unit spotted
different unit spotted
different unit spotted
different unit spotted
different unit spotted

Best move


next move down

different unit spotted
different unit spotted
Ally Pioneer spotted Enemy Furyan at dir: 1
dodge called with dir: 5

dodge
dodge1 dir: 5
order placed

next move down

different unit spotted
different unit spotted
different unit spotted
different unit spotted
different unit spotted
different unit spotted
different unit spotted
different unit spotted
different unit spotted
different unit spotted
different unit spotted
different unit spotted
different unit spotted
different unit spotted
different unit spotted
different unit spotted

Best move


next move down

different unit spotted
different unit spotted
different unit spotted
different unit spotted
different unit spotted
different unit spotted

Best move


next move down

different unit spotted
different unit spotted
different unit spotted
different unit spotted
different unit spotted
different unit spotted
different unit spotted
different unit spotted
different unit spotted

Best move


next move down

different unit spotted
different unit spotted
different unit spotted
different unit spotted
different unit spotted

Best move


next move down

different unit spotted
different unit spotted
different unit spotted
different unit spotted
different unit spotted
different unit spotted
different unit spotted
different unit spotted

Best move


next move down

different unit spotted
different unit spotted
different unit spotted
different unit spotted
different unit spotted
different unit spotted
different unit spotted
different unit spotted
different unit spotted
different unit spotted
different unit spotted
different unit spotted
different unit spotted
Hellhound spotted at dir: 7
dodge called with dir: 3

dodge
dodge1 dir: 4
order placed

next move down

different unit spotted
different unit spotted

Best move


next move down

different unit spotted
different unit spotted
different unit spotted
different unit spotted
different unit spotted
different unit spotted
different unit spotted
different unit spotted
Ally Pioneer spotted Enemy Furyan at dir: 3
dodge called with dir: 7

dodge
dodge1 dir: 6
order placed

next move down

different unit spotted
different unit spotted
different unit spotted
different unit spotted
different unit spotted
different unit spotted

Best move


next move down

different unit spotted
different unit spotted
different unit spotted
different unit spotted
different unit spotted
different unit spotted
different unit spotted
different unit spotted
different unit spotted
different unit spotted

Best move


next move down

different unit spotted
different unit spotted
different unit spotted
different unit spotted
different unit spotted
different unit spotted
different unit spotted
different unit spotted
different unit spotted
different unit spotted
different unit spotted
different unit spotted
different unit spotted
Hellhound spotted at dir: 1
dodge called with dir: 5

dodge
dodge1 dir: 4
order placed

next move down

different unit spotted
different unit spotted
different unit spotted
different unit spotted
different unit spotted
different unit spotted
different unit spotted
different unit spotted

Best move


next move down

different unit spotted
different unit spotted
different unit spotted
different unit spotted
different unit spotted

Best move


next move down

different unit spotted
different unit spotted
different unit spotted
different unit spotted
different unit spotted
Ally Pioneer spotted Enemy Furyan at dir: 6
dodge called with dir: 2

dodge
dodge1 dir: 2
order placed

next move down

different unit spotted
Ally Furian spotted Enemy unit at dir: 7
dodge called with dir: 7

dodge
dodge1 dir: 2
different unit spotted
different unit spotted
Ally Furian spotted Enemy unit at dir: 6
dodge called with dir: 6

dodge
dodge1 dir: 2
different unit spotted
different unit spotted
Ally Furian spotted Enemy unit at dir: 0
dodge called with dir: 0

dodge
dodge1 dir: 5
different unit spotted
different unit spotted
different unit spotted
different unit spotted
different unit spotted
Ally Furian spotted Enemy unit at dir: 5
dodge called with dir: 5

dodge
dodge1 dir: 1
different unit spotted
Ally Furian spotted Enemy unit at dir: 1
dodge called with dir: 1

dodge
dodge1 dir: 5
different unit spotted
Ally Furian spotted Enemy unit at dir: 2
dodge called with dir: 2

dodge
dodge1 dir: 6
different unit spotted
Ally Furian spotted Enemy unit at dir: 3
dodge called with dir: 3

dodge
dodge1 dir: 6
different unit spotted
Ally Furian spotted Enemy unit at dir: 7
dodge called with dir: 7

dodge
dodge1 dir: 6

next move down

different unit spotted
different unit spotted
Hellhound spotted at dir: 1
dodge called with dir: 5

dodge
dodge1 dir: 5
order placed

next move down

different unit spotted
different unit spotted
different unit spotted
different unit spotted
different unit spotted
different unit spotted
Ally Furian spotted Enemy unit at dir: 5
dodge called with dir: 5

dodge
dodge1 dir: 2
different unit spotted
Ally Furian spotted Enemy unit at dir: 4
dodge called with dir: 4

dodge
dodge1 dir: 2
different unit spotted
Ally Furian spotted Enemy unit at dir: 3
dodge called with dir: 3

dodge
dodge1 dir: 6
different unit spotted
Ally Furian spotted Enemy unit at dir: 3
dodge called with dir: 3

dodge
dodge1 dir: 3

next move down

different unit spotted
different unit spotted
Ally Furian spotted Enemy unit at dir: 1
dodge called with dir: 1

dodge
dodge1 dir: 1

next move down

different unit spotted
Ally Furian spotted Enemy unit at dir: 5
dodge called with dir: 5

dodge
dodge1 dir: 1
different unit spotted
different unit spotted
different unit spotted
different unit spotted
Ally Furian spotted Enemy unit at dir: 6
dodge called with dir: 6

dodge
dodge1 dir: 2
different unit spotted
different unit spotted
Ally Furian spotted Enemy unit at dir: 4
dodge called with dir: 4

dodge
dodge1 dir: 0
different unit spotted
Ally Furian spotted Enemy unit at dir: 6
dodge called with dir: 6

dodge
dodge1 dir: 6

next move down

different unit spotted
different unit spotted
different unit spotted
different unit spotted
different unit spotted
different unit spotted
Ally Furian spotted Enemy unit at dir: 7
dodge called with dir: 7

dodge
dodge1 dir: 7
dodge or chase commanded dir: 4

dodge or chase commanded dir: 5

dodge or chase commanded dir: 6

warning: action already requested for unit 0
dodge or chase commanded dir: 5

dodge or chase commanded dir: 1

warning: action already requested for unit 0
dodge or chase commanded dir: 5

warning: action already requested for unit 0
dodge or chase commanded dir: 6

warning: action already requested for unit 0
dodge or chase commanded dir: 4

dodge or chase commanded dir: 2

warning: action already requested for unit 0
dodge or chase commanded dir: 2

warning: action already requested for unit 0
dodge or chase commanded dir: 1

dodge or chase commanded dir: 2

warning: action already requested for unit 4
dodge or chase commanded dir: 0

warning: action already requested for unit 4
dodge or chase commanded dir: 6

dodge or chase commanded dir: 5

dodge or chase commanded dir: 7

dodge or chase commanded dir: 7

dodge or chase commanded dir: 2

best move (not dodge) commanded

best move (not dodge) commanded

best move (not dodge) commanded

best move (not dodge) commanded

best move (not dodge) commanded

best move (not dodge) commanded

best move (not dodge) commanded

best move (not dodge) commanded

best move (not dodge) commanded

best move (not dodge) commanded

best move (not dodge) commanded

warning: action already requested for unit 0
best move (not dodge) commanded

best move (not dodge) commanded

best move (not dodge) commanded

best move (not dodge) commanded

best move (not dodge) commanded

best move (not dodge) commanded

warning: action already requested for unit 4
best move (not dodge) commanded

best move (not dodge) commanded

best move (not dodge) commanded

warning: action already requested for unit 2
best move (not dodge) commanded

warning: action already requested for unit 2
best move (not dodge) commanded

warning: action already requested for unit 2
info:     end player 0
info:     start player 1
info:     end player 1
info:     start player 2
info:     end player 2
info:     start player 3
info:     end player 3
info: end round 13
info: start round 14
info:     start player 0

next move down

different unit spotted
different unit spotted
different unit spotted
different unit spotted
different unit spotted
different unit spotted
different unit spotted
different unit spotted
different unit spotted
Ally Pioneer spotted Enemy Furyan at dir: 3
dodge called with dir: 7

dodge
dodge1 dir: 7
order placed

next move down

different unit spotted
different unit spotted
different unit spotted
different unit spotted
different unit spotted
different unit spotted
Ally Pioneer spotted Enemy Furyan at dir: 5
dodge called with dir: 1

dodge
dodge1 dir: 1
order placed

next move down

different unit spotted
different unit spotted
different unit spotted
different unit spotted
different unit spotted
different unit spotted
different unit spotted
Ally Pioneer spotted Enemy Furyan at dir: 5
dodge called with dir: 1

dodge
dodge1 dir: 1
order placed

next move down

different unit spotted
different unit spotted
different unit spotted
different unit spotted

Best move


next move down

different unit spotted
different unit spotted
different unit spotted
different unit spotted
different unit spotted
different unit spotted
different unit spotted
different unit spotted
different unit spotted

Best move


next move down

different unit spotted
different unit spotted
different unit spotted
different unit spotted
different unit spotted

Best move


next move down

different unit spotted
different unit spotted
Ally Pioneer spotted Enemy Furyan at dir: 1
dodge called with dir: 5

dodge
dodge1 dir: 5
order placed

next move down

different unit spotted
different unit spotted
different unit spotted
different unit spotted
different unit spotted
different unit spotted
different unit spotted
different unit spotted
different unit spotted
different unit spotted
different unit spotted
different unit spotted
different unit spotted

Best move


next move down

different unit spotted
different unit spotted
different unit spotted
different unit spotted
different unit spotted

Best move


next move down

different unit spotted
different unit spotted
different unit spotted
different unit spotted
different unit spotted
different unit spotted
different unit spotted
different unit spotted
different unit spotted
different unit spotted
different unit spotted
different unit spotted
different unit spotted

Best move


next move down

different unit spotted
different unit spotted
different unit spotted
different unit spotted
different unit spotted
different unit spotted
different unit spotted
different unit spotted
different unit spotted

Best move


next move down

different unit spotted
different unit spotted
different unit spotted
different unit spotted
different unit spotted
different unit spotted
different unit spotted
different unit spotted
different unit spotted
different unit spotted
different unit spotted

Best move


next move down

different unit spotted
different unit spotted
different unit spotted
different unit spotted
different unit spotted
different unit spotted
different unit spotted
different unit spotted
different unit spotted
different unit spotted
different unit spotted
different unit spotted
different unit spotted

Best move


next move down

different unit spotted
different unit spotted
different unit spotted
different unit spotted

Best move


next move down

different unit spotted
different unit spotted
different unit spotted
Ally Pioneer spotted Enemy Furyan at dir: 4
dodge called with dir: 0

dodge
dodge1 dir: 2
order placed

next move down

different unit spotted
different unit spotted
different unit spotted
different unit spotted
different unit spotted
different unit spotted
different unit spotted

Best move


next move down

different unit spotted
different unit spotted
different unit spotted
different unit spotted
different unit spotted
different unit spotted
different unit spotted
different unit spotted
different unit spotted
different unit spotted
different unit spotted
different unit spotted
different unit spotted

Best move


next move down

different unit spotted
different unit spotted
different unit spotted
different unit spotted
different unit spotted
Hellhound spotted at dir: 2
dodge called with dir: 6

dodge
dodge1 dir: 7
order placed

next move down

different unit spotted
different unit spotted
different unit spotted
different unit spotted
different unit spotted
different unit spotted
different unit spotted
different unit spotted
different unit spotted
different unit spotted
different unit spotted

Best move


next move down

different unit spotted
different unit spotted
different unit spotted
different unit spotted
different unit spotted
different unit spotted
different unit spotted
different unit spotted
different unit spotted
different unit spotted
different unit spotted

Best move


next move down

different unit spotted
different unit spotted
different unit spotted
different unit spotted
different unit spotted
different unit spotted
different unit spotted
different unit spotted
different unit spotted
different unit spotted
different unit spotted

Best move


next move down

different unit spotted
different unit spotted
different unit spotted
different unit spotted
different unit spotted
Ally Pioneer spotted Enemy Furyan at dir: 7
dodge called with dir: 3

dodge
dodge1 dir: 3
order placed

next move down

different unit spotted
Ally Furian spotted Enemy unit at dir: 0
dodge called with dir: 0

dodge
dodge1 dir: 4
different unit spotted
different unit spotted
different unit spotted
different unit spotted
different unit spotted
Ally Furian spotted Enemy unit at dir: 7
dodge called with dir: 7

dodge
dodge1 dir: 4
different unit spotted
different unit spotted
Ally Furian spotted Enemy unit at dir: 1
dodge called with dir: 1

dodge
dodge1 dir: 5
different unit spotted
different unit spotted
Ally Furian spotted Enemy unit at dir: 6
dodge called with dir: 6

dodge
dodge1 dir: 1
different unit spotted
Ally Furian spotted Enemy unit at dir: 2
dodge called with dir: 2

dodge
dodge1 dir: 6
different unit spotted
Ally Furian spotted Enemy unit at dir: 4
dodge called with dir: 4

dodge
dodge1 dir: 4

next move down

different unit spotted
Ally Furian spotted Enemy unit at dir: 5
dodge called with dir: 5

next move down

different unit spotted
different unit spotted
Ally Furian spotted Enemy unit at dir: 3
dodge called with dir: 3

dodge
dodge1 dir: 3

next move down

different unit spotted
Ally Furian spotted Enemy unit at dir: 2
dodge called with dir: 2

dodge
dodge1 dir: 6
different unit spotted
different unit spotted
Ally Furian spotted Enemy unit at dir: 3
dodge called with dir: 3

dodge
dodge1 dir: 7
different unit spotted
different unit spotted
different unit spotted
Ally Furian spotted Enemy unit at dir: 1
dodge called with dir: 1

dodge
dodge1 dir: 5
different unit spotted
different unit spotted
Ally Furian spotted Enemy unit at dir: 4
dodge called with dir: 4

dodge
dodge1 dir: 0
different unit spotted
different unit spotted
Ally Furian spotted Enemy unit at dir: 0
dodge called with dir: 0

dodge
dodge1 dir: 4
different unit spotted
different unit spotted
different unit spotted
different unit spotted
Ally Furian spotted Enemy unit at dir: 6
dodge called with dir: 6

dodge
dodge1 dir: 1
different unit spotted
different unit spotted
Ally Furian spotted Enemy unit at dir: 5
dodge called with dir: 5

dodge
dodge1 dir: 1
different unit spotted
Ally Furian spotted Enemy unit at dir: 7
dodge called with dir: 7

dodge
dodge1 dir: 3
different unit spotted
different unit spotted
different unit spotted
different unit spotted
Ally Furian spotted Enemy unit at dir: 5
dodge called with dir: 5

dodge
dodge1 dir: 5

next move down

different unit spotted
different unit spotted
different unit spotted
different unit spotted
different unit spotted
Ally Furian spotted Enemy unit at dir: 5
dodge called with dir: 5

dodge
dodge1 dir: 1
different unit spotted
Ally Furian spotted Enemy unit at dir: 6
dodge called with dir: 6

dodge
dodge1 dir: 1
different unit spotted
Ally Furian spotted Enemy unit at dir: 4
dodge called with dir: 4

dodge
dodge1 dir: 1
different unit spotted
different unit spotted
different unit spotted
Ally Furian spotted Enemy unit at dir: 7
dodge called with dir: 7

dodge
dodge1 dir: 4
different unit spotted
Ally Furian spotted Enemy unit at dir: 0
dodge called with dir: 0

dodge
dodge1 dir: 4
different unit spotted
different unit spotted
different unit spotted
Ally Furian spotted Enemy unit at dir: 3
dodge called with dir: 3

dodge
dodge1 dir: 6
different unit spotted
Ally Furian spotted Enemy unit at dir: 2
dodge called with dir: 2

dodge
dodge1 dir: 6
different unit spotted
different unit spotted
Ally Furian spotted Enemy unit at dir: 1
dodge called with dir: 1

dodge
dodge1 dir: 5
different unit spotted
different unit spotted
different unit spotted
different unit spotted
Ally Furian spotted Enemy unit at dir: 2
dodge called with dir: 2

dodge
dodge1 dir: 1

next move down

different unit spotted
different unit spotted
different unit spotted
different unit spotted
different unit spotted
different unit spotted
different unit spotted
Ally Furian spotted Enemy unit at dir: 7
dodge called with dir: 7

dodge
dodge1 dir: 7
dodge or chase commanded dir: 7

dodge or chase commanded dir: 5

dodge or chase commanded dir: 6

dodge or chase commanded dir: 7

warning: action already requested for unit 3
dodge or chase commanded dir: 5

warning: action already requested for unit 3
dodge or chase commanded dir: 1

warning: action already requested for unit 3
dodge or chase commanded dir: 3

warning: action already requested for unit 3
dodge or chase commanded dir: 1

warning: action already requested for unit 3
dodge or chase commanded dir: 0

warning: action already requested for unit 3
dodge or chase commanded dir: 4

warning: action already requested for unit 3
dodge or chase commanded dir: 1

dodge or chase commanded dir: 2

dodge or chase commanded dir: 5

dodge or chase commanded dir: 3

dodge or chase commanded dir: 7

dodge or chase commanded dir: 1

best move (not dodge) commanded

best move (not dodge) commanded

best move (not dodge) commanded

warning: action already requested for unit 4
best move (not dodge) commanded

best move (not dodge) commanded

best move (not dodge) commanded

warning: action already requested for unit 4
best move (not dodge) commanded

best move (not dodge) commanded

best move (not dodge) commanded

warning: action already requested for unit 4
best move (not dodge) commanded

best move (not dodge) commanded

warning: action already requested for unit 0
best move (not dodge) commanded

warning: action already requested for unit 0
best move (not dodge) commanded

warning: action already requested for unit 0
best move (not dodge) commanded

warning: action already requested for unit 0
best move (not dodge) commanded

warning: action already requested for unit 4
best move (not dodge) commanded

best move (not dodge) commanded

best move (not dodge) commanded

best move (not dodge) commanded

best move (not dodge) commanded

best move (not dodge) commanded

warning: action already requested for unit 4
best move (not dodge) commanded

best move (not dodge) commanded

best move (not dodge) commanded

best move (not dodge) commanded

best move (not dodge) commanded

warning: action already requested for unit 4
best move (not dodge) commanded

best move (not dodge) commanded

warning: action already requested for unit 4
best move (not dodge) commanded

best move (not dodge) commanded

warning: action already requested for unit 4
best move (not dodge) commanded

warning: action already requested for unit 0
best move (not dodge) commanded

best move (not dodge) commanded

warning: action already requested for unit 3
info:     end player 0
info:     start player 1
info:     end player 1
info:     start player 2
info:     end player 2
info:     start player 3
info:     end player 3
info: end round 14
info: start round 15
info:     start player 0

next move down

different unit spotted
different unit spotted
different unit spotted
different unit spotted
different unit spotted
different unit spotted
different unit spotted
different unit spotted
Ally Pioneer spotted Enemy Furyan at dir: 3
dodge called with dir: 7

dodge
dodge1 dir: 7
order placed

next move down

different unit spotted
different unit spotted
different unit spotted
different unit spotted
different unit spotted
different unit spotted
different unit spotted
different unit spotted
different unit spotted
different unit spotted
different unit spotted
different unit spotted
different unit spotted
different unit spotted
different unit spotted
different unit spotted
different unit spotted
different unit spotted
different unit spotted
different unit spotted
different unit spotted
Ally Pioneer spotted Enemy Furyan at dir: 5
dodge called with dir: 1

dodge
dodge1 dir: 1
order placed

next move down

different unit spotted
different unit spotted
different unit spotted
different unit spotted
different unit spotted
different unit spotted
Ally Pioneer spotted Enemy Furyan at dir: 5
dodge called with dir: 1

dodge
dodge1 dir: 1
order placed

next move down

different unit spotted
different unit spotted
different unit spotted

Best move


next move down

different unit spotted
different unit spotted
different unit spotted
different unit spotted
different unit spotted
different unit spotted
different unit spotted
different unit spotted
different unit spotted
Ally Pioneer spotted Enemy Furyan at dir: 4
dodge called with dir: 0

dodge
dodge1 dir: 3
order placed

next move down

different unit spotted
different unit spotted
different unit spotted
different unit spotted
different unit spotted
different unit spotted
different unit spotted

Best move


next move down

different unit spotted
different unit spotted
different unit spotted
Ally Pioneer spotted Enemy Furyan at dir: 1
dodge called with dir: 5

dodge
dodge1 dir: 4
order placed

next move down

different unit spotted
different unit spotted
different unit spotted
different unit spotted
different unit spotted
different unit spotted
different unit spotted
different unit spotted
different unit spotted
different unit spotted
different unit spotted
different unit spotted
different unit spotted
different unit spotted
Ally Pioneer spotted Enemy Furyan at dir: 1
dodge called with dir: 5

dodge
dodge1 dir: 5
order placed

next move down

different unit spotted
different unit spotted
different unit spotted
different unit spotted
different unit spotted

Best move


next move down

different unit spotted
different unit spotted
different unit spotted
different unit spotted
different unit spotted
different unit spotted
different unit spotted
different unit spotted
different unit spotted
different unit spotted
different unit spotted
different unit spotted

Best move


next move down

different unit spotted
different unit spotted
different unit spotted
different unit spotted
different unit spotted
different unit spotted
different unit spotted

Best move


next move down

different unit spotted
different unit spotted
different unit spotted
different unit spotted
different unit spotted
different unit spotted
different unit spotted
different unit spotted
different unit spotted
different unit spotted
different unit spotted
different unit spotted
different unit spotted
different unit spotted
different unit spotted
different unit spotted

Best move


next move down

different unit spotted
different unit spotted
different unit spotted
different unit spotted
different unit spotted
different unit spotted
different unit spotted
different unit spotted
different unit spotted
different unit spotted
different unit spotted
different unit spotted

Best move


next move down

different unit spotted

Best move


next move down

different unit spotted
Ally Pioneer spotted Enemy Furyan at dir: 5
dodge called with dir: 1

dodge
dodge1 dir: 2
order placed

next move down

different unit spotted
different unit spotted
different unit spotted
different unit spotted
different unit spotted

Best move


next move down

different unit spotted
different unit spotted
different unit spotted
different unit spotted
different unit spotted
different unit spotted
different unit spotted
Ally Pioneer spotted Enemy Furyan at dir: 7
dodge called with dir: 3

dodge
dodge1 dir: 2
order placed

next move down

different unit spotted
different unit spotted
different unit spotted
different unit spotted
different unit spotted
different unit spotted
different unit spotted
Hellhound spotted at dir: 3
dodge called with dir: 7

dodge
dodge1 dir: 5
order placed

next move down

different unit spotted
different unit spotted
different unit spotted
different unit spotted
different unit spotted
different unit spotted
different unit spotted
different unit spotted
different unit spotted
different unit spotted
different unit spotted
different unit spotted
different unit spotted
different unit spotted
different unit spotted
different unit spotted
different unit spotted
different unit spotted
different unit spotted
different unit spotted

Best move


next move down

different unit spotted
different unit spotted
different unit spotted
different unit spotted
different unit spotted
different unit spotted
different unit spotted
different unit spotted
different unit spotted

Best move


next move down

different unit spotted
different unit spotted
different unit spotted
different unit spotted
different unit spotted
different unit spotted
different unit spotted
different unit spotted
different unit spotted
different unit spotted
different unit spotted
different unit spotted
different unit spotted
different unit spotted
different unit spotted
different unit spotted

Best move


next move down

different unit spotted
different unit spotted
different unit spotted
different unit spotted
Ally Pioneer spotted Enemy Furyan at dir: 7
dodge called with dir: 3

dodge
dodge1 dir: 2
order placed

next move down

different unit spotted
different unit spotted
different unit spotted
Ally Furian spotted Enemy unit at dir: 4
dodge called with dir: 4

dodge
dodge1 dir: 4

next move down

different unit spotted
Ally Furian spotted Enemy unit at dir: 4
dodge called with dir: 4

next move down

different unit spotted
different unit spotted
Ally Furian spotted Enemy unit at dir: 2
dodge called with dir: 2

dodge
dodge1 dir: 5
different unit spotted
different unit spotted
different unit spotted
Ally Furian spotted Enemy unit at dir: 3
dodge called with dir: 3

dodge
dodge1 dir: 0
different unit spotted
different unit spotted
Ally Furian spotted Enemy unit at dir: 1
dodge called with dir: 1

dodge
dodge1 dir: 5
different unit spotted
different unit spotted
different unit spotted
Ally Furian spotted Enemy unit at dir: 4
dodge called with dir: 4

dodge
dodge1 dir: 0
different unit spotted
Ally Furian spotted Enemy unit at dir: 0
dodge called with dir: 0

dodge
dodge1 dir: 4
different unit spotted
Ally Furian spotted Enemy unit at dir: 6
dodge called with dir: 6

dodge
dodge1 dir: 5

next move down

different unit spotted
different unit spotted
different unit spotted
Ally Furian spotted Enemy unit at dir: 5
dodge called with dir: 5

dodge
dodge1 dir: 3
different unit spotted
Ally Furian spotted Enemy unit at dir: 6
dodge called with dir: 6

dodge
dodge1 dir: 3
different unit spotted
Ally Furian spotted Enemy unit at dir: 4
dodge called with dir: 4

dodge
dodge1 dir: 3
different unit spotted
Ally Furian spotted Enemy unit at dir: 7
dodge called with dir: 7

dodge
dodge1 dir: 3
different unit spotted
Ally Furian spotted Enemy unit at dir: 0
dodge called with dir: 0

dodge
dodge1 dir: 3
different unit spotted
Ally Furian spotted Enemy unit at dir: 3
dodge called with dir: 3

dodge
dodge1 dir: 5
different unit spotted
different unit spotted
Ally Furian spotted Enemy unit at dir: 2
dodge called with dir: 2

dodge
dodge1 dir: 5
different unit spotted
different unit spotted
Ally Furian spotted Enemy unit at dir: 1
dodge called with dir: 1

dodge
dodge1 dir: 5
different unit spotted
different unit spotted
Ally Furian spotted Enemy unit at dir: 3
dodge called with dir: 3

dodge
dodge1 dir: 3

next move down

different unit spotted
different unit spotted
different unit spotted
different unit spotted
different unit spotted
different unit spotted
different unit spotted
different unit spotted
Ally Furian spotted Enemy unit at dir: 7
dodge called with dir: 7

dodge
dodge1 dir: 7
dodge or chase commanded dir: 5

dodge or chase commanded dir: 4

dodge or chase commanded dir: 4

dodge or chase commanded dir: 2

dodge or chase commanded dir: 1

dodge or chase commanded dir: 7

dodge or chase commanded dir: 3

dodge or chase commanded dir: 2

dodge or chase commanded dir: 1

dodge or chase commanded dir: 5

dodge or chase commanded dir: 2

best move (not dodge) commanded

best move (not dodge) commanded

best move (not dodge) commanded

warning: action already requested for unit 4
best move (not dodge) commanded

best move (not dodge) commanded

warning: action already requested for unit 3
best move (not dodge) commanded

warning: action already requested for unit 3
best move (not dodge) commanded

warning: action already requested for unit 4
best move (not dodge) commanded

warning: action already requested for unit 3
best move (not dodge) commanded

warning: action already requested for unit 3
best move (not dodge) commanded

best move (not dodge) commanded

warning: action already requested for unit 4
best move (not dodge) commanded

best move (not dodge) commanded

best move (not dodge) commanded

best move (not dodge) commanded

warning: action already requested for unit 4
best move (not dodge) commanded

best move (not dodge) commanded

warning: action already requested for unit 4
best move (not dodge) commanded

best move (not dodge) commanded

best move (not dodge) commanded

warning: action already requested for unit 3
best move (not dodge) commanded

best move (not dodge) commanded

warning: action already requested for unit 4
best move (not dodge) commanded

best move (not dodge) commanded

warning: action already requested for unit 4
best move (not dodge) commanded

best move (not dodge) commanded

best move (not dodge) commanded

warning: action already requested for unit 4
best move (not dodge) commanded

best move (not dodge) commanded

info:     end player 0
info:     start player 1
info:     end player 1
info:     start player 2
info:     end player 2
info:     start player 3
info:     end player 3
info: end round 15
info: start round 16
info:     start player 0

next move down

different unit spotted
different unit spotted
different unit spotted
different unit spotted
different unit spotted
different unit spotted
different unit spotted
different unit spotted
different unit spotted
Ally Pioneer spotted Enemy Furyan at dir: 7
dodge called with dir: 3

dodge
dodge1 dir: 3
order placed

next move down

different unit spotted
different unit spotted
different unit spotted
different unit spotted
different unit spotted
different unit spotted
different unit spotted
different unit spotted
different unit spotted
different unit spotted
different unit spotted
different unit spotted
different unit spotted
different unit spotted
Ally Pioneer spotted Enemy Furyan at dir: 0
dodge called with dir: 4

dodge
dodge1 dir: 4
order placed

next move down

different unit spotted
different unit spotted
different unit spotted
different unit spotted
different unit spotted
different unit spotted
Ally Pioneer spotted Enemy Furyan at dir: 5
dodge called with dir: 1

dodge
dodge1 dir: 1
order placed

next move down

different unit spotted
different unit spotted

Best move


next move down

different unit spotted
different unit spotted
different unit spotted
different unit spotted
Ally Pioneer spotted Enemy Furyan at dir: 4
dodge called with dir: 0

dodge
dodge1 dir: 1
order placed

next move down

different unit spotted
different unit spotted
different unit spotted

Best move


next move down

different unit spotted
different unit spotted
Ally Pioneer spotted Enemy Furyan at dir: 1
dodge called with dir: 5

dodge
dodge1 dir: 5
order placed

next move down

different unit spotted
different unit spotted
different unit spotted
different unit spotted
different unit spotted
different unit spotted
different unit spotted
different unit spotted
different unit spotted
different unit spotted
different unit spotted
different unit spotted
different unit spotted
different unit spotted
different unit spotted
different unit spotted
different unit spotted
different unit spotted
different unit spotted
different unit spotted
different unit spotted

Best move


next move down

different unit spotted
different unit spotted
different unit spotted
different unit spotted
different unit spotted
different unit spotted

Best move


next move down

different unit spotted
different unit spotted
different unit spotted
different unit spotted
different unit spotted
different unit spotted
different unit spotted
different unit spotted
different unit spotted
different unit spotted
different unit spotted
different unit spotted
different unit spotted

Best move


next move down

different unit spotted
different unit spotted
different unit spotted
different unit spotted
different unit spotted
different unit spotted
different unit spotted
different unit spotted
different unit spotted

Best move


next move down

different unit spotted
different unit spotted
different unit spotted
different unit spotted
different unit spotted
different unit spotted
different unit spotted
different unit spotted
different unit spotted
different unit spotted
different unit spotted
different unit spotted
different unit spotted
different unit spotted
different unit spotted
different unit spotted

Best move


next move down

different unit spotted
different unit spotted
different unit spotted
different unit spotted
different unit spotted
different unit spotted
different unit spotted
different unit spotted

Best move


next move down

different unit spotted
different unit spotted
different unit spotted
different unit spotted
different unit spotted
different unit spotted
different unit spotted

Best move


next move down

different unit spotted
different unit spotted
Ally Pioneer spotted Enemy Furyan at dir: 2
dodge called with dir: 6

dodge
dodge1 dir: 6
order placed

get sun distance

get sun distance

get sun distance

get sun distance

get sun distance

get sun distance

get sun distance

get sun distance

next move down

different unit spotted
different unit spotted
different unit spotted
different unit spotted
different unit spotted
different unit spotted
different unit spotted
different unit spotted

Best move


next move down

different unit spotted
different unit spotted
different unit spotted
different unit spotted
different unit spotted
Ally Pioneer spotted Enemy Furyan at dir: 7
dodge called with dir: 3

dodge
dodge1 dir: 1
order placed

next move down

different unit spotted
different unit spotted
different unit spotted
different unit spotted
different unit spotted
different unit spotted
different unit spotted
different unit spotted
different unit spotted
different unit spotted
different unit spotted
different unit spotted
different unit spotted
Hellhound spotted at dir: 2
dodge called with dir: 6

dodge
dodge1 dir: 4
order placed

next move down

different unit spotted
different unit spotted
different unit spotted
different unit spotted
different unit spotted
different unit spotted
different unit spotted
different unit spotted
different unit spotted
different unit spotted
different unit spotted
different unit spotted
different unit spotted
different unit spotted
different unit spotted
different unit spotted
different unit spotted
different unit spotted
different unit spotted
different unit spotted

Best move


next move down

different unit spotted
different unit spotted
different unit spotted
different unit spotted
different unit spotted
different unit spotted
different unit spotted
different unit spotted
different unit spotted

Best move


next move down

different unit spotted
different unit spotted
different unit spotted
different unit spotted
different unit spotted
different unit spotted
different unit spotted
different unit spotted
different unit spotted
different unit spotted
different unit spotted
different unit spotted
different unit spotted
different unit spotted
different unit spotted
different unit spotted
different unit spotted

Best move


next move down

different unit spotted
different unit spotted
different unit spotted
different unit spotted
Ally Pioneer spotted Enemy Furyan at dir: 7
dodge called with dir: 3

dodge
dodge1 dir: 3
order placed

next move down

different unit spotted
different unit spotted
different unit spotted
Ally Furian spotted Enemy unit at dir: 4
dodge called with dir: 4

dodge
dodge1 dir: 4

next move down

different unit spotted
Ally Furian spotted Enemy unit at dir: 4
dodge called with dir: 4

next move down

different unit spotted
Ally Furian spotted Enemy unit at dir: 2
dodge called with dir: 2

dodge
dodge1 dir: 5
different unit spotted
different unit spotted
different unit spotted
Ally Furian spotted Enemy unit at dir: 3
dodge called with dir: 3

dodge
dodge1 dir: 5
different unit spotted
different unit spotted
Ally Furian spotted Enemy unit at dir: 1
dodge called with dir: 1

dodge
dodge1 dir: 5
different unit spotted
different unit spotted
different unit spotted
Ally Furian spotted Enemy unit at dir: 5
dodge called with dir: 5

dodge
dodge1 dir: 5

next move down

different unit spotted
different unit spotted
different unit spotted
different unit spotted
Ally Furian spotted Enemy unit at dir: 5
dodge called with dir: 5

dodge
dodge1 dir: 1
different unit spotted
Ally Furian spotted Enemy unit at dir: 3
dodge called with dir: 3

dodge
dodge1 dir: 2

next move down

different unit spotted
different unit spotted
Ally Furian spotted Enemy unit at dir: 7
dodge called with dir: 7

dodge
dodge1 dir: 7
dodge or chase commanded dir: 4

dodge or chase commanded dir: 4

dodge or chase commanded dir: 5

dodge or chase commanded dir: 6

dodge or chase commanded dir: 1

dodge or chase commanded dir: 3

dodge or chase commanded dir: 1

dodge or chase commanded dir: 3

dodge or chase commanded dir: 4

dodge or chase commanded dir: 1

best move (not dodge) commanded

best move (not dodge) commanded

best move (not dodge) commanded

best move (not dodge) commanded

warning: action already requested for unit 3
best move (not dodge) commanded

best move (not dodge) commanded

best move (not dodge) commanded

best move (not dodge) commanded

best move (not dodge) commanded

best move (not dodge) commanded

best move (not dodge) commanded

best move (not dodge) commanded

warning: action already requested for unit 3
best move (not dodge) commanded

best move (not dodge) commanded

best move (not dodge) commanded

best move (not dodge) commanded

warning: action already requested for unit 3
best move (not dodge) commanded

best move (not dodge) commanded

best move (not dodge) commanded

warning: action already requested for unit 4
best move (not dodge) commanded

best move (not dodge) commanded

info:     end player 0
info:     start player 1
info:     end player 1
info:     start player 2
info:     end player 2
info:     start player 3
info:     end player 3
info: end round 16
info: start round 17
info:     start player 0

next move down

different unit spotted
different unit spotted
different unit spotted
different unit spotted
different unit spotted
different unit spotted
different unit spotted
different unit spotted
different unit spotted
Ally Pioneer spotted Enemy Furyan at dir: 3
dodge called with dir: 7

dodge
dodge1 dir: 7
order placed

next move down

different unit spotted
different unit spotted
different unit spotted
different unit spotted
different unit spotted
different unit spotted
different unit spotted
different unit spotted
Ally Pioneer spotted Enemy Furyan at dir: 5
dodge called with dir: 1

dodge
dodge1 dir: 1
order placed

next move down

different unit spotted
different unit spotted
different unit spotted
different unit spotted
different unit spotted
different unit spotted
different unit spotted
different unit spotted
different unit spotted
different unit spotted
different unit spotted
different unit spotted

Best move


next move down

different unit spotted
different unit spotted
different unit spotted
different unit spotted

Best move


next move down

different unit spotted
different unit spotted
different unit spotted
different unit spotted
different unit spotted
different unit spotted
different unit spotted
different unit spotted
Ally Pioneer spotted Enemy Furyan at dir: 5
dodge called with dir: 1

dodge
dodge1 dir: 1
order placed

next move down

different unit spotted
different unit spotted
different unit spotted
different unit spotted
different unit spotted
different unit spotted
different unit spotted
different unit spotted

Best move


next move down

different unit spotted
different unit spotted
Ally Pioneer spotted Enemy Furyan at dir: 0
dodge called with dir: 4

dodge
dodge1 dir: 4
order placed

next move down

different unit spotted
different unit spotted
different unit spotted
different unit spotted
different unit spotted
different unit spotted
different unit spotted
different unit spotted
different unit spotted
different unit spotted
different unit spotted
different unit spotted
different unit spotted
different unit spotted
different unit spotted
different unit spotted
different unit spotted
different unit spotted
different unit spotted
different unit spotted
different unit spotted
different unit spotted
different unit spotted
different unit spotted
different unit spotted
different unit spotted

Best move


next move down

different unit spotted
different unit spotted
different unit spotted
different unit spotted
different unit spotted
different unit spotted
different unit spotted
different unit spotted
different unit spotted
different unit spotted
different unit spotted
different unit spotted
different unit spotted

Best move


next move down

different unit spotted
different unit spotted
different unit spotted
different unit spotted
different unit spotted
different unit spotted

Best move


next move down

different unit spotted
different unit spotted
different unit spotted
different unit spotted
different unit spotted
different unit spotted
different unit spotted
different unit spotted
different unit spotted
different unit spotted
different unit spotted
different unit spotted

Best move


next move down

different unit spotted
different unit spotted
different unit spotted
different unit spotted
different unit spotted
different unit spotted
different unit spotted
different unit spotted
different unit spotted
different unit spotted
different unit spotted
different unit spotted

Best move


next move down

different unit spotted
different unit spotted
different unit spotted
different unit spotted
different unit spotted
different unit spotted
different unit spotted
different unit spotted
different unit spotted
different unit spotted
different unit spotted

Best move


next move down

different unit spotted
different unit spotted
different unit spotted
different unit spotted
different unit spotted
different unit spotted
different unit spotted
different unit spotted
different unit spotted

Best move


next move down

different unit spotted
Ally Pioneer spotted Enemy Furyan at dir: 2
dodge called with dir: 6

dodge
dodge1 dir: 5
order placed

next move down

different unit spotted
different unit spotted
different unit spotted
different unit spotted
different unit spotted
different unit spotted
different unit spotted

Best move


next move down

different unit spotted
different unit spotted
different unit spotted
different unit spotted
different unit spotted
different unit spotted

Best move


next move down

different unit spotted
different unit spotted
different unit spotted
different unit spotted
different unit spotted
different unit spotted
different unit spotted
different unit spotted
different unit spotted
Hellhound spotted at dir: 2
dodge called with dir: 6

dodge
dodge1 dir: 6
order placed

next move down

different unit spotted
different unit spotted
different unit spotted
different unit spotted
different unit spotted
different unit spotted
different unit spotted
different unit spotted
different unit spotted
different unit spotted
different unit spotted
different unit spotted
different unit spotted
different unit spotted
different unit spotted
different unit spotted
different unit spotted

Best move


next move down

different unit spotted
different unit spotted
different unit spotted
different unit spotted
different unit spotted
different unit spotted
different unit spotted
different unit spotted
different unit spotted
different unit spotted
different unit spotted

Best move


next move down

different unit spotted
different unit spotted
different unit spotted
different unit spotted
different unit spotted
different unit spotted
different unit spotted
Ally Pioneer spotted Enemy Furyan at dir: 5
dodge called with dir: 1

dodge
dodge1 dir: 1
order placed

next move down

different unit spotted
different unit spotted
different unit spotted
different unit spotted
different unit spotted
different unit spotted
different unit spotted
different unit spotted
different unit spotted
different unit spotted
different unit spotted
different unit spotted
different unit spotted
different unit spotted
different unit spotted

Best move


next move down

different unit spotted
different unit spotted
different unit spotted
different unit spotted
different unit spotted
Ally Pioneer spotted Enemy Furyan at dir: 6
dodge called with dir: 2

dodge
dodge1 dir: 2
order placed

next move down

different unit spotted
Ally Furian spotted Enemy unit at dir: 4
dodge called with dir: 4

next move down

different unit spotted
different unit spotted
different unit spotted
different unit spotted
different unit spotted
different unit spotted
different unit spotted
Ally Furian spotted Enemy unit at dir: 5
dodge called with dir: 5

dodge
dodge1 dir: 1
different unit spotted
different unit spotted
Ally Furian spotted Enemy unit at dir: 6
dodge called with dir: 6

dodge
dodge1 dir: 2
different unit spotted
Ally Furian spotted Enemy unit at dir: 3
dodge called with dir: 3

dodge
dodge1 dir: 7
different unit spotted
Ally Furian spotted Enemy unit at dir: 4
dodge called with dir: 4

dodge
dodge1 dir: 0
different unit spotted
Ally Furian spotted Enemy unit at dir: 2
dodge called with dir: 2

dodge
dodge1 dir: 6
different unit spotted
Ally Furian spotted Enemy unit at dir: 7
dodge called with dir: 7

dodge
dodge1 dir: 2
different unit spotted
Ally Furian spotted Enemy unit at dir: 3
dodge called with dir: 3

dodge
dodge1 dir: 7
different unit spotted
Ally Furian spotted Enemy unit at dir: 2
dodge called with dir: 2

dodge
dodge1 dir: 6
different unit spotted
Ally Furian spotted Enemy unit at dir: 1
dodge called with dir: 1

dodge
dodge1 dir: 5
different unit spotted
Ally Furian spotted Enemy unit at dir: 1
dodge called with dir: 1

dodge
dodge1 dir: 5
different unit spotted
Ally Furian spotted Enemy unit at dir: 0
dodge called with dir: 0

dodge
dodge1 dir: 4
different unit spotted
Ally Furian spotted Enemy unit at dir: 6
dodge called with dir: 6

dodge
dodge1 dir: 2
different unit spotted
Ally Furian spotted Enemy unit at dir: 7
dodge called with dir: 7

dodge
dodge1 dir: 2
different unit spotted
Ally Furian spotted Enemy unit at dir: 5
dodge called with dir: 5

dodge
dodge1 dir: 5

next move down

different unit spotted
different unit spotted
different unit spotted
Ally Furian spotted Enemy unit at dir: 4
dodge called with dir: 4

dodge
dodge1 dir: 4

next move down

different unit spotted
different unit spotted
different unit spotted
different unit spotted
different unit spotted
Ally Furian spotted Enemy unit at dir: 2
dodge called with dir: 2

dodge
dodge1 dir: 1

next move down

different unit spotted
Ally Furian spotted Enemy unit at dir: 0
dodge called with dir: 0
dodge or chase commanded dir: 6

dodge or chase commanded dir: 4

dodge or chase commanded dir: 0

dodge or chase commanded dir: 5

dodge or chase commanded dir: 4

dodge or chase commanded dir: 7

dodge or chase commanded dir: 2

dodge or chase commanded dir: 1

dodge or chase commanded dir: 1

dodge or chase commanded dir: 1

best move (not dodge) commanded

best move (not dodge) commanded

best move (not dodge) commanded

best move (not dodge) commanded

warning: action already requested for unit 2
best move (not dodge) commanded

warning: action already requested for unit 2
best move (not dodge) commanded

warning: action already requested for unit 2
best move (not dodge) commanded

warning: action already requested for unit 2
best move (not dodge) commanded

warning: action already requested for unit 2
best move (not dodge) commanded

best move (not dodge) commanded

warning: action already requested for unit 2
best move (not dodge) commanded

warning: action already requested for unit 2
best move (not dodge) commanded

best move (not dodge) commanded

warning: action already requested for unit 2
best move (not dodge) commanded

best move (not dodge) commanded

warning: action already requested for unit 2
best move (not dodge) commanded

warning: action already requested for unit 2
best move (not dodge) commanded

warning: action already requested for unit 2
best move (not dodge) commanded

best move (not dodge) commanded

best move (not dodge) commanded

best move (not dodge) commanded

best move (not dodge) commanded

warning: action already requested for unit 2
best move (not dodge) commanded

best move (not dodge) commanded

warning: action already requested for unit 2
best move (not dodge) commanded

best move (not dodge) commanded

best move (not dodge) commanded

best move (not dodge) commanded

best move (not dodge) commanded

best move (not dodge) commanded

best move (not dodge) commanded

info:     end player 0
info:     start player 1
info:     end player 1
info:     start player 2
info:     end player 2
info:     start player 3
info:     end player 3
info: end round 17
info: start round 18
info:     start player 0

next move down

different unit spotted
different unit spotted
different unit spotted
Ally Pioneer spotted Enemy Furyan at dir: 7
dodge called with dir: 3

dodge
dodge1 dir: 3
order placed

next move down

different unit spotted
different unit spotted
different unit spotted
different unit spotted
different unit spotted
different unit spotted
different unit spotted
different unit spotted
different unit spotted
different unit spotted
different unit spotted
different unit spotted
Ally Pioneer spotted Enemy Furyan at dir: 5
dodge called with dir: 1

dodge
dodge1 dir: 1
order placed

next move down

different unit spotted
different unit spotted
different unit spotted
different unit spotted
different unit spotted
different unit spotted
different unit spotted
different unit spotted
different unit spotted
different unit spotted
different unit spotted
different unit spotted
different unit spotted
different unit spotted
different unit spotted

Best move


next move down

different unit spotted
different unit spotted
different unit spotted
different unit spotted
different unit spotted

Best move


next move down

different unit spotted
different unit spotted
different unit spotted
different unit spotted
different unit spotted
different unit spotted
different unit spotted
Ally Pioneer spotted Enemy Furyan at dir: 5
dodge called with dir: 1

dodge
dodge1 dir: 0
order placed

next move down

different unit spotted
different unit spotted
different unit spotted
different unit spotted
different unit spotted
different unit spotted
different unit spotted

Best move


next move down

different unit spotted
different unit spotted
Ally Pioneer spotted Enemy Furyan at dir: 1
dodge called with dir: 5

dodge
dodge1 dir: 5
order placed

next move down

different unit spotted
different unit spotted
different unit spotted
different unit spotted
different unit spotted
different unit spotted
different unit spotted
different unit spotted
different unit spotted
different unit spotted
different unit spotted
different unit spotted
different unit spotted
different unit spotted
different unit spotted
different unit spotted
different unit spotted
different unit spotted
different unit spotted
different unit spotted
different unit spotted
different unit spotted
different unit spotted
different unit spotted
different unit spotted

Best move


next move down

different unit spotted
different unit spotted
different unit spotted
different unit spotted
different unit spotted
different unit spotted
different unit spotted
different unit spotted
different unit spotted
different unit spotted
different unit spotted
different unit spotted
different unit spotted
different unit spotted

Best move


next move down

different unit spotted
different unit spotted
different unit spotted
different unit spotted
different unit spotted
different unit spotted
different unit spotted
different unit spotted
different unit spotted
different unit spotted
different unit spotted

Best move


next move down

different unit spotted
different unit spotted
different unit spotted
different unit spotted
different unit spotted
different unit spotted
different unit spotted
different unit spotted
different unit spotted
different unit spotted
different unit spotted
different unit spotted
different unit spotted

Best move


next move down

different unit spotted
different unit spotted
different unit spotted
different unit spotted
different unit spotted
different unit spotted
different unit spotted
different unit spotted
different unit spotted
different unit spotted

Best move


next move down

different unit spotted
different unit spotted
different unit spotted
different unit spotted
different unit spotted
different unit spotted
different unit spotted
different unit spotted

Best move


next move down

different unit spotted
different unit spotted
different unit spotted
different unit spotted
different unit spotted
different unit spotted
different unit spotted
different unit spotted
different unit spotted
different unit spotted

Best move


next move down

different unit spotted
different unit spotted
different unit spotted
different unit spotted
different unit spotted
different unit spotted

Best move


next move down

different unit spotted
different unit spotted
different unit spotted
different unit spotted
different unit spotted
different unit spotted
different unit spotted

Best move


next move down

different unit spotted
different unit spotted
different unit spotted
different unit spotted
different unit spotted
different unit spotted
different unit spotted
Hellhound spotted at dir: 1
dodge called with dir: 5

dodge
dodge1 dir: 6
order placed

next move down

different unit spotted
different unit spotted
different unit spotted
different unit spotted
different unit spotted
different unit spotted
different unit spotted
different unit spotted
different unit spotted
different unit spotted
different unit spotted
different unit spotted
different unit spotted
different unit spotted
different unit spotted
different unit spotted
different unit spotted
different unit spotted
different unit spotted
different unit spotted

Best move


next move down

different unit spotted
different unit spotted
different unit spotted
different unit spotted
different unit spotted
different unit spotted
different unit spotted
different unit spotted
different unit spotted
different unit spotted
different unit spotted
different unit spotted
different unit spotted
different unit spotted
different unit spotted
different unit spotted
different unit spotted
different unit spotted

Best move


next move down

different unit spotted
different unit spotted
different unit spotted
different unit spotted
different unit spotted
different unit spotted
different unit spotted
different unit spotted
different unit spotted
different unit spotted
different unit spotted
different unit spotted
different unit spotted

Best move


next move down

different unit spotted
different unit spotted
different unit spotted
different unit spotted
different unit spotted
Ally Pioneer spotted Enemy Furyan at dir: 5
dodge called with dir: 1

dodge
dodge1 dir: 0
order placed

next move down

different unit spotted
different unit spotted
different unit spotted
different unit spotted
different unit spotted
different unit spotted
different unit spotted
different unit spotted
different unit spotted
different unit spotted
different unit spotted
different unit spotted
different unit spotted

Best move


next move down

different unit spotted
different unit spotted
different unit spotted
different unit spotted
Ally Pioneer spotted Enemy Furyan at dir: 7
dodge called with dir: 3

dodge
dodge1 dir: 3
order placed

next move down

different unit spotted
different unit spotted
different unit spotted
different unit spotted
different unit spotted
different unit spotted
different unit spotted
different unit spotted
different unit spotted
Ally Furian spotted Enemy unit at dir: 5
dodge called with dir: 5

dodge
dodge1 dir: 5

next move down

different unit spotted
different unit spotted
different unit spotted
different unit spotted
different unit spotted
different unit spotted
different unit spotted
Ally Furian spotted Enemy unit at dir: 5
dodge called with dir: 5

dodge
dodge1 dir: 1
different unit spotted
Ally Furian spotted Enemy unit at dir: 4
dodge called with dir: 4

dodge
dodge1 dir: 1
different unit spotted
Ally Furian spotted Enemy unit at dir: 3
dodge called with dir: 3

dodge
dodge1 dir: 6
different unit spotted
Ally Furian spotted Enemy unit at dir: 3
dodge called with dir: 3

dodge
dodge1 dir: 6
different unit spotted
Ally Furian spotted Enemy unit at dir: 2
dodge called with dir: 2

dodge
dodge1 dir: 6
different unit spotted
Ally Furian spotted Enemy unit at dir: 5
dodge called with dir: 5

dodge
dodge1 dir: 1
different unit spotted
Ally Furian spotted Enemy unit at dir: 2
dodge called with dir: 2

dodge
dodge1 dir: 6
different unit spotted
Ally Furian spotted Enemy unit at dir: 7
dodge called with dir: 7

dodge
dodge1 dir: 3
different unit spotted
Ally Furian spotted Enemy unit at dir: 4
dodge called with dir: 4

dodge
dodge1 dir: 1
different unit spotted
Ally Furian spotted Enemy unit at dir: 1
dodge called with dir: 1

dodge
dodge1 dir: 5
different unit spotted
Ally Furian spotted Enemy unit at dir: 6
dodge called with dir: 6

dodge
dodge1 dir: 2
different unit spotted
Ally Furian spotted Enemy unit at dir: 1
dodge called with dir: 1

dodge
dodge1 dir: 5
different unit spotted
Ally Furian spotted Enemy unit at dir: 0
dodge called with dir: 0

dodge
dodge1 dir: 4
different unit spotted
Ally Furian spotted Enemy unit at dir: 7
dodge called with dir: 7

dodge
dodge1 dir: 3
different unit spotted
Ally Furian spotted Enemy unit at dir: 4
dodge called with dir: 4

dodge
dodge1 dir: 4

next move down

different unit spotted
Ally Furian spotted Enemy unit at dir: 5
dodge called with dir: 5

next move down

different unit spotted
different unit spotted
different unit spotted
different unit spotted
Ally Furian spotted Enemy unit at dir: 3
dodge called with dir: 3

dodge
dodge1 dir: 1

next move down

different unit spotted
Ally Furian spotted Enemy unit at dir: 0
dodge called with dir: 0

dodge
dodge1 dir: 0
dodge or chase commanded dir: 6

dodge or chase commanded dir: 5

dodge or chase commanded dir: 5

dodge or chase commanded dir: 3

dodge or chase commanded dir: 3

dodge or chase commanded dir: 0

dodge or chase commanded dir: 0

dodge or chase commanded dir: 1

best move (not dodge) commanded

best move (not dodge) commanded

best move (not dodge) commanded

best move (not dodge) commanded

best move (not dodge) commanded

warning: action already requested for unit 2
best move (not dodge) commanded

warning: action already requested for unit 2
best move (not dodge) commanded

warning: action already requested for unit 2
best move (not dodge) commanded

warning: action already requested for unit 2
best move (not dodge) commanded

warning: action already requested for unit 2
best move (not dodge) commanded

warning: action already requested for unit 2
best move (not dodge) commanded

warning: action already requested for unit 2
best move (not dodge) commanded

warning: action already requested for unit 2
best move (not dodge) commanded

warning: action already requested for unit 2
best move (not dodge) commanded

warning: action already requested for unit 2
best move (not dodge) commanded

best move (not dodge) commanded

warning: action already requested for unit 2
best move (not dodge) commanded

best move (not dodge) commanded

warning: action already requested for unit 2
best move (not dodge) commanded

best move (not dodge) commanded

warning: action already requested for unit 2
best move (not dodge) commanded

best move (not dodge) commanded

best move (not dodge) commanded

best move (not dodge) commanded

best move (not dodge) commanded

best move (not dodge) commanded

best move (not dodge) commanded

warning: action already requested for unit 2
best move (not dodge) commanded

best move (not dodge) commanded

best move (not dodge) commanded

best move (not dodge) commanded

best move (not dodge) commanded

best move (not dodge) commanded

best move (not dodge) commanded

info:     end player 0
info:     start player 1
info:     end player 1
info:     start player 2
info:     end player 2
info:     start player 3
info:     end player 3
info: end round 18
info: start round 19
info:     start player 0

next move down

different unit spotted
different unit spotted
different unit spotted
different unit spotted
different unit spotted
different unit spotted
Ally Pioneer spotted Enemy Furyan at dir: 7
dodge called with dir: 3

dodge
dodge1 dir: 3
order placed

next move down

different unit spotted
different unit spotted
different unit spotted
different unit spotted
different unit spotted
different unit spotted
different unit spotted
Ally Pioneer spotted Enemy Furyan at dir: 7
dodge called with dir: 3

dodge
dodge1 dir: 4
order placed

next move down

different unit spotted
different unit spotted
different unit spotted
different unit spotted
Ally Pioneer spotted Enemy Furyan at dir: 5
dodge called with dir: 1

dodge
dodge1 dir: 1
order placed

next move down

different unit spotted
Ally Pioneer spotted Enemy Furyan at dir: 0
dodge called with dir: 4

dodge
dodge1 dir: 4
order placed

next move down

different unit spotted
different unit spotted
different unit spotted
different unit spotted
different unit spotted
different unit spotted
different unit spotted
different unit spotted
Ally Pioneer spotted Enemy Furyan at dir: 5
dodge called with dir: 1

dodge
dodge1 dir: 3
order placed

next move down

different unit spotted
different unit spotted
different unit spotted
different unit spotted
different unit spotted

Best move


next move down

different unit spotted
different unit spotted
Ally Pioneer spotted Enemy Furyan at dir: 1
dodge called with dir: 5

dodge
dodge1 dir: 5
order placed

next move down

different unit spotted
different unit spotted
different unit spotted
different unit spotted
different unit spotted
different unit spotted
different unit spotted
different unit spotted
different unit spotted
different unit spotted
different unit spotted
different unit spotted
different unit spotted
different unit spotted
different unit spotted
different unit spotted
different unit spotted
different unit spotted
different unit spotted
different unit spotted
different unit spotted
different unit spotted
Ally Pioneer spotted Enemy Furyan at dir: 5
dodge called with dir: 1

dodge
dodge1 dir: 1
order placed

next move down

different unit spotted
different unit spotted
different unit spotted
different unit spotted
different unit spotted
different unit spotted
different unit spotted
different unit spotted
different unit spotted
different unit spotted
different unit spotted
different unit spotted
different unit spotted
different unit spotted
different unit spotted
different unit spotted

Best move


next move down

different unit spotted
different unit spotted
different unit spotted
different unit spotted
different unit spotted
different unit spotted
Ally Pioneer spotted Enemy Furyan at dir: 1
dodge called with dir: 5

dodge
dodge1 dir: 4
order placed

next move down

different unit spotted
different unit spotted
different unit spotted
different unit spotted
different unit spotted
different unit spotted
different unit spotted
different unit spotted
Ally Pioneer spotted Enemy Furyan at dir: 5
dodge called with dir: 1

dodge
dodge1 dir: 1
order placed

next move down

different unit spotted
different unit spotted
different unit spotted
different unit spotted
different unit spotted
different unit spotted
different unit spotted

Best move


next move down

different unit spotted
different unit spotted
different unit spotted
different unit spotted
different unit spotted
different unit spotted

Best move


next move down

different unit spotted
different unit spotted
different unit spotted
different unit spotted
different unit spotted
different unit spotted
different unit spotted
different unit spotted
different unit spotted
different unit spotted
different unit spotted
different unit spotted
different unit spotted
different unit spotted

Best move


next move down

different unit spotted
different unit spotted
different unit spotted
different unit spotted
different unit spotted
different unit spotted

Best move


next move down

different unit spotted
different unit spotted
different unit spotted
different unit spotted
different unit spotted
different unit spotted

Best move


next move down

different unit spotted
different unit spotted
different unit spotted
different unit spotted
different unit spotted
different unit spotted
different unit spotted
Hellhound spotted at dir: 1
dodge called with dir: 5

dodge
dodge1 dir: 6
order placed

next move down

different unit spotted
different unit spotted
different unit spotted
different unit spotted
different unit spotted
different unit spotted
different unit spotted
different unit spotted
different unit spotted
different unit spotted
different unit spotted
different unit spotted
different unit spotted
different unit spotted
different unit spotted
different unit spotted
different unit spotted
different unit spotted
different unit spotted
different unit spotted
different unit spotted
different unit spotted
different unit spotted
different unit spotted
different unit spotted

Best move


next move down

different unit spotted
different unit spotted
different unit spotted
different unit spotted
different unit spotted
different unit spotted
different unit spotted
different unit spotted
different unit spotted
Ally Pioneer spotted Enemy Furyan at dir: 7
dodge called with dir: 3

dodge
dodge1 dir: 1
order placed

next move down

different unit spotted
different unit spotted
different unit spotted
different unit spotted
different unit spotted
different unit spotted
different unit spotted
different unit spotted
different unit spotted
different unit spotted
different unit spotted
different unit spotted
different unit spotted
different unit spotted
different unit spotted
different unit spotted
different unit spotted

Best move


next move down

different unit spotted
different unit spotted
different unit spotted
different unit spotted
different unit spotted
Ally Pioneer spotted Enemy Furyan at dir: 6
dodge called with dir: 2

dodge
dodge1 dir: 0
order placed

next move down

different unit spotted
different unit spotted
different unit spotted
different unit spotted
different unit spotted
different unit spotted
different unit spotted
different unit spotted
different unit spotted
different unit spotted

Best move


next move down

different unit spotted
different unit spotted
different unit spotted
Ally Pioneer spotted Enemy Furyan at dir: 7
dodge called with dir: 3

dodge
dodge1 dir: 3
order placed

next move down

different unit spotted
different unit spotted
Ally Furian spotted Enemy unit at dir: 5
dodge called with dir: 5

next move down

different unit spotted
different unit spotted
different unit spotted
different unit spotted
different unit spotted
different unit spotted
Ally Furian spotted Enemy unit at dir: 5
dodge called with dir: 5

dodge
dodge1 dir: 2
different unit spotted
Ally Furian spotted Enemy unit at dir: 3
dodge called with dir: 3

dodge
dodge1 dir: 6
different unit spotted
Ally Furian spotted Enemy unit at dir: 2
dodge called with dir: 2

dodge
dodge1 dir: 6
different unit spotted
Ally Furian spotted Enemy unit at dir: 6
dodge called with dir: 6

dodge
dodge1 dir: 2
different unit spotted
Ally Furian spotted Enemy unit at dir: 1
dodge called with dir: 1

dodge
dodge1 dir: 5
different unit spotted
Ally Furian spotted Enemy unit at dir: 0
dodge called with dir: 0

dodge
dodge1 dir: 4
different unit spotted
Ally Furian spotted Enemy unit at dir: 6
dodge called with dir: 6

dodge
dodge1 dir: 2
different unit spotted
Ally Furian spotted Enemy unit at dir: 7
dodge called with dir: 7

dodge
dodge1 dir: 3
different unit spotted
Ally Furian spotted Enemy unit at dir: 0
dodge called with dir: 0

dodge
dodge1 dir: 4
different unit spotted
Ally Furian spotted Enemy unit at dir: 7
dodge called with dir: 7

dodge
dodge1 dir: 3
different unit spotted
different unit spotted
Ally Furian spotted Enemy unit at dir: 4
dodge called with dir: 4

dodge
dodge1 dir: 4

next move down

different unit spotted
different unit spotted
different unit spotted
different unit spotted
different unit spotted
different unit spotted
different unit spotted
different unit spotted
Ally Furian spotted Enemy unit at dir: 5
dodge called with dir: 5

dodge
dodge1 dir: 5

next move down

different unit spotted
different unit spotted
different unit spotted
different unit spotted
different unit spotted
different unit spotted
different unit spotted
Ally Furian spotted Enemy unit at dir: 4
dodge called with dir: 4

dodge
dodge1 dir: 3

next move down

different unit spotted
Ally Furian spotted Enemy unit at dir: 0
dodge called with dir: 0
dodge or chase commanded dir: 6

dodge or chase commanded dir: 5

dodge or chase commanded dir: 0

dodge or chase commanded dir: 5

dodge or chase commanded dir: 1

dodge or chase commanded dir: 3

dodge or chase commanded dir: 1

dodge or chase commanded dir: 3

dodge or chase commanded dir: 4

dodge or chase commanded dir: 0

dodge or chase commanded dir: 3

dodge or chase commanded dir: 4

dodge or chase commanded dir: 1

dodge or chase commanded dir: 4

dodge or chase commanded dir: 1

best move (not dodge) commanded

best move (not dodge) commanded

best move (not dodge) commanded

best move (not dodge) commanded

best move (not dodge) commanded

warning: action already requested for unit 2
best move (not dodge) commanded

best move (not dodge) commanded

warning: action already requested for unit 2
best move (not dodge) commanded

best move (not dodge) commanded

warning: action already requested for unit 2
best move (not dodge) commanded

best move (not dodge) commanded

best move (not dodge) commanded

best move (not dodge) commanded

best move (not dodge) commanded

warning: action already requested for unit 2
best move (not dodge) commanded

best move (not dodge) commanded

warning: action already requested for unit 2
best move (not dodge) commanded

warning: action already requested for unit 2
best move (not dodge) commanded

warning: action already requested for unit 2
best move (not dodge) commanded

best move (not dodge) commanded

warning: action already requested for unit 2
best move (not dodge) commanded

warning: action already requested for unit 2
best move (not dodge) commanded

best move (not dodge) commanded

warning: action already requested for unit 2
info:     end player 0
info:     start player 1
info:     end player 1
info:     start player 2
info:     end player 2
info:     start player 3
info:     end player 3
info: end round 19
info: start round 20
info:     start player 0

next move down

different unit spotted
different unit spotted
different unit spotted
different unit spotted
different unit spotted
different unit spotted
different unit spotted
Ally Pioneer spotted Enemy Furyan at dir: 7
dodge called with dir: 3

dodge
dodge1 dir: 3
order placed

next move down

different unit spotted
different unit spotted
different unit spotted
different unit spotted
different unit spotted
different unit spotted
different unit spotted
different unit spotted
different unit spotted
different unit spotted
Ally Pioneer spotted Enemy Furyan at dir: 7
dodge called with dir: 3

dodge
dodge1 dir: 4
order placed

next move down

different unit spotted
different unit spotted
different unit spotted
different unit spotted
different unit spotted
different unit spotted
different unit spotted
different unit spotted
Ally Pioneer spotted Enemy Furyan at dir: 5
dodge called with dir: 1

dodge
dodge1 dir: 1
order placed

next move down

different unit spotted
Ally Pioneer spotted Enemy Furyan at dir: 0
dodge called with dir: 4

dodge
dodge1 dir: 4
order placed

next move down

different unit spotted
different unit spotted
different unit spotted
different unit spotted
Ally Pioneer spotted Enemy Furyan at dir: 5
dodge called with dir: 1

dodge
dodge1 dir: 4
order placed

next move down

different unit spotted
different unit spotted
different unit spotted
different unit spotted
different unit spotted
different unit spotted

Best move


next move down

different unit spotted
different unit spotted
Ally Pioneer spotted Enemy Furyan at dir: 1
dodge called with dir: 5

dodge
dodge1 dir: 5
order placed

next move down

different unit spotted
different unit spotted
different unit spotted
different unit spotted
different unit spotted
different unit spotted
different unit spotted
different unit spotted
different unit spotted
different unit spotted
different unit spotted
different unit spotted
different unit spotted
different unit spotted
different unit spotted
different unit spotted
different unit spotted
different unit spotted
different unit spotted
different unit spotted
different unit spotted
different unit spotted
different unit spotted
different unit spotted

Best move


next move down

different unit spotted
different unit spotted
different unit spotted
different unit spotted
different unit spotted
different unit spotted
different unit spotted
different unit spotted
different unit spotted
different unit spotted
different unit spotted

Best move


next move down

different unit spotted
different unit spotted
different unit spotted
different unit spotted
different unit spotted
Ally Pioneer spotted Enemy Furyan at dir: 1
dodge called with dir: 5

dodge
dodge1 dir: 5
order placed

next move down

different unit spotted
different unit spotted
different unit spotted
different unit spotted
different unit spotted
different unit spotted
different unit spotted
different unit spotted
different unit spotted
different unit spotted
different unit spotted
different unit spotted
different unit spotted

Best move


next move down

different unit spotted
different unit spotted
different unit spotted
different unit spotted
different unit spotted
different unit spotted
different unit spotted
different unit spotted
different unit spotted
different unit spotted
different unit spotted
different unit spotted

Best move


next move down

different unit spotted
different unit spotted
different unit spotted
different unit spotted
different unit spotted
different unit spotted
different unit spotted
different unit spotted
different unit spotted
different unit spotted
different unit spotted
different unit spotted

Best move


next move down

different unit spotted
different unit spotted
different unit spotted
different unit spotted
different unit spotted
different unit spotted
different unit spotted
different unit spotted
different unit spotted
different unit spotted
different unit spotted
different unit spotted
different unit spotted

Best move


next move down

different unit spotted
Ally Pioneer spotted Enemy Furyan at dir: 2
dodge called with dir: 6

dodge
dodge1 dir: 6
order placed

get sun distance

get sun distance

get sun distance

get sun distance

get sun distance

get sun distance

get sun distance

get sun distance

next move down

different unit spotted
different unit spotted
different unit spotted
different unit spotted
different unit spotted
different unit spotted
different unit spotted
different unit spotted

Best move


next move down

different unit spotted
different unit spotted
different unit spotted
different unit spotted
different unit spotted
different unit spotted
different unit spotted
different unit spotted
different unit spotted
different unit spotted
different unit spotted
different unit spotted

Best move


next move down

different unit spotted
different unit spotted
Ally Pioneer spotted Enemy Furyan at dir: 6
dodge called with dir: 2

dodge
dodge1 dir: 2
order placed

next move down

different unit spotted
different unit spotted
different unit spotted
different unit spotted
different unit spotted
different unit spotted
different unit spotted
different unit spotted
different unit spotted
different unit spotted
different unit spotted
different unit spotted
different unit spotted
different unit spotted
different unit spotted
different unit spotted
different unit spotted
different unit spotted
different unit spotted
different unit spotted
different unit spotted
different unit spotted
different unit spotted
different unit spotted
different unit spotted
different unit spotted
different unit spotted
different unit spotted
different unit spotted
different unit spotted
different unit spotted
different unit spotted
different unit spotted
different unit spotted

Best move


next move down

different unit spotted
different unit spotted
different unit spotted
different unit spotted
different unit spotted
different unit spotted
different unit spotted
different unit spotted
different unit spotted
different unit spotted
different unit spotted
different unit spotted
different unit spotted
different unit spotted
different unit spotted
different unit spotted
different unit spotted
different unit spotted
different unit spotted

Best move


next move down

different unit spotted
different unit spotted
different unit spotted
different unit spotted
different unit spotted
different unit spotted
different unit spotted
different unit spotted
different unit spotted
different unit spotted
different unit spotted
different unit spotted
different unit spotted
different unit spotted
different unit spotted
different unit spotted

Best move


next move down

different unit spotted
different unit spotted
different unit spotted
different unit spotted
different unit spotted
different unit spotted
different unit spotted
Ally Pioneer spotted Enemy Furyan at dir: 5
dodge called with dir: 1

dodge
dodge1 dir: 0
order placed

next move down

different unit spotted
different unit spotted
different unit spotted
different unit spotted
different unit spotted
different unit spotted
different unit spotted
different unit spotted
different unit spotted
different unit spotted

Best move


next move down

different unit spotted
different unit spotted
different unit spotted
different unit spotted
different unit spotted
different unit spotted
different unit spotted
different unit spotted
different unit spotted
different unit spotted

Best move


next move down

different unit spotted
different unit spotted
different unit spotted
different unit spotted
different unit spotted
different unit spotted
different unit spotted
Ally Pioneer spotted Enemy Furyan at dir: 2
dodge called with dir: 6

dodge
dodge1 dir: 5
order placed

next move down

different unit spotted
different unit spotted
Ally Pioneer spotted Enemy Furyan at dir: 6
dodge called with dir: 2

dodge
dodge1 dir: 3
order placed

next move down

different unit spotted
different unit spotted
Ally Furian spotted Enemy unit at dir: 5
dodge called with dir: 5

dodge
dodge1 dir: 1
different unit spotted
Ally Furian spotted Enemy unit at dir: 7
dodge called with dir: 7

next move down

different unit spotted
different unit spotted
different unit spotted
different unit spotted
different unit spotted
different unit spotted
different unit spotted
Ally Furian spotted Enemy unit at dir: 3
dodge called with dir: 3

dodge
dodge1 dir: 6
different unit spotted
Ally Furian spotted Enemy unit at dir: 5
dodge called with dir: 5

dodge
dodge1 dir: 1
different unit spotted
Ally Furian spotted Enemy unit at dir: 5
dodge called with dir: 5

dodge
dodge1 dir: 1
different unit spotted
Ally Furian spotted Enemy unit at dir: 2
dodge called with dir: 2

dodge
dodge1 dir: 6
different unit spotted
Ally Furian spotted Enemy unit at dir: 4
dodge called with dir: 4

dodge
dodge1 dir: 1
different unit spotted
Ally Furian spotted Enemy unit at dir: 4
dodge called with dir: 4

dodge
dodge1 dir: 1
different unit spotted
Ally Furian spotted Enemy unit at dir: 6
dodge called with dir: 6

dodge
dodge1 dir: 2
different unit spotted
Ally Furian spotted Enemy unit at dir: 6
dodge called with dir: 6

dodge
dodge1 dir: 2
different unit spotted
Ally Furian spotted Enemy unit at dir: 1
dodge called with dir: 1

dodge
dodge1 dir: 5
different unit spotted
Ally Furian spotted Enemy unit at dir: 0
dodge called with dir: 0

dodge
dodge1 dir: 4
different unit spotted
Ally Furian spotted Enemy unit at dir: 7
dodge called with dir: 7

dodge
dodge1 dir: 3
different unit spotted
different unit spotted
different unit spotted
Ally Furian spotted Enemy unit at dir: 3
dodge called with dir: 3

dodge
dodge1 dir: 3

next move down

different unit spotted
Ally Furian spotted Enemy unit at dir: 4
dodge called with dir: 4

next move down

different unit spotted
different unit spotted
different unit spotted
different unit spotted
different unit spotted
different unit spotted
different unit spotted
different unit spotted
different unit spotted
different unit spotted
different unit spotted
different unit spotted
Ally Furian spotted Enemy unit at dir: 4
dodge called with dir: 4

dodge
dodge1 dir: 3

next move down

different unit spotted
Ally Furian spotted Enemy unit at dir: 7
dodge called with dir: 7
dodge or chase commanded dir: 1

dodge or chase commanded dir: 7

warning: action already requested for unit 0
dodge or chase commanded dir: 4

dodge or chase commanded dir: 7

dodge or chase commanded dir: 3

dodge or chase commanded dir: 6

dodge or chase commanded dir: 5

dodge or chase commanded dir: 1

dodge or chase commanded dir: 5

dodge or chase commanded dir: 3

dodge or chase commanded dir: 0

dodge or chase commanded dir: 4

dodge or chase commanded dir: 4

dodge or chase commanded dir: 5

dodge or chase commanded dir: 4

dodge or chase commanded dir: 2

best move (not dodge) commanded

best move (not dodge) commanded

best move (not dodge) commanded

warning: action already requested for unit 2
best move (not dodge) commanded

best move (not dodge) commanded

warning: action already requested for unit 2
best move (not dodge) commanded

best move (not dodge) commanded

best move (not dodge) commanded

best move (not dodge) commanded

warning: action already requested for unit 2
best move (not dodge) commanded

best move (not dodge) commanded

warning: action already requested for unit 2
best move (not dodge) commanded

warning: action already requested for unit 2
best move (not dodge) commanded

warning: action already requested for unit 2
best move (not dodge) commanded

best move (not dodge) commanded

best move (not dodge) commanded

warning: action already requested for unit 2
best move (not dodge) commanded

best move (not dodge) commanded

warning: action already requested for unit 2
best move (not dodge) commanded

best move (not dodge) commanded

warning: action already requested for unit 2
best move (not dodge) commanded

best move (not dodge) commanded

warning: action already requested for unit 2
best move (not dodge) commanded

warning: action already requested for unit 2
best move (not dodge) commanded

best move (not dodge) commanded

best move (not dodge) commanded

best move (not dodge) commanded

info:     end player 0
info:     start player 1
info:     end player 1
info:     start player 2
info:     end player 2
info:     start player 3
info:     end player 3
info: end round 20
info: start round 21
info:     start player 0

next move down

different unit spotted
different unit spotted
different unit spotted
different unit spotted
different unit spotted
different unit spotted
different unit spotted
different unit spotted
different unit spotted
different unit spotted
different unit spotted
different unit spotted
different unit spotted
different unit spotted
different unit spotted
different unit spotted
different unit spotted
different unit spotted
different unit spotted
Ally Pioneer spotted Enemy Furyan at dir: 7
dodge called with dir: 3

dodge
dodge1 dir: 3
order placed

next move down

different unit spotted
different unit spotted
Ally Pioneer spotted Enemy Furyan at dir: 7
dodge called with dir: 3

dodge
dodge1 dir: 4
order placed

next move down

different unit spotted
different unit spotted
different unit spotted
different unit spotted
different unit spotted
different unit spotted
different unit spotted
different unit spotted
different unit spotted
different unit spotted
different unit spotted
different unit spotted
different unit spotted
different unit spotted
different unit spotted
different unit spotted
different unit spotted
different unit spotted
Ally Pioneer spotted Enemy Furyan at dir: 1
dodge called with dir: 5

dodge
dodge1 dir: 5
order placed

next move down

different unit spotted
Ally Pioneer spotted Enemy Furyan at dir: 0
dodge called with dir: 4

dodge
dodge1 dir: 4
order placed

next move down

different unit spotted
different unit spotted
Ally Pioneer spotted Enemy Furyan at dir: 7
dodge called with dir: 3

dodge
dodge1 dir: 4
order placed

next move down

different unit spotted
different unit spotted
different unit spotted

Best move


next move down

different unit spotted
different unit spotted
different unit spotted
different unit spotted
different unit spotted
different unit spotted
different unit spotted
Ally Pioneer spotted Enemy Furyan at dir: 1
dodge called with dir: 5

dodge
dodge1 dir: 5
order placed

next move down

different unit spotted
different unit spotted
different unit spotted
different unit spotted
different unit spotted
different unit spotted
different unit spotted
different unit spotted
different unit spotted
different unit spotted
different unit spotted
different unit spotted
different unit spotted
different unit spotted
different unit spotted
different unit spotted
different unit spotted
different unit spotted
different unit spotted
different unit spotted
different unit spotted
different unit spotted
different unit spotted
different unit spotted
different unit spotted
different unit spotted
different unit spotted

Best move


next move down

different unit spotted
different unit spotted
different unit spotted
different unit spotted
different unit spotted
different unit spotted
different unit spotted
different unit spotted
different unit spotted
different unit spotted
different unit spotted
different unit spotted
different unit spotted
different unit spotted
different unit spotted
different unit spotted

Best move


next move down

different unit spotted
different unit spotted
different unit spotted
different unit spotted
different unit spotted
Ally Pioneer spotted Enemy Furyan at dir: 1
dodge called with dir: 5

dodge
dodge1 dir: 5
order placed

next move down

different unit spotted
different unit spotted
different unit spotted
different unit spotted
different unit spotted
different unit spotted
different unit spotted
different unit spotted
different unit spotted
different unit spotted
different unit spotted
different unit spotted
different unit spotted
different unit spotted
different unit spotted
different unit spotted
different unit spotted
different unit spotted
different unit spotted
different unit spotted
different unit spotted
different unit spotted
different unit spotted
different unit spotted

Best move


next move down

different unit spotted
different unit spotted
different unit spotted
different unit spotted
different unit spotted
different unit spotted
different unit spotted
different unit spotted
different unit spotted
different unit spotted
different unit spotted
different unit spotted
different unit spotted
different unit spotted
different unit spotted
different unit spotted

Best move


next move down

different unit spotted
different unit spotted
different unit spotted
different unit spotted
different unit spotted
different unit spotted
different unit spotted
different unit spotted
different unit spotted
different unit spotted
different unit spotted
different unit spotted
different unit spotted
different unit spotted
different unit spotted
different unit spotted

Best move


next move down

different unit spotted
different unit spotted
different unit spotted
different unit spotted
different unit spotted
different unit spotted
different unit spotted
different unit spotted
different unit spotted
different unit spotted
different unit spotted
different unit spotted

Best move


next move down

different unit spotted
different unit spotted
Ally Pioneer spotted Enemy Furyan at dir: 3
dodge called with dir: 7

dodge
dodge1 dir: 5
order placed

next move down

different unit spotted
different unit spotted
different unit spotted
different unit spotted
different unit spotted

Best move


next move down

different unit spotted
different unit spotted
different unit spotted
different unit spotted
different unit spotted
different unit spotted
different unit spotted
different unit spotted
different unit spotted
different unit spotted
different unit spotted
different unit spotted

Best move


next move down

different unit spotted
different unit spotted
different unit spotted
different unit spotted
different unit spotted
different unit spotted
different unit spotted
different unit spotted
different unit spotted
different unit spotted
different unit spotted
different unit spotted
different unit spotted
different unit spotted
different unit spotted
different unit spotted
different unit spotted
different unit spotted
different unit spotted
different unit spotted
different unit spotted
different unit spotted
different unit spotted
different unit spotted
different unit spotted
different unit spotted
different unit spotted
different unit spotted
different unit spotted
different unit spotted
different unit spotted
different unit spotted
different unit spotted
different unit spotted
different unit spotted
different unit spotted
different unit spotted
different unit spotted
different unit spotted
different unit spotted
different unit spotted
different unit spotted
different unit spotted

Best move


next move down

different unit spotted
different unit spotted
different unit spotted
different unit spotted
different unit spotted
different unit spotted
different unit spotted
different unit spotted
different unit spotted
different unit spotted
different unit spotted
different unit spotted
different unit spotted
Ally Pioneer spotted Enemy Furyan at dir: 6
dodge called with dir: 2

dodge
dodge1 dir: 2
order placed

next move down

different unit spotted
different unit spotted
different unit spotted
different unit spotted
different unit spotted
different unit spotted
different unit spotted
different unit spotted
different unit spotted
different unit spotted

Best move


next move down

different unit spotted
different unit spotted
different unit spotted
different unit spotted
different unit spotted
different unit spotted
different unit spotted
different unit spotted
different unit spotted
different unit spotted
different unit spotted
different unit spotted
different unit spotted
different unit spotted

Best move


next move down

different unit spotted
different unit spotted
different unit spotted
different unit spotted
different unit spotted
different unit spotted
different unit spotted
different unit spotted
different unit spotted
different unit spotted
different unit spotted
Hellhound spotted at dir: 5
dodge called with dir: 1

dodge
dodge1 dir: 4
order placed

next move down

different unit spotted
different unit spotted
different unit spotted
different unit spotted
different unit spotted
different unit spotted
different unit spotted
different unit spotted
different unit spotted

Best move


next move down

different unit spotted
different unit spotted
different unit spotted
different unit spotted
different unit spotted

Best move


next move down

different unit spotted
different unit spotted
different unit spotted
different unit spotted
different unit spotted
different unit spotted
Ally Pioneer spotted Enemy Furyan at dir: 1
dodge called with dir: 5

dodge
dodge1 dir: 5
order placed

next move down

different unit spotted
different unit spotted
different unit spotted
different unit spotted
different unit spotted
different unit spotted
different unit spotted
different unit spotted
different unit spotted
different unit spotted
Ally Pioneer spotted Enemy Furyan at dir: 7
dodge called with dir: 3

dodge
dodge1 dir: 3
order placed

next move down

different unit spotted
different unit spotted
different unit spotted
different unit spotted
different unit spotted
different unit spotted
different unit spotted
Ally Furian spotted Enemy unit at dir: 1
dodge called with dir: 1

dodge
dodge1 dir: 5
different unit spotted
Ally Furian spotted Enemy unit at dir: 2
dodge called with dir: 2

dodge
dodge1 dir: 5
different unit spotted
Ally Furian spotted Enemy unit at dir: 3
dodge called with dir: 3

dodge
dodge1 dir: 0
different unit spotted
Ally Furian spotted Enemy unit at dir: 0
dodge called with dir: 0

dodge
dodge1 dir: 4
different unit spotted
Ally Furian spotted Enemy unit at dir: 4
dodge called with dir: 4

dodge
dodge1 dir: 0
different unit spotted
Ally Furian spotted Enemy unit at dir: 5
dodge called with dir: 5

dodge
dodge1 dir: 1
different unit spotted
Ally Furian spotted Enemy unit at dir: 4
dodge called with dir: 4

dodge
dodge1 dir: 0
different unit spotted
Ally Furian spotted Enemy unit at dir: 3
dodge called with dir: 3

dodge
dodge1 dir: 0
different unit spotted
Ally Furian spotted Enemy unit at dir: 5
dodge called with dir: 5

dodge
dodge1 dir: 1
different unit spotted
Ally Furian spotted Enemy unit at dir: 4
dodge called with dir: 4

dodge
dodge1 dir: 0
different unit spotted
Ally Furian spotted Enemy unit at dir: 6
dodge called with dir: 6

dodge
dodge1 dir: 2
different unit spotted
Ally Furian spotted Enemy unit at dir: 2
dodge called with dir: 2

dodge
dodge1 dir: 5
different unit spotted
Ally Furian spotted Enemy unit at dir: 6
dodge called with dir: 6

dodge
dodge1 dir: 2
different unit spotted
Ally Furian spotted Enemy unit at dir: 4
dodge called with dir: 4

dodge
dodge1 dir: 4

next move down

different unit spotted
different unit spotted
different unit spotted
different unit spotted
Ally Furian spotted Enemy unit at dir: 4
dodge called with dir: 4

dodge
dodge1 dir: 0
different unit spotted
different unit spotted
different unit spotted
Ally Furian spotted Enemy unit at dir: 5
dodge called with dir: 5

dodge
dodge1 dir: 1
different unit spotted
different unit spotted
different unit spotted
Ally Furian spotted Enemy unit at dir: 3
dodge called with dir: 3

dodge
dodge1 dir: 7
different unit spotted
different unit spotted
Ally Furian spotted Enemy unit at dir: 2
dodge called with dir: 2

dodge
dodge1 dir: 6
different unit spotted
Ally Furian spotted Enemy unit at dir: 7
dodge called with dir: 7

dodge
dodge1 dir: 3
different unit spotted
Ally Furian spotted Enemy unit at dir: 0
dodge called with dir: 0

dodge
dodge1 dir: 4
different unit spotted
Ally Furian spotted Enemy unit at dir: 7
dodge called with dir: 7

dodge
dodge1 dir: 3
different unit spotted
Ally Furian spotted Enemy unit at dir: 1
dodge called with dir: 1

dodge
dodge1 dir: 5
different unit spotted
Ally Furian spotted Enemy unit at dir: 3
dodge called with dir: 3

dodge
dodge1 dir: 7
different unit spotted
Ally Furian spotted Enemy unit at dir: 1
dodge called with dir: 1

dodge
dodge1 dir: 5
different unit spotted
Ally Furian spotted Enemy unit at dir: 4
dodge called with dir: 4

dodge
dodge1 dir: 0
different unit spotted
Ally Furian spotted Enemy unit at dir: 2
dodge called with dir: 2

dodge
dodge1 dir: 6
different unit spotted
Ally Furian spotted Enemy unit at dir: 5
dodge called with dir: 5

dodge
dodge1 dir: 1
different unit spotted
Ally Furian spotted Enemy unit at dir: 4
dodge called with dir: 4

dodge
dodge1 dir: 0
different unit spotted
Ally Furian spotted Enemy unit at dir: 5
dodge called with dir: 5

dodge
dodge1 dir: 1
different unit spotted
Ally Furian spotted Enemy unit at dir: 0
dodge called with dir: 0

dodge
dodge1 dir: 4
different unit spotted
different unit spotted
different unit spotted
different unit spotted
different unit spotted
different unit spotted
different unit spotted
different unit spotted
different unit spotted
different unit spotted
different unit spotted
different unit spotted
different unit spotted
different unit spotted
different unit spotted
Ally Furian spotted Enemy unit at dir: 0
dodge called with dir: 0

dodge
dodge1 dir: 4
different unit spotted
Ally Furian spotted Enemy unit at dir: 7
dodge called with dir: 7

dodge
dodge1 dir: 3
different unit spotted
Ally Furian spotted Enemy unit at dir: 1
dodge called with dir: 1

dodge
dodge1 dir: 5
different unit spotted
different unit spotted
Ally Furian spotted Enemy unit at dir: 2
dodge called with dir: 2

dodge
dodge1 dir: 2

next move down

different unit spotted
different unit spotted
different unit spotted
different unit spotted
different unit spotted
different unit spotted
different unit spotted
different unit spotted
different unit spotted
different unit spotted
different unit spotted
Ally Furian spotted Enemy unit at dir: 3
dodge called with dir: 3

dodge
dodge1 dir: 1

next move down

different unit spotted
different unit spotted
different unit spotted
different unit spotted
different unit spotted
different unit spotted
different unit spotted
different unit spotted
Ally Furian spotted Enemy unit at dir: 7
dodge called with dir: 7

dodge
dodge1 dir: 7

next move down

different unit spotted
different unit spotted
different unit spotted
different unit spotted
Ally Furian spotted Enemy unit at dir: 7
dodge called with dir: 7

dodge
dodge1 dir: 7
dodge or chase commanded dir: 4

dodge or chase commanded dir: 5

dodge or chase commanded dir: 5

dodge or chase commanded dir: 5

dodge or chase commanded dir: 5

dodge or chase commanded dir: 3

dodge or chase commanded dir: 3

dodge or chase commanded dir: 4

dodge or chase commanded dir: 4

dodge or chase commanded dir: 5

dodge or chase commanded dir: 4

dodge or chase commanded dir: 2

best move (not dodge) commanded

best move (not dodge) commanded

best move (not dodge) commanded

best move (not dodge) commanded

best move (not dodge) commanded

warning: action already requested for unit 3
best move (not dodge) commanded

warning: action already requested for unit 3
best move (not dodge) commanded

warning: action already requested for unit 3
best move (not dodge) commanded

warning: action already requested for unit 3
best move (not dodge) commanded

warning: action already requested for unit 3
best move (not dodge) commanded

warning: action already requested for unit 3
best move (not dodge) commanded

warning: action already requested for unit 3
best move (not dodge) commanded

warning: action already requested for unit 3
best move (not dodge) commanded

warning: action already requested for unit 3
best move (not dodge) commanded

warning: action already requested for unit 3
best move (not dodge) commanded

warning: action already requested for unit 3
best move (not dodge) commanded

warning: action already requested for unit 3
best move (not dodge) commanded

warning: action already requested for unit 2
best move (not dodge) commanded

warning: action already requested for unit 3
best move (not dodge) commanded

warning: action already requested for unit 2
best move (not dodge) commanded

warning: action already requested for unit 2
best move (not dodge) commanded

warning: action already requested for unit 2
best move (not dodge) commanded

warning: action already requested for unit 2
best move (not dodge) commanded

warning: action already requested for unit 2
best move (not dodge) commanded

warning: action already requested for unit 2
best move (not dodge) commanded

warning: action already requested for unit 2
best move (not dodge) commanded

warning: action already requested for unit 2
best move (not dodge) commanded

warning: action already requested for unit 2
best move (not dodge) commanded

warning: action already requested for unit 2
best move (not dodge) commanded

best move (not dodge) commanded

best move (not dodge) commanded

best move (not dodge) commanded

best move (not dodge) commanded

warning: action already requested for unit 3
best move (not dodge) commanded

best move (not dodge) commanded

warning: action already requested for unit 3
best move (not dodge) commanded

best move (not dodge) commanded

warning: action already requested for unit 3
best move (not dodge) commanded

best move (not dodge) commanded

best move (not dodge) commanded

best move (not dodge) commanded

best move (not dodge) commanded

warning: action already requested for unit 3
best move (not dodge) commanded

best move (not dodge) commanded

warning: action already requested for unit 3
best move (not dodge) commanded

best move (not dodge) commanded

warning: action already requested for unit 2
best move (not dodge) commanded

warning: action already requested for unit 2
best move (not dodge) commanded

best move (not dodge) commanded

warning: action already requested for unit 3
best move (not dodge) commanded

best move (not dodge) commanded

info:     end player 0
info:     start player 1
info:     end player 1
info:     start player 2
info:     end player 2
info:     start player 3
info:     end player 3
info: end round 21
info: start round 22
info:     start player 0

next move down

different unit spotted
different unit spotted
different unit spotted
different unit spotted
different unit spotted
different unit spotted
different unit spotted
different unit spotted
different unit spotted
different unit spotted
different unit spotted
different unit spotted
different unit spotted
different unit spotted
different unit spotted
different unit spotted
different unit spotted
different unit spotted
different unit spotted
different unit spotted
different unit spotted
different unit spotted
Ally Pioneer spotted Enemy Furyan at dir: 7
dodge called with dir: 3

dodge
dodge1 dir: 3
order placed

next move down

different unit spotted
different unit spotted
different unit spotted
different unit spotted
different unit spotted
different unit spotted
different unit spotted
different unit spotted
different unit spotted
different unit spotted
different unit spotted
Ally Pioneer spotted Enemy Furyan at dir: 1
dodge called with dir: 5

dodge
dodge1 dir: 5
order placed

next move down

different unit spotted
Ally Pioneer spotted Enemy Furyan at dir: 0
dodge called with dir: 4

dodge
dodge1 dir: 6
order placed

next move down

different unit spotted
different unit spotted
different unit spotted
different unit spotted
different unit spotted
Ally Pioneer spotted Enemy Furyan at dir: 7
dodge called with dir: 3

dodge
dodge1 dir: 3
order placed

next move down

different unit spotted
different unit spotted
different unit spotted
different unit spotted
different unit spotted
different unit spotted
different unit spotted

Best move


next move down

different unit spotted
different unit spotted
different unit spotted
different unit spotted
different unit spotted
different unit spotted
different unit spotted
Ally Pioneer spotted Enemy Furyan at dir: 1
dodge called with dir: 5

dodge
dodge1 dir: 5
order placed

next move down

different unit spotted
different unit spotted
different unit spotted
different unit spotted
different unit spotted
different unit spotted
different unit spotted
different unit spotted
different unit spotted
different unit spotted
different unit spotted
different unit spotted
different unit spotted
different unit spotted
different unit spotted
different unit spotted
different unit spotted
different unit spotted
different unit spotted
different unit spotted
different unit spotted
different unit spotted
different unit spotted
different unit spotted
different unit spotted
different unit spotted
different unit spotted

Best move


next move down

different unit spotted
different unit spotted
different unit spotted
different unit spotted
different unit spotted
different unit spotted
different unit spotted
different unit spotted
different unit spotted
different unit spotted
different unit spotted
different unit spotted
different unit spotted
different unit spotted
different unit spotted
different unit spotted

Best move


next move down

different unit spotted
different unit spotted
different unit spotted
different unit spotted
different unit spotted
different unit spotted
different unit spotted
different unit spotted
different unit spotted
different unit spotted
different unit spotted
different unit spotted
different unit spotted
different unit spotted
Ally Pioneer spotted Enemy Furyan at dir: 1
dodge called with dir: 5

dodge
dodge1 dir: 5
order placed

next move down

different unit spotted
different unit spotted
different unit spotted
different unit spotted
different unit spotted
different unit spotted
different unit spotted
different unit spotted
Ally Pioneer spotted Enemy Furyan at dir: 1
dodge called with dir: 5

dodge
dodge1 dir: 4
order placed

next move down

different unit spotted
different unit spotted
different unit spotted
different unit spotted
different unit spotted
different unit spotted
different unit spotted
different unit spotted
different unit spotted
different unit spotted
different unit spotted
different unit spotted
different unit spotted
different unit spotted
Ally Pioneer spotted Enemy Furyan at dir: 1
dodge called with dir: 5

dodge
dodge1 dir: 5
order placed

next move down

different unit spotted
different unit spotted
different unit spotted
different unit spotted
different unit spotted
different unit spotted
different unit spotted
different unit spotted
different unit spotted
different unit spotted
different unit spotted
different unit spotted
different unit spotted
different unit spotted
different unit spotted
different unit spotted
different unit spotted
different unit spotted
different unit spotted
different unit spotted
different unit spotted
different unit spotted
different unit spotted
different unit spotted

Best move


next move down

different unit spotted
different unit spotted
different unit spotted
different unit spotted
different unit spotted
different unit spotted
different unit spotted
different unit spotted
different unit spotted
different unit spotted
different unit spotted
different unit spotted

Best move


next move down

different unit spotted
Ally Pioneer spotted Enemy Furyan at dir: 2
dodge called with dir: 6

dodge
dodge1 dir: 7
order placed

next move down

different unit spotted
different unit spotted
different unit spotted

Best move


next move down

different unit spotted
different unit spotted
different unit spotted
different unit spotted
different unit spotted
different unit spotted
different unit spotted
different unit spotted
different unit spotted
different unit spotted
different unit spotted
different unit spotted
different unit spotted
different unit spotted
different unit spotted

Best move


next move down

different unit spotted
different unit spotted
different unit spotted
different unit spotted
different unit spotted
different unit spotted
different unit spotted
different unit spotted
different unit spotted
different unit spotted
different unit spotted
different unit spotted
different unit spotted
different unit spotted
different unit spotted
different unit spotted
different unit spotted
different unit spotted
different unit spotted
different unit spotted
different unit spotted
different unit spotted
different unit spotted
different unit spotted
different unit spotted
different unit spotted
different unit spotted
different unit spotted
different unit spotted
different unit spotted
different unit spotted
different unit spotted
different unit spotted
different unit spotted
different unit spotted
different unit spotted
different unit spotted
different unit spotted
different unit spotted
different unit spotted
different unit spotted
different unit spotted
different unit spotted
different unit spotted
different unit spotted
different unit spotted
different unit spotted
different unit spotted

Best move


next move down

different unit spotted
different unit spotted
different unit spotted
different unit spotted
different unit spotted
different unit spotted
different unit spotted
different unit spotted
different unit spotted
different unit spotted

Best move


next move down

different unit spotted
different unit spotted
different unit spotted
different unit spotted
different unit spotted
different unit spotted
different unit spotted

Best move


next move down

different unit spotted
different unit spotted
different unit spotted
different unit spotted
different unit spotted
different unit spotted
different unit spotted
different unit spotted
different unit spotted
different unit spotted
different unit spotted
different unit spotted
different unit spotted
different unit spotted
different unit spotted
different unit spotted

Best move


next move down

different unit spotted
different unit spotted
different unit spotted
different unit spotted
different unit spotted
different unit spotted
Hellhound spotted at dir: 5
dodge called with dir: 1

dodge
dodge1 dir: 0
order placed

next move down

different unit spotted
different unit spotted
different unit spotted
different unit spotted
different unit spotted
different unit spotted
different unit spotted
different unit spotted

Best move


next move down

different unit spotted
different unit spotted
different unit spotted
different unit spotted
different unit spotted
different unit spotted
different unit spotted
different unit spotted
different unit spotted

Best move


next move down

different unit spotted
different unit spotted
different unit spotted
different unit spotted
different unit spotted
different unit spotted
different unit spotted
different unit spotted
different unit spotted
different unit spotted
different unit spotted
different unit spotted
different unit spotted
different unit spotted
different unit spotted
different unit spotted

Best move


next move down

different unit spotted
different unit spotted
different unit spotted
different unit spotted
different unit spotted
different unit spotted
different unit spotted
different unit spotted
different unit spotted
different unit spotted
different unit spotted
different unit spotted
different unit spotted
different unit spotted
different unit spotted
different unit spotted
different unit spotted
different unit spotted
different unit spotted
different unit spotted
different unit spotted
different unit spotted
different unit spotted
different unit spotted
different unit spotted
different unit spotted
different unit spotted
different unit spotted
different unit spotted
different unit spotted
different unit spotted
different unit spotted
different unit spotted
different unit spotted
different unit spotted
different unit spotted
different unit spotted
different unit spotted

Best move


next move down

different unit spotted
different unit spotted
different unit spotted
Ally Furian spotted Enemy unit at dir: 1
dodge called with dir: 1

dodge
dodge1 dir: 4
different unit spotted
different unit spotted
different unit spotted
Ally Furian spotted Enemy unit at dir: 0
dodge called with dir: 0

dodge
dodge1 dir: 4
different unit spotted
Ally Furian spotted Enemy unit at dir: 2
dodge called with dir: 2

dodge
dodge1 dir: 4
different unit spotted
Ally Furian spotted Enemy unit at dir: 7
dodge called with dir: 7

dodge
dodge1 dir: 3
different unit spotted
Ally Furian spotted Enemy unit at dir: 6
dodge called with dir: 6

dodge
dodge1 dir: 2
different unit spotted
Ally Furian spotted Enemy unit at dir: 3
dodge called with dir: 3

dodge
dodge1 dir: 1
different unit spotted
Ally Furian spotted Enemy unit at dir: 4
dodge called with dir: 4

dodge
dodge1 dir: 1
different unit spotted
Ally Furian spotted Enemy unit at dir: 5
dodge called with dir: 5

dodge
dodge1 dir: 1
different unit spotted
Ally Furian spotted Enemy unit at dir: 4
dodge called with dir: 4

dodge
dodge1 dir: 1
different unit spotted
different unit spotted
Ally Furian spotted Enemy unit at dir: 5
dodge called with dir: 5

dodge
dodge1 dir: 1
different unit spotted
Ally Furian spotted Enemy unit at dir: 4
dodge called with dir: 4

dodge
dodge1 dir: 1
different unit spotted
Ally Furian spotted Enemy unit at dir: 3
dodge called with dir: 3

dodge
dodge1 dir: 1
different unit spotted
Ally Furian spotted Enemy unit at dir: 2
dodge called with dir: 2

dodge
dodge1 dir: 4
different unit spotted
Ally Furian spotted Enemy unit at dir: 6
dodge called with dir: 6

dodge
dodge1 dir: 2
different unit spotted
Ally Furian spotted Enemy unit at dir: 6
dodge called with dir: 6

dodge
dodge1 dir: 2
different unit spotted
Ally Furian spotted Enemy unit at dir: 1
dodge called with dir: 1

dodge
dodge1 dir: 4
different unit spotted
Ally Furian spotted Enemy unit at dir: 0
dodge called with dir: 0

dodge
dodge1 dir: 4
different unit spotted
Ally Furian spotted Enemy unit at dir: 7
dodge called with dir: 7

dodge
dodge1 dir: 3
different unit spotted
Ally Furian spotted Enemy unit at dir: 1
dodge called with dir: 1

dodge
dodge1 dir: 4
different unit spotted
different unit spotted
Ally Furian spotted Enemy unit at dir: 2
dodge called with dir: 2

dodge
dodge1 dir: 4
different unit spotted
different unit spotted
Ally Furian spotted Enemy unit at dir: 3
dodge called with dir: 3

dodge
dodge1 dir: 1
different unit spotted
different unit spotted
Ally Furian spotted Enemy unit at dir: 1
dodge called with dir: 1

dodge
dodge1 dir: 4
different unit spotted
Ally Furian spotted Enemy unit at dir: 0
dodge called with dir: 0

dodge
dodge1 dir: 4
different unit spotted
Ally Furian spotted Enemy unit at dir: 2
dodge called with dir: 2

dodge
dodge1 dir: 4
different unit spotted
Ally Furian spotted Enemy unit at dir: 3
dodge called with dir: 3

dodge
dodge1 dir: 1
different unit spotted
Ally Furian spotted Enemy unit at dir: 3
dodge called with dir: 3

dodge
dodge1 dir: 3

next move down

different unit spotted
different unit spotted
different unit spotted
different unit spotted
different unit spotted
different unit spotted
Ally Furian spotted Enemy unit at dir: 3
dodge called with dir: 3

dodge
dodge1 dir: 7
different unit spotted
different unit spotted
different unit spotted
different unit spotted
Ally Furian spotted Enemy unit at dir: 2
dodge called with dir: 2

dodge
dodge1 dir: 6
different unit spotted
Ally Furian spotted Enemy unit at dir: 1
dodge called with dir: 1

dodge
dodge1 dir: 5
different unit spotted
Ally Furian spotted Enemy unit at dir: 7
dodge called with dir: 7

dodge
dodge1 dir: 3
different unit spotted
Ally Furian spotted Enemy unit at dir: 0
dodge called with dir: 0

dodge
dodge1 dir: 4
different unit spotted
Ally Furian spotted Enemy unit at dir: 6
dodge called with dir: 6

dodge
dodge1 dir: 2
different unit spotted
Ally Furian spotted Enemy unit at dir: 1
dodge called with dir: 1

dodge
dodge1 dir: 5
different unit spotted
Ally Furian spotted Enemy unit at dir: 2
dodge called with dir: 2

dodge
dodge1 dir: 6
different unit spotted
Ally Furian spotted Enemy unit at dir: 5
dodge called with dir: 5

dodge
dodge1 dir: 1
different unit spotted
different unit spotted
different unit spotted
different unit spotted
different unit spotted
Ally Furian spotted Enemy unit at dir: 4
dodge called with dir: 4

dodge
dodge1 dir: 0
different unit spotted
Ally Furian spotted Enemy unit at dir: 0
dodge called with dir: 0

dodge
dodge1 dir: 4
different unit spotted
different unit spotted
different unit spotted
different unit spotted
different unit spotted
different unit spotted
different unit spotted
different unit spotted
different unit spotted
Ally Furian spotted Enemy unit at dir: 1
dodge called with dir: 1

dodge
dodge1 dir: 5
different unit spotted
different unit spotted
different unit spotted
Ally Furian spotted Enemy unit at dir: 7
dodge called with dir: 7

dodge
dodge1 dir: 3
different unit spotted
Ally Furian spotted Enemy unit at dir: 0
dodge called with dir: 0

dodge
dodge1 dir: 4
different unit spotted
Ally Furian spotted Enemy unit at dir: 1
dodge called with dir: 1

dodge
dodge1 dir: 1

next move down

different unit spotted
different unit spotted
different unit spotted
different unit spotted
different unit spotted
different unit spotted
Ally Furian spotted Enemy unit at dir: 4
dodge called with dir: 4

dodge
dodge1 dir: 3

next move down

different unit spotted
Ally Furian spotted Enemy unit at dir: 0
dodge called with dir: 0

next move down

different unit spotted
different unit spotted
different unit spotted
different unit spotted
different unit spotted
different unit spotted
different unit spotted
different unit spotted
different unit spotted
Ally Furian spotted Enemy unit at dir: 5
dodge called with dir: 5

dodge
dodge1 dir: 5
dodge or chase commanded dir: 0

dodge or chase commanded dir: 0

dodge or chase commanded dir: 6

dodge or chase commanded dir: 7

dodge or chase commanded dir: 5

dodge or chase commanded dir: 5

dodge or chase commanded dir: 5

dodge or chase commanded dir: 4

dodge or chase commanded dir: 3

dodge or chase commanded dir: 5

dodge or chase commanded dir: 3

best move (not dodge) commanded

best move (not dodge) commanded

best move (not dodge) commanded

best move (not dodge) commanded

warning: action already requested for unit 2
best move (not dodge) commanded

warning: action already requested for unit 3
best move (not dodge) commanded

warning: action already requested for unit 3
best move (not dodge) commanded

warning: action already requested for unit 3
best move (not dodge) commanded

warning: action already requested for unit 3
best move (not dodge) commanded

best move (not dodge) commanded

warning: action already requested for unit 3
best move (not dodge) commanded

warning: action already requested for unit 3
best move (not dodge) commanded

warning: action already requested for unit 3
best move (not dodge) commanded

warning: action already requested for unit 2
best move (not dodge) commanded

warning: action already requested for unit 2
best move (not dodge) commanded

warning: action already requested for unit 2
best move (not dodge) commanded

warning: action already requested for unit 2
best move (not dodge) commanded

warning: action already requested for unit 3
best move (not dodge) commanded

warning: action already requested for unit 2
best move (not dodge) commanded

warning: action already requested for unit 2
best move (not dodge) commanded

warning: action already requested for unit 2
best move (not dodge) commanded

warning: action already requested for unit 3
best move (not dodge) commanded

warning: action already requested for unit 2
best move (not dodge) commanded

warning: action already requested for unit 2
best move (not dodge) commanded

warning: action already requested for unit 2
best move (not dodge) commanded

warning: action already requested for unit 3
best move (not dodge) commanded

warning: action already requested for unit 2
best move (not dodge) commanded

warning: action already requested for unit 2
best move (not dodge) commanded

warning: action already requested for unit 2
best move (not dodge) commanded

warning: action already requested for unit 3
best move (not dodge) commanded

best move (not dodge) commanded

warning: action already requested for unit 2
best move (not dodge) commanded

warning: action already requested for unit 2
best move (not dodge) commanded

warning: action already requested for unit 2
best move (not dodge) commanded

warning: action already requested for unit 2
best move (not dodge) commanded

warning: action already requested for unit 2
best move (not dodge) commanded

warning: action already requested for unit 3
best move (not dodge) commanded

warning: action already requested for unit 2
best move (not dodge) commanded

best move (not dodge) commanded

best move (not dodge) commanded

warning: action already requested for unit 3
best move (not dodge) commanded

best move (not dodge) commanded

warning: action already requested for unit 2
best move (not dodge) commanded

best move (not dodge) commanded

warning: action already requested for unit 3
best move (not dodge) commanded

best move (not dodge) commanded

warning: action already requested for unit 2
best move (not dodge) commanded

best move (not dodge) commanded

best move (not dodge) commanded

warning: action already requested for unit 2
best move (not dodge) commanded

best move (not dodge) commanded

best move (not dodge) commanded

best move (not dodge) commanded

warning: action already requested for unit 2
best move (not dodge) commanded

best move (not dodge) commanded

best move (not dodge) commanded

warning: action already requested for unit 2
best move (not dodge) commanded

best move (not dodge) commanded

info:     end player 0
info:     start player 1
info:     end player 1
info:     start player 2
info:     end player 2
info:     start player 3
info:     end player 3
info: end round 22
info: start round 23
info:     start player 0

next move down

different unit spotted
different unit spotted
different unit spotted
different unit spotted
different unit spotted
different unit spotted
different unit spotted
different unit spotted
different unit spotted
different unit spotted
different unit spotted
different unit spotted
different unit spotted
different unit spotted
different unit spotted
different unit spotted
different unit spotted
different unit spotted
different unit spotted
different unit spotted
different unit spotted
different unit spotted
different unit spotted
different unit spotted
different unit spotted
different unit spotted
different unit spotted
different unit spotted
different unit spotted
different unit spotted
different unit spotted
different unit spotted
different unit spotted
different unit spotted
different unit spotted
different unit spotted
different unit spotted
different unit spotted

Best move


next move down

different unit spotted
different unit spotted
different unit spotted
different unit spotted
different unit spotted
Ally Pioneer spotted Enemy Furyan at dir: 5
dodge called with dir: 1

dodge
dodge1 dir: 1
order placed

next move down

different unit spotted
Ally Pioneer spotted Enemy Furyan at dir: 1
dodge called with dir: 5

dodge
dodge1 dir: 5
order placed

next move down

different unit spotted
different unit spotted
different unit spotted
different unit spotted
different unit spotted
different unit spotted
different unit spotted
different unit spotted
different unit spotted
different unit spotted
different unit spotted
different unit spotted
different unit spotted
different unit spotted
different unit spotted
different unit spotted
different unit spotted
different unit spotted
different unit spotted
different unit spotted
different unit spotted
different unit spotted
different unit spotted
different unit spotted
different unit spotted
different unit spotted
different unit spotted

Best move


next move down

different unit spotted
different unit spotted
different unit spotted
different unit spotted
different unit spotted
different unit spotted
different unit spotted
different unit spotted

Best move


next move down

different unit spotted
different unit spotted
different unit spotted
different unit spotted
different unit spotted
different unit spotted
different unit spotted
different unit spotted
different unit spotted
Ally Pioneer spotted Enemy Furyan at dir: 1
dodge called with dir: 5

dodge
dodge1 dir: 5
order placed

next move down

different unit spotted
different unit spotted
different unit spotted
different unit spotted
different unit spotted
different unit spotted
different unit spotted
different unit spotted
different unit spotted
different unit spotted
different unit spotted
different unit spotted
different unit spotted
different unit spotted
different unit spotted
different unit spotted
different unit spotted
different unit spotted
different unit spotted
different unit spotted
different unit spotted
different unit spotted
different unit spotted
different unit spotted
different unit spotted
different unit spotted
different unit spotted
different unit spotted
different unit spotted

Best move


next move down

different unit spotted
different unit spotted
different unit spotted
different unit spotted
different unit spotted
different unit spotted
different unit spotted
different unit spotted
different unit spotted
different unit spotted
different unit spotted
different unit spotted
different unit spotted
different unit spotted
different unit spotted
different unit spotted

Best move


next move down

different unit spotted
different unit spotted
different unit spotted
different unit spotted
different unit spotted
different unit spotted
different unit spotted
different unit spotted
different unit spotted
different unit spotted
different unit spotted
different unit spotted
different unit spotted
different unit spotted
Ally Pioneer spotted Enemy Furyan at dir: 1
dodge called with dir: 5

dodge
dodge1 dir: 6
order placed

next move down

different unit spotted
Ally Pioneer spotted Enemy Furyan at dir: 2
dodge called with dir: 6

dodge
dodge1 dir: 5
order placed

next move down

different unit spotted
different unit spotted
different unit spotted
different unit spotted
different unit spotted
different unit spotted
different unit spotted
different unit spotted
different unit spotted
different unit spotted
different unit spotted
different unit spotted
different unit spotted
different unit spotted
different unit spotted
different unit spotted
Ally Pioneer spotted Enemy Furyan at dir: 1
dodge called with dir: 5

dodge
dodge1 dir: 5
order placed

next move down

different unit spotted
different unit spotted
different unit spotted
different unit spotted
different unit spotted
different unit spotted
different unit spotted
different unit spotted
different unit spotted
different unit spotted
different unit spotted
different unit spotted
different unit spotted
different unit spotted
different unit spotted
different unit spotted
different unit spotted
different unit spotted
different unit spotted
different unit spotted
different unit spotted
different unit spotted
different unit spotted
different unit spotted

Best move


next move down

different unit spotted
different unit spotted
different unit spotted
different unit spotted
different unit spotted
different unit spotted

Best move


next move down

different unit spotted
different unit spotted
Ally Pioneer spotted Enemy Furyan at dir: 3
dodge called with dir: 7

dodge
dodge1 dir: 7
order placed

get sun distance

get sun distance

get sun distance

get sun distance

get sun distance

next move down

different unit spotted
different unit spotted
different unit spotted
different unit spotted
different unit spotted
different unit spotted
different unit spotted
different unit spotted
different unit spotted
different unit spotted

Best move


next move down

different unit spotted
different unit spotted
different unit spotted
different unit spotted
different unit spotted
different unit spotted
different unit spotted
different unit spotted
different unit spotted
different unit spotted
different unit spotted

Best move


next move down

different unit spotted
different unit spotted
different unit spotted
different unit spotted
different unit spotted
different unit spotted
different unit spotted
different unit spotted
different unit spotted
different unit spotted
different unit spotted
different unit spotted
different unit spotted
different unit spotted
Ally Pioneer spotted Enemy Furyan at dir: 5
dodge called with dir: 1

dodge
dodge1 dir: 1
order placed

next move down

different unit spotted
different unit spotted
different unit spotted
different unit spotted
different unit spotted
different unit spotted
different unit spotted
different unit spotted
different unit spotted
different unit spotted
different unit spotted
different unit spotted
different unit spotted
different unit spotted
different unit spotted
different unit spotted
different unit spotted
different unit spotted
different unit spotted
different unit spotted
different unit spotted
different unit spotted
different unit spotted
different unit spotted
different unit spotted
different unit spotted
different unit spotted
different unit spotted
different unit spotted
different unit spotted
different unit spotted
different unit spotted
different unit spotted
different unit spotted
different unit spotted
different unit spotted
different unit spotted
different unit spotted
different unit spotted
different unit spotted
different unit spotted
different unit spotted
different unit spotted
different unit spotted
different unit spotted
different unit spotted
different unit spotted

Best move


next move down

different unit spotted
different unit spotted
different unit spotted
different unit spotted
different unit spotted
different unit spotted
different unit spotted
different unit spotted
different unit spotted
different unit spotted
different unit spotted
different unit spotted
different unit spotted

Best move


next move down

different unit spotted
different unit spotted
different unit spotted
different unit spotted
different unit spotted
different unit spotted
different unit spotted
different unit spotted
different unit spotted
different unit spotted
different unit spotted
different unit spotted
different unit spotted
different unit spotted
different unit spotted
different unit spotted

Best move


next move down

different unit spotted
different unit spotted
different unit spotted
different unit spotted
different unit spotted
different unit spotted
different unit spotted
different unit spotted
different unit spotted
different unit spotted
different unit spotted
different unit spotted
different unit spotted
different unit spotted
different unit spotted
different unit spotted
different unit spotted
different unit spotted
different unit spotted
different unit spotted
different unit spotted
different unit spotted

Best move


next move down

different unit spotted
different unit spotted
different unit spotted
different unit spotted
Hellhound spotted at dir: 5
dodge called with dir: 1

dodge
dodge1 dir: 4
order placed

next move down

different unit spotted
different unit spotted
different unit spotted
different unit spotted
different unit spotted
different unit spotted
different unit spotted

Best move


next move down

different unit spotted
different unit spotted
different unit spotted
different unit spotted
different unit spotted
different unit spotted
different unit spotted
different unit spotted

Best move


next move down

different unit spotted
different unit spotted
different unit spotted
Ally Pioneer spotted Enemy Furyan at dir: 1
dodge called with dir: 5

dodge
dodge1 dir: 5
order placed

next move down

different unit spotted
different unit spotted
different unit spotted
different unit spotted
different unit spotted
different unit spotted
different unit spotted
different unit spotted
different unit spotted
different unit spotted
different unit spotted
different unit spotted
different unit spotted
different unit spotted
different unit spotted
different unit spotted
different unit spotted
different unit spotted
different unit spotted
different unit spotted
different unit spotted
different unit spotted
different unit spotted
different unit spotted
different unit spotted
different unit spotted
different unit spotted
different unit spotted
different unit spotted
different unit spotted
different unit spotted
different unit spotted
different unit spotted
different unit spotted
different unit spotted
different unit spotted
different unit spotted

Best move


next move down

different unit spotted
different unit spotted
different unit spotted
Ally Furian spotted Enemy unit at dir: 1
dodge called with dir: 1

dodge
dodge1 dir: 5
different unit spotted
different unit spotted
Ally Furian spotted Enemy unit at dir: 2
dodge called with dir: 2

dodge
dodge1 dir: 5
different unit spotted
different unit spotted
different unit spotted
different unit spotted
Ally Furian spotted Enemy unit at dir: 3
dodge called with dir: 3

dodge
dodge1 dir: 0
different unit spotted
Ally Furian spotted Enemy unit at dir: 0
dodge called with dir: 0

dodge
dodge1 dir: 4
different unit spotted
Ally Furian spotted Enemy unit at dir: 4
dodge called with dir: 4

dodge
dodge1 dir: 0
different unit spotted
Ally Furian spotted Enemy unit at dir: 5
dodge called with dir: 5

dodge
dodge1 dir: 1
different unit spotted
different unit spotted
different unit spotted
Ally Furian spotted Enemy unit at dir: 3
dodge called with dir: 3

dodge
dodge1 dir: 0
different unit spotted
different unit spotted
Ally Furian spotted Enemy unit at dir: 1
dodge called with dir: 1

dodge
dodge1 dir: 5
different unit spotted
Ally Furian spotted Enemy unit at dir: 4
dodge called with dir: 4

dodge
dodge1 dir: 0
different unit spotted
Ally Furian spotted Enemy unit at dir: 3
dodge called with dir: 3

dodge
dodge1 dir: 0
different unit spotted
Ally Furian spotted Enemy unit at dir: 0
dodge called with dir: 0

dodge
dodge1 dir: 4
different unit spotted
Ally Furian spotted Enemy unit at dir: 2
dodge called with dir: 2

dodge
dodge1 dir: 5
different unit spotted
Ally Furian spotted Enemy unit at dir: 1
dodge called with dir: 1

dodge
dodge1 dir: 5
different unit spotted
Ally Furian spotted Enemy unit at dir: 5
dodge called with dir: 5

dodge
dodge1 dir: 1
different unit spotted
Ally Furian spotted Enemy unit at dir: 4
dodge called with dir: 4

dodge
dodge1 dir: 0
different unit spotted
Ally Furian spotted Enemy unit at dir: 3
dodge called with dir: 3

dodge
dodge1 dir: 0
different unit spotted
Ally Furian spotted Enemy unit at dir: 4
dodge called with dir: 4

dodge
dodge1 dir: 0
different unit spotted
Ally Furian spotted Enemy unit at dir: 5
dodge called with dir: 5

dodge
dodge1 dir: 1
different unit spotted
Ally Furian spotted Enemy unit at dir: 3
dodge called with dir: 3

dodge
dodge1 dir: 0
different unit spotted
Ally Furian spotted Enemy unit at dir: 2
dodge called with dir: 2

dodge
dodge1 dir: 2

next move down

different unit spotted
different unit spotted
different unit spotted
different unit spotted
different unit spotted
different unit spotted
different unit spotted
different unit spotted
Ally Furian spotted Enemy unit at dir: 3
dodge called with dir: 3

dodge
dodge1 dir: 7
different unit spotted
Ally Furian spotted Enemy unit at dir: 0
dodge called with dir: 0

dodge
dodge1 dir: 4
different unit spotted
Ally Furian spotted Enemy unit at dir: 1
dodge called with dir: 1

dodge
dodge1 dir: 5
different unit spotted
Ally Furian spotted Enemy unit at dir: 6
dodge called with dir: 6

dodge
dodge1 dir: 2
different unit spotted
Ally Furian spotted Enemy unit at dir: 2
dodge called with dir: 2

dodge
dodge1 dir: 5
different unit spotted
different unit spotted
Ally Furian spotted Enemy unit at dir: 7
dodge called with dir: 7

dodge
dodge1 dir: 3
different unit spotted
different unit spotted
different unit spotted
Ally Furian spotted Enemy unit at dir: 5
dodge called with dir: 5

dodge
dodge1 dir: 1
different unit spotted
different unit spotted
different unit spotted
Ally Furian spotted Enemy unit at dir: 1
dodge called with dir: 1

dodge
dodge1 dir: 5
different unit spotted
Ally Furian spotted Enemy unit at dir: 7
dodge called with dir: 7

dodge
dodge1 dir: 7

next move down

different unit spotted
different unit spotted
different unit spotted
different unit spotted
different unit spotted
different unit spotted
different unit spotted
different unit spotted
Ally Furian spotted Enemy unit at dir: 4
dodge called with dir: 4

dodge
dodge1 dir: 3

next move down

different unit spotted
Ally Furian spotted Enemy unit at dir: 1
dodge called with dir: 1

next move down

different unit spotted
different unit spotted
different unit spotted
different unit spotted
different unit spotted
different unit spotted
Ally Furian spotted Enemy unit at dir: 5
dodge called with dir: 5

dodge
dodge1 dir: 6
dodge or chase commanded dir: 4

dodge or chase commanded dir: 1

dodge or chase commanded dir: 5

dodge or chase commanded dir: 7

dodge or chase commanded dir: 5

dodge or chase commanded dir: 5

dodge or chase commanded dir: 1

dodge or chase commanded dir: 6

dodge or chase commanded dir: 5

dodge or chase commanded dir: 5

dodge or chase commanded dir: 1

best move (not dodge) commanded

best move (not dodge) commanded

best move (not dodge) commanded

warning: action already requested for unit 2
best move (not dodge) commanded

best move (not dodge) commanded

warning: action already requested for unit 3
best move (not dodge) commanded

warning: action already requested for unit 3
best move (not dodge) commanded

warning: action already requested for unit 2
best move (not dodge) commanded

warning: action already requested for unit 3
best move (not dodge) commanded

warning: action already requested for unit 2
best move (not dodge) commanded

warning: action already requested for unit 2
best move (not dodge) commanded

warning: action already requested for unit 2
best move (not dodge) commanded

warning: action already requested for unit 2
best move (not dodge) commanded

warning: action already requested for unit 2
best move (not dodge) commanded

warning: action already requested for unit 3
best move (not dodge) commanded

warning: action already requested for unit 2
best move (not dodge) commanded

warning: action already requested for unit 2
best move (not dodge) commanded

warning: action already requested for unit 2
best move (not dodge) commanded

warning: action already requested for unit 2
best move (not dodge) commanded

warning: action already requested for unit 2
best move (not dodge) commanded

warning: action already requested for unit 2
best move (not dodge) commanded

warning: action already requested for unit 2
best move (not dodge) commanded

warning: action already requested for unit 2
best move (not dodge) commanded

best move (not dodge) commanded

best move (not dodge) commanded

warning: action already requested for unit 3
best move (not dodge) commanded

best move (not dodge) commanded

warning: action already requested for unit 3
best move (not dodge) commanded

best move (not dodge) commanded

best move (not dodge) commanded

warning: action already requested for unit 2
best move (not dodge) commanded

best move (not dodge) commanded

best move (not dodge) commanded

warning: action already requested for unit 2
best move (not dodge) commanded

best move (not dodge) commanded

best move (not dodge) commanded

warning: action already requested for unit 2
best move (not dodge) commanded

best move (not dodge) commanded

warning: action already requested for unit 2
best move (not dodge) commanded

best move (not dodge) commanded

warning: action already requested for unit 3
best move (not dodge) commanded

best move (not dodge) commanded

best move (not dodge) commanded

best move (not dodge) commanded

best move (not dodge) commanded

warning: action already requested for unit 3
best move (not dodge) commanded

best move (not dodge) commanded

info:     end player 0
info:     start player 1
info:     end player 1
info:     start player 2
info:     end player 2
info:     start player 3
info:     end player 3
info: end round 23
info: start round 24
info:     start player 0

next move down

different unit spotted
different unit spotted
different unit spotted
different unit spotted
different unit spotted
different unit spotted
different unit spotted
different unit spotted
different unit spotted
different unit spotted
different unit spotted
different unit spotted
different unit spotted
different unit spotted
different unit spotted
different unit spotted
different unit spotted
different unit spotted
different unit spotted
different unit spotted
different unit spotted
different unit spotted
different unit spotted
different unit spotted
different unit spotted
different unit spotted
different unit spotted
different unit spotted
different unit spotted
different unit spotted
different unit spotted
different unit spotted
different unit spotted
different unit spotted
different unit spotted
different unit spotted
different unit spotted
different unit spotted

Best move


next move down

different unit spotted
different unit spotted
different unit spotted
different unit spotted
Ally Pioneer spotted Enemy Furyan at dir: 1
dodge called with dir: 5

dodge
dodge1 dir: 5
order placed

next move down

different unit spotted
Ally Pioneer spotted Enemy Furyan at dir: 7
dodge called with dir: 3

dodge
dodge1 dir: 1
order placed

next move down

different unit spotted
different unit spotted
different unit spotted
different unit spotted
different unit spotted
different unit spotted
different unit spotted
different unit spotted
different unit spotted
different unit spotted
different unit spotted
different unit spotted
different unit spotted
different unit spotted
different unit spotted
different unit spotted
different unit spotted
different unit spotted
different unit spotted
different unit spotted
different unit spotted
different unit spotted

Best move


next move down

different unit spotted
different unit spotted
different unit spotted
different unit spotted
different unit spotted
different unit spotted
different unit spotted

Best move


next move down

different unit spotted
different unit spotted
different unit spotted
different unit spotted
different unit spotted
different unit spotted
different unit spotted
Ally Pioneer spotted Enemy Furyan at dir: 6
dodge called with dir: 2

dodge
dodge1 dir: 2
order placed

next move down

different unit spotted
different unit spotted
different unit spotted
different unit spotted
different unit spotted
different unit spotted
different unit spotted
different unit spotted
Ally Pioneer spotted Enemy Furyan at dir: 0
dodge called with dir: 4

dodge
dodge1 dir: 4
order placed

next move down

different unit spotted
different unit spotted
different unit spotted
different unit spotted
different unit spotted
different unit spotted
different unit spotted
different unit spotted
different unit spotted
different unit spotted
different unit spotted
different unit spotted

Best move


next move down

different unit spotted
different unit spotted
different unit spotted
different unit spotted
different unit spotted
different unit spotted
different unit spotted
different unit spotted
different unit spotted
different unit spotted
different unit spotted
different unit spotted
different unit spotted
different unit spotted
different unit spotted
different unit spotted
Ally Pioneer spotted Enemy Furyan at dir: 1
dodge called with dir: 5

dodge
dodge1 dir: 6
order placed

next move down

different unit spotted
different unit spotted
Ally Pioneer spotted Enemy Furyan at dir: 2
dodge called with dir: 6

dodge
dodge1 dir: 7
order placed

next move down

different unit spotted
different unit spotted
different unit spotted
different unit spotted
different unit spotted
different unit spotted
different unit spotted
different unit spotted
different unit spotted
different unit spotted
different unit spotted
different unit spotted
different unit spotted
different unit spotted
different unit spotted
different unit spotted
different unit spotted
different unit spotted
different unit spotted
different unit spotted
different unit spotted
different unit spotted
different unit spotted
different unit spotted
different unit spotted

Best move


next move down

different unit spotted
different unit spotted
different unit spotted
different unit spotted
different unit spotted
different unit spotted
different unit spotted
different unit spotted
different unit spotted
different unit spotted
different unit spotted
different unit spotted
different unit spotted
different unit spotted
different unit spotted
different unit spotted
different unit spotted
different unit spotted
different unit spotted
different unit spotted
different unit spotted
different unit spotted
different unit spotted
different unit spotted
different unit spotted
different unit spotted
different unit spotted

Best move


next move down

different unit spotted
different unit spotted
different unit spotted
different unit spotted
different unit spotted
different unit spotted
different unit spotted
different unit spotted

Best move


next move down

different unit spotted
different unit spotted
different unit spotted
Ally Pioneer spotted Enemy Furyan at dir: 5
dodge called with dir: 1

dodge
dodge1 dir: 3
order placed

next move down

different unit spotted
different unit spotted
different unit spotted

Best move


next move down

different unit spotted
different unit spotted
different unit spotted
different unit spotted
different unit spotted
different unit spotted
different unit spotted
different unit spotted
different unit spotted
different unit spotted
different unit spotted
different unit spotted
different unit spotted

Best move


next move down

different unit spotted
different unit spotted
different unit spotted
different unit spotted
different unit spotted
different unit spotted
different unit spotted
different unit spotted
different unit spotted
different unit spotted
different unit spotted
different unit spotted
different unit spotted
Ally Pioneer spotted Enemy Furyan at dir: 5
dodge called with dir: 1

dodge
dodge1 dir: 1
order placed

next move down

different unit spotted
different unit spotted
different unit spotted
different unit spotted
different unit spotted
different unit spotted
different unit spotted
different unit spotted
different unit spotted
different unit spotted
different unit spotted
different unit spotted
different unit spotted
different unit spotted
different unit spotted
different unit spotted
different unit spotted
different unit spotted
different unit spotted
different unit spotted
different unit spotted
different unit spotted
different unit spotted
different unit spotted
different unit spotted
different unit spotted
different unit spotted
different unit spotted
different unit spotted
different unit spotted
different unit spotted
different unit spotted
different unit spotted
different unit spotted
different unit spotted
different unit spotted
different unit spotted
different unit spotted
different unit spotted
different unit spotted
different unit spotted
different unit spotted
different unit spotted
different unit spotted

Best move


next move down

different unit spotted
different unit spotted
different unit spotted
different unit spotted
different unit spotted
different unit spotted
different unit spotted
different unit spotted
different unit spotted
different unit spotted
different unit spotted
different unit spotted
different unit spotted
different unit spotted
different unit spotted

Best move


next move down

different unit spotted
different unit spotted
different unit spotted
different unit spotted
different unit spotted
different unit spotted
different unit spotted
different unit spotted
different unit spotted
different unit spotted
different unit spotted
different unit spotted
different unit spotted
different unit spotted
different unit spotted
different unit spotted
different unit spotted
different unit spotted
different unit spotted

Best move


next move down

different unit spotted
different unit spotted
different unit spotted
different unit spotted
different unit spotted
different unit spotted
different unit spotted
different unit spotted
different unit spotted
different unit spotted
different unit spotted
different unit spotted
different unit spotted
different unit spotted
different unit spotted
different unit spotted
different unit spotted
different unit spotted
different unit spotted
different unit spotted
different unit spotted
different unit spotted

Best move


next move down

different unit spotted
different unit spotted
different unit spotted
different unit spotted

Best move


next move down

different unit spotted
different unit spotted
different unit spotted
different unit spotted
different unit spotted
different unit spotted
different unit spotted
different unit spotted
different unit spotted
different unit spotted
different unit spotted
different unit spotted
different unit spotted

Best move


next move down

different unit spotted
different unit spotted
different unit spotted
different unit spotted
different unit spotted
different unit spotted
Ally Pioneer spotted Enemy Furyan at dir: 1
dodge called with dir: 5

dodge
dodge1 dir: 5
order placed

next move down

different unit spotted
different unit spotted
different unit spotted
different unit spotted
different unit spotted
different unit spotted
different unit spotted
different unit spotted
different unit spotted
different unit spotted
different unit spotted
different unit spotted
different unit spotted
different unit spotted
different unit spotted
different unit spotted
different unit spotted
different unit spotted
different unit spotted
different unit spotted
different unit spotted
different unit spotted
different unit spotted
different unit spotted
different unit spotted
different unit spotted
different unit spotted
different unit spotted
different unit spotted

Best move


next move down

different unit spotted
different unit spotted
different unit spotted
different unit spotted
different unit spotted
different unit spotted
Ally Furian spotted Enemy unit at dir: 1
dodge called with dir: 1

dodge
dodge1 dir: 4
different unit spotted
Ally Furian spotted Enemy unit at dir: 2
dodge called with dir: 2

dodge
dodge1 dir: 4
different unit spotted
Ally Furian spotted Enemy unit at dir: 3
dodge called with dir: 3

dodge
dodge1 dir: 0
different unit spotted
Ally Furian spotted Enemy unit at dir: 4
dodge called with dir: 4

dodge
dodge1 dir: 0
different unit spotted
Ally Furian spotted Enemy unit at dir: 6
dodge called with dir: 6

dodge
dodge1 dir: 2
different unit spotted
different unit spotted
different unit spotted
Ally Furian spotted Enemy unit at dir: 5
dodge called with dir: 5

dodge
dodge1 dir: 1
different unit spotted
Ally Furian spotted Enemy unit at dir: 7
dodge called with dir: 7

dodge
dodge1 dir: 3
different unit spotted
different unit spotted
Ally Furian spotted Enemy unit at dir: 3
dodge called with dir: 3

dodge
dodge1 dir: 0
different unit spotted
different unit spotted
Ally Furian spotted Enemy unit at dir: 2
dodge called with dir: 2

dodge
dodge1 dir: 2

next move down

different unit spotted
different unit spotted
different unit spotted
different unit spotted
different unit spotted
different unit spotted
different unit spotted
Ally Furian spotted Enemy unit at dir: 7
dodge called with dir: 7

dodge
dodge1 dir: 3
different unit spotted
Ally Furian spotted Enemy unit at dir: 0
dodge called with dir: 0

dodge
dodge1 dir: 3
different unit spotted
Ally Furian spotted Enemy unit at dir: 1
dodge called with dir: 1

dodge
dodge1 dir: 5
different unit spotted
different unit spotted
Ally Furian spotted Enemy unit at dir: 6
dodge called with dir: 6

dodge
dodge1 dir: 2
different unit spotted
different unit spotted
Ally Furian spotted Enemy unit at dir: 3
dodge called with dir: 3

dodge
dodge1 dir: 7
different unit spotted
different unit spotted
different unit spotted
different unit spotted
different unit spotted
different unit spotted
different unit spotted
Ally Furian spotted Enemy unit at dir: 7
dodge called with dir: 7

dodge
dodge1 dir: 3
different unit spotted
Ally Furian spotted Enemy unit at dir: 7
dodge called with dir: 7

dodge
dodge1 dir: 7

next move down

different unit spotted
different unit spotted
different unit spotted
Ally Furian spotted Enemy unit at dir: 3
dodge called with dir: 3

dodge
dodge1 dir: 7
different unit spotted
different unit spotted
different unit spotted
different unit spotted
Ally Furian spotted Enemy unit at dir: 5
dodge called with dir: 5

dodge
dodge1 dir: 5

next move down

different unit spotted
Ally Furian spotted Enemy unit at dir: 1
dodge called with dir: 1

next move down

different unit spotted
different unit spotted
different unit spotted
different unit spotted
different unit spotted
Ally Furian spotted Enemy unit at dir: 5
dodge called with dir: 5

dodge
dodge1 dir: 7
dodge or chase commanded dir: 1

dodge or chase commanded dir: 1

dodge or chase commanded dir: 4

dodge or chase commanded dir: 3

dodge or chase commanded dir: 2

dodge or chase commanded dir: 5

dodge or chase commanded dir: 5

dodge or chase commanded dir: 6

dodge or chase commanded dir: 7

dodge or chase commanded dir: 1

best move (not dodge) commanded

best move (not dodge) commanded

best move (not dodge) commanded

best move (not dodge) commanded

best move (not dodge) commanded

warning: action already requested for unit 3
best move (not dodge) commanded

warning: action already requested for unit 3
best move (not dodge) commanded

warning: action already requested for unit 2
best move (not dodge) commanded

warning: action already requested for unit 2
best move (not dodge) commanded

warning: action already requested for unit 2
best move (not dodge) commanded

warning: action already requested for unit 2
best move (not dodge) commanded

best move (not dodge) commanded

warning: action already requested for unit 2
best move (not dodge) commanded

best move (not dodge) commanded

warning: action already requested for unit 2
best move (not dodge) commanded

warning: action already requested for unit 4
best move (not dodge) commanded

best move (not dodge) commanded

warning: action already requested for unit 3
best move (not dodge) commanded

best move (not dodge) commanded

best move (not dodge) commanded

best move (not dodge) commanded

warning: action already requested for unit 3
best move (not dodge) commanded

best move (not dodge) commanded

best move (not dodge) commanded

warning: action already requested for unit 2
best move (not dodge) commanded

best move (not dodge) commanded

warning: action already requested for unit 2
best move (not dodge) commanded

best move (not dodge) commanded

warning: action already requested for unit 3
best move (not dodge) commanded

best move (not dodge) commanded

best move (not dodge) commanded

best move (not dodge) commanded

best move (not dodge) commanded

warning: action already requested for unit 3
best move (not dodge) commanded

best move (not dodge) commanded

info:     end player 0
info:     start player 1
info:     end player 1
info:     start player 2
info:     end player 2
info:     start player 3
info:     end player 3
info: end round 24
info: start round 25
info:     start player 0

next move down

different unit spotted
different unit spotted
different unit spotted
different unit spotted
different unit spotted
different unit spotted
Ally Pioneer spotted Enemy Furyan at dir: 6
dodge called with dir: 2

dodge
dodge1 dir: 2
order placed

next move down

different unit spotted
different unit spotted
different unit spotted
different unit spotted
different unit spotted
different unit spotted
Ally Pioneer spotted Enemy Furyan at dir: 5
dodge called with dir: 1

dodge
dodge1 dir: 1
order placed

next move down

different unit spotted
different unit spotted
different unit spotted
different unit spotted
different unit spotted
different unit spotted
different unit spotted
different unit spotted
different unit spotted
different unit spotted
different unit spotted

Best move


next move down

different unit spotted
different unit spotted
different unit spotted
different unit spotted
different unit spotted
different unit spotted
different unit spotted

Best move


next move down

different unit spotted
different unit spotted
different unit spotted
different unit spotted
different unit spotted
different unit spotted
Ally Pioneer spotted Enemy Furyan at dir: 5
dodge called with dir: 1

dodge
dodge1 dir: 0
order placed

next move down

different unit spotted
different unit spotted
different unit spotted
different unit spotted
different unit spotted
different unit spotted
different unit spotted
different unit spotted
different unit spotted
Ally Pioneer spotted Enemy Furyan at dir: 1
dodge called with dir: 5

dodge
dodge1 dir: 5
order placed

next move down

different unit spotted
different unit spotted
different unit spotted
different unit spotted
different unit spotted
different unit spotted
different unit spotted
different unit spotted
different unit spotted
different unit spotted
different unit spotted
different unit spotted

Best move


next move down

different unit spotted
different unit spotted
different unit spotted
different unit spotted
different unit spotted
different unit spotted
different unit spotted
different unit spotted
different unit spotted
different unit spotted
different unit spotted
different unit spotted
different unit spotted
different unit spotted
different unit spotted
Ally Pioneer spotted Enemy Furyan at dir: 1
dodge called with dir: 5

dodge
dodge1 dir: 5
order placed

next move down

different unit spotted
different unit spotted
different unit spotted
different unit spotted
Ally Pioneer spotted Enemy Furyan at dir: 3
dodge called with dir: 7

dodge
dodge1 dir: 5
order placed

next move down

different unit spotted
different unit spotted
different unit spotted
different unit spotted
different unit spotted
different unit spotted
different unit spotted
different unit spotted
different unit spotted
different unit spotted
different unit spotted
different unit spotted
different unit spotted
different unit spotted
different unit spotted
Ally Pioneer spotted Enemy Furyan at dir: 1
dodge called with dir: 5

dodge
dodge1 dir: 5
order placed

next move down

different unit spotted
different unit spotted
different unit spotted
different unit spotted
different unit spotted
different unit spotted
different unit spotted
different unit spotted
different unit spotted
different unit spotted
different unit spotted
different unit spotted
different unit spotted
different unit spotted
different unit spotted
different unit spotted
different unit spotted
different unit spotted
different unit spotted
different unit spotted
different unit spotted
different unit spotted
different unit spotted
different unit spotted
different unit spotted
different unit spotted
different unit spotted
different unit spotted
different unit spotted
different unit spotted
different unit spotted
different unit spotted
different unit spotted
different unit spotted
different unit spotted
different unit spotted
different unit spotted
different unit spotted
different unit spotted
different unit spotted
different unit spotted
different unit spotted

Best move


next move down

different unit spotted
different unit spotted
different unit spotted
different unit spotted

Best move


next move down

different unit spotted
Ally Pioneer spotted Enemy Furyan at dir: 3
dodge called with dir: 7

dodge
dodge1 dir: 7
order placed

get sun distance

next move down

different unit spotted
different unit spotted
different unit spotted
different unit spotted
different unit spotted
different unit spotted
different unit spotted
different unit spotted

Best move


next move down

different unit spotted
different unit spotted
different unit spotted
different unit spotted
different unit spotted
different unit spotted
different unit spotted
different unit spotted
different unit spotted
different unit spotted

Best move


next move down

different unit spotted
different unit spotted
different unit spotted
different unit spotted
different unit spotted
different unit spotted
different unit spotted
different unit spotted
different unit spotted
different unit spotted
different unit spotted
different unit spotted
different unit spotted
different unit spotted
different unit spotted
different unit spotted
Ally Pioneer spotted Enemy Furyan at dir: 5
dodge called with dir: 1

dodge
dodge1 dir: 1
order placed

next move down

different unit spotted
different unit spotted
different unit spotted
different unit spotted
different unit spotted
different unit spotted
different unit spotted
different unit spotted
different unit spotted
different unit spotted
different unit spotted
different unit spotted
different unit spotted
different unit spotted
different unit spotted
different unit spotted
different unit spotted
different unit spotted
different unit spotted
different unit spotted
different unit spotted
different unit spotted
different unit spotted
different unit spotted
different unit spotted
different unit spotted
different unit spotted
different unit spotted
different unit spotted
different unit spotted
different unit spotted
different unit spotted
different unit spotted
different unit spotted
different unit spotted
different unit spotted
different unit spotted
different unit spotted
different unit spotted
different unit spotted
different unit spotted
different unit spotted
different unit spotted
different unit spotted
different unit spotted
different unit spotted

Best move


next move down

different unit spotted
different unit spotted
different unit spotted
different unit spotted
different unit spotted
different unit spotted
different unit spotted
different unit spotted
different unit spotted
different unit spotted
different unit spotted
different unit spotted
different unit spotted
Ally Pioneer spotted Enemy Furyan at dir: 5
dodge called with dir: 1

dodge
dodge1 dir: 1
order placed

get sun distance

get sun distance

get sun distance

get sun distance

next move down

different unit spotted
different unit spotted
different unit spotted
different unit spotted
different unit spotted
different unit spotted
different unit spotted
different unit spotted
different unit spotted
different unit spotted
different unit spotted
different unit spotted
different unit spotted
different unit spotted
different unit spotted
different unit spotted
different unit spotted
different unit spotted
different unit spotted
different unit spotted
different unit spotted
Ally Pioneer spotted Enemy Furyan at dir: 1
dodge called with dir: 5

dodge
dodge1 dir: 5
order placed

next move down

different unit spotted
different unit spotted
different unit spotted
different unit spotted
different unit spotted
different unit spotted
different unit spotted
different unit spotted
different unit spotted
different unit spotted
different unit spotted
different unit spotted
different unit spotted
different unit spotted
different unit spotted
different unit spotted
Ally Pioneer spotted Enemy Furyan at dir: 2
dodge called with dir: 6

dodge
dodge1 dir: 6
order placed

next move down

different unit spotted
different unit spotted
different unit spotted
Ally Pioneer spotted Enemy Furyan at dir: 5
dodge called with dir: 1

dodge
dodge1 dir: 0
order placed

next move down

different unit spotted
different unit spotted
different unit spotted
different unit spotted

Best move


next move down

different unit spotted
different unit spotted
different unit spotted
different unit spotted
different unit spotted
different unit spotted
different unit spotted

Best move


next move down

different unit spotted
different unit spotted
different unit spotted
different unit spotted
different unit spotted
different unit spotted
different unit spotted
different unit spotted
different unit spotted
different unit spotted
different unit spotted
Ally Pioneer spotted Enemy Furyan at dir: 1
dodge called with dir: 5

dodge
dodge1 dir: 4
order placed

next move down

different unit spotted
different unit spotted
different unit spotted
different unit spotted
different unit spotted
different unit spotted
different unit spotted
different unit spotted
different unit spotted
different unit spotted
different unit spotted
different unit spotted
different unit spotted
different unit spotted
different unit spotted
different unit spotted
different unit spotted
different unit spotted
different unit spotted
different unit spotted
different unit spotted
different unit spotted
different unit spotted
different unit spotted
different unit spotted
different unit spotted
different unit spotted
different unit spotted
different unit spotted
different unit spotted
different unit spotted
different unit spotted
different unit spotted
different unit spotted
different unit spotted
different unit spotted
different unit spotted
different unit spotted
different unit spotted

Best move


next move down

different unit spotted
different unit spotted
different unit spotted
different unit spotted
different unit spotted
different unit spotted
different unit spotted
different unit spotted
Ally Furian spotted Enemy unit at dir: 2
dodge called with dir: 2

dodge
dodge1 dir: 6
different unit spotted
Ally Furian spotted Enemy unit at dir: 3
dodge called with dir: 3

dodge
dodge1 dir: 6
different unit spotted
Ally Furian spotted Enemy unit at dir: 4
dodge called with dir: 4

dodge
dodge1 dir: 0
different unit spotted
Ally Furian spotted Enemy unit at dir: 0
dodge called with dir: 0

dodge
dodge1 dir: 4
different unit spotted
different unit spotted
Ally Furian spotted Enemy unit at dir: 6
dodge called with dir: 6

dodge
dodge1 dir: 2
different unit spotted
different unit spotted
Ally Furian spotted Enemy unit at dir: 5
dodge called with dir: 5

dodge
dodge1 dir: 1
different unit spotted
Ally Furian spotted Enemy unit at dir: 3
dodge called with dir: 3

dodge
dodge1 dir: 6
different unit spotted
different unit spotted
Ally Furian spotted Enemy unit at dir: 6
dodge called with dir: 6

dodge
dodge1 dir: 2
different unit spotted
Ally Furian spotted Enemy unit at dir: 5
dodge called with dir: 5

dodge
dodge1 dir: 1
different unit spotted
Ally Furian spotted Enemy unit at dir: 7
dodge called with dir: 7

dodge
dodge1 dir: 3
different unit spotted
Ally Furian spotted Enemy unit at dir: 1
dodge called with dir: 1

dodge
dodge1 dir: 1

next move down

different unit spotted
different unit spotted
different unit spotted
different unit spotted
different unit spotted
different unit spotted
different unit spotted
Ally Furian spotted Enemy unit at dir: 0
dodge called with dir: 0

dodge
dodge1 dir: 3
different unit spotted
Ally Furian spotted Enemy unit at dir: 1
dodge called with dir: 1

dodge
dodge1 dir: 6
different unit spotted
Ally Furian spotted Enemy unit at dir: 6
dodge called with dir: 6

dodge
dodge1 dir: 2
different unit spotted
different unit spotted
Ally Furian spotted Enemy unit at dir: 2
dodge called with dir: 2

dodge
dodge1 dir: 6
different unit spotted
different unit spotted
different unit spotted
Ally Furian spotted Enemy unit at dir: 5
dodge called with dir: 5

dodge
dodge1 dir: 1
different unit spotted
different unit spotted
different unit spotted
different unit spotted
different unit spotted
Ally Furian spotted Enemy unit at dir: 3
dodge called with dir: 3

dodge
dodge1 dir: 7
different unit spotted
Ally Furian spotted Enemy unit at dir: 7
dodge called with dir: 7

dodge
dodge1 dir: 7

next move down

different unit spotted
different unit spotted
different unit spotted
different unit spotted
different unit spotted
Ally Furian spotted Enemy unit at dir: 4
dodge called with dir: 4

dodge
dodge1 dir: 3

next move down

different unit spotted
different unit spotted
different unit spotted
different unit spotted
Ally Furian spotted Enemy unit at dir: 5
dodge called with dir: 5

dodge
dodge1 dir: 5

next move down

different unit spotted
different unit spotted
different unit spotted
different unit spotted
different unit spotted
different unit spotted
Ally Furian spotted Enemy unit at dir: 6
dodge called with dir: 6

dodge
dodge1 dir: 6
dodge or chase commanded dir: 2

dodge or chase commanded dir: 5

dodge or chase commanded dir: 7

dodge or chase commanded dir: 4

dodge or chase commanded dir: 1

dodge or chase commanded dir: 0

dodge or chase commanded dir: 5

dodge or chase commanded dir: 0

dodge or chase commanded dir: 6

dodge or chase commanded dir: 5

dodge or chase commanded dir: 5

dodge or chase commanded dir: 5

dodge or chase commanded dir: 1

dodge or chase commanded dir: 1

best move (not dodge) commanded

best move (not dodge) commanded

best move (not dodge) commanded

best move (not dodge) commanded

best move (not dodge) commanded

warning: action already requested for unit 2
best move (not dodge) commanded

warning: action already requested for unit 2
best move (not dodge) commanded

warning: action already requested for unit 2
best move (not dodge) commanded

warning: action already requested for unit 2
best move (not dodge) commanded

warning: action already requested for unit 2
best move (not dodge) commanded

best move (not dodge) commanded

warning: action already requested for unit 2
best move (not dodge) commanded

best move (not dodge) commanded

best move (not dodge) commanded

warning: action already requested for unit 2
best move (not dodge) commanded

best move (not dodge) commanded

best move (not dodge) commanded

warning: action already requested for unit 3
best move (not dodge) commanded

warning: action already requested for unit 2
best move (not dodge) commanded

warning: action already requested for unit 3
best move (not dodge) commanded

warning: action already requested for unit 2
best move (not dodge) commanded

best move (not dodge) commanded

best move (not dodge) commanded

warning: action already requested for unit 2
best move (not dodge) commanded

best move (not dodge) commanded

warning: action already requested for unit 3
best move (not dodge) commanded

warning: action already requested for unit 3
best move (not dodge) commanded

warning: action already requested for unit 3
best move (not dodge) commanded

best move (not dodge) commanded

best move (not dodge) commanded

best move (not dodge) commanded

best move (not dodge) commanded

warning: action already requested for unit 3
info:     end player 0
info:     start player 1
info:     end player 1
info:     start player 2
info:     end player 2
info:     start player 3
info:     end player 3
info: end round 25
info: start round 26
info:     start player 0

next move down

different unit spotted
different unit spotted
different unit spotted
different unit spotted
different unit spotted
different unit spotted
different unit spotted
different unit spotted
different unit spotted
different unit spotted
different unit spotted
Ally Pioneer spotted Enemy Furyan at dir: 7
dodge called with dir: 3

dodge
dodge1 dir: 2
order placed

next move down

different unit spotted
different unit spotted
different unit spotted
Ally Pioneer spotted Enemy Furyan at dir: 2
dodge called with dir: 6

dodge
dodge1 dir: 5
order placed

next move down

different unit spotted
different unit spotted
different unit spotted
different unit spotted
different unit spotted
different unit spotted
different unit spotted
different unit spotted
different unit spotted
different unit spotted
different unit spotted

Best move


next move down

different unit spotted
different unit spotted
different unit spotted
different unit spotted
different unit spotted
different unit spotted
different unit spotted

Best move


next move down

different unit spotted
different unit spotted
different unit spotted
different unit spotted
different unit spotted
Ally Pioneer spotted Enemy Furyan at dir: 5
dodge called with dir: 1

dodge
dodge1 dir: 1
order placed

next move down

different unit spotted
different unit spotted
different unit spotted
different unit spotted
different unit spotted
different unit spotted
different unit spotted
different unit spotted
different unit spotted
different unit spotted
different unit spotted
different unit spotted
different unit spotted
different unit spotted
different unit spotted
different unit spotted
different unit spotted
different unit spotted

Best move


next move down

different unit spotted
different unit spotted
different unit spotted
different unit spotted
different unit spotted
different unit spotted
different unit spotted
different unit spotted
different unit spotted
different unit spotted
different unit spotted
different unit spotted
different unit spotted

Best move


next move down

different unit spotted
different unit spotted
different unit spotted
different unit spotted
different unit spotted
different unit spotted
Ally Pioneer spotted Enemy Furyan at dir: 2
dodge called with dir: 6

dodge
dodge1 dir: 7
order placed

next move down

different unit spotted
different unit spotted
different unit spotted
different unit spotted
different unit spotted
different unit spotted
different unit spotted
different unit spotted
different unit spotted
Ally Pioneer spotted Enemy Furyan at dir: 3
dodge called with dir: 7

dodge
dodge1 dir: 5
order placed

next move down

different unit spotted
different unit spotted
different unit spotted
different unit spotted
different unit spotted
different unit spotted
different unit spotted
different unit spotted
different unit spotted
different unit spotted
different unit spotted
different unit spotted
different unit spotted
different unit spotted
different unit spotted
different unit spotted
different unit spotted
different unit spotted
different unit spotted
different unit spotted
different unit spotted
different unit spotted

Best move


next move down

different unit spotted
different unit spotted
different unit spotted
different unit spotted
different unit spotted
different unit spotted
different unit spotted
different unit spotted
different unit spotted
different unit spotted
different unit spotted
different unit spotted
different unit spotted
different unit spotted
different unit spotted
different unit spotted
different unit spotted
different unit spotted
different unit spotted
different unit spotted
different unit spotted
different unit spotted
different unit spotted
different unit spotted
different unit spotted
different unit spotted
different unit spotted
different unit spotted
different unit spotted
different unit spotted
different unit spotted
different unit spotted
different unit spotted
different unit spotted
different unit spotted
different unit spotted
different unit spotted
different unit spotted
different unit spotted
different unit spotted

Best move


next move down

different unit spotted
different unit spotted
different unit spotted
different unit spotted
different unit spotted
different unit spotted

Best move


next move down

different unit spotted
Ally Pioneer spotted Enemy Furyan at dir: 4
dodge called with dir: 0

dodge
order placed

next move down

different unit spotted
different unit spotted
different unit spotted
different unit spotted
different unit spotted

Best move


next move down

different unit spotted
different unit spotted
different unit spotted
different unit spotted
different unit spotted
different unit spotted
different unit spotted
different unit spotted
different unit spotted

Best move


next move down

different unit spotted
different unit spotted
different unit spotted
different unit spotted
different unit spotted
different unit spotted
different unit spotted
different unit spotted
different unit spotted
different unit spotted
different unit spotted
Ally Pioneer spotted Enemy Furyan at dir: 5
dodge called with dir: 1

dodge
dodge1 dir: 2
order placed

next move down

different unit spotted
different unit spotted
different unit spotted
different unit spotted
different unit spotted
different unit spotted
different unit spotted
different unit spotted
different unit spotted
different unit spotted
different unit spotted
different unit spotted
different unit spotted
different unit spotted
different unit spotted
different unit spotted
different unit spotted
different unit spotted
different unit spotted
different unit spotted
different unit spotted
different unit spotted
different unit spotted
different unit spotted
different unit spotted
different unit spotted
different unit spotted
different unit spotted
different unit spotted
different unit spotted
different unit spotted
different unit spotted
different unit spotted
different unit spotted
different unit spotted
different unit spotted
different unit spotted
different unit spotted
different unit spotted

Best move


next move down

different unit spotted
different unit spotted
different unit spotted
different unit spotted
different unit spotted
different unit spotted
different unit spotted
different unit spotted
different unit spotted
Ally Pioneer spotted Enemy Furyan at dir: 5
dodge called with dir: 1

dodge
dodge1 dir: 3
order placed

next move down

different unit spotted
different unit spotted
different unit spotted
different unit spotted
different unit spotted
different unit spotted
different unit spotted
different unit spotted
different unit spotted
different unit spotted
different unit spotted
different unit spotted
different unit spotted
different unit spotted
different unit spotted
different unit spotted
different unit spotted
different unit spotted
different unit spotted
different unit spotted
different unit spotted

Best move


next move down

different unit spotted
different unit spotted
different unit spotted
different unit spotted
different unit spotted
different unit spotted
different unit spotted
different unit spotted
different unit spotted
Ally Pioneer spotted Enemy Furyan at dir: 3
dodge called with dir: 7

dodge
dodge1 dir: 0
order placed

next move down

different unit spotted
different unit spotted
different unit spotted
Ally Pioneer spotted Enemy Furyan at dir: 4
dodge called with dir: 0

dodge
dodge1 dir: 0
order placed

next move down

different unit spotted
different unit spotted
different unit spotted
different unit spotted
different unit spotted
different unit spotted

Best move


next move down

different unit spotted
different unit spotted
different unit spotted
different unit spotted
different unit spotted
different unit spotted

Best move


next move down

different unit spotted
different unit spotted
different unit spotted
different unit spotted
different unit spotted
different unit spotted
different unit spotted
different unit spotted
different unit spotted
different unit spotted
different unit spotted
different unit spotted
different unit spotted
different unit spotted
different unit spotted
different unit spotted
Ally Pioneer spotted Enemy Furyan at dir: 1
dodge called with dir: 5

dodge
dodge1 dir: 5
order placed

next move down

different unit spotted
different unit spotted
different unit spotted
different unit spotted
different unit spotted
different unit spotted
different unit spotted
different unit spotted
different unit spotted
different unit spotted
different unit spotted
different unit spotted
different unit spotted
different unit spotted
different unit spotted
different unit spotted
different unit spotted
different unit spotted
different unit spotted
different unit spotted
different unit spotted
different unit spotted
different unit spotted
different unit spotted
different unit spotted
different unit spotted
different unit spotted
different unit spotted

Best move


next move down

different unit spotted
different unit spotted
different unit spotted
different unit spotted
different unit spotted
different unit spotted
different unit spotted
Ally Furian spotted Enemy unit at dir: 3
dodge called with dir: 3

dodge
dodge1 dir: 6
different unit spotted
Ally Furian spotted Enemy unit at dir: 2
dodge called with dir: 2

dodge
dodge1 dir: 6
different unit spotted
different unit spotted
Ally Furian spotted Enemy unit at dir: 1
dodge called with dir: 1

dodge
dodge1 dir: 5
different unit spotted
Ally Furian spotted Enemy unit at dir: 4
dodge called with dir: 4

dodge
dodge1 dir: 2
different unit spotted
Ally Furian spotted Enemy unit at dir: 3
dodge called with dir: 3

dodge
dodge1 dir: 6
different unit spotted
different unit spotted
Ally Furian spotted Enemy unit at dir: 2
dodge called with dir: 2

dodge
dodge1 dir: 6
different unit spotted
Ally Furian spotted Enemy unit at dir: 6
dodge called with dir: 6

dodge
dodge1 dir: 2
different unit spotted
different unit spotted
Ally Furian spotted Enemy unit at dir: 7
dodge called with dir: 7

dodge
dodge1 dir: 3
different unit spotted
Ally Furian spotted Enemy unit at dir: 3
dodge called with dir: 3

dodge
dodge1 dir: 3

next move down

different unit spotted
different unit spotted
different unit spotted
different unit spotted
Ally Furian spotted Enemy unit at dir: 1
dodge called with dir: 1

dodge
dodge1 dir: 5
different unit spotted
different unit spotted
different unit spotted
different unit spotted
different unit spotted
Ally Furian spotted Enemy unit at dir: 2
dodge called with dir: 2

dodge
dodge1 dir: 5
different unit spotted
Ally Furian spotted Enemy unit at dir: 4
dodge called with dir: 4

dodge
dodge1 dir: 0
different unit spotted
different unit spotted
Ally Furian spotted Enemy unit at dir: 7
dodge called with dir: 7

dodge
dodge1 dir: 3
different unit spotted
different unit spotted
Ally Furian spotted Enemy unit at dir: 5
dodge called with dir: 5

dodge
dodge1 dir: 1
different unit spotted
Ally Furian spotted Enemy unit at dir: 6
dodge called with dir: 6

dodge
dodge1 dir: 5

next move down

different unit spotted
different unit spotted
Ally Furian spotted Enemy unit at dir: 4
dodge called with dir: 4

dodge
dodge1 dir: 4

next move down

different unit spotted
different unit spotted
Ally Furian spotted Enemy unit at dir: 2
dodge called with dir: 2

next move down

different unit spotted
different unit spotted
different unit spotted
different unit spotted
Ally Furian spotted Enemy unit at dir: 7
dodge called with dir: 7

dodge
dodge1 dir: 0
dodge or chase commanded dir: 2

dodge or chase commanded dir: 10

dodge or chase commanded dir: 5

dodge or chase commanded dir: 0

dodge or chase commanded dir: 2

dodge or chase commanded dir: 5

dodge or chase commanded dir: 1

dodge or chase commanded dir: 0

dodge or chase commanded dir: 7

dodge or chase commanded dir: 5

dodge or chase commanded dir: 3

dodge or chase commanded dir: 2

best move (not dodge) commanded

best move (not dodge) commanded

best move (not dodge) commanded

best move (not dodge) commanded

best move (not dodge) commanded

warning: action already requested for unit 2
best move (not dodge) commanded

warning: action already requested for unit 2
best move (not dodge) commanded

warning: action already requested for unit 2
best move (not dodge) commanded

warning: action already requested for unit 2
best move (not dodge) commanded

best move (not dodge) commanded

warning: action already requested for unit 2
best move (not dodge) commanded

best move (not dodge) commanded

best move (not dodge) commanded

warning: action already requested for unit 2
best move (not dodge) commanded

best move (not dodge) commanded

best move (not dodge) commanded

best move (not dodge) commanded

warning: action already requested for unit 3
best move (not dodge) commanded

warning: action already requested for unit 3
best move (not dodge) commanded

warning: action already requested for unit 2
best move (not dodge) commanded

best move (not dodge) commanded

best move (not dodge) commanded

warning: action already requested for unit 2
best move (not dodge) commanded

best move (not dodge) commanded

warning: action already requested for unit 3
best move (not dodge) commanded

warning: action already requested for unit 3
best move (not dodge) commanded

warning: action already requested for unit 3
best move (not dodge) commanded

best move (not dodge) commanded

best move (not dodge) commanded

best move (not dodge) commanded

best move (not dodge) commanded

info:     end player 0
info:     start player 1
info:     end player 1
info:     start player 2
info:     end player 2
info:     start player 3
info:     end player 3
info: end round 26
info: start round 27
info:     start player 0

next move down

different unit spotted
different unit spotted
different unit spotted
different unit spotted
different unit spotted
different unit spotted
different unit spotted
different unit spotted
different unit spotted
different unit spotted
different unit spotted
different unit spotted
different unit spotted
different unit spotted
different unit spotted
different unit spotted
different unit spotted
different unit spotted
different unit spotted
different unit spotted
Ally Pioneer spotted Enemy Furyan at dir: 6
dodge called with dir: 2

dodge
dodge1 dir: 2
order placed

next move down

different unit spotted
different unit spotted
different unit spotted
different unit spotted
different unit spotted
Ally Pioneer spotted Enemy Furyan at dir: 4
dodge called with dir: 0

dodge
dodge1 dir: 1
order placed

next move down

different unit spotted
different unit spotted
different unit spotted
different unit spotted
different unit spotted
different unit spotted
different unit spotted
different unit spotted
different unit spotted
different unit spotted
different unit spotted
different unit spotted
different unit spotted
different unit spotted
different unit spotted
different unit spotted

Best move


next move down

different unit spotted
different unit spotted
different unit spotted
different unit spotted
different unit spotted
different unit spotted
different unit spotted
different unit spotted

Best move


next move down

different unit spotted
Ally Pioneer spotted Enemy Furyan at dir: 2
dodge called with dir: 6

dodge
dodge1 dir: 6
order placed

next move down

different unit spotted
different unit spotted
different unit spotted
different unit spotted
different unit spotted
different unit spotted
different unit spotted
different unit spotted
different unit spotted
different unit spotted
different unit spotted
different unit spotted
Ally Pioneer spotted Enemy Furyan at dir: 1
dodge called with dir: 5

dodge
dodge1 dir: 5
order placed

get sun distance

get sun distance

get sun distance

get sun distance

get sun distance

get sun distance

get sun distance

get sun distance

next move down

different unit spotted
different unit spotted
different unit spotted
different unit spotted
different unit spotted
different unit spotted
different unit spotted
different unit spotted
different unit spotted
different unit spotted
different unit spotted
different unit spotted
different unit spotted
different unit spotted
different unit spotted
different unit spotted

Best move


next move down

different unit spotted
different unit spotted
different unit spotted
different unit spotted
different unit spotted
different unit spotted
Ally Pioneer spotted Enemy Furyan at dir: 2
dodge called with dir: 6

dodge
dodge1 dir: 6
order placed

next move down

different unit spotted
different unit spotted
different unit spotted
different unit spotted
different unit spotted
different unit spotted
different unit spotted
different unit spotted
different unit spotted
different unit spotted
Ally Pioneer spotted Enemy Furyan at dir: 4
dodge called with dir: 0

dodge
dodge1 dir: 1
order placed

next move down

different unit spotted
different unit spotted
different unit spotted
different unit spotted
different unit spotted
different unit spotted
different unit spotted
different unit spotted
different unit spotted
different unit spotted
different unit spotted
different unit spotted
different unit spotted
different unit spotted
different unit spotted
different unit spotted
different unit spotted
Ally Pioneer spotted Enemy Furyan at dir: 1
dodge called with dir: 5

dodge
dodge1 dir: 6
order placed

next move down

different unit spotted
different unit spotted
different unit spotted
different unit spotted
different unit spotted
different unit spotted
different unit spotted
different unit spotted
different unit spotted
different unit spotted
different unit spotted
different unit spotted
different unit spotted
different unit spotted
different unit spotted
different unit spotted
different unit spotted
different unit spotted
different unit spotted
different unit spotted
different unit spotted
different unit spotted
different unit spotted
different unit spotted
different unit spotted
different unit spotted
different unit spotted
different unit spotted
different unit spotted
different unit spotted
different unit spotted
different unit spotted
different unit spotted
different unit spotted
different unit spotted

Best move


next move down

different unit spotted
different unit spotted
different unit spotted
different unit spotted
different unit spotted
different unit spotted
different unit spotted
different unit spotted
different unit spotted
different unit spotted
different unit spotted
different unit spotted

Best move


next move down

different unit spotted
different unit spotted
different unit spotted
different unit spotted
different unit spotted

Best move


next move down

different unit spotted
different unit spotted
different unit spotted
different unit spotted
different unit spotted
different unit spotted
different unit spotted
different unit spotted
different unit spotted
different unit spotted
different unit spotted
different unit spotted
different unit spotted
different unit spotted
different unit spotted
different unit spotted

Best move


next move down

different unit spotted
different unit spotted
different unit spotted
different unit spotted
different unit spotted
different unit spotted
different unit spotted
different unit spotted
different unit spotted
different unit spotted
different unit spotted
different unit spotted
Ally Pioneer spotted Enemy Furyan at dir: 5
dodge called with dir: 1

dodge
dodge1 dir: 2
order placed

next move down

different unit spotted
different unit spotted
different unit spotted
different unit spotted
different unit spotted
different unit spotted
different unit spotted
different unit spotted
different unit spotted
different unit spotted
different unit spotted
different unit spotted
different unit spotted
different unit spotted
different unit spotted
different unit spotted
different unit spotted
different unit spotted
different unit spotted
different unit spotted
different unit spotted
different unit spotted
different unit spotted
different unit spotted
different unit spotted
different unit spotted
different unit spotted
different unit spotted
different unit spotted
different unit spotted
different unit spotted
different unit spotted
different unit spotted
different unit spotted
different unit spotted
different unit spotted
different unit spotted
different unit spotted

Best move


next move down

different unit spotted
different unit spotted
different unit spotted
different unit spotted
different unit spotted
different unit spotted
different unit spotted
different unit spotted
Ally Pioneer spotted Enemy Furyan at dir: 6
dodge called with dir: 2

dodge
dodge1 dir: 2
order placed

next move down

different unit spotted
different unit spotted
different unit spotted
different unit spotted
different unit spotted
different unit spotted
different unit spotted
different unit spotted
different unit spotted
different unit spotted
different unit spotted
different unit spotted
different unit spotted
different unit spotted
different unit spotted
different unit spotted
different unit spotted
different unit spotted
different unit spotted
different unit spotted
different unit spotted
different unit spotted
different unit spotted
different unit spotted
different unit spotted

Best move


next move down

different unit spotted
different unit spotted
different unit spotted
Ally Pioneer spotted Enemy Furyan at dir: 3
dodge called with dir: 7

dodge
dodge1 dir: 7
order placed

next move down

different unit spotted
different unit spotted
different unit spotted
different unit spotted
Ally Pioneer spotted Enemy Furyan at dir: 4
dodge called with dir: 0

dodge
dodge1 dir: 0
order placed

next move down

different unit spotted
different unit spotted
different unit spotted
different unit spotted

Best move


next move down

different unit spotted
different unit spotted
different unit spotted
different unit spotted
different unit spotted
different unit spotted
different unit spotted
different unit spotted
different unit spotted
different unit spotted

Best move


next move down

different unit spotted
different unit spotted
different unit spotted
different unit spotted
different unit spotted
different unit spotted
different unit spotted
different unit spotted
different unit spotted
different unit spotted
different unit spotted
different unit spotted
different unit spotted
different unit spotted
different unit spotted
different unit spotted
different unit spotted
different unit spotted
different unit spotted
different unit spotted
different unit spotted
different unit spotted
Ally Pioneer spotted Enemy Furyan at dir: 1
dodge called with dir: 5

dodge
dodge1 dir: 5
order placed

next move down

different unit spotted
different unit spotted
different unit spotted
different unit spotted
different unit spotted
different unit spotted
different unit spotted
different unit spotted
different unit spotted
different unit spotted
different unit spotted
different unit spotted
different unit spotted
different unit spotted
different unit spotted
different unit spotted
different unit spotted
different unit spotted
different unit spotted
different unit spotted
different unit spotted
different unit spotted
different unit spotted
different unit spotted
different unit spotted
different unit spotted
different unit spotted

Best move


next move down

different unit spotted
different unit spotted
different unit spotted
different unit spotted
different unit spotted
Ally Furian spotted Enemy unit at dir: 3
dodge called with dir: 3

dodge
dodge1 dir: 5
different unit spotted
Ally Furian spotted Enemy unit at dir: 2
dodge called with dir: 2

dodge
dodge1 dir: 5
different unit spotted
Ally Furian spotted Enemy unit at dir: 1
dodge called with dir: 1

dodge
dodge1 dir: 5
different unit spotted
Ally Furian spotted Enemy unit at dir: 4
dodge called with dir: 4

dodge
dodge1 dir: 2
different unit spotted
Ally Furian spotted Enemy unit at dir: 3
dodge called with dir: 3

dodge
dodge1 dir: 5
different unit spotted
Ally Furian spotted Enemy unit at dir: 2
dodge called with dir: 2

dodge
dodge1 dir: 5
different unit spotted
Ally Furian spotted Enemy unit at dir: 6
dodge called with dir: 6

dodge
dodge1 dir: 2
different unit spotted
Ally Furian spotted Enemy unit at dir: 7
dodge called with dir: 7

dodge
dodge1 dir: 3
different unit spotted
Ally Furian spotted Enemy unit at dir: 1
dodge called with dir: 1

dodge
dodge1 dir: 2

next move down

different unit spotted
Ally Furian spotted Enemy unit at dir: 1
dodge called with dir: 1

dodge
dodge1 dir: 5
different unit spotted
Ally Furian spotted Enemy unit at dir: 2
dodge called with dir: 2

dodge
dodge1 dir: 6
different unit spotted
different unit spotted
different unit spotted
different unit spotted
different unit spotted
different unit spotted
different unit spotted
different unit spotted
different unit spotted
Ally Furian spotted Enemy unit at dir: 4
dodge called with dir: 4

dodge
dodge1 dir: 0
different unit spotted
Ally Furian spotted Enemy unit at dir: 5
dodge called with dir: 5

dodge
dodge1 dir: 0
different unit spotted
different unit spotted
Ally Furian spotted Enemy unit at dir: 7
dodge called with dir: 7

dodge
dodge1 dir: 3
different unit spotted
different unit spotted
different unit spotted
different unit spotted
Ally Furian spotted Enemy unit at dir: 5
dodge called with dir: 5

dodge
dodge1 dir: 5

next move down

different unit spotted
different unit spotted
different unit spotted
different unit spotted
Ally Furian spotted Enemy unit at dir: 3
dodge called with dir: 3

dodge
dodge1 dir: 2

next move down

different unit spotted
different unit spotted
different unit spotted
different unit spotted
different unit spotted
Ally Furian spotted Enemy unit at dir: 2
dodge called with dir: 2

dodge
dodge1 dir: 2

next move down

different unit spotted
different unit spotted
different unit spotted
different unit spotted
different unit spotted
Ally Furian spotted Enemy unit at dir: 7
dodge called with dir: 7

dodge
dodge1 dir: 0
dodge or chase commanded dir: 5

dodge or chase commanded dir: 6

warning: action already requested for unit 3
dodge or chase commanded dir: 0

warning: action already requested for unit 3
dodge or chase commanded dir: 0

warning: action already requested for unit 3
dodge or chase commanded dir: 3

warning: action already requested for unit 3
dodge or chase commanded dir: 5

dodge or chase commanded dir: 2

dodge or chase commanded dir: 6

dodge or chase commanded dir: 5

dodge or chase commanded dir: 6

dodge or chase commanded dir: 0

dodge or chase commanded dir: 2

dodge or chase commanded dir: 7

dodge or chase commanded dir: 2

dodge or chase commanded dir: 1

dodge or chase commanded dir: 1

dodge or chase commanded dir: 6

best move (not dodge) commanded

best move (not dodge) commanded

best move (not dodge) commanded

best move (not dodge) commanded

warning: action already requested for unit 2
best move (not dodge) commanded

warning: action already requested for unit 2
best move (not dodge) commanded

best move (not dodge) commanded

warning: action already requested for unit 2
best move (not dodge) commanded

best move (not dodge) commanded

best move (not dodge) commanded

best move (not dodge) commanded

warning: action already requested for unit 2
best move (not dodge) commanded

warning: action already requested for unit 2
best move (not dodge) commanded

warning: action already requested for unit 2
best move (not dodge) commanded

best move (not dodge) commanded

best move (not dodge) commanded

best move (not dodge) commanded

best move (not dodge) commanded

warning: action already requested for unit 2
best move (not dodge) commanded

best move (not dodge) commanded

best move (not dodge) commanded

best move (not dodge) commanded

warning: action already requested for unit 2
best move (not dodge) commanded

best move (not dodge) commanded

best move (not dodge) commanded

warning: action already requested for unit 3
info:     end player 0
info:     start player 1
info:     end player 1
info:     start player 2
info:     end player 2
info:     start player 3
info:     end player 3
info: end round 27
info: start round 28
info:     start player 0

get sun distance

get sun distance

get sun distance

get sun distance

get sun distance

get sun distance

get sun distance

get sun distance

next move down

different unit spotted
different unit spotted
different unit spotted
different unit spotted
different unit spotted
different unit spotted
different unit spotted
different unit spotted
different unit spotted
different unit spotted
different unit spotted
different unit spotted
different unit spotted
different unit spotted
different unit spotted
different unit spotted
different unit spotted
Ally Pioneer spotted Enemy Furyan at dir: 0
dodge called with dir: 4

dodge
dodge1 dir: 4
order placed

next move down

different unit spotted
different unit spotted
different unit spotted
different unit spotted
Ally Pioneer spotted Enemy Furyan at dir: 1
dodge called with dir: 5

dodge
dodge1 dir: 4
order placed

next move down

different unit spotted
different unit spotted
different unit spotted
different unit spotted
different unit spotted
different unit spotted
different unit spotted
different unit spotted
Hellhound spotted at dir: 1
dodge called with dir: 5

dodge
dodge1 dir: 5
order placed

next move down

different unit spotted
different unit spotted
different unit spotted
different unit spotted
different unit spotted
different unit spotted
different unit spotted

Best move


next move down

different unit spotted
Ally Pioneer spotted Enemy Furyan at dir: 2
dodge called with dir: 6

dodge
dodge1 dir: 4
order placed

next move down

different unit spotted
different unit spotted
different unit spotted
different unit spotted
different unit spotted
different unit spotted
different unit spotted
different unit spotted
different unit spotted
different unit spotted
different unit spotted
different unit spotted
different unit spotted

Best move


next move down

different unit spotted
different unit spotted
different unit spotted
different unit spotted
different unit spotted
different unit spotted
different unit spotted
different unit spotted
different unit spotted
different unit spotted
different unit spotted
different unit spotted

Best move


next move down

different unit spotted
different unit spotted
different unit spotted
different unit spotted
different unit spotted
Ally Pioneer spotted Enemy Furyan at dir: 1
dodge called with dir: 5

dodge
dodge1 dir: 6
order placed

next move down

different unit spotted
different unit spotted
different unit spotted
different unit spotted
Ally Pioneer spotted Enemy Furyan at dir: 2
dodge called with dir: 6

dodge
dodge1 dir: 5
order placed

next move down

different unit spotted
different unit spotted
different unit spotted
different unit spotted
different unit spotted
different unit spotted
different unit spotted
different unit spotted
different unit spotted
different unit spotted
different unit spotted
different unit spotted
different unit spotted
different unit spotted
different unit spotted
different unit spotted
different unit spotted
Ally Pioneer spotted Enemy Furyan at dir: 1
dodge called with dir: 5

dodge
dodge1 dir: 5
order placed

next move down

different unit spotted
different unit spotted
different unit spotted
different unit spotted
different unit spotted
different unit spotted
different unit spotted
different unit spotted
different unit spotted
different unit spotted
different unit spotted
different unit spotted
different unit spotted
different unit spotted
different unit spotted
different unit spotted
different unit spotted
different unit spotted
different unit spotted
different unit spotted
different unit spotted
different unit spotted
different unit spotted
different unit spotted
different unit spotted
different unit spotted
different unit spotted
different unit spotted
different unit spotted
different unit spotted
different unit spotted
different unit spotted
different unit spotted
different unit spotted

Best move


next move down

different unit spotted
different unit spotted
different unit spotted
different unit spotted
different unit spotted
different unit spotted
different unit spotted
different unit spotted
different unit spotted
different unit spotted
different unit spotted
different unit spotted
different unit spotted
different unit spotted
different unit spotted
different unit spotted
different unit spotted
different unit spotted
different unit spotted
different unit spotted

Best move


next move down

different unit spotted
different unit spotted
different unit spotted
different unit spotted
different unit spotted
different unit spotted
different unit spotted
different unit spotted
different unit spotted

Best move


next move down

different unit spotted
different unit spotted
different unit spotted
different unit spotted
different unit spotted
different unit spotted
different unit spotted
different unit spotted
different unit spotted
different unit spotted
different unit spotted
different unit spotted
different unit spotted
different unit spotted

Best move


next move down

different unit spotted
different unit spotted
different unit spotted
different unit spotted
different unit spotted
different unit spotted
different unit spotted
different unit spotted
different unit spotted
different unit spotted
Ally Pioneer spotted Enemy Furyan at dir: 5
dodge called with dir: 1

dodge
dodge1 dir: 4
order placed

next move down

different unit spotted
different unit spotted
different unit spotted
different unit spotted
different unit spotted
different unit spotted
different unit spotted
different unit spotted
different unit spotted
different unit spotted
different unit spotted
different unit spotted
different unit spotted
different unit spotted
different unit spotted
different unit spotted
different unit spotted
different unit spotted
different unit spotted
different unit spotted
different unit spotted
different unit spotted
different unit spotted
different unit spotted
different unit spotted
different unit spotted
different unit spotted
different unit spotted
different unit spotted
different unit spotted
different unit spotted
different unit spotted
different unit spotted
different unit spotted
different unit spotted
different unit spotted
different unit spotted
different unit spotted
different unit spotted
different unit spotted
different unit spotted
different unit spotted
different unit spotted

Best move


next move down

different unit spotted
different unit spotted
different unit spotted
different unit spotted
different unit spotted
different unit spotted
different unit spotted
different unit spotted
Ally Pioneer spotted Enemy Furyan at dir: 6
dodge called with dir: 2

dodge
dodge1 dir: 2
order placed

next move down

different unit spotted
different unit spotted
different unit spotted
different unit spotted
different unit spotted
different unit spotted
different unit spotted
different unit spotted
different unit spotted
different unit spotted
different unit spotted
different unit spotted
different unit spotted
different unit spotted
different unit spotted
different unit spotted
different unit spotted
different unit spotted
different unit spotted
different unit spotted
different unit spotted
different unit spotted
Ally Pioneer spotted Enemy Furyan at dir: 1
dodge called with dir: 5

dodge
dodge1 dir: 5
order placed

next move down

different unit spotted
different unit spotted
Ally Pioneer spotted Enemy Furyan at dir: 3
dodge called with dir: 7

dodge
dodge1 dir: 6
order placed

next move down

different unit spotted
different unit spotted
different unit spotted
different unit spotted
Ally Pioneer spotted Enemy Furyan at dir: 4
dodge called with dir: 0

dodge
dodge1 dir: 1
order placed

next move down

different unit spotted
different unit spotted
different unit spotted
different unit spotted
different unit spotted
different unit spotted

Best move


next move down

different unit spotted
different unit spotted
different unit spotted
different unit spotted
different unit spotted
different unit spotted
different unit spotted
different unit spotted

Best move


next move down

different unit spotted
different unit spotted
different unit spotted
different unit spotted
different unit spotted
different unit spotted
different unit spotted
different unit spotted
different unit spotted
different unit spotted
different unit spotted
different unit spotted
different unit spotted
different unit spotted
different unit spotted
different unit spotted
different unit spotted
different unit spotted
different unit spotted
different unit spotted
different unit spotted
different unit spotted
different unit spotted

Best move


next move down

different unit spotted
different unit spotted
different unit spotted
different unit spotted
different unit spotted
different unit spotted
different unit spotted
different unit spotted
different unit spotted
different unit spotted
different unit spotted
different unit spotted
different unit spotted
different unit spotted
different unit spotted
different unit spotted
different unit spotted
different unit spotted
different unit spotted
different unit spotted
different unit spotted
different unit spotted
different unit spotted
different unit spotted
different unit spotted
different unit spotted
different unit spotted
different unit spotted
different unit spotted
different unit spotted
different unit spotted
different unit spotted
different unit spotted
different unit spotted
different unit spotted
different unit spotted
different unit spotted
different unit spotted
different unit spotted

Best move


next move down

different unit spotted
different unit spotted
different unit spotted
different unit spotted
different unit spotted
different unit spotted
Ally Furian spotted Enemy unit at dir: 3
dodge called with dir: 3

dodge
dodge1 dir: 6
different unit spotted
Ally Furian spotted Enemy unit at dir: 2
dodge called with dir: 2

dodge
dodge1 dir: 6
different unit spotted
Ally Furian spotted Enemy unit at dir: 1
dodge called with dir: 1

dodge
dodge1 dir: 5
different unit spotted
Ally Furian spotted Enemy unit at dir: 4
dodge called with dir: 4

dodge
dodge1 dir: 2
different unit spotted
Ally Furian spotted Enemy unit at dir: 6
dodge called with dir: 6

dodge
dodge1 dir: 2
different unit spotted
Ally Furian spotted Enemy unit at dir: 3
dodge called with dir: 3

dodge
dodge1 dir: 6
different unit spotted
Ally Furian spotted Enemy unit at dir: 6
dodge called with dir: 6

dodge
dodge1 dir: 2
different unit spotted
Ally Furian spotted Enemy unit at dir: 1
dodge called with dir: 1

dodge
dodge1 dir: 2

next move down

different unit spotted
different unit spotted
different unit spotted
different unit spotted
Ally Furian spotted Enemy unit at dir: 1
dodge called with dir: 1

dodge
dodge1 dir: 5
different unit spotted
different unit spotted
different unit spotted
different unit spotted
different unit spotted
Ally Furian spotted Enemy unit at dir: 2
dodge called with dir: 2

dodge
dodge1 dir: 5
different unit spotted
different unit spotted
Ally Furian spotted Enemy unit at dir: 4
dodge called with dir: 4

dodge
dodge1 dir: 0
different unit spotted
Ally Furian spotted Enemy unit at dir: 7
dodge called with dir: 7

dodge
dodge1 dir: 3
different unit spotted
Ally Furian spotted Enemy unit at dir: 5
dodge called with dir: 5

dodge
dodge1 dir: 1
different unit spotted
different unit spotted
Ally Furian spotted Enemy unit at dir: 5
dodge called with dir: 5

dodge
dodge1 dir: 5

next move down

different unit spotted
different unit spotted
different unit spotted
different unit spotted
different unit spotted
Ally Furian spotted Enemy unit at dir: 5
dodge called with dir: 5

dodge
dodge1 dir: 3
different unit spotted
Ally Furian spotted Enemy unit at dir: 6
dodge called with dir: 6

dodge
dodge1 dir: 3
different unit spotted
Ally Furian spotted Enemy unit at dir: 5
dodge called with dir: 5

dodge
dodge1 dir: 5

next move down

different unit spotted
different unit spotted
different unit spotted
different unit spotted
different unit spotted
different unit spotted
Ally Furian spotted Enemy unit at dir: 1
dodge called with dir: 1

dodge
dodge1 dir: 0

next move down

different unit spotted
different unit spotted
different unit spotted
different unit spotted
different unit spotted
Ally Furian spotted Enemy unit at dir: 0
dodge called with dir: 0

dodge
dodge1 dir: 0
dodge or chase commanded dir: 5

dodge or chase commanded dir: 4

dodge or chase commanded dir: 4

dodge or chase commanded dir: 4

dodge or chase commanded dir: 4

dodge or chase commanded dir: 5

dodge or chase commanded dir: 1

dodge or chase commanded dir: 6

dodge or chase commanded dir: 5

dodge or chase commanded dir: 6

dodge or chase commanded dir: 5

dodge or chase commanded dir: 2

best move (not dodge) commanded

best move (not dodge) commanded

best move (not dodge) commanded

best move (not dodge) commanded

best move (not dodge) commanded

warning: action already requested for unit 2
best move (not dodge) commanded

warning: action already requested for unit 2
best move (not dodge) commanded

warning: action already requested for unit 2
best move (not dodge) commanded

warning: action already requested for unit 2
best move (not dodge) commanded

warning: action already requested for unit 2
best move (not dodge) commanded

warning: action already requested for unit 2
best move (not dodge) commanded

warning: action already requested for unit 2
best move (not dodge) commanded

best move (not dodge) commanded

best move (not dodge) commanded

best move (not dodge) commanded

best move (not dodge) commanded

warning: action already requested for unit 4
best move (not dodge) commanded

warning: action already requested for unit 3
best move (not dodge) commanded

warning: action already requested for unit 3
best move (not dodge) commanded

warning: action already requested for unit 3
best move (not dodge) commanded

best move (not dodge) commanded

best move (not dodge) commanded

best move (not dodge) commanded

best move (not dodge) commanded

warning: action already requested for unit 4
best move (not dodge) commanded

best move (not dodge) commanded

warning: action already requested for unit 3
best move (not dodge) commanded

best move (not dodge) commanded

best move (not dodge) commanded

best move (not dodge) commanded

best move (not dodge) commanded

warning: action already requested for unit 3
info:     end player 0
info:     start player 1
info:     end player 1
info:     start player 2
info:     end player 2
info:     start player 3
info:     end player 3
info: end round 28
info: start round 29
info:     start player 0

next move down

different unit spotted
different unit spotted
different unit spotted
different unit spotted
different unit spotted
different unit spotted
different unit spotted
different unit spotted
different unit spotted
different unit spotted
different unit spotted
different unit spotted
different unit spotted
different unit spotted
different unit spotted
different unit spotted
different unit spotted
different unit spotted
different unit spotted
different unit spotted
different unit spotted
different unit spotted
different unit spotted
different unit spotted
different unit spotted
different unit spotted
different unit spotted
different unit spotted
different unit spotted
different unit spotted
different unit spotted
different unit spotted
different unit spotted
different unit spotted

Best move


next move down

different unit spotted
different unit spotted
Ally Pioneer spotted Enemy Furyan at dir: 4
dodge called with dir: 0

dodge
dodge1 dir: 3
order placed

next move down

different unit spotted
different unit spotted
different unit spotted
different unit spotted
different unit spotted
different unit spotted
different unit spotted
different unit spotted
different unit spotted
different unit spotted
different unit spotted
different unit spotted
different unit spotted
different unit spotted
different unit spotted
different unit spotted
different unit spotted
different unit spotted
different unit spotted
different unit spotted
different unit spotted
different unit spotted

Best move


next move down

different unit spotted
different unit spotted
different unit spotted
different unit spotted
different unit spotted
different unit spotted
different unit spotted

Best move


next move down

different unit spotted
Ally Pioneer spotted Enemy Furyan at dir: 0
dodge called with dir: 4

dodge
dodge1 dir: 4
order placed

next move down

different unit spotted
different unit spotted
different unit spotted
different unit spotted
different unit spotted
different unit spotted
different unit spotted
different unit spotted
different unit spotted
different unit spotted
different unit spotted
different unit spotted
different unit spotted
different unit spotted
different unit spotted
different unit spotted
different unit spotted

Best move


next move down

different unit spotted
different unit spotted
different unit spotted
different unit spotted
different unit spotted
different unit spotted
different unit spotted
different unit spotted
different unit spotted
different unit spotted
different unit spotted
different unit spotted
different unit spotted
different unit spotted
different unit spotted
different unit spotted

Best move


next move down

different unit spotted
different unit spotted
different unit spotted
different unit spotted
different unit spotted
different unit spotted

Best move


next move down

different unit spotted
different unit spotted
Ally Pioneer spotted Enemy Furyan at dir: 3
dodge called with dir: 7

dodge
dodge1 dir: 1
order placed

next move down

different unit spotted
different unit spotted
different unit spotted
different unit spotted
different unit spotted
different unit spotted
different unit spotted
different unit spotted
different unit spotted
different unit spotted
different unit spotted
different unit spotted
different unit spotted
different unit spotted
Ally Pioneer spotted Enemy Furyan at dir: 1
dodge called with dir: 5

dodge
dodge1 dir: 5
order placed

next move down

different unit spotted
different unit spotted
different unit spotted
different unit spotted
different unit spotted
different unit spotted
different unit spotted
different unit spotted
different unit spotted
different unit spotted
different unit spotted
different unit spotted
different unit spotted
different unit spotted
different unit spotted
different unit spotted
different unit spotted
different unit spotted
different unit spotted
different unit spotted
different unit spotted
different unit spotted
different unit spotted
different unit spotted
different unit spotted
different unit spotted
different unit spotted
different unit spotted
different unit spotted
different unit spotted
different unit spotted
different unit spotted
different unit spotted
different unit spotted
different unit spotted

Best move


next move down

different unit spotted
different unit spotted
different unit spotted
different unit spotted
different unit spotted
different unit spotted
different unit spotted
different unit spotted
different unit spotted
different unit spotted
different unit spotted
different unit spotted
different unit spotted
different unit spotted

Best move


next move down

different unit spotted
different unit spotted
different unit spotted
different unit spotted
different unit spotted
different unit spotted
different unit spotted
different unit spotted
different unit spotted
different unit spotted

Best move


next move down

different unit spotted
different unit spotted
different unit spotted
different unit spotted
different unit spotted
different unit spotted
different unit spotted
different unit spotted
different unit spotted
different unit spotted
different unit spotted
different unit spotted
different unit spotted
different unit spotted
different unit spotted

Best move


next move down

different unit spotted
different unit spotted
different unit spotted
different unit spotted
different unit spotted
different unit spotted
different unit spotted
different unit spotted
different unit spotted
different unit spotted
different unit spotted
different unit spotted
different unit spotted
Ally Pioneer spotted Enemy Furyan at dir: 7
dodge called with dir: 3

dodge
dodge1 dir: 3
order placed

next move down

different unit spotted
different unit spotted
different unit spotted
different unit spotted
different unit spotted
different unit spotted
different unit spotted
different unit spotted
different unit spotted
different unit spotted
different unit spotted
different unit spotted
different unit spotted
different unit spotted
different unit spotted
different unit spotted
different unit spotted
different unit spotted
different unit spotted
different unit spotted
different unit spotted
different unit spotted
different unit spotted
different unit spotted
different unit spotted
different unit spotted
different unit spotted
different unit spotted
different unit spotted
different unit spotted
different unit spotted
different unit spotted
different unit spotted

Best move


next move down

different unit spotted
different unit spotted
different unit spotted
different unit spotted
different unit spotted
different unit spotted
different unit spotted
different unit spotted
Ally Pioneer spotted Enemy Furyan at dir: 7
dodge called with dir: 3

dodge
dodge1 dir: 3
order placed

next move down

different unit spotted
different unit spotted
different unit spotted
different unit spotted
different unit spotted
different unit spotted
different unit spotted
different unit spotted
different unit spotted
different unit spotted
different unit spotted
different unit spotted
different unit spotted
different unit spotted
different unit spotted
different unit spotted
different unit spotted
different unit spotted
different unit spotted
different unit spotted
different unit spotted
different unit spotted
Ally Pioneer spotted Enemy Furyan at dir: 1
dodge called with dir: 5

dodge
dodge1 dir: 5
order placed

next move down

different unit spotted
Ally Pioneer spotted Enemy Furyan at dir: 2
dodge called with dir: 6

dodge
dodge1 dir: 7
order placed

next move down

different unit spotted
different unit spotted
different unit spotted
different unit spotted
Ally Pioneer spotted Enemy Furyan at dir: 5
dodge called with dir: 1

dodge
dodge1 dir: 1
order placed

next move down

different unit spotted
different unit spotted
different unit spotted
different unit spotted
different unit spotted
different unit spotted
different unit spotted

Best move


next move down

different unit spotted
different unit spotted
different unit spotted
different unit spotted
different unit spotted
different unit spotted

Best move


next move down

different unit spotted
different unit spotted
different unit spotted
different unit spotted
different unit spotted
different unit spotted
different unit spotted
different unit spotted
different unit spotted
different unit spotted
different unit spotted
different unit spotted
different unit spotted
different unit spotted
different unit spotted
different unit spotted
different unit spotted
different unit spotted
different unit spotted
different unit spotted
different unit spotted
different unit spotted
different unit spotted

Best move


next move down

different unit spotted
different unit spotted
different unit spotted
different unit spotted
different unit spotted
different unit spotted
different unit spotted
different unit spotted
different unit spotted
different unit spotted
different unit spotted
different unit spotted
different unit spotted
different unit spotted
different unit spotted
different unit spotted
different unit spotted
different unit spotted
different unit spotted
different unit spotted
different unit spotted
different unit spotted
different unit spotted
different unit spotted
different unit spotted
different unit spotted
different unit spotted
different unit spotted
different unit spotted
different unit spotted
different unit spotted
different unit spotted
different unit spotted
different unit spotted
different unit spotted
different unit spotted
different unit spotted

Best move


next move down

different unit spotted
different unit spotted
different unit spotted
Ally Furian spotted Enemy unit at dir: 3
dodge called with dir: 3

dodge
dodge1 dir: 6
different unit spotted
different unit spotted
Ally Furian spotted Enemy unit at dir: 4
dodge called with dir: 4

dodge
dodge1 dir: 2
different unit spotted
different unit spotted
different unit spotted
Ally Furian spotted Enemy unit at dir: 5
dodge called with dir: 5

dodge
dodge1 dir: 2
different unit spotted
Ally Furian spotted Enemy unit at dir: 3
dodge called with dir: 3

dodge
dodge1 dir: 6
different unit spotted
Ally Furian spotted Enemy unit at dir: 7
dodge called with dir: 7

dodge
dodge1 dir: 3
different unit spotted
Ally Furian spotted Enemy unit at dir: 6
dodge called with dir: 6

dodge
dodge1 dir: 2
different unit spotted
Ally Furian spotted Enemy unit at dir: 1
dodge called with dir: 1

dodge
dodge1 dir: 2

next move down

different unit spotted
different unit spotted
different unit spotted
different unit spotted
Ally Furian spotted Enemy unit at dir: 1
dodge called with dir: 1

dodge
dodge1 dir: 5
different unit spotted
Ally Furian spotted Enemy unit at dir: 0
dodge called with dir: 0

dodge
dodge1 dir: 5
different unit spotted
Ally Furian spotted Enemy unit at dir: 6
dodge called with dir: 6

dodge
dodge1 dir: 5

next move down

different unit spotted
different unit spotted
different unit spotted
Ally Furian spotted Enemy unit at dir: 3
dodge called with dir: 3

dodge
dodge1 dir: 3

next move down

different unit spotted
Ally Furian spotted Enemy unit at dir: 2
dodge called with dir: 2

next move down

different unit spotted
different unit spotted
different unit spotted
different unit spotted
Ally Furian spotted Enemy unit at dir: 1
dodge called with dir: 1

dodge
dodge1 dir: 4

next move down

different unit spotted
different unit spotted
different unit spotted
different unit spotted
different unit spotted
different unit spotted
different unit spotted
different unit spotted
different unit spotted
different unit spotted
different unit spotted
different unit spotted
different unit spotted
different unit spotted
different unit spotted
Ally Furian spotted Enemy unit at dir: 7
dodge called with dir: 7

dodge
dodge1 dir: 7
dodge or chase commanded dir: 2

dodge or chase commanded dir: 3

dodge or chase commanded dir: 3

dodge or chase commanded dir: 5

dodge or chase commanded dir: 1

dodge or chase commanded dir: 4

dodge or chase commanded dir: 1

dodge or chase commanded dir: 7

dodge or chase commanded dir: 5

dodge or chase commanded dir: 3

best move (not dodge) commanded

best move (not dodge) commanded

best move (not dodge) commanded

best move (not dodge) commanded

warning: action already requested for unit 2
best move (not dodge) commanded

warning: action already requested for unit 2
best move (not dodge) commanded

warning: action already requested for unit 2
best move (not dodge) commanded

warning: action already requested for unit 2
best move (not dodge) commanded

warning: action already requested for unit 2
best move (not dodge) commanded

best move (not dodge) commanded

warning: action already requested for unit 2
best move (not dodge) commanded

best move (not dodge) commanded

best move (not dodge) commanded

best move (not dodge) commanded

best move (not dodge) commanded

best move (not dodge) commanded

warning: action already requested for unit 3
best move (not dodge) commanded

best move (not dodge) commanded

best move (not dodge) commanded

best move (not dodge) commanded

best move (not dodge) commanded

best move (not dodge) commanded

best move (not dodge) commanded

warning: action already requested for unit 3
best move (not dodge) commanded

best move (not dodge) commanded

best move (not dodge) commanded

best move (not dodge) commanded

best move (not dodge) commanded

info:     end player 0
info:     start player 1
info:     end player 1
info:     start player 2
info:     end player 2
info:     start player 3
info:     end player 3
info: end round 29
info: start round 30
info:     start player 0

next move down

different unit spotted
different unit spotted
different unit spotted
different unit spotted
different unit spotted
different unit spotted
different unit spotted
different unit spotted
different unit spotted
different unit spotted
different unit spotted
different unit spotted
different unit spotted
different unit spotted
different unit spotted
different unit spotted
different unit spotted
different unit spotted
different unit spotted
different unit spotted
different unit spotted
different unit spotted
different unit spotted
different unit spotted
different unit spotted
different unit spotted
different unit spotted
different unit spotted
different unit spotted
different unit spotted
different unit spotted
different unit spotted
different unit spotted
different unit spotted
different unit spotted
different unit spotted
different unit spotted
different unit spotted
different unit spotted
different unit spotted
different unit spotted

Best move


next move down

different unit spotted
different unit spotted
Ally Pioneer spotted Enemy Furyan at dir: 6
dodge called with dir: 2

dodge
dodge1 dir: 5
order placed

next move down

different unit spotted
different unit spotted
different unit spotted
different unit spotted
different unit spotted
different unit spotted
different unit spotted
different unit spotted
different unit spotted
different unit spotted
different unit spotted
different unit spotted
different unit spotted
different unit spotted
different unit spotted
different unit spotted
different unit spotted
different unit spotted
different unit spotted
different unit spotted
different unit spotted
different unit spotted
different unit spotted
different unit spotted
different unit spotted
different unit spotted
different unit spotted
different unit spotted
different unit spotted
different unit spotted
different unit spotted
different unit spotted
different unit spotted
different unit spotted

Best move


next move down

different unit spotted
different unit spotted
different unit spotted
different unit spotted
different unit spotted
different unit spotted
different unit spotted

Best move


next move down

different unit spotted
different unit spotted
Ally Pioneer spotted Enemy Furyan at dir: 6
dodge called with dir: 2

dodge
dodge1 dir: 1
order placed

next move down

different unit spotted
different unit spotted
different unit spotted
different unit spotted
different unit spotted
different unit spotted
different unit spotted
different unit spotted
different unit spotted
different unit spotted
different unit spotted
different unit spotted
different unit spotted
different unit spotted
different unit spotted
different unit spotted
different unit spotted
different unit spotted
different unit spotted
different unit spotted
different unit spotted
different unit spotted
different unit spotted

Best move


next move down

different unit spotted
different unit spotted
different unit spotted
different unit spotted
different unit spotted
different unit spotted
different unit spotted
different unit spotted
different unit spotted
different unit spotted
different unit spotted
different unit spotted
different unit spotted
different unit spotted
different unit spotted
different unit spotted
different unit spotted
different unit spotted
different unit spotted
different unit spotted

Best move


next move down

different unit spotted
different unit spotted
different unit spotted
different unit spotted
different unit spotted
different unit spotted
different unit spotted

Best move


next move down

different unit spotted
different unit spotted
different unit spotted
different unit spotted
different unit spotted
Ally Pioneer spotted Enemy Furyan at dir: 5
dodge called with dir: 1

dodge
dodge1 dir: 1
order placed

next move down

different unit spotted
different unit spotted
different unit spotted
different unit spotted
different unit spotted
different unit spotted
different unit spotted
different unit spotted
different unit spotted
different unit spotted
different unit spotted
different unit spotted
different unit spotted
different unit spotted
Ally Pioneer spotted Enemy Furyan at dir: 1
dodge called with dir: 5

dodge
dodge1 dir: 3
order placed

next move down

different unit spotted
different unit spotted
different unit spotted
different unit spotted
different unit spotted
different unit spotted
different unit spotted
different unit spotted
different unit spotted
different unit spotted
different unit spotted
different unit spotted
different unit spotted
different unit spotted
different unit spotted
different unit spotted
different unit spotted
different unit spotted
different unit spotted
different unit spotted
different unit spotted
different unit spotted
different unit spotted
different unit spotted
different unit spotted
different unit spotted
different unit spotted
different unit spotted
different unit spotted
different unit spotted
different unit spotted
different unit spotted
different unit spotted
different unit spotted
different unit spotted
different unit spotted
different unit spotted
different unit spotted
different unit spotted
different unit spotted

Best move


next move down

different unit spotted
different unit spotted
different unit spotted
different unit spotted
different unit spotted
different unit spotted
different unit spotted
different unit spotted
different unit spotted
different unit spotted
different unit spotted
different unit spotted
different unit spotted
different unit spotted
different unit spotted
different unit spotted
different unit spotted
different unit spotted
different unit spotted
different unit spotted

Best move


next move down

different unit spotted
different unit spotted
different unit spotted
different unit spotted
different unit spotted
different unit spotted
different unit spotted
different unit spotted

Best move


get sun distance

get sun distance

get sun distance

get sun distance

get sun distance

get sun distance

get sun distance

get sun distance

next move down

different unit spotted
different unit spotted
different unit spotted
different unit spotted
different unit spotted
different unit spotted
different unit spotted
different unit spotted
different unit spotted
different unit spotted
different unit spotted
different unit spotted
different unit spotted
different unit spotted
different unit spotted
different unit spotted
different unit spotted
different unit spotted
different unit spotted
different unit spotted

Best move


next move down

different unit spotted
different unit spotted
different unit spotted
different unit spotted
different unit spotted
different unit spotted
different unit spotted
different unit spotted
different unit spotted
Ally Pioneer spotted Enemy Furyan at dir: 7
dodge called with dir: 3

dodge
dodge1 dir: 3
order placed

next move down

different unit spotted
different unit spotted
different unit spotted
different unit spotted
different unit spotted
different unit spotted
different unit spotted
different unit spotted
different unit spotted
different unit spotted
different unit spotted
different unit spotted
different unit spotted
different unit spotted
different unit spotted
different unit spotted
different unit spotted
different unit spotted
different unit spotted
different unit spotted
different unit spotted
different unit spotted
different unit spotted
different unit spotted
different unit spotted
different unit spotted
different unit spotted
different unit spotted
different unit spotted
different unit spotted
different unit spotted
different unit spotted
different unit spotted
different unit spotted
different unit spotted
different unit spotted
different unit spotted
different unit spotted
different unit spotted
different unit spotted

Best move


next move down

different unit spotted
different unit spotted
different unit spotted
different unit spotted
different unit spotted
different unit spotted
different unit spotted
different unit spotted
Ally Pioneer spotted Enemy Furyan at dir: 7
dodge called with dir: 3

dodge
dodge1 dir: 5
order placed

next move down

different unit spotted
different unit spotted
different unit spotted
different unit spotted
different unit spotted
different unit spotted
different unit spotted
different unit spotted
different unit spotted
different unit spotted
different unit spotted
different unit spotted
different unit spotted
different unit spotted
different unit spotted
different unit spotted
different unit spotted

Best move


next move down

different unit spotted
different unit spotted
different unit spotted
different unit spotted
Ally Pioneer spotted Enemy Furyan at dir: 2
dodge called with dir: 6

dodge
dodge1 dir: 6
order placed

next move down

different unit spotted
different unit spotted
different unit spotted
different unit spotted
different unit spotted
different unit spotted
different unit spotted
different unit spotted
Ally Pioneer spotted Enemy Furyan at dir: 5
dodge called with dir: 1

dodge
dodge1 dir: 0
order placed

next move down

different unit spotted
different unit spotted
different unit spotted
different unit spotted
different unit spotted
different unit spotted
different unit spotted

Best move


next move down

different unit spotted
different unit spotted
different unit spotted
different unit spotted

Best move


next move down

different unit spotted
different unit spotted
different unit spotted
different unit spotted
different unit spotted
different unit spotted
different unit spotted
different unit spotted
different unit spotted
different unit spotted
different unit spotted
different unit spotted
different unit spotted
different unit spotted
different unit spotted

Best move


next move down

different unit spotted
different unit spotted
different unit spotted
different unit spotted
different unit spotted
different unit spotted
different unit spotted
different unit spotted
different unit spotted
different unit spotted
different unit spotted
different unit spotted
different unit spotted
different unit spotted
different unit spotted
different unit spotted
different unit spotted
different unit spotted
different unit spotted
different unit spotted
different unit spotted
different unit spotted
different unit spotted
different unit spotted
different unit spotted
different unit spotted
different unit spotted
different unit spotted
different unit spotted

Best move


next move down

different unit spotted
Ally Furian spotted Enemy unit at dir: 5
dodge called with dir: 5

dodge
dodge1 dir: 2
different unit spotted
different unit spotted
different unit spotted
Ally Furian spotted Enemy unit at dir: 6
dodge called with dir: 6

dodge
dodge1 dir: 2
different unit spotted
different unit spotted
Ally Furian spotted Enemy unit at dir: 4
dodge called with dir: 4

dodge
dodge1 dir: 2
different unit spotted
different unit spotted
different unit spotted
Ally Furian spotted Enemy unit at dir: 7
dodge called with dir: 7

dodge
dodge1 dir: 3
different unit spotted
Ally Furian spotted Enemy unit at dir: 3
dodge called with dir: 3

dodge
dodge1 dir: 6
different unit spotted
Ally Furian spotted Enemy unit at dir: 2
dodge called with dir: 2

dodge
dodge1 dir: 6
different unit spotted
Ally Furian spotted Enemy unit at dir: 1
dodge called with dir: 1

dodge
dodge1 dir: 4
different unit spotted
Ally Furian spotted Enemy unit at dir: 1
dodge called with dir: 1

dodge
dodge1 dir: 2

next move down

different unit spotted
different unit spotted
different unit spotted
different unit spotted
different unit spotted
Ally Furian spotted Enemy unit at dir: 5
dodge called with dir: 5

dodge
dodge1 dir: 5

next move down

different unit spotted
Ally Furian spotted Enemy unit at dir: 4
dodge called with dir: 4

next move down

different unit spotted
Ally Furian spotted Enemy unit at dir: 0
dodge called with dir: 0

dodge
dodge1 dir: 4
different unit spotted
different unit spotted
Ally Furian spotted Enemy unit at dir: 2
dodge called with dir: 2

dodge
dodge1 dir: 2

next move down

different unit spotted
different unit spotted
different unit spotted
different unit spotted
different unit spotted
Ally Furian spotted Enemy unit at dir: 1
dodge called with dir: 1

dodge
dodge1 dir: 0

next move down

different unit spotted
different unit spotted
different unit spotted
different unit spotted
different unit spotted
different unit spotted
Ally Furian spotted Enemy unit at dir: 7
dodge called with dir: 7

dodge
dodge1 dir: 7
dodge or chase commanded dir: 2

dodge or chase commanded dir: 2

warning: action already requested for unit 2
dodge or chase commanded dir: 3

warning: action already requested for unit 2
dodge or chase commanded dir: 6

warning: action already requested for unit 2
dodge or chase commanded dir: 4

warning: action already requested for unit 2
dodge or chase commanded dir: 6

warning: action already requested for unit 2
dodge or chase commanded dir: 2

warning: action already requested for unit 2
dodge or chase commanded dir: 4

dodge or chase commanded dir: 5

dodge or chase commanded dir: 3

dodge or chase commanded dir: 3

dodge or chase commanded dir: 0

dodge or chase commanded dir: 1

dodge or chase commanded dir: 6

dodge or chase commanded dir: 1

dodge or chase commanded dir: 5

best move (not dodge) commanded

best move (not dodge) commanded

best move (not dodge) commanded

best move (not dodge) commanded

best move (not dodge) commanded

best move (not dodge) commanded

warning: action already requested for unit 2
best move (not dodge) commanded

best move (not dodge) commanded

best move (not dodge) commanded

best move (not dodge) commanded

best move (not dodge) commanded

best move (not dodge) commanded

best move (not dodge) commanded

best move (not dodge) commanded

best move (not dodge) commanded

best move (not dodge) commanded

best move (not dodge) commanded

best move (not dodge) commanded

best move (not dodge) commanded

warning: action already requested for unit 22
best move (not dodge) commanded

best move (not dodge) commanded

best move (not dodge) commanded

info:     end player 0
info:     start player 1
info:     end player 1
info:     start player 2
info:     end player 2
info:     start player 3
info:     end player 3
info: end round 30
info: start round 31
info:     start player 0

next move down

different unit spotted
different unit spotted
different unit spotted
different unit spotted
different unit spotted
different unit spotted
different unit spotted
different unit spotted
different unit spotted
different unit spotted
different unit spotted
different unit spotted
different unit spotted
different unit spotted
different unit spotted
different unit spotted
different unit spotted
different unit spotted
different unit spotted
different unit spotted
different unit spotted
different unit spotted
different unit spotted
different unit spotted
different unit spotted
different unit spotted
different unit spotted

Best move


next move down

different unit spotted
Ally Pioneer spotted Enemy Furyan at dir: 0
dodge called with dir: 4

dodge
dodge1 dir: 3
order placed

next move down

different unit spotted
different unit spotted
different unit spotted
different unit spotted
different unit spotted
different unit spotted
different unit spotted
different unit spotted
different unit spotted
different unit spotted
different unit spotted
different unit spotted
different unit spotted
different unit spotted
different unit spotted
different unit spotted
different unit spotted
different unit spotted
different unit spotted
different unit spotted
different unit spotted
different unit spotted
different unit spotted
different unit spotted
different unit spotted
different unit spotted

Best move


next move down

different unit spotted
different unit spotted
different unit spotted
different unit spotted
different unit spotted
different unit spotted
different unit spotted

Best move


next move down

different unit spotted
different unit spotted
different unit spotted
different unit spotted
different unit spotted
different unit spotted
different unit spotted
different unit spotted
different unit spotted
different unit spotted
different unit spotted
different unit spotted
different unit spotted
different unit spotted
different unit spotted
different unit spotted
different unit spotted
different unit spotted
different unit spotted
different unit spotted
different unit spotted
different unit spotted
different unit spotted
different unit spotted

Best move


next move down

different unit spotted
different unit spotted
different unit spotted
different unit spotted
different unit spotted
different unit spotted
different unit spotted
different unit spotted
different unit spotted
different unit spotted
different unit spotted
different unit spotted
different unit spotted
different unit spotted
different unit spotted
different unit spotted
different unit spotted

Best move


next move down

different unit spotted
different unit spotted
different unit spotted
different unit spotted
different unit spotted
different unit spotted

Best move


next move down

different unit spotted
different unit spotted
different unit spotted
different unit spotted
different unit spotted
different unit spotted
different unit spotted
different unit spotted
different unit spotted
Ally Pioneer spotted Enemy Furyan at dir: 5
dodge called with dir: 1

dodge
dodge1 dir: 1
order placed

next move down

different unit spotted
different unit spotted
different unit spotted
different unit spotted
different unit spotted
different unit spotted
different unit spotted
different unit spotted
different unit spotted
different unit spotted
different unit spotted
different unit spotted
different unit spotted
Ally Pioneer spotted Enemy Furyan at dir: 1
dodge called with dir: 5

dodge
dodge1 dir: 5
order placed

next move down

different unit spotted
different unit spotted
different unit spotted
different unit spotted
different unit spotted
different unit spotted
different unit spotted
different unit spotted
different unit spotted
different unit spotted
different unit spotted
different unit spotted
different unit spotted
different unit spotted
different unit spotted
different unit spotted
different unit spotted
different unit spotted
different unit spotted
different unit spotted
different unit spotted
different unit spotted
different unit spotted
different unit spotted
different unit spotted
different unit spotted
different unit spotted
different unit spotted
different unit spotted
different unit spotted
different unit spotted
different unit spotted
different unit spotted
different unit spotted
different unit spotted
different unit spotted
different unit spotted
different unit spotted
different unit spotted
different unit spotted
different unit spotted
different unit spotted
different unit spotted

Best move


next move down

different unit spotted
different unit spotted
different unit spotted
different unit spotted
different unit spotted
different unit spotted
different unit spotted
different unit spotted
different unit spotted
different unit spotted
different unit spotted
different unit spotted
different unit spotted
different unit spotted

Best move


next move down

different unit spotted
different unit spotted
different unit spotted
different unit spotted
different unit spotted

Best move


get sun distance

get sun distance

get sun distance

get sun distance

get sun distance

get sun distance

get sun distance

next move down

different unit spotted
different unit spotted
different unit spotted
different unit spotted
different unit spotted
different unit spotted
different unit spotted
different unit spotted
different unit spotted
different unit spotted
different unit spotted
different unit spotted
different unit spotted
different unit spotted
different unit spotted
different unit spotted
different unit spotted
different unit spotted
different unit spotted

Best move


next move down

different unit spotted
different unit spotted
different unit spotted
different unit spotted
Ally Pioneer spotted Enemy Furyan at dir: 7
dodge called with dir: 3

dodge
dodge1 dir: 3
order placed

next move down

different unit spotted
different unit spotted
different unit spotted
different unit spotted
different unit spotted
different unit spotted
different unit spotted
different unit spotted
different unit spotted
different unit spotted
different unit spotted
different unit spotted
different unit spotted
different unit spotted
different unit spotted
different unit spotted
different unit spotted
different unit spotted
different unit spotted
different unit spotted
different unit spotted
different unit spotted
different unit spotted
different unit spotted
different unit spotted
different unit spotted
different unit spotted
different unit spotted
different unit spotted
different unit spotted
different unit spotted
different unit spotted
different unit spotted
different unit spotted
different unit spotted
different unit spotted
different unit spotted
different unit spotted
different unit spotted
different unit spotted
different unit spotted
different unit spotted
different unit spotted

Best move


next move down

different unit spotted
different unit spotted
different unit spotted
different unit spotted
different unit spotted
Ally Pioneer spotted Enemy Furyan at dir: 0
dodge called with dir: 4

dodge
dodge1 dir: 6
order placed

next move down

different unit spotted
different unit spotted
different unit spotted
different unit spotted
different unit spotted
different unit spotted
different unit spotted
different unit spotted
different unit spotted
different unit spotted
different unit spotted
different unit spotted
different unit spotted
different unit spotted
different unit spotted
different unit spotted

Best move


next move down

different unit spotted
different unit spotted
Ally Pioneer spotted Enemy Furyan at dir: 3
dodge called with dir: 7

dodge
dodge1 dir: 7
order placed

next move down

different unit spotted
different unit spotted
different unit spotted
different unit spotted
different unit spotted
different unit spotted
different unit spotted
different unit spotted
different unit spotted
different unit spotted
different unit spotted

Best move


next move down

different unit spotted
different unit spotted
different unit spotted
different unit spotted
different unit spotted
different unit spotted
different unit spotted

Best move


next move down

different unit spotted

Best move


next move down

different unit spotted
different unit spotted
different unit spotted
different unit spotted
different unit spotted
different unit spotted
different unit spotted
different unit spotted
different unit spotted
different unit spotted
different unit spotted

Best move


next move down

different unit spotted
different unit spotted
different unit spotted
different unit spotted
different unit spotted
different unit spotted
different unit spotted
different unit spotted
different unit spotted
different unit spotted
different unit spotted
different unit spotted
different unit spotted
different unit spotted

Best move


next move down

different unit spotted
different unit spotted
different unit spotted
different unit spotted
different unit spotted
different unit spotted
different unit spotted
different unit spotted
different unit spotted
different unit spotted
different unit spotted
different unit spotted
different unit spotted
different unit spotted
different unit spotted
different unit spotted
different unit spotted
different unit spotted
different unit spotted
different unit spotted
different unit spotted
different unit spotted
different unit spotted
different unit spotted

Best move


next move down

different unit spotted
Ally Furian spotted Enemy unit at dir: 6
dodge called with dir: 6

dodge
dodge1 dir: 3
different unit spotted
different unit spotted
Ally Furian spotted Enemy unit at dir: 7
dodge called with dir: 7

dodge
dodge1 dir: 3
different unit spotted
different unit spotted
different unit spotted
Ally Furian spotted Enemy unit at dir: 0
dodge called with dir: 0

dodge
dodge1 dir: 4
different unit spotted
different unit spotted
Ally Furian spotted Enemy unit at dir: 2
dodge called with dir: 2

dodge
dodge1 dir: 5
different unit spotted
Ally Furian spotted Enemy unit at dir: 1
dodge called with dir: 1

dodge
dodge1 dir: 5
different unit spotted
Ally Furian spotted Enemy unit at dir: 2
dodge called with dir: 2

dodge
dodge1 dir: 3

next move down

different unit spotted
different unit spotted
different unit spotted
Ally Furian spotted Enemy unit at dir: 5
dodge called with dir: 5

dodge
dodge1 dir: 5

next move down

different unit spotted
Ally Furian spotted Enemy unit at dir: 4
dodge called with dir: 4

next move down

different unit spotted
Ally Furian spotted Enemy unit at dir: 1
dodge called with dir: 1

dodge
dodge1 dir: 5
different unit spotted
Ally Furian spotted Enemy unit at dir: 2
dodge called with dir: 2

dodge
dodge1 dir: 6
different unit spotted
different unit spotted
Ally Furian spotted Enemy unit at dir: 0
dodge called with dir: 0

dodge
dodge1 dir: 4
different unit spotted
different unit spotted
different unit spotted
different unit spotted
different unit spotted
different unit spotted
different unit spotted
different unit spotted
different unit spotted
different unit spotted
Ally Furian spotted Enemy unit at dir: 3
dodge called with dir: 3

dodge
dodge1 dir: 7
different unit spotted
Ally Furian spotted Enemy unit at dir: 4
dodge called with dir: 4

dodge
dodge1 dir: 0
different unit spotted
different unit spotted
Ally Furian spotted Enemy unit at dir: 7
dodge called with dir: 7

dodge
dodge1 dir: 3
different unit spotted
Ally Furian spotted Enemy unit at dir: 6
dodge called with dir: 6

dodge
dodge1 dir: 2
different unit spotted
different unit spotted
different unit spotted
different unit spotted
different unit spotted
different unit spotted
different unit spotted
different unit spotted
different unit spotted
different unit spotted
Ally Furian spotted Enemy unit at dir: 5
dodge called with dir: 5

dodge
dodge1 dir: 0
different unit spotted
Ally Furian spotted Enemy unit at dir: 6
dodge called with dir: 6

dodge
dodge1 dir: 2
different unit spotted
different unit spotted
different unit spotted
Ally Furian spotted Enemy unit at dir: 7
dodge called with dir: 7

dodge
dodge1 dir: 3
different unit spotted
different unit spotted
different unit spotted
different unit spotted
different unit spotted
different unit spotted
Ally Furian spotted Enemy unit at dir: 4
dodge called with dir: 4

dodge
dodge1 dir: 0
different unit spotted
Ally Furian spotted Enemy unit at dir: 0
dodge called with dir: 0

dodge
dodge1 dir: 4
different unit spotted
Ally Furian spotted Enemy unit at dir: 5
dodge called with dir: 5

dodge
dodge1 dir: 5

next move down

different unit spotted
different unit spotted
different unit spotted
different unit spotted
Ally Furian spotted Enemy unit at dir: 1
dodge called with dir: 1

dodge
dodge1 dir: 4

next move down

different unit spotted
different unit spotted
Ally Furian spotted Enemy unit at dir: 7
dodge called with dir: 7

dodge
dodge1 dir: 3
different unit spotted
different unit spotted
different unit spotted
different unit spotted
different unit spotted
different unit spotted
different unit spotted
different unit spotted
different unit spotted
different unit spotted
different unit spotted
Ally Furian spotted Enemy unit at dir: 0
dodge called with dir: 0

dodge
dodge1 dir: 4
different unit spotted
different unit spotted
different unit spotted
Ally Furian spotted Enemy unit at dir: 6
dodge called with dir: 6

dodge
dodge1 dir: 2
different unit spotted
different unit spotted
different unit spotted
different unit spotted
different unit spotted
different unit spotted
different unit spotted
Ally Furian spotted Enemy unit at dir: 1
dodge called with dir: 1

dodge
dodge1 dir: 4
different unit spotted
different unit spotted
Ally Furian spotted Enemy unit at dir: 2
dodge called with dir: 2

dodge
dodge1 dir: 6
different unit spotted
different unit spotted
Ally Furian spotted Enemy unit at dir: 4
dodge called with dir: 4

dodge
dodge1 dir: 0
different unit spotted
Ally Furian spotted Enemy unit at dir: 3
dodge called with dir: 3

dodge
dodge1 dir: 7
different unit spotted
different unit spotted
different unit spotted
different unit spotted
different unit spotted
different unit spotted
different unit spotted
different unit spotted
Ally Furian spotted Enemy unit at dir: 3
dodge called with dir: 3

dodge
dodge1 dir: 3
dodge or chase commanded dir: 3

dodge or chase commanded dir: 3

warning: action already requested for unit 2
dodge or chase commanded dir: 5

warning: action already requested for unit 2
dodge or chase commanded dir: 5

warning: action already requested for unit 2
dodge or chase commanded dir: 4

warning: action already requested for unit 2
dodge or chase commanded dir: 4

dodge or chase commanded dir: 5

dodge or chase commanded dir: 7

warning: action already requested for unit 22
dodge or chase commanded dir: 3

warning: action already requested for unit 22
dodge or chase commanded dir: 2

warning: action already requested for unit 22
dodge or chase commanded dir: 0

warning: action already requested for unit 22
dodge or chase commanded dir: 6

warning: action already requested for unit 22
dodge or chase commanded dir: 4

warning: action already requested for unit 22
dodge or chase commanded dir: 3

dodge or chase commanded dir: 3

dodge or chase commanded dir: 7

dodge or chase commanded dir: 1

dodge or chase commanded dir: 5

dodge or chase commanded dir: 6

best move (not dodge) commanded

best move (not dodge) commanded

best move (not dodge) commanded

best move (not dodge) commanded

warning: action already requested for unit 22
best move (not dodge) commanded

best move (not dodge) commanded

warning: action already requested for unit 22
best move (not dodge) commanded

best move (not dodge) commanded

warning: action already requested for unit 22
best move (not dodge) commanded

warning: action already requested for unit 2
best move (not dodge) commanded

best move (not dodge) commanded

warning: action already requested for unit 63
best move (not dodge) commanded

best move (not dodge) commanded

warning: action already requested for unit 22
best move (not dodge) commanded

best move (not dodge) commanded

best move (not dodge) commanded

best move (not dodge) commanded

warning: action already requested for unit 63
best move (not dodge) commanded

best move (not dodge) commanded

best move (not dodge) commanded

best move (not dodge) commanded

best move (not dodge) commanded

warning: action already requested for unit 63
best move (not dodge) commanded

warning: action already requested for unit 22
best move (not dodge) commanded

best move (not dodge) commanded

warning: action already requested for unit 22
best move (not dodge) commanded

warning: action already requested for unit 63
best move (not dodge) commanded

best move (not dodge) commanded

best move (not dodge) commanded

best move (not dodge) commanded

warning: action already requested for unit 63
best move (not dodge) commanded

warning: action already requested for unit 63
best move (not dodge) commanded

best move (not dodge) commanded

best move (not dodge) commanded

best move (not dodge) commanded

warning: action already requested for unit 63
info:     end player 0
info:     start player 1
info:     end player 1
info:     start player 2
info:     end player 2
info:     start player 3
info:     end player 3
info: end round 31
info: start round 32
info:     start player 0

next move down

different unit spotted
different unit spotted
different unit spotted
different unit spotted
different unit spotted
different unit spotted
different unit spotted
different unit spotted
different unit spotted
different unit spotted
different unit spotted
different unit spotted
different unit spotted
different unit spotted
different unit spotted
different unit spotted
different unit spotted
different unit spotted
different unit spotted
different unit spotted
different unit spotted
different unit spotted
different unit spotted
different unit spotted

Best move


next move down

different unit spotted
different unit spotted
different unit spotted
different unit spotted
different unit spotted
different unit spotted
different unit spotted
different unit spotted
different unit spotted
different unit spotted
different unit spotted
different unit spotted
different unit spotted
different unit spotted
different unit spotted
Ally Pioneer spotted Enemy Furyan at dir: 7
dodge called with dir: 3

dodge
dodge1 dir: 3
order placed

next move down

different unit spotted
different unit spotted
different unit spotted
different unit spotted
different unit spotted
different unit spotted

Best move


next move down

different unit spotted
different unit spotted
different unit spotted
different unit spotted
different unit spotted
different unit spotted
different unit spotted
different unit spotted
different unit spotted
different unit spotted
different unit spotted
different unit spotted
different unit spotted
different unit spotted
different unit spotted
different unit spotted
different unit spotted
different unit spotted
different unit spotted
different unit spotted
different unit spotted
different unit spotted
different unit spotted
different unit spotted
different unit spotted
different unit spotted
different unit spotted

Best move


next move down

different unit spotted
different unit spotted
different unit spotted
different unit spotted
different unit spotted
different unit spotted
different unit spotted
different unit spotted
different unit spotted
different unit spotted
different unit spotted
different unit spotted
different unit spotted
different unit spotted

Best move


next move down

different unit spotted
different unit spotted
different unit spotted
different unit spotted
different unit spotted
different unit spotted
different unit spotted

Best move


next move down

different unit spotted
different unit spotted
different unit spotted
different unit spotted
different unit spotted
different unit spotted
different unit spotted

Best move


next move down

different unit spotted
different unit spotted
different unit spotted
different unit spotted
different unit spotted
different unit spotted
different unit spotted
different unit spotted
different unit spotted
different unit spotted
different unit spotted
different unit spotted

Best move


next move down

different unit spotted
different unit spotted
different unit spotted
different unit spotted
different unit spotted
different unit spotted
different unit spotted
different unit spotted
different unit spotted
different unit spotted
different unit spotted
different unit spotted
different unit spotted
different unit spotted
different unit spotted
different unit spotted
different unit spotted
different unit spotted
different unit spotted
different unit spotted
different unit spotted
different unit spotted
different unit spotted
different unit spotted
different unit spotted
different unit spotted
different unit spotted
different unit spotted
different unit spotted
different unit spotted
different unit spotted
different unit spotted
different unit spotted
different unit spotted
different unit spotted
different unit spotted
different unit spotted

Best move


next move down

different unit spotted
different unit spotted
different unit spotted
different unit spotted
different unit spotted
different unit spotted
different unit spotted
different unit spotted
different unit spotted
different unit spotted
different unit spotted

Best move


next move down

different unit spotted
different unit spotted
different unit spotted
different unit spotted
different unit spotted
different unit spotted
different unit spotted
different unit spotted

Best move


next move down

different unit spotted
different unit spotted
different unit spotted
different unit spotted
different unit spotted
different unit spotted
different unit spotted
different unit spotted
different unit spotted
different unit spotted
different unit spotted
different unit spotted
different unit spotted
different unit spotted
different unit spotted
different unit spotted

Best move


next move down

different unit spotted
different unit spotted

Best move


next move down

different unit spotted
different unit spotted
different unit spotted
different unit spotted
different unit spotted
different unit spotted
different unit spotted
different unit spotted
different unit spotted
different unit spotted
different unit spotted
different unit spotted
different unit spotted
different unit spotted
different unit spotted
different unit spotted
different unit spotted
different unit spotted
different unit spotted
different unit spotted
different unit spotted
different unit spotted
different unit spotted
different unit spotted
different unit spotted
different unit spotted
different unit spotted
different unit spotted
different unit spotted
different unit spotted
different unit spotted
different unit spotted

Best move


next move down

different unit spotted
Ally Pioneer spotted Enemy Furyan at dir: 0
dodge called with dir: 4

dodge
dodge1 dir: 5
order placed

next move down

different unit spotted
different unit spotted
different unit spotted
different unit spotted
different unit spotted
different unit spotted
different unit spotted
different unit spotted
different unit spotted
different unit spotted
different unit spotted

Best move


next move down

different unit spotted
different unit spotted
different unit spotted
different unit spotted
different unit spotted
different unit spotted
different unit spotted
different unit spotted

Best move


next move down

different unit spotted
different unit spotted
different unit spotted
different unit spotted
different unit spotted
different unit spotted
different unit spotted
different unit spotted
different unit spotted
different unit spotted
different unit spotted

Best move


next move down

different unit spotted
different unit spotted
different unit spotted
different unit spotted
different unit spotted
different unit spotted
different unit spotted
different unit spotted

Best move


next move down

different unit spotted
different unit spotted
different unit spotted
different unit spotted
different unit spotted
different unit spotted

Best move


next move down

different unit spotted
different unit spotted
different unit spotted
different unit spotted
different unit spotted
different unit spotted
different unit spotted
different unit spotted
different unit spotted
different unit spotted
different unit spotted
different unit spotted
different unit spotted
different unit spotted
different unit spotted
different unit spotted
different unit spotted
different unit spotted
different unit spotted
different unit spotted
different unit spotted
different unit spotted
different unit spotted
different unit spotted
different unit spotted
different unit spotted

Best move


next move down

different unit spotted
different unit spotted
different unit spotted
different unit spotted
different unit spotted
different unit spotted
different unit spotted
different unit spotted
different unit spotted
different unit spotted
different unit spotted
different unit spotted
different unit spotted
different unit spotted
different unit spotted
different unit spotted
different unit spotted
different unit spotted
different unit spotted
different unit spotted
different unit spotted
different unit spotted

Best move


next move down

different unit spotted
different unit spotted
different unit spotted
different unit spotted
different unit spotted
different unit spotted
different unit spotted
different unit spotted
different unit spotted
different unit spotted

Best move


next move down

different unit spotted
different unit spotted
different unit spotted
different unit spotted
different unit spotted
different unit spotted
different unit spotted
different unit spotted
different unit spotted
different unit spotted
different unit spotted
different unit spotted
different unit spotted
different unit spotted
different unit spotted
different unit spotted
different unit spotted
different unit spotted
different unit spotted
different unit spotted
different unit spotted
different unit spotted
different unit spotted
different unit spotted
different unit spotted

Best move


next move down

different unit spotted
different unit spotted
different unit spotted
different unit spotted
different unit spotted
different unit spotted
different unit spotted
different unit spotted

Best move


next move down

different unit spotted
different unit spotted
Ally Furian spotted Enemy unit at dir: 7
dodge called with dir: 7

dodge
dodge1 dir: 3
different unit spotted
Ally Furian spotted Enemy unit at dir: 3
dodge called with dir: 3

dodge
dodge1 dir: 3

next move down

different unit spotted
Ally Furian spotted Enemy unit at dir: 4
dodge called with dir: 4

next move down

different unit spotted
different unit spotted
different unit spotted
different unit spotted
different unit spotted
different unit spotted
different unit spotted
Ally Furian spotted Enemy unit at dir: 7
dodge called with dir: 7

dodge
dodge1 dir: 2
different unit spotted
Ally Furian spotted Enemy unit at dir: 6
dodge called with dir: 6

dodge
dodge1 dir: 2
different unit spotted
Ally Furian spotted Enemy unit at dir: 1
dodge called with dir: 1

dodge
dodge1 dir: 1

next move down

different unit spotted
Ally Furian spotted Enemy unit at dir: 1
dodge called with dir: 1

dodge
dodge1 dir: 5
different unit spotted
Ally Furian spotted Enemy unit at dir: 2
dodge called with dir: 2

dodge
dodge1 dir: 6
different unit spotted
different unit spotted
Ally Furian spotted Enemy unit at dir: 0
dodge called with dir: 0

dodge
dodge1 dir: 4
different unit spotted
different unit spotted
different unit spotted
different unit spotted
different unit spotted
different unit spotted
different unit spotted
different unit spotted
different unit spotted
different unit spotted
Ally Furian spotted Enemy unit at dir: 3
dodge called with dir: 3

dodge
dodge1 dir: 7
different unit spotted
Ally Furian spotted Enemy unit at dir: 4
dodge called with dir: 4

dodge
dodge1 dir: 0
different unit spotted
different unit spotted
different unit spotted
Ally Furian spotted Enemy unit at dir: 7
dodge called with dir: 7

dodge
dodge1 dir: 3
different unit spotted
Ally Furian spotted Enemy unit at dir: 6
dodge called with dir: 6

dodge
dodge1 dir: 2
different unit spotted
different unit spotted
Ally Furian spotted Enemy unit at dir: 5
dodge called with dir: 5

dodge
dodge1 dir: 0
different unit spotted
different unit spotted
different unit spotted
different unit spotted
different unit spotted
different unit spotted
different unit spotted
different unit spotted
Ally Furian spotted Enemy unit at dir: 5
dodge called with dir: 5

dodge
dodge1 dir: 0
different unit spotted
Ally Furian spotted Enemy unit at dir: 6
dodge called with dir: 6

dodge
dodge1 dir: 2
different unit spotted
different unit spotted
different unit spotted
Ally Furian spotted Enemy unit at dir: 7
dodge called with dir: 7

dodge
dodge1 dir: 3
different unit spotted
different unit spotted
different unit spotted
different unit spotted
different unit spotted
different unit spotted
Ally Furian spotted Enemy unit at dir: 4
dodge called with dir: 4

dodge
dodge1 dir: 0
different unit spotted
Ally Furian spotted Enemy unit at dir: 0
dodge called with dir: 0

dodge
dodge1 dir: 4
different unit spotted
Ally Furian spotted Enemy unit at dir: 5
dodge called with dir: 5

dodge
dodge1 dir: 5

next move down

different unit spotted
different unit spotted
different unit spotted
different unit spotted
Ally Furian spotted Enemy unit at dir: 5
dodge called with dir: 5

dodge
dodge1 dir: 5

next move down

different unit spotted
different unit spotted
different unit spotted
different unit spotted
different unit spotted
Ally Furian spotted Enemy unit at dir: 0
dodge called with dir: 0

dodge
dodge1 dir: 0

next move down

different unit spotted
Ally Furian spotted Enemy unit at dir: 6
dodge called with dir: 6

dodge
dodge1 dir: 2
different unit spotted
different unit spotted
Ally Furian spotted Enemy unit at dir: 5
dodge called with dir: 5

dodge
dodge1 dir: 1
different unit spotted
different unit spotted
different unit spotted
Ally Furian spotted Enemy unit at dir: 7
dodge called with dir: 7

dodge
dodge1 dir: 3
different unit spotted
different unit spotted
different unit spotted
different unit spotted
different unit spotted
different unit spotted
Ally Furian spotted Enemy unit at dir: 0
dodge called with dir: 0

dodge
dodge1 dir: 4
different unit spotted
different unit spotted
different unit spotted
Ally Furian spotted Enemy unit at dir: 4
dodge called with dir: 4

dodge
dodge1 dir: 0
different unit spotted
different unit spotted
different unit spotted
different unit spotted
different unit spotted
Ally Furian spotted Enemy unit at dir: 2
dodge called with dir: 2

dodge
dodge1 dir: 5
different unit spotted
different unit spotted
Ally Furian spotted Enemy unit at dir: 1
dodge called with dir: 1

dodge
dodge1 dir: 5
different unit spotted
Ally Furian spotted Enemy unit at dir: 3
dodge called with dir: 3

dodge
dodge1 dir: 7
different unit spotted
different unit spotted
different unit spotted
different unit spotted
different unit spotted
different unit spotted
different unit spotted
different unit spotted
different unit spotted
different unit spotted
different unit spotted
different unit spotted
different unit spotted
different unit spotted
Ally Furian spotted Enemy unit at dir: 3
dodge called with dir: 3

dodge
dodge1 dir: 3
dodge or chase commanded dir: 4

dodge or chase commanded dir: 2

dodge or chase commanded dir: 1

warning: action already requested for unit 63
dodge or chase commanded dir: 0

warning: action already requested for unit 63
dodge or chase commanded dir: 5

warning: action already requested for unit 63
dodge or chase commanded dir: 7

warning: action already requested for unit 63
dodge or chase commanded dir: 5

warning: action already requested for unit 63
dodge or chase commanded dir: 3

warning: action already requested for unit 63
dodge or chase commanded dir: 4

warning: action already requested for unit 63
dodge or chase commanded dir: 5

dodge or chase commanded dir: 6

warning: action already requested for unit 22
dodge or chase commanded dir: 0

warning: action already requested for unit 22
dodge or chase commanded dir: 2

warning: action already requested for unit 22
dodge or chase commanded dir: 0

warning: action already requested for unit 22
dodge or chase commanded dir: 3

warning: action already requested for unit 22
dodge or chase commanded dir: 4

warning: action already requested for unit 22
dodge or chase commanded dir: 7

warning: action already requested for unit 22
dodge or chase commanded dir: 5

dodge or chase commanded dir: 3

best move (not dodge) commanded

best move (not dodge) commanded

best move (not dodge) commanded

best move (not dodge) commanded

warning: action already requested for unit 22
best move (not dodge) commanded

best move (not dodge) commanded

best move (not dodge) commanded

best move (not dodge) commanded

warning: action already requested for unit 22
best move (not dodge) commanded

best move (not dodge) commanded

best move (not dodge) commanded

warning: action already requested for unit 4
best move (not dodge) commanded

best move (not dodge) commanded

warning: action already requested for unit 4
best move (not dodge) commanded

best move (not dodge) commanded

warning: action already requested for unit 22
best move (not dodge) commanded

best move (not dodge) commanded

best move (not dodge) commanded

best move (not dodge) commanded

warning: action already requested for unit 22
best move (not dodge) commanded

best move (not dodge) commanded

best move (not dodge) commanded

best move (not dodge) commanded

warning: action already requested for unit 22
best move (not dodge) commanded

best move (not dodge) commanded

warning: action already requested for unit 22
best move (not dodge) commanded

best move (not dodge) commanded

best move (not dodge) commanded

warning: action already requested for unit 63
best move (not dodge) commanded

best move (not dodge) commanded

best move (not dodge) commanded

best move (not dodge) commanded

best move (not dodge) commanded

warning: action already requested for unit 2
best move (not dodge) commanded

best move (not dodge) commanded

best move (not dodge) commanded

best move (not dodge) commanded

info:     end player 0
info:     start player 1
info:     end player 1
info:     start player 2
info:     end player 2
info:     start player 3
info:     end player 3
info: end round 32
info: start round 33
info:     start player 0

next move down

different unit spotted
different unit spotted
different unit spotted
different unit spotted
different unit spotted
different unit spotted
different unit spotted
different unit spotted
different unit spotted
Ally Pioneer spotted Enemy Furyan at dir: 7
dodge called with dir: 3

dodge
dodge1 dir: 3
order placed

next move down

different unit spotted
different unit spotted
different unit spotted
different unit spotted
different unit spotted
different unit spotted
different unit spotted
different unit spotted
different unit spotted
different unit spotted
different unit spotted
different unit spotted
different unit spotted
different unit spotted
different unit spotted
different unit spotted
different unit spotted
different unit spotted
different unit spotted
different unit spotted
different unit spotted
different unit spotted
different unit spotted
different unit spotted

Best move


next move down

different unit spotted
different unit spotted
different unit spotted
different unit spotted
different unit spotted
different unit spotted

Best move


next move down

different unit spotted
Ally Pioneer spotted Enemy Furyan at dir: 0
dodge called with dir: 4

dodge
dodge1 dir: 4
order placed

get sun distance

get sun distance

get sun distance

next move down

different unit spotted
different unit spotted
different unit spotted
different unit spotted
different unit spotted
different unit spotted
different unit spotted
different unit spotted
different unit spotted
different unit spotted
different unit spotted
different unit spotted
different unit spotted
different unit spotted
different unit spotted
different unit spotted
different unit spotted
different unit spotted

Best move


next move down

different unit spotted
different unit spotted
different unit spotted
different unit spotted
different unit spotted
different unit spotted
different unit spotted
different unit spotted
different unit spotted
different unit spotted
different unit spotted
different unit spotted

Best move


next move down

different unit spotted
different unit spotted
different unit spotted
different unit spotted
different unit spotted
different unit spotted

Best move


next move down

different unit spotted
different unit spotted
different unit spotted
different unit spotted
different unit spotted
different unit spotted
different unit spotted
different unit spotted
different unit spotted
different unit spotted
different unit spotted
different unit spotted
different unit spotted
different unit spotted
Ally Pioneer spotted Enemy Furyan at dir: 0
dodge called with dir: 4

dodge
dodge1 dir: 4
order placed

next move down

different unit spotted
different unit spotted
different unit spotted
different unit spotted
different unit spotted
different unit spotted
different unit spotted
different unit spotted
different unit spotted
different unit spotted
different unit spotted
different unit spotted
different unit spotted
different unit spotted
different unit spotted
different unit spotted
different unit spotted
different unit spotted
different unit spotted
different unit spotted
different unit spotted
different unit spotted

Best move


next move down

different unit spotted
different unit spotted
different unit spotted
different unit spotted
different unit spotted
different unit spotted
different unit spotted
different unit spotted
different unit spotted
different unit spotted
different unit spotted
different unit spotted
different unit spotted
different unit spotted
different unit spotted
different unit spotted

Best move


next move down

different unit spotted
different unit spotted
different unit spotted

Best move


next move down

different unit spotted
different unit spotted
different unit spotted
different unit spotted
different unit spotted
different unit spotted
different unit spotted
different unit spotted
different unit spotted
different unit spotted
different unit spotted
different unit spotted
different unit spotted
different unit spotted
different unit spotted
different unit spotted

Best move


next move down

different unit spotted
different unit spotted

Best move


next move down

different unit spotted
different unit spotted
different unit spotted
different unit spotted
different unit spotted
different unit spotted
different unit spotted
different unit spotted
different unit spotted
different unit spotted
different unit spotted
different unit spotted
different unit spotted
different unit spotted
different unit spotted
different unit spotted
different unit spotted
different unit spotted
different unit spotted
different unit spotted

Best move


next move down

different unit spotted
different unit spotted
different unit spotted
different unit spotted
different unit spotted
different unit spotted
different unit spotted
different unit spotted

Best move


next move down

different unit spotted
different unit spotted
different unit spotted
different unit spotted
different unit spotted
different unit spotted
different unit spotted
different unit spotted
different unit spotted
different unit spotted
different unit spotted
different unit spotted
Ally Pioneer spotted Enemy Furyan at dir: 0
dodge called with dir: 4

dodge
dodge1 dir: 4
order placed

next move down

different unit spotted
different unit spotted
different unit spotted
different unit spotted
different unit spotted
different unit spotted
different unit spotted
different unit spotted
different unit spotted
different unit spotted
different unit spotted
different unit spotted

Best move


next move down

different unit spotted
different unit spotted
different unit spotted
different unit spotted
different unit spotted
different unit spotted
different unit spotted
different unit spotted
different unit spotted
different unit spotted
different unit spotted

Best move


next move down

different unit spotted
different unit spotted
different unit spotted
different unit spotted
different unit spotted
different unit spotted
different unit spotted

Best move


next move down

different unit spotted
different unit spotted

Best move


next move down

different unit spotted
different unit spotted
different unit spotted
different unit spotted
different unit spotted
different unit spotted
different unit spotted
different unit spotted
different unit spotted
different unit spotted
different unit spotted
different unit spotted
different unit spotted
different unit spotted
different unit spotted
different unit spotted
different unit spotted
different unit spotted
different unit spotted
different unit spotted
different unit spotted

Best move


next move down

different unit spotted
different unit spotted
different unit spotted
different unit spotted
different unit spotted
different unit spotted
different unit spotted
different unit spotted
different unit spotted
different unit spotted
different unit spotted

Best move


next move down

different unit spotted
different unit spotted
different unit spotted
different unit spotted
different unit spotted
different unit spotted
different unit spotted

Best move


next move down

different unit spotted
different unit spotted
different unit spotted
different unit spotted
different unit spotted
different unit spotted
different unit spotted
different unit spotted
different unit spotted
different unit spotted
different unit spotted
different unit spotted
different unit spotted
different unit spotted
different unit spotted
different unit spotted
different unit spotted
different unit spotted
different unit spotted
different unit spotted
different unit spotted

Best move


next move down

different unit spotted
different unit spotted
different unit spotted
different unit spotted
different unit spotted
different unit spotted
different unit spotted
different unit spotted
different unit spotted
different unit spotted
different unit spotted

Best move


next move down

different unit spotted
Ally Furian spotted Enemy unit at dir: 3
dodge called with dir: 3

next move down

different unit spotted
different unit spotted
different unit spotted
different unit spotted
Ally Furian spotted Enemy unit at dir: 4
dodge called with dir: 4

dodge
dodge1 dir: 4

next move down

different unit spotted
different unit spotted
different unit spotted
different unit spotted
different unit spotted
Ally Furian spotted Enemy unit at dir: 2
dodge called with dir: 2

dodge
dodge1 dir: 1

next move down

different unit spotted
Ally Furian spotted Enemy unit at dir: 1
dodge called with dir: 1

dodge
dodge1 dir: 5
different unit spotted
Ally Furian spotted Enemy unit at dir: 2
dodge called with dir: 2

dodge
dodge1 dir: 6
different unit spotted
different unit spotted
Ally Furian spotted Enemy unit at dir: 0
dodge called with dir: 0

dodge
dodge1 dir: 4
different unit spotted
different unit spotted
different unit spotted
different unit spotted
different unit spotted
different unit spotted
different unit spotted
Ally Furian spotted Enemy unit at dir: 3
dodge called with dir: 3

dodge
dodge1 dir: 7
different unit spotted
Ally Furian spotted Enemy unit at dir: 4
dodge called with dir: 4

dodge
dodge1 dir: 0
different unit spotted
Ally Furian spotted Enemy unit at dir: 7
dodge called with dir: 7

dodge
dodge1 dir: 2
different unit spotted
Ally Furian spotted Enemy unit at dir: 6
dodge called with dir: 6

dodge
dodge1 dir: 2
different unit spotted
different unit spotted
Ally Furian spotted Enemy unit at dir: 5
dodge called with dir: 5

dodge
dodge1 dir: 0
different unit spotted
Ally Furian spotted Enemy unit at dir: 5
dodge called with dir: 5

dodge
dodge1 dir: 0
different unit spotted
Ally Furian spotted Enemy unit at dir: 6
dodge called with dir: 6

dodge
dodge1 dir: 2
different unit spotted
different unit spotted
different unit spotted
different unit spotted
different unit spotted
different unit spotted
different unit spotted
Ally Furian spotted Enemy unit at dir: 7
dodge called with dir: 7

dodge
dodge1 dir: 2
different unit spotted
Ally Furian spotted Enemy unit at dir: 4
dodge called with dir: 4

dodge
dodge1 dir: 0
different unit spotted
different unit spotted
Ally Furian spotted Enemy unit at dir: 0
dodge called with dir: 0

dodge
dodge1 dir: 4
different unit spotted
different unit spotted
different unit spotted
different unit spotted
different unit spotted
different unit spotted
different unit spotted
different unit spotted
different unit spotted
Ally Furian spotted Enemy unit at dir: 3
dodge called with dir: 3

dodge
dodge1 dir: 7
different unit spotted
Ally Furian spotted Enemy unit at dir: 5
dodge called with dir: 5

dodge
dodge1 dir: 5

next move down

different unit spotted
Ally Furian spotted Enemy unit at dir: 6
dodge called with dir: 6

next move down

different unit spotted
different unit spotted
different unit spotted
different unit spotted
Ally Furian spotted Enemy unit at dir: 7
dodge called with dir: 7

dodge
dodge1 dir: 7

next move down

different unit spotted
different unit spotted
different unit spotted
different unit spotted
different unit spotted
different unit spotted
different unit spotted
different unit spotted
different unit spotted
Ally Furian spotted Enemy unit at dir: 5
dodge called with dir: 5

dodge
dodge1 dir: 0
different unit spotted
Ally Furian spotted Enemy unit at dir: 6
dodge called with dir: 6

dodge
dodge1 dir: 2
different unit spotted
different unit spotted
Ally Furian spotted Enemy unit at dir: 7
dodge called with dir: 7

dodge
dodge1 dir: 3
different unit spotted
Ally Furian spotted Enemy unit at dir: 3
dodge called with dir: 3

dodge
dodge1 dir: 3
dodge or chase commanded dir: 3

dodge or chase commanded dir: 5

dodge or chase commanded dir: 6

warning: action already requested for unit 22
dodge or chase commanded dir: 4

warning: action already requested for unit 22
dodge or chase commanded dir: 7

warning: action already requested for unit 22
dodge or chase commanded dir: 6

dodge or chase commanded dir: 0

warning: action already requested for unit 22
dodge or chase commanded dir: 0

warning: action already requested for unit 22
dodge or chase commanded dir: 2

warning: action already requested for unit 22
dodge or chase commanded dir: 2

warning: action already requested for unit 22
dodge or chase commanded dir: 3

dodge or chase commanded dir: 4

dodge or chase commanded dir: 4

dodge or chase commanded dir: 4

best move (not dodge) commanded

best move (not dodge) commanded

warning: action already requested for unit 63
best move (not dodge) commanded

warning: action already requested for unit 63
best move (not dodge) commanded

warning: action already requested for unit 22
best move (not dodge) commanded

warning: action already requested for unit 22
best move (not dodge) commanded

best move (not dodge) commanded

best move (not dodge) commanded

warning: action already requested for unit 22
best move (not dodge) commanded

best move (not dodge) commanded

best move (not dodge) commanded

best move (not dodge) commanded

best move (not dodge) commanded

best move (not dodge) commanded

best move (not dodge) commanded

best move (not dodge) commanded

best move (not dodge) commanded

best move (not dodge) commanded

best move (not dodge) commanded

best move (not dodge) commanded

best move (not dodge) commanded

warning: action already requested for unit 22
best move (not dodge) commanded

best move (not dodge) commanded

warning: action already requested for unit 22
best move (not dodge) commanded

best move (not dodge) commanded

warning: action already requested for unit 22
best move (not dodge) commanded

best move (not dodge) commanded

best move (not dodge) commanded

warning: action already requested for unit 63
best move (not dodge) commanded

best move (not dodge) commanded

warning: action already requested for unit 22
best move (not dodge) commanded

best move (not dodge) commanded

best move (not dodge) commanded

best move (not dodge) commanded

best move (not dodge) commanded

info:     end player 0
info:     start player 1
info:     end player 1
info:     start player 2
info:     end player 2
info:     start player 3
info:     end player 3
info: end round 33
info: start round 34
info:     start player 0

next move down

different unit spotted
different unit spotted
different unit spotted
different unit spotted
different unit spotted
different unit spotted
different unit spotted
different unit spotted
different unit spotted
different unit spotted
different unit spotted
different unit spotted
different unit spotted
different unit spotted

Best move


next move down

different unit spotted
different unit spotted
different unit spotted
different unit spotted
different unit spotted
different unit spotted
different unit spotted
different unit spotted
different unit spotted
different unit spotted
different unit spotted
different unit spotted
different unit spotted
different unit spotted
different unit spotted
different unit spotted
different unit spotted

Best move


next move down

different unit spotted
different unit spotted
different unit spotted
different unit spotted
different unit spotted
different unit spotted

Best move


next move down

different unit spotted
different unit spotted
different unit spotted
different unit spotted
different unit spotted
different unit spotted
different unit spotted
different unit spotted
different unit spotted

Best move


next move down

different unit spotted
Ally Pioneer spotted Enemy Furyan at dir: 0
dodge called with dir: 4

dodge
dodge1 dir: 4
order placed

next move down

different unit spotted
different unit spotted
different unit spotted
different unit spotted
different unit spotted
different unit spotted
different unit spotted
different unit spotted
different unit spotted
different unit spotted
different unit spotted
different unit spotted
different unit spotted
different unit spotted

Best move


next move down

different unit spotted
different unit spotted
different unit spotted
different unit spotted
different unit spotted
different unit spotted
different unit spotted
different unit spotted
different unit spotted
different unit spotted
different unit spotted
different unit spotted
different unit spotted
different unit spotted
different unit spotted
different unit spotted
different unit spotted

Best move


next move down

different unit spotted
different unit spotted
different unit spotted
different unit spotted
different unit spotted
different unit spotted
Ally Pioneer spotted Enemy Furyan at dir: 5
dodge called with dir: 1

dodge
dodge1 dir: 0
order placed

next move down

different unit spotted
different unit spotted
different unit spotted
different unit spotted
different unit spotted
different unit spotted
different unit spotted
different unit spotted
different unit spotted
different unit spotted
different unit spotted
different unit spotted
different unit spotted
different unit spotted
different unit spotted
different unit spotted
different unit spotted

Best move


next move down

different unit spotted
different unit spotted
different unit spotted
different unit spotted
different unit spotted
different unit spotted
different unit spotted
different unit spotted
different unit spotted
different unit spotted
different unit spotted
different unit spotted
different unit spotted
different unit spotted

Best move


next move down

different unit spotted
different unit spotted
different unit spotted
different unit spotted
different unit spotted
different unit spotted
different unit spotted
different unit spotted
different unit spotted
different unit spotted
different unit spotted
different unit spotted
different unit spotted
different unit spotted
different unit spotted
different unit spotted
different unit spotted
different unit spotted

Best move


next move down

different unit spotted
different unit spotted
different unit spotted
different unit spotted
different unit spotted
different unit spotted
different unit spotted
different unit spotted

Best move


next move down

different unit spotted
different unit spotted
different unit spotted
different unit spotted
different unit spotted
different unit spotted
different unit spotted
different unit spotted
different unit spotted
different unit spotted
different unit spotted
different unit spotted
different unit spotted
different unit spotted
different unit spotted

Best move


next move down

different unit spotted
different unit spotted
different unit spotted
different unit spotted
different unit spotted

Best move


next move down

different unit spotted
different unit spotted
different unit spotted
different unit spotted
different unit spotted
different unit spotted
different unit spotted
different unit spotted
different unit spotted
different unit spotted
different unit spotted
different unit spotted
different unit spotted
different unit spotted
different unit spotted
different unit spotted

Best move


next move down

different unit spotted
different unit spotted
different unit spotted
different unit spotted
different unit spotted
different unit spotted
different unit spotted
different unit spotted
different unit spotted
Ally Pioneer spotted Enemy Furyan at dir: 1
dodge called with dir: 5

dodge
dodge1 dir: 5
order placed

next move down

different unit spotted
different unit spotted
different unit spotted
different unit spotted
different unit spotted
different unit spotted
different unit spotted
different unit spotted
different unit spotted
different unit spotted
different unit spotted
different unit spotted
different unit spotted
different unit spotted
different unit spotted
different unit spotted
different unit spotted

Best move


next move down

different unit spotted
different unit spotted
different unit spotted
different unit spotted
different unit spotted
different unit spotted
different unit spotted
different unit spotted
different unit spotted
different unit spotted
different unit spotted
different unit spotted
different unit spotted
different unit spotted
different unit spotted
different unit spotted
different unit spotted
different unit spotted
different unit spotted
different unit spotted
different unit spotted

Best move


next move down

different unit spotted
different unit spotted
different unit spotted
different unit spotted
different unit spotted
different unit spotted
different unit spotted
different unit spotted
different unit spotted
different unit spotted
different unit spotted
different unit spotted
different unit spotted
different unit spotted
different unit spotted
different unit spotted
different unit spotted
different unit spotted
different unit spotted
different unit spotted
different unit spotted
different unit spotted
different unit spotted
different unit spotted

Best move


next move down

different unit spotted
different unit spotted
different unit spotted
different unit spotted
different unit spotted
different unit spotted
different unit spotted
different unit spotted

Best move


next move down

different unit spotted
different unit spotted
different unit spotted
different unit spotted
different unit spotted
different unit spotted
different unit spotted

Best move


next move down

different unit spotted
different unit spotted
different unit spotted
different unit spotted
different unit spotted
different unit spotted
different unit spotted
different unit spotted
different unit spotted
different unit spotted
different unit spotted
different unit spotted
different unit spotted
different unit spotted
different unit spotted
different unit spotted
different unit spotted
different unit spotted
different unit spotted
different unit spotted
different unit spotted
different unit spotted
different unit spotted

Best move


next move down

different unit spotted
different unit spotted
different unit spotted
different unit spotted
different unit spotted
different unit spotted
different unit spotted
different unit spotted

Best move


next move down

different unit spotted
different unit spotted
different unit spotted
different unit spotted
different unit spotted
different unit spotted
different unit spotted
different unit spotted
different unit spotted
different unit spotted
different unit spotted
different unit spotted
different unit spotted
different unit spotted
different unit spotted

Best move


next move down

different unit spotted
different unit spotted
different unit spotted
different unit spotted
different unit spotted
different unit spotted
different unit spotted
different unit spotted
different unit spotted
different unit spotted
different unit spotted
different unit spotted
different unit spotted
Ally Pioneer spotted Enemy Furyan at dir: 7
dodge called with dir: 3

dodge
dodge1 dir: 3
order placed

next move down

different unit spotted
different unit spotted
different unit spotted
different unit spotted
different unit spotted
different unit spotted
different unit spotted
different unit spotted
different unit spotted
different unit spotted
different unit spotted
different unit spotted
different unit spotted
different unit spotted

Best move


next move down

different unit spotted
different unit spotted
Ally Furian spotted Enemy unit at dir: 7
dodge called with dir: 7

dodge
dodge1 dir: 3
different unit spotted
different unit spotted
Ally Furian spotted Enemy unit at dir: 6
dodge called with dir: 6

dodge
dodge1 dir: 3
different unit spotted
different unit spotted
Ally Furian spotted Enemy unit at dir: 0
dodge called with dir: 0

dodge
dodge1 dir: 3
different unit spotted
Ally Furian spotted Enemy unit at dir: 1
dodge called with dir: 1

dodge
dodge1 dir: 6
different unit spotted
Ally Furian spotted Enemy unit at dir: 2
dodge called with dir: 2

dodge
dodge1 dir: 6
different unit spotted
Ally Furian spotted Enemy unit at dir: 5
dodge called with dir: 5

dodge
dodge1 dir: 3
different unit spotted
Ally Furian spotted Enemy unit at dir: 3
dodge called with dir: 3

dodge
dodge1 dir: 7
different unit spotted
Ally Furian spotted Enemy unit at dir: 4
dodge called with dir: 4

dodge
dodge1 dir: 3
different unit spotted
Ally Furian spotted Enemy unit at dir: 6
dodge called with dir: 6

dodge
dodge1 dir: 3
different unit spotted
Ally Furian spotted Enemy unit at dir: 2
dodge called with dir: 2

dodge
dodge1 dir: 6
different unit spotted
Ally Furian spotted Enemy unit at dir: 0
dodge called with dir: 0

dodge
dodge1 dir: 3
different unit spotted
Ally Furian spotted Enemy unit at dir: 1
dodge called with dir: 1

dodge
dodge1 dir: 6
different unit spotted
different unit spotted
different unit spotted
different unit spotted
Ally Furian spotted Enemy unit at dir: 3
dodge called with dir: 3

dodge
dodge1 dir: 3

next move down

different unit spotted
Ally Furian spotted Enemy unit at dir: 6
dodge called with dir: 6

next move down

different unit spotted
different unit spotted
different unit spotted
different unit spotted
different unit spotted
Ally Furian spotted Enemy unit at dir: 3
dodge called with dir: 3

dodge
dodge1 dir: 2

next move down

different unit spotted
Ally Furian spotted Enemy unit at dir: 1
dodge called with dir: 1

dodge
dodge1 dir: 5
different unit spotted
Ally Furian spotted Enemy unit at dir: 2
dodge called with dir: 2

dodge
dodge1 dir: 6
different unit spotted
different unit spotted
Ally Furian spotted Enemy unit at dir: 0
dodge called with dir: 0

dodge
dodge1 dir: 4
different unit spotted
different unit spotted
different unit spotted
different unit spotted
different unit spotted
different unit spotted
different unit spotted
Ally Furian spotted Enemy unit at dir: 5
dodge called with dir: 5

dodge
dodge1 dir: 0
different unit spotted
different unit spotted
Ally Furian spotted Enemy unit at dir: 3
dodge called with dir: 3

dodge
dodge1 dir: 7
different unit spotted
Ally Furian spotted Enemy unit at dir: 4
dodge called with dir: 4

dodge
dodge1 dir: 0
different unit spotted
Ally Furian spotted Enemy unit at dir: 6
dodge called with dir: 6

dodge
dodge1 dir: 2
different unit spotted
Ally Furian spotted Enemy unit at dir: 6
dodge called with dir: 6

dodge
dodge1 dir: 2
different unit spotted
Ally Furian spotted Enemy unit at dir: 4
dodge called with dir: 4

dodge
dodge1 dir: 0
different unit spotted
Ally Furian spotted Enemy unit at dir: 5
dodge called with dir: 5

dodge
dodge1 dir: 0
different unit spotted
different unit spotted
Ally Furian spotted Enemy unit at dir: 7
dodge called with dir: 7

dodge
dodge1 dir: 3
different unit spotted
Ally Furian spotted Enemy unit at dir: 0
dodge called with dir: 0

dodge
dodge1 dir: 4
different unit spotted
different unit spotted
Ally Furian spotted Enemy unit at dir: 3
dodge called with dir: 3

dodge
dodge1 dir: 7
different unit spotted
Ally Furian spotted Enemy unit at dir: 5
dodge called with dir: 5

dodge
dodge1 dir: 5

next move down

different unit spotted
Ally Furian spotted Enemy unit at dir: 6
dodge called with dir: 6

next move down

different unit spotted
different unit spotted
different unit spotted
different unit spotted
different unit spotted
different unit spotted
different unit spotted
different unit spotted
Ally Furian spotted Enemy unit at dir: 7
dodge called with dir: 7

dodge
dodge1 dir: 7

next move down

different unit spotted
different unit spotted
different unit spotted
different unit spotted
different unit spotted
different unit spotted
different unit spotted
different unit spotted
different unit spotted
different unit spotted
Ally Furian spotted Enemy unit at dir: 3
dodge called with dir: 3

dodge
dodge1 dir: 3
dodge or chase commanded dir: 6

dodge or chase commanded dir: 2

dodge or chase commanded dir: 6

dodge or chase commanded dir: 0

warning: action already requested for unit 22
dodge or chase commanded dir: 5

warning: action already requested for unit 22
dodge or chase commanded dir: 6

warning: action already requested for unit 22
dodge or chase commanded dir: 4

warning: action already requested for unit 22
dodge or chase commanded dir: 7

warning: action already requested for unit 22
dodge or chase commanded dir: 0

warning: action already requested for unit 22
dodge or chase commanded dir: 3

dodge or chase commanded dir: 4

dodge or chase commanded dir: 0

dodge or chase commanded dir: 5

best move (not dodge) commanded

best move (not dodge) commanded

best move (not dodge) commanded

best move (not dodge) commanded

warning: action already requested for unit 22
best move (not dodge) commanded

warning: action already requested for unit 22
best move (not dodge) commanded

warning: action already requested for unit 22
best move (not dodge) commanded

best move (not dodge) commanded

best move (not dodge) commanded

best move (not dodge) commanded

best move (not dodge) commanded

best move (not dodge) commanded

best move (not dodge) commanded

warning: action already requested for unit 2
best move (not dodge) commanded

warning: action already requested for unit 2
best move (not dodge) commanded

warning: action already requested for unit 2
best move (not dodge) commanded

warning: action already requested for unit 2
best move (not dodge) commanded

warning: action already requested for unit 2
best move (not dodge) commanded

warning: action already requested for unit 2
best move (not dodge) commanded

warning: action already requested for unit 2
best move (not dodge) commanded

warning: action already requested for unit 2
best move (not dodge) commanded

warning: action already requested for unit 2
best move (not dodge) commanded

best move (not dodge) commanded

warning: action already requested for unit 22
best move (not dodge) commanded

best move (not dodge) commanded

best move (not dodge) commanded

best move (not dodge) commanded

best move (not dodge) commanded

best move (not dodge) commanded

warning: action already requested for unit 22
best move (not dodge) commanded

best move (not dodge) commanded

warning: action already requested for unit 2
best move (not dodge) commanded

best move (not dodge) commanded

best move (not dodge) commanded

best move (not dodge) commanded

best move (not dodge) commanded

warning: action already requested for unit 2
best move (not dodge) commanded

best move (not dodge) commanded

warning: action already requested for unit 22
best move (not dodge) commanded

best move (not dodge) commanded

best move (not dodge) commanded

best move (not dodge) commanded

best move (not dodge) commanded

warning: action already requested for unit 22
best move (not dodge) commanded

warning: action already requested for unit 2
best move (not dodge) commanded

info:     end player 0
info:     start player 1
info:     end player 1
info:     start player 2
info:     end player 2
info:     start player 3
info:     end player 3
info: end round 34
info: start round 35
info:     start player 0

next move down

different unit spotted
different unit spotted
different unit spotted
different unit spotted
different unit spotted
different unit spotted
different unit spotted
different unit spotted
different unit spotted
different unit spotted
different unit spotted
different unit spotted
different unit spotted
different unit spotted
different unit spotted
different unit spotted

Best move


next move down

different unit spotted
different unit spotted
different unit spotted
different unit spotted
different unit spotted
different unit spotted
different unit spotted
different unit spotted
different unit spotted
different unit spotted
different unit spotted
different unit spotted
different unit spotted
different unit spotted
different unit spotted
different unit spotted

Best move


next move down

different unit spotted
different unit spotted
different unit spotted
different unit spotted
different unit spotted

Best move


next move down

different unit spotted
different unit spotted
different unit spotted
different unit spotted
different unit spotted
different unit spotted
different unit spotted
different unit spotted

Best move


next move down

different unit spotted
Ally Pioneer spotted Enemy Furyan at dir: 0
dodge called with dir: 4

dodge
dodge1 dir: 4
order placed

next move down

different unit spotted
different unit spotted
different unit spotted
different unit spotted
different unit spotted
different unit spotted
different unit spotted
different unit spotted
different unit spotted
different unit spotted
different unit spotted
different unit spotted
different unit spotted
different unit spotted
different unit spotted
different unit spotted
different unit spotted
different unit spotted

Best move


next move down

different unit spotted
different unit spotted
different unit spotted
different unit spotted
different unit spotted
different unit spotted
different unit spotted
different unit spotted
different unit spotted
different unit spotted
different unit spotted
different unit spotted
different unit spotted
different unit spotted
different unit spotted
different unit spotted
different unit spotted
different unit spotted
different unit spotted
different unit spotted
different unit spotted
different unit spotted
different unit spotted
different unit spotted
different unit spotted
different unit spotted

Best move


next move down

different unit spotted
different unit spotted
different unit spotted
different unit spotted
different unit spotted
different unit spotted
different unit spotted
different unit spotted
different unit spotted
different unit spotted
different unit spotted

Best move


next move down

different unit spotted
different unit spotted
Ally Pioneer spotted Enemy Furyan at dir: 0
dodge called with dir: 4

dodge
dodge1 dir: 4
order placed

next move down

different unit spotted
different unit spotted
different unit spotted
different unit spotted
different unit spotted
different unit spotted
different unit spotted
different unit spotted
different unit spotted
different unit spotted
different unit spotted
different unit spotted
different unit spotted
different unit spotted
different unit spotted
different unit spotted
different unit spotted
different unit spotted
different unit spotted
different unit spotted
different unit spotted

Best move


next move down

different unit spotted
different unit spotted
different unit spotted
different unit spotted
different unit spotted
Ally Pioneer spotted Enemy Furyan at dir: 4
dodge called with dir: 0

dodge
dodge1 dir: 0
order placed

next move down

different unit spotted
different unit spotted
different unit spotted
different unit spotted
different unit spotted
different unit spotted
different unit spotted
different unit spotted
different unit spotted
different unit spotted

Best move


next move down

different unit spotted
different unit spotted
different unit spotted
different unit spotted
different unit spotted
different unit spotted
different unit spotted
different unit spotted
different unit spotted
different unit spotted
different unit spotted
different unit spotted
different unit spotted
different unit spotted

Best move


next move down

different unit spotted
different unit spotted
different unit spotted
different unit spotted
different unit spotted
different unit spotted
different unit spotted
different unit spotted
different unit spotted
different unit spotted
different unit spotted

Best move


next move down

different unit spotted
different unit spotted
different unit spotted
different unit spotted
different unit spotted
different unit spotted
different unit spotted
different unit spotted
different unit spotted
different unit spotted
different unit spotted

Best move


next move down

different unit spotted
different unit spotted
different unit spotted
different unit spotted
different unit spotted
different unit spotted
different unit spotted
different unit spotted
different unit spotted
different unit spotted
different unit spotted
different unit spotted
different unit spotted
different unit spotted
different unit spotted

Best move


next move down

different unit spotted
different unit spotted
different unit spotted
different unit spotted
different unit spotted
different unit spotted
different unit spotted
different unit spotted
different unit spotted
different unit spotted
different unit spotted
different unit spotted

Best move


next move down

different unit spotted
different unit spotted
different unit spotted
Ally Pioneer spotted Enemy Furyan at dir: 1
dodge called with dir: 5

dodge
dodge1 dir: 5
order placed

next move down

different unit spotted
different unit spotted
different unit spotted
different unit spotted
different unit spotted
different unit spotted
different unit spotted
different unit spotted
different unit spotted
different unit spotted
different unit spotted
different unit spotted
different unit spotted
different unit spotted
different unit spotted
different unit spotted
different unit spotted
different unit spotted
different unit spotted
different unit spotted
different unit spotted
different unit spotted
different unit spotted
different unit spotted
different unit spotted
different unit spotted

Best move


next move down

different unit spotted
different unit spotted
different unit spotted
different unit spotted
different unit spotted
different unit spotted
different unit spotted
different unit spotted
different unit spotted
different unit spotted
different unit spotted
different unit spotted
different unit spotted
different unit spotted
different unit spotted
different unit spotted
different unit spotted
different unit spotted
Ally Pioneer spotted Enemy Furyan at dir: 5
dodge called with dir: 1

dodge
dodge1 dir: 1
order placed

next move down

different unit spotted
different unit spotted
different unit spotted
different unit spotted
different unit spotted
different unit spotted
different unit spotted

Best move


next move down

different unit spotted
different unit spotted

Best move


next move down

different unit spotted
different unit spotted
different unit spotted
different unit spotted
different unit spotted
different unit spotted
different unit spotted
different unit spotted
different unit spotted
different unit spotted
different unit spotted
different unit spotted
Ally Pioneer spotted Enemy Furyan at dir: 0
dodge called with dir: 4

dodge
dodge1 dir: 4
order placed

next move down

different unit spotted
different unit spotted
different unit spotted
different unit spotted
different unit spotted
different unit spotted
different unit spotted
different unit spotted
different unit spotted
different unit spotted
different unit spotted
different unit spotted
different unit spotted
different unit spotted
different unit spotted
different unit spotted
different unit spotted
different unit spotted
different unit spotted
different unit spotted
different unit spotted
different unit spotted
different unit spotted

Best move


next move down

different unit spotted
different unit spotted
different unit spotted
different unit spotted
different unit spotted

Best move


next move down

different unit spotted
different unit spotted
different unit spotted
different unit spotted
different unit spotted
different unit spotted
different unit spotted
different unit spotted
different unit spotted
different unit spotted
different unit spotted
different unit spotted
different unit spotted
different unit spotted
different unit spotted
different unit spotted
different unit spotted
different unit spotted
different unit spotted
different unit spotted

Best move


next move down

different unit spotted
different unit spotted
different unit spotted
different unit spotted
different unit spotted
different unit spotted
different unit spotted
different unit spotted
different unit spotted
different unit spotted
different unit spotted
different unit spotted
different unit spotted
different unit spotted
different unit spotted
different unit spotted
different unit spotted
different unit spotted

Best move


next move down

different unit spotted
different unit spotted
different unit spotted
different unit spotted
different unit spotted
different unit spotted
different unit spotted
different unit spotted
different unit spotted
different unit spotted
different unit spotted
different unit spotted
different unit spotted
different unit spotted
different unit spotted
different unit spotted
different unit spotted
different unit spotted
different unit spotted
different unit spotted
different unit spotted
different unit spotted
different unit spotted
different unit spotted
different unit spotted
different unit spotted
different unit spotted

Best move


next move down

different unit spotted
Ally Furian spotted Enemy unit at dir: 6
dodge called with dir: 6

next move down

different unit spotted
different unit spotted
different unit spotted
different unit spotted
different unit spotted
different unit spotted
different unit spotted
different unit spotted
Ally Furian spotted Enemy unit at dir: 6
dodge called with dir: 6

dodge
dodge1 dir: 6

next move down

different unit spotted
Ally Furian spotted Enemy unit at dir: 2
dodge called with dir: 2

next move down

different unit spotted
Ally Furian spotted Enemy unit at dir: 6
dodge called with dir: 6

dodge
dodge1 dir: 1
different unit spotted
different unit spotted
Ally Furian spotted Enemy unit at dir: 5
dodge called with dir: 5

dodge
dodge1 dir: 1
different unit spotted
different unit spotted
Ally Furian spotted Enemy unit at dir: 7
dodge called with dir: 7

dodge
dodge1 dir: 3
different unit spotted
different unit spotted
different unit spotted
different unit spotted
Ally Furian spotted Enemy unit at dir: 0
dodge called with dir: 0

dodge
dodge1 dir: 4
different unit spotted
different unit spotted
Ally Furian spotted Enemy unit at dir: 4
dodge called with dir: 4

dodge
dodge1 dir: 0
different unit spotted
different unit spotted
Ally Furian spotted Enemy unit at dir: 2
dodge called with dir: 2

dodge
dodge1 dir: 5
different unit spotted
Ally Furian spotted Enemy unit at dir: 1
dodge called with dir: 1

dodge
dodge1 dir: 5
different unit spotted
Ally Furian spotted Enemy unit at dir: 3
dodge called with dir: 3

dodge
dodge1 dir: 7
different unit spotted
Ally Furian spotted Enemy unit at dir: 5
dodge called with dir: 5

dodge
dodge1 dir: 1
different unit spotted
Ally Furian spotted Enemy unit at dir: 6
dodge called with dir: 6

dodge
dodge1 dir: 1
different unit spotted
Ally Furian spotted Enemy unit at dir: 4
dodge called with dir: 4

dodge
dodge1 dir: 0
different unit spotted
Ally Furian spotted Enemy unit at dir: 0
dodge called with dir: 0

dodge
dodge1 dir: 4
different unit spotted
different unit spotted
Ally Furian spotted Enemy unit at dir: 5
dodge called with dir: 5

dodge
dodge1 dir: 5

next move down

different unit spotted
different unit spotted
different unit spotted
different unit spotted
different unit spotted
different unit spotted
different unit spotted
different unit spotted
different unit spotted
different unit spotted
different unit spotted
different unit spotted
Ally Furian spotted Enemy unit at dir: 7
dodge called with dir: 7

dodge
dodge1 dir: 6

next move down

different unit spotted
different unit spotted
different unit spotted
different unit spotted
different unit spotted
different unit spotted
different unit spotted
different unit spotted
Ally Furian spotted Enemy unit at dir: 7
dodge called with dir: 7

dodge
dodge1 dir: 7

next move down

different unit spotted
different unit spotted
Ally Furian spotted Enemy unit at dir: 2
dodge called with dir: 2

dodge
dodge1 dir: 2
dodge or chase commanded dir: 6

dodge or chase commanded dir: 2

dodge or chase commanded dir: 1

dodge or chase commanded dir: 1

warning: action already requested for unit 22
dodge or chase commanded dir: 0

warning: action already requested for unit 22
dodge or chase commanded dir: 5

warning: action already requested for unit 22
dodge or chase commanded dir: 7

warning: action already requested for unit 22
dodge or chase commanded dir: 5

warning: action already requested for unit 22
dodge or chase commanded dir: 3

warning: action already requested for unit 22
dodge or chase commanded dir: 4

warning: action already requested for unit 22
dodge or chase commanded dir: 4

dodge or chase commanded dir: 0

dodge or chase commanded dir: 4

dodge or chase commanded dir: 1

dodge or chase commanded dir: 4

dodge or chase commanded dir: 5

best move (not dodge) commanded

best move (not dodge) commanded

best move (not dodge) commanded

best move (not dodge) commanded

best move (not dodge) commanded

best move (not dodge) commanded

best move (not dodge) commanded

best move (not dodge) commanded

best move (not dodge) commanded

best move (not dodge) commanded

best move (not dodge) commanded

best move (not dodge) commanded

best move (not dodge) commanded

warning: action already requested for unit 22
best move (not dodge) commanded

best move (not dodge) commanded

warning: action already requested for unit 22
best move (not dodge) commanded

best move (not dodge) commanded

warning: action already requested for unit 22
best move (not dodge) commanded

best move (not dodge) commanded

best move (not dodge) commanded

best move (not dodge) commanded

best move (not dodge) commanded

best move (not dodge) commanded

best move (not dodge) commanded

best move (not dodge) commanded

best move (not dodge) commanded

best move (not dodge) commanded

best move (not dodge) commanded

warning: action already requested for unit 22
best move (not dodge) commanded

warning: action already requested for unit 22
best move (not dodge) commanded

best move (not dodge) commanded

info:     end player 0
info:     start player 1
info:     end player 1
info:     start player 2
info:     end player 2
info:     start player 3
info:     end player 3
info: end round 35
info: start round 36
info:     start player 0

next move down

different unit spotted
different unit spotted
different unit spotted
different unit spotted
different unit spotted
different unit spotted
different unit spotted
different unit spotted
different unit spotted
different unit spotted
different unit spotted
different unit spotted
different unit spotted
different unit spotted
different unit spotted
different unit spotted
different unit spotted
different unit spotted
different unit spotted
different unit spotted
different unit spotted
different unit spotted
different unit spotted
different unit spotted

Best move


next move down

different unit spotted
different unit spotted
different unit spotted
different unit spotted
different unit spotted
different unit spotted
different unit spotted
different unit spotted
different unit spotted
different unit spotted
different unit spotted
different unit spotted
different unit spotted
different unit spotted
different unit spotted
different unit spotted
different unit spotted
different unit spotted
different unit spotted
different unit spotted
different unit spotted

Best move


next move down

different unit spotted
different unit spotted
different unit spotted
different unit spotted
different unit spotted

Best move


next move down

different unit spotted
different unit spotted
different unit spotted
different unit spotted
different unit spotted
different unit spotted
different unit spotted
different unit spotted

Best move


next move down

different unit spotted
different unit spotted
different unit spotted
different unit spotted
different unit spotted
different unit spotted
different unit spotted
different unit spotted
different unit spotted
different unit spotted
different unit spotted
different unit spotted
different unit spotted
different unit spotted
different unit spotted
different unit spotted
different unit spotted
different unit spotted
different unit spotted
different unit spotted

Best move


next move down

different unit spotted
different unit spotted
different unit spotted
different unit spotted
different unit spotted
different unit spotted
different unit spotted
different unit spotted
different unit spotted
Ally Pioneer spotted Enemy Furyan at dir: 3
dodge called with dir: 7

dodge
dodge1 dir: 7
order placed

next move down

different unit spotted
different unit spotted
different unit spotted
different unit spotted
different unit spotted
different unit spotted
different unit spotted
different unit spotted
different unit spotted
different unit spotted
different unit spotted
different unit spotted
different unit spotted
different unit spotted
different unit spotted
different unit spotted
different unit spotted
different unit spotted
different unit spotted
different unit spotted
different unit spotted
different unit spotted
different unit spotted
different unit spotted
different unit spotted
different unit spotted
different unit spotted
different unit spotted

Best move


next move down

different unit spotted
different unit spotted
different unit spotted
different unit spotted
different unit spotted
different unit spotted
different unit spotted
different unit spotted

Best move


next move down

different unit spotted
different unit spotted
Ally Pioneer spotted Enemy Furyan at dir: 0
dodge called with dir: 4

dodge
dodge1 dir: 4
order placed

next move down

different unit spotted
different unit spotted
different unit spotted
different unit spotted
different unit spotted
different unit spotted
different unit spotted
different unit spotted
different unit spotted
different unit spotted
different unit spotted
different unit spotted
different unit spotted
different unit spotted
different unit spotted
different unit spotted
different unit spotted
different unit spotted
different unit spotted
different unit spotted
different unit spotted

Best move


next move down

different unit spotted
different unit spotted
different unit spotted
different unit spotted
Ally Pioneer spotted Enemy Furyan at dir: 3
dodge called with dir: 7

dodge
dodge1 dir: 6
order placed

next move down

different unit spotted
different unit spotted
different unit spotted
different unit spotted
different unit spotted
different unit spotted
different unit spotted
different unit spotted
different unit spotted

Best move


next move down

different unit spotted
different unit spotted
different unit spotted
different unit spotted
different unit spotted
different unit spotted
different unit spotted
different unit spotted
different unit spotted
different unit spotted
different unit spotted
different unit spotted
different unit spotted
different unit spotted
different unit spotted
different unit spotted

Best move


next move down

different unit spotted
different unit spotted
different unit spotted
different unit spotted
different unit spotted
different unit spotted
different unit spotted
different unit spotted
different unit spotted
different unit spotted
different unit spotted
different unit spotted
different unit spotted

Best move


next move down

different unit spotted
different unit spotted
different unit spotted
different unit spotted
different unit spotted
different unit spotted
different unit spotted
different unit spotted
different unit spotted
different unit spotted
different unit spotted
different unit spotted
different unit spotted

Best move


next move down

different unit spotted
different unit spotted

Best move


next move down

different unit spotted
different unit spotted
different unit spotted
different unit spotted
different unit spotted
different unit spotted
different unit spotted
different unit spotted
different unit spotted
different unit spotted
different unit spotted

Best move


next move down

different unit spotted
different unit spotted
different unit spotted
different unit spotted
different unit spotted
different unit spotted
different unit spotted
different unit spotted
Ally Pioneer spotted Enemy Furyan at dir: 1
dodge called with dir: 5

dodge
dodge1 dir: 6
order placed

next move down

different unit spotted
different unit spotted
different unit spotted
different unit spotted
different unit spotted
different unit spotted
different unit spotted
different unit spotted
different unit spotted
different unit spotted
different unit spotted
different unit spotted
different unit spotted
different unit spotted
different unit spotted
different unit spotted
different unit spotted
different unit spotted
different unit spotted
different unit spotted
different unit spotted
different unit spotted
Ally Pioneer spotted Enemy Furyan at dir: 5
dodge called with dir: 1

dodge
dodge1 dir: 1
order placed

next move down

different unit spotted
different unit spotted
different unit spotted
different unit spotted
different unit spotted
different unit spotted
different unit spotted
different unit spotted
different unit spotted
different unit spotted
different unit spotted
different unit spotted
different unit spotted
different unit spotted
different unit spotted
different unit spotted
different unit spotted
different unit spotted
different unit spotted
different unit spotted
different unit spotted
Ally Pioneer spotted Enemy Furyan at dir: 5
dodge called with dir: 1

dodge
dodge1 dir: 1
order placed

next move down

different unit spotted
different unit spotted
different unit spotted
different unit spotted
different unit spotted
different unit spotted

Best move


next move down

different unit spotted
different unit spotted
different unit spotted
different unit spotted
different unit spotted
different unit spotted
different unit spotted
different unit spotted
different unit spotted
different unit spotted
different unit spotted
different unit spotted
different unit spotted
different unit spotted

Best move


next move down

different unit spotted
different unit spotted
different unit spotted
different unit spotted
different unit spotted
different unit spotted
different unit spotted
different unit spotted
different unit spotted
different unit spotted
different unit spotted
different unit spotted
different unit spotted
different unit spotted
different unit spotted
different unit spotted
different unit spotted
different unit spotted
different unit spotted
different unit spotted
different unit spotted

Best move


next move down

different unit spotted
different unit spotted
different unit spotted
different unit spotted
different unit spotted
different unit spotted
different unit spotted
different unit spotted
different unit spotted
different unit spotted
different unit spotted
different unit spotted
different unit spotted
different unit spotted
different unit spotted
different unit spotted
different unit spotted
different unit spotted
different unit spotted

Best move


next move down

different unit spotted
different unit spotted
different unit spotted
different unit spotted
different unit spotted
different unit spotted
different unit spotted
different unit spotted
different unit spotted
different unit spotted
different unit spotted
different unit spotted

Best move


next move down

different unit spotted
different unit spotted
different unit spotted
different unit spotted
Ally Pioneer spotted Enemy Furyan at dir: 1
dodge called with dir: 5

dodge
dodge1 dir: 4
order placed

next move down

different unit spotted
different unit spotted
different unit spotted
different unit spotted
different unit spotted
different unit spotted
different unit spotted
different unit spotted
different unit spotted
different unit spotted
different unit spotted
different unit spotted
different unit spotted
different unit spotted
different unit spotted
different unit spotted
different unit spotted
different unit spotted
different unit spotted

Best move


next move down

different unit spotted
different unit spotted
different unit spotted
different unit spotted
different unit spotted
different unit spotted
different unit spotted
different unit spotted
different unit spotted
different unit spotted
different unit spotted
different unit spotted
different unit spotted
different unit spotted
different unit spotted
different unit spotted
different unit spotted
different unit spotted
different unit spotted
different unit spotted
different unit spotted
different unit spotted
different unit spotted

Best move


next move down

different unit spotted
Ally Furian spotted Enemy unit at dir: 6
dodge called with dir: 6

next move down

different unit spotted
different unit spotted
different unit spotted
different unit spotted
different unit spotted
different unit spotted
Ally Furian spotted Enemy unit at dir: 4
dodge called with dir: 4

dodge
dodge1 dir: 3

next move down

different unit spotted
different unit spotted
Ally Furian spotted Enemy unit at dir: 2
dodge called with dir: 2

dodge
dodge1 dir: 2

next move down

different unit spotted
Ally Furian spotted Enemy unit at dir: 5
dodge called with dir: 5

dodge
dodge1 dir: 1
different unit spotted
different unit spotted
different unit spotted
different unit spotted
Ally Furian spotted Enemy unit at dir: 4
dodge called with dir: 4

dodge
dodge1 dir: 0
different unit spotted
different unit spotted
different unit spotted
different unit spotted
different unit spotted
Ally Furian spotted Enemy unit at dir: 3
dodge called with dir: 3

dodge
dodge1 dir: 7
different unit spotted
Ally Furian spotted Enemy unit at dir: 2
dodge called with dir: 2

dodge
dodge1 dir: 6
different unit spotted
Ally Furian spotted Enemy unit at dir: 7
dodge called with dir: 7

dodge
dodge1 dir: 3
different unit spotted
Ally Furian spotted Enemy unit at dir: 0
dodge called with dir: 0

dodge
dodge1 dir: 3
different unit spotted
Ally Furian spotted Enemy unit at dir: 1
dodge called with dir: 1

dodge
dodge1 dir: 6
different unit spotted
different unit spotted
different unit spotted
Ally Furian spotted Enemy unit at dir: 5
dodge called with dir: 5

dodge
dodge1 dir: 6

next move down

different unit spotted
different unit spotted
different unit spotted
different unit spotted
different unit spotted
different unit spotted
different unit spotted
different unit spotted
different unit spotted
Ally Furian spotted Enemy unit at dir: 7
dodge called with dir: 7

dodge
dodge1 dir: 5

next move down

different unit spotted
different unit spotted
different unit spotted
different unit spotted
different unit spotted
different unit spotted
different unit spotted
different unit spotted
Ally Furian spotted Enemy unit at dir: 5
dodge called with dir: 5

dodge
dodge1 dir: 5

next move down

different unit spotted
Ally Furian spotted Enemy unit at dir: 4
dodge called with dir: 4
dodge or chase commanded dir: 6

dodge or chase commanded dir: 1

dodge or chase commanded dir: 4

dodge or chase commanded dir: 0

warning: action already requested for unit 22
dodge or chase commanded dir: 3

warning: action already requested for unit 22
dodge or chase commanded dir: 6

warning: action already requested for unit 22
dodge or chase commanded dir: 3

warning: action already requested for unit 22
dodge or chase commanded dir: 7

warning: action already requested for unit 22
dodge or chase commanded dir: 6

warning: action already requested for unit 22
dodge or chase commanded dir: 7

dodge or chase commanded dir: 4

dodge or chase commanded dir: 6

dodge or chase commanded dir: 1

dodge or chase commanded dir: 1

dodge or chase commanded dir: 4

dodge or chase commanded dir: 6

best move (not dodge) commanded

best move (not dodge) commanded

best move (not dodge) commanded

best move (not dodge) commanded

best move (not dodge) commanded

best move (not dodge) commanded

best move (not dodge) commanded

best move (not dodge) commanded

best move (not dodge) commanded

best move (not dodge) commanded

best move (not dodge) commanded

best move (not dodge) commanded

best move (not dodge) commanded

best move (not dodge) commanded

best move (not dodge) commanded

best move (not dodge) commanded

best move (not dodge) commanded

best move (not dodge) commanded

best move (not dodge) commanded

best move (not dodge) commanded

best move (not dodge) commanded

best move (not dodge) commanded

best move (not dodge) commanded

best move (not dodge) commanded

best move (not dodge) commanded

best move (not dodge) commanded

warning: action already requested for unit 22
info:     end player 0
info:     start player 1
info:     end player 1
info:     start player 2
info:     end player 2
info:     start player 3
info:     end player 3
info: end round 36
info: start round 37
info:     start player 0

next move down

different unit spotted
different unit spotted
different unit spotted
different unit spotted
different unit spotted
different unit spotted
different unit spotted
different unit spotted
different unit spotted
different unit spotted
different unit spotted
different unit spotted
different unit spotted
different unit spotted
different unit spotted
different unit spotted
different unit spotted
different unit spotted
different unit spotted
different unit spotted
different unit spotted
different unit spotted
Hellhound spotted at dir: 1
dodge called with dir: 5

dodge
dodge1 dir: 5
order placed

next move down

different unit spotted
different unit spotted
different unit spotted
different unit spotted
different unit spotted
different unit spotted
different unit spotted
different unit spotted
different unit spotted
different unit spotted
different unit spotted
different unit spotted
different unit spotted
different unit spotted
different unit spotted
different unit spotted
different unit spotted
different unit spotted

Best move


next move down

different unit spotted
different unit spotted
different unit spotted

Best move


next move down

different unit spotted
different unit spotted
different unit spotted
different unit spotted
different unit spotted
different unit spotted
different unit spotted
different unit spotted

Best move


next move down

different unit spotted
different unit spotted
different unit spotted
different unit spotted
different unit spotted
different unit spotted
different unit spotted
different unit spotted
different unit spotted
different unit spotted
different unit spotted
different unit spotted
different unit spotted
different unit spotted
different unit spotted
different unit spotted

Best move


next move down

different unit spotted
different unit spotted
different unit spotted
different unit spotted
different unit spotted
different unit spotted
different unit spotted
different unit spotted
different unit spotted
different unit spotted
different unit spotted
different unit spotted
different unit spotted
different unit spotted
different unit spotted
different unit spotted
different unit spotted

Best move


next move down

different unit spotted
different unit spotted
different unit spotted
different unit spotted
different unit spotted
different unit spotted
different unit spotted
different unit spotted
different unit spotted
Ally Pioneer spotted Enemy Furyan at dir: 5
dodge called with dir: 1

dodge
dodge1 dir: 1
order placed

next move down

different unit spotted
different unit spotted
different unit spotted
different unit spotted
different unit spotted
different unit spotted
different unit spotted
different unit spotted
Ally Pioneer spotted Enemy Furyan at dir: 4
dodge called with dir: 0

dodge
dodge1 dir: 2
order placed

next move down

different unit spotted
different unit spotted
Ally Pioneer spotted Enemy Furyan at dir: 0
dodge called with dir: 4

dodge
dodge1 dir: 5
order placed

next move down

different unit spotted
different unit spotted
different unit spotted
different unit spotted
different unit spotted
different unit spotted
different unit spotted
different unit spotted
different unit spotted
different unit spotted
different unit spotted
different unit spotted
different unit spotted
different unit spotted
different unit spotted
different unit spotted
different unit spotted
different unit spotted
different unit spotted
different unit spotted
different unit spotted
different unit spotted
different unit spotted
different unit spotted
different unit spotted

Best move


next move down

different unit spotted
different unit spotted
different unit spotted
different unit spotted
different unit spotted
different unit spotted
different unit spotted
different unit spotted
different unit spotted
different unit spotted
Ally Pioneer spotted Enemy Furyan at dir: 4
dodge called with dir: 0

dodge
dodge1 dir: 2
order placed

next move down

different unit spotted
different unit spotted
different unit spotted
different unit spotted
different unit spotted
different unit spotted
different unit spotted
different unit spotted
different unit spotted
different unit spotted

Best move


next move down

different unit spotted
different unit spotted
different unit spotted
different unit spotted
different unit spotted
different unit spotted
different unit spotted
different unit spotted
different unit spotted
different unit spotted
different unit spotted
different unit spotted

Best move


next move down

different unit spotted
different unit spotted
different unit spotted
different unit spotted
different unit spotted
different unit spotted
different unit spotted
different unit spotted
different unit spotted
different unit spotted
different unit spotted
different unit spotted

Best move


next move down

different unit spotted
different unit spotted
different unit spotted
different unit spotted
different unit spotted
different unit spotted
different unit spotted
different unit spotted
different unit spotted
different unit spotted
different unit spotted
different unit spotted

Best move


next move down

different unit spotted
different unit spotted
different unit spotted
different unit spotted
different unit spotted
different unit spotted
different unit spotted
different unit spotted
different unit spotted
different unit spotted

Best move


next move down

different unit spotted
different unit spotted
different unit spotted
different unit spotted
different unit spotted
different unit spotted
different unit spotted
different unit spotted
different unit spotted
Ally Pioneer spotted Enemy Furyan at dir: 2
dodge called with dir: 6

dodge
dodge1 dir: 6
order placed

next move down

different unit spotted
different unit spotted
different unit spotted
different unit spotted
different unit spotted
Ally Pioneer spotted Enemy Furyan at dir: 1
dodge called with dir: 5

dodge
dodge1 dir: 2
order placed

next move down

different unit spotted
different unit spotted
different unit spotted
different unit spotted
different unit spotted
different unit spotted
different unit spotted
different unit spotted
different unit spotted
different unit spotted
Ally Pioneer spotted Enemy Furyan at dir: 1
dodge called with dir: 5

dodge
dodge1 dir: 5
order placed

next move down

different unit spotted
different unit spotted
different unit spotted
different unit spotted
different unit spotted
different unit spotted
different unit spotted
different unit spotted
different unit spotted
different unit spotted
different unit spotted
different unit spotted
different unit spotted
different unit spotted
Hellhound spotted at dir: 5
dodge called with dir: 1

dodge
dodge1 dir: 1
order placed

next move down

different unit spotted
different unit spotted
different unit spotted
Ally Pioneer spotted Enemy Furyan at dir: 1
dodge called with dir: 5

dodge
dodge1 dir: 5
order placed

next move down

different unit spotted
different unit spotted
different unit spotted
different unit spotted

Best move


next move down

different unit spotted
different unit spotted
different unit spotted
different unit spotted
different unit spotted

Best move


next move down

different unit spotted
different unit spotted
different unit spotted
different unit spotted
different unit spotted
different unit spotted
different unit spotted
different unit spotted
different unit spotted
different unit spotted
different unit spotted
different unit spotted
different unit spotted
Ally Pioneer spotted Enemy Furyan at dir: 7
dodge called with dir: 3

dodge
dodge1 dir: 3
order placed

next move down

different unit spotted
different unit spotted
different unit spotted
different unit spotted
different unit spotted
different unit spotted
different unit spotted
different unit spotted
different unit spotted
different unit spotted
different unit spotted
different unit spotted

Best move


next move down

different unit spotted
different unit spotted
different unit spotted
different unit spotted
different unit spotted
different unit spotted
different unit spotted
different unit spotted
different unit spotted
different unit spotted
different unit spotted
different unit spotted

Best move


next move down

different unit spotted
different unit spotted
different unit spotted
Ally Pioneer spotted Enemy Furyan at dir: 1
dodge called with dir: 5

dodge
dodge1 dir: 4
order placed

next move down

different unit spotted
different unit spotted
different unit spotted
different unit spotted
different unit spotted
different unit spotted
different unit spotted
different unit spotted
Ally Pioneer spotted Enemy Furyan at dir: 6
dodge called with dir: 2

dodge
dodge1 dir: 2
order placed

next move down

different unit spotted
different unit spotted
different unit spotted
different unit spotted
different unit spotted
different unit spotted
different unit spotted
different unit spotted
different unit spotted
different unit spotted
different unit spotted
different unit spotted
different unit spotted

Best move


next move down

different unit spotted
different unit spotted
different unit spotted
different unit spotted
different unit spotted
different unit spotted
different unit spotted
different unit spotted
different unit spotted
different unit spotted
different unit spotted
different unit spotted
different unit spotted
different unit spotted
different unit spotted
different unit spotted
different unit spotted
different unit spotted
different unit spotted
different unit spotted
different unit spotted
different unit spotted
different unit spotted
different unit spotted
different unit spotted
different unit spotted
different unit spotted

Best move


next move down

different unit spotted
different unit spotted
different unit spotted
different unit spotted
different unit spotted
different unit spotted
different unit spotted
different unit spotted
different unit spotted
different unit spotted
Ally Furian spotted Enemy unit at dir: 5
dodge called with dir: 5

dodge
dodge1 dir: 2

next move down

different unit spotted
different unit spotted
different unit spotted
different unit spotted
different unit spotted
different unit spotted
different unit spotted
different unit spotted
different unit spotted
Ally Furian spotted Enemy unit at dir: 3
dodge called with dir: 3

dodge
dodge1 dir: 3

next move down

different unit spotted
different unit spotted
different unit spotted
different unit spotted
different unit spotted
different unit spotted
different unit spotted
Ally Furian spotted Enemy unit at dir: 7
dodge called with dir: 7

dodge
dodge1 dir: 7

next move down

different unit spotted
different unit spotted
different unit spotted
different unit spotted
different unit spotted
different unit spotted
different unit spotted
different unit spotted
different unit spotted
different unit spotted
different unit spotted
different unit spotted
different unit spotted
different unit spotted
different unit spotted
Ally Furian spotted Enemy unit at dir: 1
dodge called with dir: 1

dodge
dodge1 dir: 6
different unit spotted
Ally Furian spotted Enemy unit at dir: 0
dodge called with dir: 0

dodge
dodge1 dir: 2
different unit spotted
Ally Furian spotted Enemy unit at dir: 7
dodge called with dir: 7

dodge
dodge1 dir: 2
different unit spotted
different unit spotted
different unit spotted
different unit spotted
Ally Furian spotted Enemy unit at dir: 2
dodge called with dir: 2

dodge
dodge1 dir: 6
different unit spotted
Ally Furian spotted Enemy unit at dir: 6
dodge called with dir: 6

dodge
dodge1 dir: 2
different unit spotted
different unit spotted
different unit spotted
different unit spotted
Ally Furian spotted Enemy unit at dir: 1
dodge called with dir: 1

dodge
dodge1 dir: 1

next move down

different unit spotted
Ally Furian spotted Enemy unit at dir: 5
dodge called with dir: 5

dodge
dodge1 dir: 1
different unit spotted
different unit spotted
different unit spotted
different unit spotted
Ally Furian spotted Enemy unit at dir: 6
dodge called with dir: 6

dodge
dodge1 dir: 2
different unit spotted
different unit spotted
Ally Furian spotted Enemy unit at dir: 4
dodge called with dir: 4

dodge
dodge1 dir: 0
different unit spotted
different unit spotted
different unit spotted
different unit spotted
Ally Furian spotted Enemy unit at dir: 7
dodge called with dir: 7

dodge
dodge1 dir: 2
different unit spotted
Ally Furian spotted Enemy unit at dir: 3
dodge called with dir: 3

dodge
dodge1 dir: 7
different unit spotted
Ally Furian spotted Enemy unit at dir: 2
dodge called with dir: 2

dodge
dodge1 dir: 6
different unit spotted
Ally Furian spotted Enemy unit at dir: 1
dodge called with dir: 1

dodge
dodge1 dir: 4
different unit spotted
different unit spotted
different unit spotted
different unit spotted
different unit spotted
different unit spotted
Ally Furian spotted Enemy unit at dir: 3
dodge called with dir: 3

dodge
dodge1 dir: 2

next move down

different unit spotted
different unit spotted
different unit spotted
different unit spotted
different unit spotted
different unit spotted
different unit spotted
different unit spotted
different unit spotted
different unit spotted
different unit spotted
different unit spotted
different unit spotted
different unit spotted
Ally Furian spotted Enemy unit at dir: 7
dodge called with dir: 7

dodge
dodge1 dir: 7

next move down

different unit spotted
different unit spotted
different unit spotted
different unit spotted
different unit spotted
different unit spotted
Ally Furian spotted Enemy unit at dir: 5
dodge called with dir: 5

dodge
dodge1 dir: 4

next move down

different unit spotted
different unit spotted
different unit spotted
different unit spotted
Ally Furian spotted Enemy unit at dir: 4
dodge called with dir: 4

dodge
dodge1 dir: 4
dodge or chase commanded dir: 5

dodge or chase commanded dir: 1

dodge or chase commanded dir: 1

dodge or chase commanded dir: 7

warning: action already requested for unit 22
dodge or chase commanded dir: 4

warning: action already requested for unit 22
dodge or chase commanded dir: 6

warning: action already requested for unit 22
dodge or chase commanded dir: 2

warning: action already requested for unit 22
dodge or chase commanded dir: 0

warning: action already requested for unit 22
dodge or chase commanded dir: 2

warning: action already requested for unit 22
dodge or chase commanded dir: 1

dodge or chase commanded dir: 2

dodge or chase commanded dir: 3

dodge or chase commanded dir: 4

dodge or chase commanded dir: 5

dodge or chase commanded dir: 2

dodge or chase commanded dir: 2

dodge or chase commanded dir: 5

dodge or chase commanded dir: 2

dodge or chase commanded dir: 5

dodge or chase commanded dir: 6

best move (not dodge) commanded

best move (not dodge) commanded

best move (not dodge) commanded

best move (not dodge) commanded

best move (not dodge) commanded

best move (not dodge) commanded

best move (not dodge) commanded

best move (not dodge) commanded

best move (not dodge) commanded

best move (not dodge) commanded

best move (not dodge) commanded

best move (not dodge) commanded

best move (not dodge) commanded

best move (not dodge) commanded

warning: action already requested for unit 4
best move (not dodge) commanded

best move (not dodge) commanded

best move (not dodge) commanded

best move (not dodge) commanded

warning: action already requested for unit 4
best move (not dodge) commanded

best move (not dodge) commanded

best move (not dodge) commanded

best move (not dodge) commanded

best move (not dodge) commanded

warning: action already requested for unit 4
best move (not dodge) commanded

best move (not dodge) commanded

warning: action already requested for unit 4
best move (not dodge) commanded

best move (not dodge) commanded

best move (not dodge) commanded

best move (not dodge) commanded

warning: action already requested for unit 22
best move (not dodge) commanded

warning: action already requested for unit 4
info:     end player 0
info:     start player 1
info:     end player 1
info:     start player 2
info:     end player 2
info:     start player 3
info:     end player 3
info: end round 37
info: start round 38
info:     start player 0

next move down

different unit spotted
different unit spotted
different unit spotted
different unit spotted
different unit spotted
different unit spotted
different unit spotted
different unit spotted
different unit spotted
different unit spotted
different unit spotted
different unit spotted
different unit spotted
different unit spotted
different unit spotted
Hellhound spotted at dir: 2
dodge called with dir: 6

dodge
dodge1 dir: 6
order placed

next move down

different unit spotted
different unit spotted
different unit spotted
different unit spotted
different unit spotted
different unit spotted
different unit spotted
different unit spotted
different unit spotted
different unit spotted
different unit spotted
different unit spotted
different unit spotted
different unit spotted
different unit spotted
different unit spotted

Best move


next move down

different unit spotted
different unit spotted
different unit spotted
different unit spotted

Best move


next move down

different unit spotted
different unit spotted
different unit spotted
different unit spotted
different unit spotted
different unit spotted
different unit spotted
different unit spotted

Best move


next move down

different unit spotted
different unit spotted
different unit spotted
different unit spotted
different unit spotted
different unit spotted
different unit spotted
different unit spotted
different unit spotted
different unit spotted
different unit spotted
different unit spotted
different unit spotted
different unit spotted
different unit spotted
different unit spotted
different unit spotted
different unit spotted
different unit spotted

Best move


next move down

different unit spotted
different unit spotted
different unit spotted
different unit spotted
different unit spotted
different unit spotted
different unit spotted
different unit spotted
different unit spotted
different unit spotted

Best move


next move down

different unit spotted
different unit spotted
different unit spotted
different unit spotted
different unit spotted
different unit spotted
different unit spotted
different unit spotted
different unit spotted
different unit spotted
different unit spotted
different unit spotted
different unit spotted
different unit spotted
different unit spotted
Ally Pioneer spotted Enemy Furyan at dir: 5
dodge called with dir: 1

dodge
dodge1 dir: 1
order placed

next move down

different unit spotted
different unit spotted
different unit spotted
different unit spotted
different unit spotted
different unit spotted
different unit spotted
different unit spotted
different unit spotted
different unit spotted

Best move


next move down

different unit spotted
different unit spotted
Ally Pioneer spotted Enemy Furyan at dir: 0
dodge called with dir: 4

dodge
dodge1 dir: 6
order placed

next move down

different unit spotted
different unit spotted
different unit spotted
different unit spotted
different unit spotted
different unit spotted
different unit spotted
different unit spotted
different unit spotted
different unit spotted
different unit spotted
different unit spotted
different unit spotted
different unit spotted
different unit spotted
different unit spotted
different unit spotted
different unit spotted
different unit spotted
different unit spotted
different unit spotted
different unit spotted
different unit spotted

Best move


next move down

different unit spotted
different unit spotted
different unit spotted
Ally Pioneer spotted Enemy Furyan at dir: 3
dodge called with dir: 7

dodge
dodge1 dir: 6
order placed

next move down

different unit spotted
different unit spotted
different unit spotted
different unit spotted
different unit spotted
different unit spotted
different unit spotted
different unit spotted

Best move


next move down

different unit spotted
different unit spotted
different unit spotted
different unit spotted
different unit spotted
different unit spotted
different unit spotted
different unit spotted
different unit spotted
different unit spotted
different unit spotted
different unit spotted
different unit spotted
different unit spotted
different unit spotted
different unit spotted
different unit spotted

Best move


next move down

different unit spotted
different unit spotted
different unit spotted
different unit spotted
different unit spotted
different unit spotted
different unit spotted
different unit spotted
different unit spotted
different unit spotted
different unit spotted
different unit spotted
different unit spotted
different unit spotted

Best move


next move down

different unit spotted
different unit spotted
different unit spotted
different unit spotted
different unit spotted
different unit spotted
different unit spotted
different unit spotted
different unit spotted
different unit spotted

Best move


next move down

different unit spotted
different unit spotted
different unit spotted
different unit spotted
different unit spotted
different unit spotted
different unit spotted
different unit spotted
different unit spotted
different unit spotted
different unit spotted
different unit spotted
different unit spotted
different unit spotted

Best move


next move down

different unit spotted
different unit spotted
different unit spotted
different unit spotted
different unit spotted
different unit spotted
different unit spotted
different unit spotted
different unit spotted
Ally Pioneer spotted Enemy Furyan at dir: 3
dodge called with dir: 7

dodge
dodge1 dir: 7
order placed

next move down

different unit spotted
different unit spotted
different unit spotted
Ally Pioneer spotted Enemy Furyan at dir: 1
dodge called with dir: 5

dodge
dodge1 dir: 6
order placed

next move down

different unit spotted
different unit spotted
different unit spotted
different unit spotted
different unit spotted
different unit spotted
different unit spotted
different unit spotted
different unit spotted
Ally Pioneer spotted Enemy Furyan at dir: 5
dodge called with dir: 1

dodge
dodge1 dir: 1
order placed

next move down

different unit spotted
different unit spotted
different unit spotted
different unit spotted
different unit spotted
different unit spotted
different unit spotted
different unit spotted
different unit spotted
different unit spotted
different unit spotted
different unit spotted
different unit spotted
different unit spotted
Hellhound spotted at dir: 5
dodge called with dir: 1

dodge
dodge1 dir: 1
order placed

next move down

different unit spotted
different unit spotted
different unit spotted
different unit spotted
different unit spotted
different unit spotted
different unit spotted
different unit spotted
different unit spotted
different unit spotted
different unit spotted
different unit spotted
different unit spotted
different unit spotted
different unit spotted
different unit spotted
different unit spotted
different unit spotted
different unit spotted
different unit spotted
Ally Pioneer spotted Enemy Furyan at dir: 5
dodge called with dir: 1

dodge
dodge1 dir: 1
order placed

next move down

different unit spotted
different unit spotted
different unit spotted

Best move


next move down

different unit spotted
different unit spotted
different unit spotted
different unit spotted
different unit spotted
different unit spotted
different unit spotted
different unit spotted
different unit spotted
different unit spotted
different unit spotted
different unit spotted
different unit spotted
different unit spotted

Best move


next move down

different unit spotted
different unit spotted
different unit spotted
different unit spotted
different unit spotted
different unit spotted
different unit spotted
different unit spotted
different unit spotted
different unit spotted
different unit spotted
different unit spotted
different unit spotted
different unit spotted
different unit spotted
different unit spotted
different unit spotted
different unit spotted
different unit spotted
different unit spotted

Best move


next move down

different unit spotted
different unit spotted
different unit spotted
different unit spotted
different unit spotted
different unit spotted
different unit spotted
different unit spotted
different unit spotted
different unit spotted

Best move


next move down

different unit spotted
different unit spotted
different unit spotted
different unit spotted
different unit spotted
different unit spotted
different unit spotted
different unit spotted
different unit spotted
different unit spotted
different unit spotted
different unit spotted

Best move


next move down

different unit spotted
different unit spotted
different unit spotted
different unit spotted
different unit spotted
different unit spotted
different unit spotted
different unit spotted
Ally Pioneer spotted Enemy Furyan at dir: 1
dodge called with dir: 5

dodge
dodge1 dir: 5
order placed

next move down

different unit spotted
different unit spotted
different unit spotted
different unit spotted
different unit spotted
different unit spotted
different unit spotted
different unit spotted
different unit spotted
different unit spotted
different unit spotted
different unit spotted
different unit spotted
different unit spotted
different unit spotted
different unit spotted

Best move


next move down

different unit spotted
different unit spotted
different unit spotted
different unit spotted
different unit spotted
different unit spotted
different unit spotted
different unit spotted
different unit spotted
different unit spotted
Hellhound spotted at dir: 5
dodge called with dir: 1

dodge
dodge1 dir: 1
order placed

next move down

different unit spotted
different unit spotted
different unit spotted
different unit spotted
different unit spotted
different unit spotted
different unit spotted
different unit spotted
different unit spotted
different unit spotted
different unit spotted
different unit spotted
different unit spotted
different unit spotted
different unit spotted
different unit spotted
different unit spotted
different unit spotted
different unit spotted
different unit spotted
different unit spotted
different unit spotted

Best move


next move down

different unit spotted
different unit spotted
different unit spotted
different unit spotted
different unit spotted
different unit spotted
different unit spotted
different unit spotted
different unit spotted
Ally Furian spotted Enemy unit at dir: 7
dodge called with dir: 7

dodge
dodge1 dir: 7

next move down

different unit spotted
different unit spotted
different unit spotted
different unit spotted
different unit spotted
different unit spotted
different unit spotted
different unit spotted
different unit spotted
different unit spotted
Ally Furian spotted Enemy unit at dir: 4
dodge called with dir: 4

dodge
dodge1 dir: 3

next move down

different unit spotted
different unit spotted
different unit spotted
different unit spotted
different unit spotted
different unit spotted
Ally Furian spotted Enemy unit at dir: 1
dodge called with dir: 1

dodge
dodge1 dir: 1

next move down

different unit spotted
different unit spotted
different unit spotted
different unit spotted
different unit spotted
different unit spotted
different unit spotted
different unit spotted
different unit spotted
different unit spotted
different unit spotted
different unit spotted
different unit spotted
different unit spotted
different unit spotted
different unit spotted
different unit spotted
different unit spotted
Ally Furian spotted Enemy unit at dir: 1
dodge called with dir: 1

dodge
dodge1 dir: 5
different unit spotted
Ally Furian spotted Enemy unit at dir: 0
dodge called with dir: 0

dodge
dodge1 dir: 4
different unit spotted
Ally Furian spotted Enemy unit at dir: 7
dodge called with dir: 7

dodge
dodge1 dir: 3
different unit spotted
different unit spotted
Ally Furian spotted Enemy unit at dir: 2
dodge called with dir: 2

dodge
dodge1 dir: 6
different unit spotted
Ally Furian spotted Enemy unit at dir: 6
dodge called with dir: 6

dodge
dodge1 dir: 2
different unit spotted
different unit spotted
different unit spotted
different unit spotted
different unit spotted
Ally Furian spotted Enemy unit at dir: 1
dodge called with dir: 1

dodge
dodge1 dir: 0

next move down

different unit spotted
Ally Furian spotted Enemy unit at dir: 5
dodge called with dir: 5

dodge
dodge1 dir: 1
different unit spotted
different unit spotted
different unit spotted
different unit spotted
Ally Furian spotted Enemy unit at dir: 6
dodge called with dir: 6

dodge
dodge1 dir: 2
different unit spotted
different unit spotted
Ally Furian spotted Enemy unit at dir: 4
dodge called with dir: 4

dodge
dodge1 dir: 0
different unit spotted
different unit spotted
different unit spotted
different unit spotted
different unit spotted
Ally Furian spotted Enemy unit at dir: 0
dodge called with dir: 0

dodge
dodge1 dir: 4
different unit spotted
Ally Furian spotted Enemy unit at dir: 3
dodge called with dir: 3

dodge
dodge1 dir: 7
different unit spotted
Ally Furian spotted Enemy unit at dir: 2
dodge called with dir: 2

dodge
dodge1 dir: 6
different unit spotted
Ally Furian spotted Enemy unit at dir: 1
dodge called with dir: 1

dodge
dodge1 dir: 4
different unit spotted
different unit spotted
different unit spotted
different unit spotted
different unit spotted
different unit spotted
Ally Furian spotted Enemy unit at dir: 3
dodge called with dir: 3

dodge
dodge1 dir: 3

next move down

different unit spotted
different unit spotted
different unit spotted
different unit spotted
different unit spotted
Ally Furian spotted Enemy unit at dir: 7
dodge called with dir: 7

dodge
dodge1 dir: 7

next move down

different unit spotted
different unit spotted
different unit spotted
different unit spotted
Ally Furian spotted Enemy unit at dir: 7
dodge called with dir: 7

dodge
dodge1 dir: 0

next move down

different unit spotted
different unit spotted
different unit spotted
Ally Furian spotted Enemy unit at dir: 4
dodge called with dir: 4

dodge
dodge1 dir: 4
dodge or chase commanded dir: 6

dodge or chase commanded dir: 1

dodge or chase commanded dir: 1

dodge or chase commanded dir: 1

dodge or chase commanded dir: 7

warning: action already requested for unit 22
dodge or chase commanded dir: 4

warning: action already requested for unit 22
dodge or chase commanded dir: 6

warning: action already requested for unit 22
dodge or chase commanded dir: 2

warning: action already requested for unit 22
dodge or chase commanded dir: 0

warning: action already requested for unit 22
dodge or chase commanded dir: 4

warning: action already requested for unit 22
dodge or chase commanded dir: 1

dodge or chase commanded dir: 5

dodge or chase commanded dir: 1

dodge or chase commanded dir: 6

dodge or chase commanded dir: 6

dodge or chase commanded dir: 7

dodge or chase commanded dir: 6

dodge or chase commanded dir: 1

best move (not dodge) commanded

best move (not dodge) commanded

best move (not dodge) commanded

best move (not dodge) commanded

best move (not dodge) commanded

best move (not dodge) commanded

best move (not dodge) commanded

best move (not dodge) commanded

best move (not dodge) commanded

best move (not dodge) commanded

best move (not dodge) commanded

best move (not dodge) commanded

best move (not dodge) commanded

best move (not dodge) commanded

best move (not dodge) commanded

best move (not dodge) commanded

warning: action already requested for unit 4
best move (not dodge) commanded

best move (not dodge) commanded

warning: action already requested for unit 4
best move (not dodge) commanded

best move (not dodge) commanded

best move (not dodge) commanded

best move (not dodge) commanded

best move (not dodge) commanded

best move (not dodge) commanded

best move (not dodge) commanded

warning: action already requested for unit 4
best move (not dodge) commanded

best move (not dodge) commanded

warning: action already requested for unit 4
best move (not dodge) commanded

best move (not dodge) commanded

best move (not dodge) commanded

best move (not dodge) commanded

warning: action already requested for unit 22
best move (not dodge) commanded

warning: action already requested for unit 4
info:     end player 0
info:     start player 1
info:     end player 1
info:     start player 2
info:     end player 2
info:     start player 3
info:     end player 3
info: end round 38
info: start round 39
info:     start player 0

next move down

different unit spotted
different unit spotted
different unit spotted
different unit spotted
different unit spotted
different unit spotted
different unit spotted
different unit spotted
different unit spotted
different unit spotted
Hellhound spotted at dir: 1
dodge called with dir: 5

dodge
dodge1 dir: 5
order placed

next move down

different unit spotted
different unit spotted
different unit spotted
different unit spotted
different unit spotted
different unit spotted
different unit spotted
different unit spotted
different unit spotted
different unit spotted
different unit spotted
different unit spotted
different unit spotted
different unit spotted
different unit spotted
different unit spotted

Best move


next move down

different unit spotted
different unit spotted
different unit spotted

Best move


next move down

different unit spotted
different unit spotted
different unit spotted
different unit spotted
different unit spotted
different unit spotted

Best move


next move down

different unit spotted
different unit spotted
different unit spotted
different unit spotted
different unit spotted
different unit spotted
different unit spotted
different unit spotted
different unit spotted
different unit spotted
different unit spotted
different unit spotted
different unit spotted
different unit spotted
different unit spotted
different unit spotted
different unit spotted
different unit spotted

Best move


next move down

different unit spotted
different unit spotted
different unit spotted
different unit spotted
different unit spotted
different unit spotted
different unit spotted
different unit spotted
different unit spotted
different unit spotted
different unit spotted
different unit spotted
different unit spotted
different unit spotted
different unit spotted
different unit spotted
different unit spotted

Best move


next move down

different unit spotted
different unit spotted
different unit spotted
different unit spotted
different unit spotted
Ally Pioneer spotted Enemy Furyan at dir: 1
dodge called with dir: 5

dodge
dodge1 dir: 5
order placed

next move down

different unit spotted
different unit spotted
different unit spotted
different unit spotted
different unit spotted
different unit spotted
different unit spotted
different unit spotted
different unit spotted
different unit spotted
different unit spotted

Best move


next move down

different unit spotted
Ally Pioneer spotted Enemy Furyan at dir: 0
dodge called with dir: 4

dodge
dodge1 dir: 4
order placed

next move down

different unit spotted
different unit spotted
different unit spotted
different unit spotted
different unit spotted
different unit spotted
different unit spotted
different unit spotted
different unit spotted
different unit spotted
different unit spotted
different unit spotted
different unit spotted
different unit spotted
different unit spotted
different unit spotted
different unit spotted
different unit spotted
different unit spotted
different unit spotted
different unit spotted
different unit spotted
different unit spotted
different unit spotted
different unit spotted

Best move


next move down

different unit spotted
different unit spotted
Ally Pioneer spotted Enemy Furyan at dir: 3
dodge called with dir: 7

dodge
dodge1 dir: 7
order placed

next move down

different unit spotted
different unit spotted
different unit spotted
different unit spotted
different unit spotted

Best move


next move down

different unit spotted
different unit spotted
different unit spotted
different unit spotted
different unit spotted
different unit spotted
different unit spotted
different unit spotted
different unit spotted
different unit spotted
different unit spotted
different unit spotted
different unit spotted
different unit spotted
different unit spotted
different unit spotted
different unit spotted

Best move


next move down

different unit spotted
different unit spotted
different unit spotted
different unit spotted
different unit spotted
different unit spotted
different unit spotted
different unit spotted
different unit spotted
different unit spotted
different unit spotted
different unit spotted
different unit spotted
different unit spotted
different unit spotted
different unit spotted
different unit spotted
different unit spotted

Best move


next move down

different unit spotted
different unit spotted
different unit spotted
different unit spotted
different unit spotted
different unit spotted
different unit spotted
different unit spotted
different unit spotted
different unit spotted
different unit spotted
different unit spotted
different unit spotted
different unit spotted
different unit spotted
different unit spotted

Best move


next move down

different unit spotted
different unit spotted
different unit spotted
different unit spotted
different unit spotted
different unit spotted
different unit spotted
different unit spotted
different unit spotted
different unit spotted
different unit spotted
different unit spotted
different unit spotted
different unit spotted
different unit spotted
different unit spotted
different unit spotted
different unit spotted
different unit spotted
different unit spotted
different unit spotted
different unit spotted
different unit spotted

Best move


next move down

different unit spotted
different unit spotted
different unit spotted
different unit spotted
different unit spotted
different unit spotted
different unit spotted
different unit spotted
different unit spotted
different unit spotted
different unit spotted
different unit spotted
different unit spotted
different unit spotted
different unit spotted
different unit spotted
different unit spotted
different unit spotted

Best move


next move down

different unit spotted
Ally Pioneer spotted Enemy Furyan at dir: 2
dodge called with dir: 6

dodge
dodge1 dir: 1
order placed

next move down

different unit spotted
different unit spotted
different unit spotted
different unit spotted
different unit spotted
different unit spotted
different unit spotted
different unit spotted
different unit spotted
different unit spotted
different unit spotted
different unit spotted
different unit spotted
Ally Pioneer spotted Enemy Furyan at dir: 1
dodge called with dir: 5

dodge
dodge1 dir: 5
order placed

next move down

different unit spotted
different unit spotted
different unit spotted
different unit spotted
different unit spotted
different unit spotted
different unit spotted
different unit spotted
different unit spotted
different unit spotted
different unit spotted
different unit spotted

Best move


next move down

different unit spotted
different unit spotted
different unit spotted
different unit spotted
different unit spotted
Ally Pioneer spotted Enemy Furyan at dir: 1
dodge called with dir: 5

dodge
dodge1 dir: 5
order placed

next move down

different unit spotted
different unit spotted
different unit spotted
different unit spotted
different unit spotted
different unit spotted
different unit spotted
different unit spotted
different unit spotted

Best move


next move down

different unit spotted
different unit spotted
different unit spotted
different unit spotted
different unit spotted
different unit spotted
different unit spotted
different unit spotted
different unit spotted
different unit spotted
different unit spotted
different unit spotted
different unit spotted

Best move


next move down

different unit spotted
different unit spotted
different unit spotted
different unit spotted
different unit spotted
different unit spotted
different unit spotted
different unit spotted
different unit spotted
different unit spotted
different unit spotted
different unit spotted
different unit spotted
different unit spotted
different unit spotted
different unit spotted
Ally Pioneer spotted Enemy Furyan at dir: 7
dodge called with dir: 3

dodge
dodge1 dir: 2
order placed

next move down

different unit spotted
different unit spotted
different unit spotted
different unit spotted
different unit spotted
different unit spotted
different unit spotted
different unit spotted
different unit spotted
different unit spotted
different unit spotted
different unit spotted
different unit spotted
different unit spotted
different unit spotted
different unit spotted
different unit spotted

Best move


next move down

different unit spotted
different unit spotted
different unit spotted
different unit spotted
different unit spotted
different unit spotted
different unit spotted
different unit spotted
different unit spotted
different unit spotted
different unit spotted
different unit spotted
different unit spotted
different unit spotted
different unit spotted
different unit spotted
different unit spotted
different unit spotted

Best move


next move down

different unit spotted
different unit spotted
different unit spotted
different unit spotted
Ally Pioneer spotted Enemy Furyan at dir: 0
dodge called with dir: 4

dodge
dodge1 dir: 6
order placed

next move down

different unit spotted
different unit spotted
different unit spotted
Ally Pioneer spotted Enemy Furyan at dir: 6
dodge called with dir: 2

dodge
dodge1 dir: 3
order placed

next move down

different unit spotted
different unit spotted
different unit spotted
different unit spotted
different unit spotted
different unit spotted
different unit spotted
different unit spotted
different unit spotted
different unit spotted
different unit spotted
different unit spotted
different unit spotted
Hellhound spotted at dir: 5
dodge called with dir: 1

dodge
dodge1 dir: 1
order placed

next move down

different unit spotted
different unit spotted
different unit spotted
different unit spotted
different unit spotted
different unit spotted
different unit spotted
different unit spotted
different unit spotted
different unit spotted
different unit spotted
different unit spotted
different unit spotted
different unit spotted
different unit spotted
different unit spotted
different unit spotted
different unit spotted
different unit spotted

Best move


next move down

different unit spotted
different unit spotted
different unit spotted
different unit spotted
different unit spotted
different unit spotted
different unit spotted
different unit spotted
Ally Furian spotted Enemy unit at dir: 7
dodge called with dir: 7

dodge
dodge1 dir: 0

next move down

different unit spotted
different unit spotted
different unit spotted
different unit spotted
different unit spotted
Ally Furian spotted Enemy unit at dir: 4
dodge called with dir: 4

dodge
dodge1 dir: 4

next move down

different unit spotted
different unit spotted
different unit spotted
different unit spotted
different unit spotted
Ally Furian spotted Enemy unit at dir: 1
dodge called with dir: 1

dodge
dodge1 dir: 1

next move down

different unit spotted
different unit spotted
different unit spotted
different unit spotted
different unit spotted
different unit spotted
different unit spotted
different unit spotted
different unit spotted
different unit spotted
different unit spotted
different unit spotted
different unit spotted
different unit spotted
different unit spotted
different unit spotted
different unit spotted
different unit spotted
different unit spotted
Ally Furian spotted Enemy unit at dir: 1
dodge called with dir: 1

dodge
dodge1 dir: 1

next move down

different unit spotted
Ally Furian spotted Enemy unit at dir: 5
dodge called with dir: 5

dodge
dodge1 dir: 3
different unit spotted
different unit spotted
Ally Furian spotted Enemy unit at dir: 6
dodge called with dir: 6

dodge
dodge1 dir: 3
different unit spotted
different unit spotted
Ally Furian spotted Enemy unit at dir: 4
dodge called with dir: 4

dodge
dodge1 dir: 3
different unit spotted
different unit spotted
different unit spotted
different unit spotted
Ally Furian spotted Enemy unit at dir: 7
dodge called with dir: 7

dodge
dodge1 dir: 3
different unit spotted
Ally Furian spotted Enemy unit at dir: 0
dodge called with dir: 0

dodge
dodge1 dir: 4
different unit spotted
Ally Furian spotted Enemy unit at dir: 3
dodge called with dir: 3

dodge
dodge1 dir: 7
different unit spotted
Ally Furian spotted Enemy unit at dir: 2
dodge called with dir: 2

dodge
dodge1 dir: 6
different unit spotted
Ally Furian spotted Enemy unit at dir: 1
dodge called with dir: 1

dodge
dodge1 dir: 4
different unit spotted
Hellhound spotted at dir: 3
dodge called with dir: 7

dodge
dodge1 dir: 7
order placed

next move down

different unit spotted
different unit spotted
different unit spotted
different unit spotted
different unit spotted
Hellhound spotted at dir: 1
dodge called with dir: 5

dodge
dodge1 dir: 4
order placed

next move down

different unit spotted
Ally Furian spotted Enemy unit at dir: 7
dodge called with dir: 7

next move down

different unit spotted
different unit spotted
Hellhound spotted at dir: 1
dodge called with dir: 5

dodge
dodge1 dir: 4
order placed
dodge or chase commanded dir: 5

dodge or chase commanded dir: 1

dodge or chase commanded dir: 3

dodge or chase commanded dir: 7

warning: action already requested for unit 22
dodge or chase commanded dir: 4

dodge or chase commanded dir: 4

dodge or chase commanded dir: 7

dodge or chase commanded dir: 7

warning: action already requested for unit 22
dodge or chase commanded dir: 6

warning: action already requested for unit 22
dodge or chase commanded dir: 4

warning: action already requested for unit 22
dodge or chase commanded dir: 4

warning: action already requested for unit 22
dodge or chase commanded dir: 3

warning: action already requested for unit 22
dodge or chase commanded dir: 3

warning: action already requested for unit 22
dodge or chase commanded dir: 3

warning: action already requested for unit 22
dodge or chase commanded dir: 5

dodge or chase commanded dir: 3

dodge or chase commanded dir: 2

dodge or chase commanded dir: 6

dodge or chase commanded dir: 5

dodge or chase commanded dir: 7

dodge or chase commanded dir: 5

dodge or chase commanded dir: 4

dodge or chase commanded dir: 1

best move (not dodge) commanded

best move (not dodge) commanded

best move (not dodge) commanded

best move (not dodge) commanded

best move (not dodge) commanded

best move (not dodge) commanded

best move (not dodge) commanded

best move (not dodge) commanded

best move (not dodge) commanded

best move (not dodge) commanded

best move (not dodge) commanded

best move (not dodge) commanded

best move (not dodge) commanded

best move (not dodge) commanded

best move (not dodge) commanded

best move (not dodge) commanded

best move (not dodge) commanded

best move (not dodge) commanded

best move (not dodge) commanded

best move (not dodge) commanded

best move (not dodge) commanded

best move (not dodge) commanded

best move (not dodge) commanded

info:     end player 0
info:     start player 1
info:     end player 1
info:     start player 2
info:     end player 2
info:     start player 3
info:     end player 3
info: end round 39
info: start round 40
info:     start player 0

next move down

different unit spotted
different unit spotted
different unit spotted
different unit spotted
different unit spotted
different unit spotted
different unit spotted
different unit spotted
different unit spotted
different unit spotted

Best move


next move down

different unit spotted
different unit spotted
different unit spotted
different unit spotted
different unit spotted
different unit spotted
different unit spotted
different unit spotted
different unit spotted
different unit spotted
different unit spotted
different unit spotted
different unit spotted
different unit spotted
different unit spotted

Best move


next move down

different unit spotted
different unit spotted

Best move


next move down

different unit spotted
different unit spotted
different unit spotted
different unit spotted
different unit spotted
different unit spotted
different unit spotted

Best move


next move down

different unit spotted
different unit spotted
different unit spotted
different unit spotted
different unit spotted
different unit spotted
different unit spotted
different unit spotted
different unit spotted
different unit spotted
different unit spotted
different unit spotted
different unit spotted
different unit spotted
different unit spotted
different unit spotted

Best move


next move down

different unit spotted
different unit spotted
different unit spotted
different unit spotted
Ally Pioneer spotted Enemy Furyan at dir: 1
dodge called with dir: 5

dodge
dodge1 dir: 6
order placed

next move down

different unit spotted
different unit spotted
different unit spotted
different unit spotted
different unit spotted
Ally Pioneer spotted Enemy Furyan at dir: 1
dodge called with dir: 5

dodge
dodge1 dir: 5
order placed

next move down

different unit spotted
different unit spotted
different unit spotted
different unit spotted
different unit spotted
different unit spotted
different unit spotted
Ally Pioneer spotted Enemy Furyan at dir: 5
dodge called with dir: 1

dodge
dodge1 dir: 1
order placed

next move down

different unit spotted
Ally Pioneer spotted Enemy Furyan at dir: 0
dodge called with dir: 4

dodge
dodge1 dir: 5
order placed

next move down

different unit spotted
different unit spotted
different unit spotted
different unit spotted
different unit spotted
different unit spotted
different unit spotted
different unit spotted
different unit spotted
different unit spotted
different unit spotted
different unit spotted
different unit spotted
different unit spotted
different unit spotted
different unit spotted
different unit spotted
different unit spotted
different unit spotted
different unit spotted
different unit spotted
different unit spotted
different unit spotted
different unit spotted

Best move


next move down

different unit spotted
different unit spotted
different unit spotted
different unit spotted
Ally Pioneer spotted Enemy Furyan at dir: 2
dodge called with dir: 6

dodge
dodge1 dir: 6
order placed

next move down

different unit spotted
different unit spotted
different unit spotted
different unit spotted
different unit spotted
different unit spotted
different unit spotted
different unit spotted

Best move


next move down

different unit spotted
different unit spotted
different unit spotted
different unit spotted
different unit spotted
different unit spotted
different unit spotted
different unit spotted
different unit spotted
different unit spotted
different unit spotted
different unit spotted
different unit spotted
different unit spotted
different unit spotted
different unit spotted
different unit spotted
different unit spotted
different unit spotted
different unit spotted

Best move


next move down

different unit spotted
different unit spotted
different unit spotted
different unit spotted
different unit spotted
different unit spotted
different unit spotted
different unit spotted
different unit spotted
different unit spotted
different unit spotted
different unit spotted
different unit spotted
different unit spotted
different unit spotted
different unit spotted
different unit spotted
different unit spotted
different unit spotted
different unit spotted
different unit spotted

Best move


next move down

different unit spotted
different unit spotted
different unit spotted
different unit spotted
different unit spotted
different unit spotted
different unit spotted
different unit spotted
different unit spotted
different unit spotted
different unit spotted
different unit spotted
different unit spotted
different unit spotted
different unit spotted

Best move


next move down

different unit spotted
different unit spotted
different unit spotted
different unit spotted
different unit spotted
different unit spotted
different unit spotted
different unit spotted
different unit spotted
different unit spotted
different unit spotted
different unit spotted
different unit spotted
different unit spotted
different unit spotted
different unit spotted
different unit spotted
different unit spotted
different unit spotted
different unit spotted
different unit spotted
different unit spotted
different unit spotted
different unit spotted
different unit spotted

Best move


next move down

different unit spotted
different unit spotted
different unit spotted
different unit spotted
different unit spotted
different unit spotted
different unit spotted
different unit spotted
different unit spotted
different unit spotted
different unit spotted
different unit spotted
different unit spotted
different unit spotted
different unit spotted
different unit spotted
different unit spotted
different unit spotted

Best move


next move down

different unit spotted
Ally Pioneer spotted Enemy Furyan at dir: 3
dodge called with dir: 7

dodge
dodge1 dir: 0
order placed

next move down

different unit spotted
different unit spotted
different unit spotted
Ally Pioneer spotted Enemy Furyan at dir: 5
dodge called with dir: 1

dodge
dodge1 dir: 1
order placed

next move down

different unit spotted
different unit spotted
different unit spotted
different unit spotted
different unit spotted
different unit spotted
different unit spotted
different unit spotted
different unit spotted
different unit spotted
different unit spotted
different unit spotted
different unit spotted

Best move


next move down

different unit spotted
different unit spotted
different unit spotted
different unit spotted
different unit spotted
Ally Pioneer spotted Enemy Furyan at dir: 1
dodge called with dir: 5

dodge
dodge1 dir: 5
order placed

next move down

different unit spotted
different unit spotted
different unit spotted
different unit spotted
different unit spotted
different unit spotted
different unit spotted
different unit spotted
different unit spotted
different unit spotted
different unit spotted
different unit spotted
different unit spotted
different unit spotted
different unit spotted
different unit spotted

Best move


next move down

different unit spotted
different unit spotted
different unit spotted
different unit spotted
different unit spotted
different unit spotted
different unit spotted
different unit spotted
different unit spotted
different unit spotted
different unit spotted
different unit spotted
different unit spotted
different unit spotted
different unit spotted
different unit spotted

Best move


next move down

different unit spotted
different unit spotted
different unit spotted
different unit spotted
different unit spotted
different unit spotted
different unit spotted
different unit spotted
different unit spotted
different unit spotted
different unit spotted
different unit spotted
different unit spotted
different unit spotted
different unit spotted
different unit spotted
different unit spotted
different unit spotted
different unit spotted
different unit spotted
different unit spotted

Best move


next move down

different unit spotted
different unit spotted
different unit spotted
different unit spotted
different unit spotted
different unit spotted
different unit spotted
different unit spotted
different unit spotted
different unit spotted
different unit spotted
different unit spotted
different unit spotted

Best move


next move down

different unit spotted
different unit spotted
different unit spotted
different unit spotted
different unit spotted
different unit spotted
different unit spotted
different unit spotted
different unit spotted
different unit spotted
different unit spotted
different unit spotted
different unit spotted
different unit spotted
different unit spotted
different unit spotted
different unit spotted
different unit spotted
different unit spotted
different unit spotted
different unit spotted

Best move


next move down

different unit spotted
different unit spotted
different unit spotted
different unit spotted
different unit spotted
different unit spotted
different unit spotted

Best move


next move down

different unit spotted
different unit spotted
different unit spotted
different unit spotted
different unit spotted
Ally Pioneer spotted Enemy Furyan at dir: 6
dodge called with dir: 2

dodge
dodge1 dir: 2
order placed

next move down

different unit spotted
different unit spotted
different unit spotted
different unit spotted
different unit spotted
different unit spotted
different unit spotted
different unit spotted
different unit spotted
different unit spotted
different unit spotted
different unit spotted
different unit spotted

Best move


next move down

different unit spotted
different unit spotted
different unit spotted
different unit spotted
different unit spotted
different unit spotted
different unit spotted
different unit spotted
different unit spotted
different unit spotted
different unit spotted
different unit spotted

Best move


next move down

different unit spotted
different unit spotted
different unit spotted
different unit spotted
different unit spotted
different unit spotted
different unit spotted
different unit spotted
Ally Furian spotted Enemy unit at dir: 7
dodge called with dir: 7

dodge
dodge1 dir: 7

next move down

different unit spotted
different unit spotted
different unit spotted
different unit spotted
different unit spotted
Ally Furian spotted Enemy unit at dir: 3
dodge called with dir: 3

dodge
dodge1 dir: 3

next move down

different unit spotted
Ally Furian spotted Enemy unit at dir: 1
dodge called with dir: 1

next move down

different unit spotted
different unit spotted
different unit spotted
different unit spotted
different unit spotted
different unit spotted
different unit spotted
different unit spotted
different unit spotted
different unit spotted
different unit spotted
different unit spotted
different unit spotted
different unit spotted
different unit spotted
different unit spotted
different unit spotted
different unit spotted
Ally Furian spotted Enemy unit at dir: 1
dodge called with dir: 1

dodge
dodge1 dir: 1

next move down

different unit spotted
Ally Furian spotted Enemy unit at dir: 7
dodge called with dir: 7

dodge
dodge1 dir: 3
different unit spotted
different unit spotted
Ally Furian spotted Enemy unit at dir: 0
dodge called with dir: 0

dodge
dodge1 dir: 4
different unit spotted
different unit spotted
Hellhound spotted at dir: 3
dodge called with dir: 7

dodge
dodge1 dir: 6
order placed

next move down

different unit spotted
different unit spotted
different unit spotted
different unit spotted
different unit spotted
Ally Furian spotted Enemy unit at dir: 5
dodge called with dir: 5

dodge
dodge1 dir: 5

next move down

different unit spotted
different unit spotted
different unit spotted
different unit spotted
different unit spotted
different unit spotted
Ally Furian spotted Enemy unit at dir: 7
dodge called with dir: 7

dodge
dodge1 dir: 7

next move down

different unit spotted
different unit spotted
different unit spotted
different unit spotted
Ally Furian spotted Enemy unit at dir: 4
dodge called with dir: 4

dodge
dodge1 dir: 4
dodge or chase commanded dir: 1

dodge or chase commanded dir: 3

dodge or chase commanded dir: 4

warning: action already requested for unit 22
dodge or chase commanded dir: 6

warning: action already requested for unit 22
dodge or chase commanded dir: 5

dodge or chase commanded dir: 2

dodge or chase commanded dir: 6

dodge or chase commanded dir: 5

dodge or chase commanded dir: 1

dodge or chase commanded dir: 6

dodge or chase commanded dir: 0

dodge or chase commanded dir: 1

dodge or chase commanded dir: 5

best move (not dodge) commanded

best move (not dodge) commanded

best move (not dodge) commanded

best move (not dodge) commanded

best move (not dodge) commanded

best move (not dodge) commanded

best move (not dodge) commanded

best move (not dodge) commanded

best move (not dodge) commanded

best move (not dodge) commanded

best move (not dodge) commanded

best move (not dodge) commanded

best move (not dodge) commanded

best move (not dodge) commanded

best move (not dodge) commanded

best move (not dodge) commanded

best move (not dodge) commanded

best move (not dodge) commanded

best move (not dodge) commanded

best move (not dodge) commanded

best move (not dodge) commanded

best move (not dodge) commanded

best move (not dodge) commanded

best move (not dodge) commanded

best move (not dodge) commanded

best move (not dodge) commanded

best move (not dodge) commanded

info:     end player 0
info:     start player 1
info:     end player 1
info:     start player 2
info:     end player 2
info:     start player 3
info:     end player 3
info: end round 40
info: start round 41
info:     start player 0

next move down

different unit spotted
different unit spotted
different unit spotted
different unit spotted
different unit spotted
different unit spotted
different unit spotted
different unit spotted
different unit spotted
different unit spotted
different unit spotted

Best move


next move down

different unit spotted
different unit spotted
different unit spotted
different unit spotted
different unit spotted
different unit spotted
different unit spotted
different unit spotted
different unit spotted
different unit spotted
different unit spotted
different unit spotted
different unit spotted
different unit spotted
different unit spotted

Best move


next move down

different unit spotted
different unit spotted
different unit spotted

Best move


next move down

different unit spotted
different unit spotted
different unit spotted
different unit spotted
different unit spotted
different unit spotted
different unit spotted
different unit spotted
different unit spotted
different unit spotted

Best move


next move down

different unit spotted
different unit spotted
different unit spotted
different unit spotted
different unit spotted
different unit spotted
different unit spotted
different unit spotted
different unit spotted
different unit spotted
different unit spotted
different unit spotted
different unit spotted
different unit spotted
different unit spotted
different unit spotted
different unit spotted

Best move


next move down

different unit spotted
different unit spotted
different unit spotted
different unit spotted
Ally Pioneer spotted Enemy Furyan at dir: 1
dodge called with dir: 5

dodge
dodge1 dir: 6
order placed

next move down

different unit spotted
Ally Pioneer spotted Enemy Furyan at dir: 2
dodge called with dir: 6

dodge
dodge1 dir: 5
order placed

next move down

different unit spotted
different unit spotted
different unit spotted

Best move


next move down

different unit spotted
different unit spotted
different unit spotted
different unit spotted
Ally Pioneer spotted Enemy Furyan at dir: 0
dodge called with dir: 4

dodge
dodge1 dir: 6
order placed

next move down

different unit spotted
different unit spotted
different unit spotted
different unit spotted
different unit spotted
different unit spotted
different unit spotted
different unit spotted
different unit spotted
different unit spotted
different unit spotted
different unit spotted
different unit spotted
different unit spotted
different unit spotted
different unit spotted
different unit spotted
different unit spotted
different unit spotted
different unit spotted
different unit spotted
different unit spotted
different unit spotted
different unit spotted
different unit spotted

Best move


next move down

different unit spotted
different unit spotted
Ally Pioneer spotted Enemy Furyan at dir: 3
dodge called with dir: 7

dodge
dodge1 dir: 6
order placed

next move down

different unit spotted
different unit spotted
different unit spotted
different unit spotted
different unit spotted
different unit spotted
different unit spotted

Best move


next move down

different unit spotted
different unit spotted
different unit spotted
different unit spotted
different unit spotted
different unit spotted
different unit spotted
different unit spotted
different unit spotted
different unit spotted
different unit spotted
different unit spotted
different unit spotted
different unit spotted
different unit spotted
different unit spotted
different unit spotted
different unit spotted

Best move


next move down

different unit spotted
different unit spotted
different unit spotted
different unit spotted
different unit spotted
different unit spotted
different unit spotted
different unit spotted
different unit spotted
different unit spotted
different unit spotted
different unit spotted
different unit spotted
different unit spotted
different unit spotted
different unit spotted
different unit spotted
different unit spotted

Best move


next move down

different unit spotted
different unit spotted
different unit spotted
different unit spotted
different unit spotted
different unit spotted
different unit spotted
different unit spotted
different unit spotted
different unit spotted
different unit spotted

Best move


next move down

different unit spotted
different unit spotted
different unit spotted
different unit spotted
different unit spotted
different unit spotted
different unit spotted
different unit spotted
different unit spotted
different unit spotted
different unit spotted
different unit spotted
different unit spotted
different unit spotted
different unit spotted
different unit spotted
different unit spotted

Best move


next move down

different unit spotted
different unit spotted
different unit spotted
different unit spotted
different unit spotted
different unit spotted
different unit spotted
different unit spotted
different unit spotted
different unit spotted
different unit spotted
different unit spotted
different unit spotted
different unit spotted
different unit spotted
different unit spotted
different unit spotted
different unit spotted
different unit spotted
different unit spotted
different unit spotted
different unit spotted
different unit spotted
different unit spotted
different unit spotted
different unit spotted

Best move


next move down

different unit spotted
different unit spotted
different unit spotted
different unit spotted
different unit spotted
different unit spotted
different unit spotted
different unit spotted
different unit spotted
different unit spotted
different unit spotted
different unit spotted
different unit spotted
different unit spotted
different unit spotted
different unit spotted
different unit spotted
different unit spotted
different unit spotted
different unit spotted
different unit spotted
different unit spotted
different unit spotted
different unit spotted
different unit spotted
different unit spotted

Best move


next move down

different unit spotted
Ally Pioneer spotted Enemy Furyan at dir: 2
dodge called with dir: 6

dodge
dodge1 dir: 4
order placed

next move down

different unit spotted
Ally Pioneer spotted Enemy Furyan at dir: 2
dodge called with dir: 6

dodge
dodge1 dir: 6
order placed

next move down

different unit spotted
different unit spotted
different unit spotted
different unit spotted
different unit spotted
different unit spotted
different unit spotted
different unit spotted
different unit spotted
different unit spotted

Best move


next move down

different unit spotted
Ally Pioneer spotted Enemy Furyan at dir: 4
dodge called with dir: 0

dodge
dodge1 dir: 0
order placed

next move down

different unit spotted
different unit spotted
different unit spotted
different unit spotted
different unit spotted
different unit spotted
different unit spotted

Best move


next move down

different unit spotted
different unit spotted
different unit spotted
different unit spotted
different unit spotted
different unit spotted
different unit spotted
different unit spotted
different unit spotted
different unit spotted
different unit spotted
different unit spotted
different unit spotted
different unit spotted
different unit spotted
different unit spotted

Best move


next move down

different unit spotted
different unit spotted
different unit spotted
different unit spotted
different unit spotted
different unit spotted
different unit spotted
different unit spotted
different unit spotted
different unit spotted
different unit spotted
different unit spotted
different unit spotted
different unit spotted
different unit spotted
different unit spotted
different unit spotted
different unit spotted
different unit spotted
different unit spotted
different unit spotted
different unit spotted
different unit spotted
different unit spotted

Best move


next move down

different unit spotted
different unit spotted
different unit spotted
different unit spotted
different unit spotted
different unit spotted
different unit spotted
different unit spotted
different unit spotted
different unit spotted
different unit spotted
different unit spotted
different unit spotted
different unit spotted
different unit spotted
different unit spotted
different unit spotted

Best move


next move down

different unit spotted
different unit spotted
different unit spotted
different unit spotted
different unit spotted
different unit spotted
different unit spotted
different unit spotted
different unit spotted
different unit spotted
different unit spotted
different unit spotted
different unit spotted
different unit spotted
different unit spotted
different unit spotted
different unit spotted
different unit spotted
different unit spotted
different unit spotted
different unit spotted
different unit spotted
different unit spotted
different unit spotted

Best move


next move down

different unit spotted
different unit spotted
different unit spotted
different unit spotted
different unit spotted

Best move


next move down

different unit spotted
different unit spotted
different unit spotted
different unit spotted
different unit spotted
Ally Pioneer spotted Enemy Furyan at dir: 5
dodge called with dir: 1

dodge
dodge1 dir: 1
order placed

next move down

different unit spotted
different unit spotted
different unit spotted
different unit spotted
different unit spotted
different unit spotted
different unit spotted
different unit spotted
different unit spotted
different unit spotted
different unit spotted

Best move


next move down

different unit spotted
different unit spotted
different unit spotted
different unit spotted
different unit spotted
different unit spotted
different unit spotted
different unit spotted
different unit spotted
different unit spotted
Ally Pioneer spotted Enemy Furyan at dir: 1
dodge called with dir: 5

dodge
dodge1 dir: 5
order placed

next move down

different unit spotted
different unit spotted
different unit spotted
different unit spotted
different unit spotted
different unit spotted
different unit spotted
Ally Furian spotted Enemy unit at dir: 7
dodge called with dir: 7

dodge
dodge1 dir: 7

next move down

different unit spotted
Ally Furian spotted Enemy unit at dir: 2
dodge called with dir: 2

next move down

different unit spotted
different unit spotted
different unit spotted
different unit spotted
Ally Furian spotted Enemy unit at dir: 1
dodge called with dir: 1

dodge
dodge1 dir: 1

next move down

different unit spotted
different unit spotted
different unit spotted
different unit spotted
different unit spotted
different unit spotted
different unit spotted
different unit spotted
different unit spotted
different unit spotted
different unit spotted
different unit spotted
different unit spotted
different unit spotted
Ally Furian spotted Enemy unit at dir: 0
dodge called with dir: 0

dodge
dodge1 dir: 0

next move down

different unit spotted
different unit spotted
different unit spotted
Ally Furian spotted Enemy unit at dir: 5
dodge called with dir: 5

dodge
dodge1 dir: 5

next move down

different unit spotted
different unit spotted
Ally Furian spotted Enemy unit at dir: 1
dodge called with dir: 1

dodge
dodge1 dir: 1

next move down

different unit spotted
Ally Furian spotted Enemy unit at dir: 3
dodge called with dir: 3
dodge or chase commanded dir: 2

dodge or chase commanded dir: 3

dodge or chase commanded dir: 5

dodge or chase commanded dir: 1

dodge or chase commanded dir: 5

dodge or chase commanded dir: 6

dodge or chase commanded dir: 0

dodge or chase commanded dir: 6

dodge or chase commanded dir: 6

dodge or chase commanded dir: 6

dodge or chase commanded dir: 4

best move (not dodge) commanded

best move (not dodge) commanded

best move (not dodge) commanded

best move (not dodge) commanded

best move (not dodge) commanded

best move (not dodge) commanded

best move (not dodge) commanded

best move (not dodge) commanded

best move (not dodge) commanded

best move (not dodge) commanded

best move (not dodge) commanded

best move (not dodge) commanded

best move (not dodge) commanded

best move (not dodge) commanded

best move (not dodge) commanded

best move (not dodge) commanded

best move (not dodge) commanded

best move (not dodge) commanded

best move (not dodge) commanded

best move (not dodge) commanded

best move (not dodge) commanded

best move (not dodge) commanded

best move (not dodge) commanded

best move (not dodge) commanded

best move (not dodge) commanded

best move (not dodge) commanded

best move (not dodge) commanded

info:     end player 0
info:     start player 1
info:     end player 1
info:     start player 2
info:     end player 2
info:     start player 3
info:     end player 3
info: end round 41
info: start round 42
info:     start player 0

next move down

different unit spotted
different unit spotted
different unit spotted
different unit spotted
different unit spotted
different unit spotted
different unit spotted

Best move


next move down

different unit spotted
different unit spotted
different unit spotted
different unit spotted
different unit spotted
different unit spotted
different unit spotted
different unit spotted
different unit spotted
different unit spotted

Best move


next move down

different unit spotted
different unit spotted
different unit spotted
different unit spotted
different unit spotted

Best move


next move down

different unit spotted
different unit spotted
different unit spotted
different unit spotted
different unit spotted
different unit spotted

Best move


next move down

different unit spotted
different unit spotted
different unit spotted
different unit spotted
different unit spotted
different unit spotted
different unit spotted
different unit spotted
different unit spotted
different unit spotted
different unit spotted
different unit spotted
different unit spotted
different unit spotted
different unit spotted
different unit spotted

Best move


next move down

different unit spotted
different unit spotted
different unit spotted
different unit spotted
different unit spotted
Ally Pioneer spotted Enemy Furyan at dir: 1
dodge called with dir: 5

dodge
dodge1 dir: 5
order placed

next move down

different unit spotted
Ally Pioneer spotted Enemy Furyan at dir: 0
dodge called with dir: 4

dodge
dodge1 dir: 4
order placed

next move down

different unit spotted
different unit spotted
different unit spotted
different unit spotted
different unit spotted
different unit spotted
different unit spotted

Best move


next move down

different unit spotted
different unit spotted
different unit spotted
different unit spotted

Best move


next move down

different unit spotted
different unit spotted
different unit spotted
different unit spotted
different unit spotted
different unit spotted
different unit spotted
different unit spotted
different unit spotted
different unit spotted
different unit spotted
different unit spotted
different unit spotted
different unit spotted
different unit spotted
different unit spotted
different unit spotted
different unit spotted
different unit spotted
different unit spotted
different unit spotted
different unit spotted
different unit spotted
different unit spotted
different unit spotted
different unit spotted
different unit spotted
different unit spotted
different unit spotted
different unit spotted
different unit spotted

Best move


next move down

different unit spotted
Ally Pioneer spotted Enemy Furyan at dir: 2
dodge called with dir: 6

dodge
dodge1 dir: 4
order placed

next move down

different unit spotted
different unit spotted
different unit spotted
different unit spotted
different unit spotted
different unit spotted
different unit spotted
different unit spotted

Best move


next move down

different unit spotted
different unit spotted
different unit spotted
different unit spotted
different unit spotted
different unit spotted
different unit spotted
different unit spotted
different unit spotted
different unit spotted
different unit spotted
different unit spotted
different unit spotted
different unit spotted
different unit spotted
different unit spotted

Best move


next move down

different unit spotted
different unit spotted
different unit spotted
different unit spotted
different unit spotted
different unit spotted
different unit spotted
different unit spotted
different unit spotted
different unit spotted
different unit spotted
different unit spotted
different unit spotted
different unit spotted

Best move


next move down

different unit spotted
different unit spotted
different unit spotted
different unit spotted
different unit spotted
different unit spotted
different unit spotted
different unit spotted
different unit spotted
different unit spotted
different unit spotted
different unit spotted
different unit spotted
different unit spotted
different unit spotted

Best move


next move down

different unit spotted
different unit spotted
different unit spotted
different unit spotted
different unit spotted
different unit spotted
different unit spotted
different unit spotted
different unit spotted
different unit spotted
different unit spotted
different unit spotted
different unit spotted

Best move


next move down

different unit spotted
different unit spotted
different unit spotted
different unit spotted
different unit spotted
different unit spotted
different unit spotted
different unit spotted
different unit spotted
different unit spotted
different unit spotted
different unit spotted
different unit spotted
different unit spotted
different unit spotted
different unit spotted
different unit spotted
different unit spotted
different unit spotted
different unit spotted
different unit spotted
different unit spotted
different unit spotted
different unit spotted
different unit spotted
different unit spotted
different unit spotted
different unit spotted
different unit spotted
different unit spotted
different unit spotted
different unit spotted
different unit spotted

Best move


next move down

different unit spotted
different unit spotted
different unit spotted
different unit spotted
Ally Pioneer spotted Enemy Furyan at dir: 1
dodge called with dir: 5

dodge
dodge1 dir: 5
order placed

next move down

different unit spotted
Ally Pioneer spotted Enemy Furyan at dir: 2
dodge called with dir: 6

dodge
dodge1 dir: 5
order placed

next move down

different unit spotted
different unit spotted
different unit spotted
different unit spotted
different unit spotted
different unit spotted
different unit spotted
different unit spotted
different unit spotted

Best move


next move down

different unit spotted
different unit spotted
different unit spotted
different unit spotted
different unit spotted
different unit spotted
Ally Pioneer spotted Enemy Furyan at dir: 4
dodge called with dir: 0

dodge
dodge1 dir: 2
order placed

next move down

different unit spotted
different unit spotted
different unit spotted

Best move


next move down

different unit spotted
different unit spotted
different unit spotted
different unit spotted
different unit spotted
different unit spotted
different unit spotted
different unit spotted
different unit spotted
different unit spotted
different unit spotted
different unit spotted
different unit spotted
different unit spotted
different unit spotted
different unit spotted
different unit spotted
different unit spotted

Best move


next move down

different unit spotted
different unit spotted
different unit spotted
different unit spotted
different unit spotted
different unit spotted
different unit spotted
different unit spotted
different unit spotted
different unit spotted
different unit spotted
different unit spotted
different unit spotted
different unit spotted
different unit spotted
different unit spotted
different unit spotted
different unit spotted

Best move


next move down

different unit spotted
different unit spotted
different unit spotted
different unit spotted
different unit spotted
Ally Pioneer spotted Enemy Furyan at dir: 6
dodge called with dir: 2

dodge
dodge1 dir: 2
order placed

next move down

different unit spotted
different unit spotted
different unit spotted
different unit spotted
different unit spotted
different unit spotted
different unit spotted
different unit spotted
different unit spotted
different unit spotted
different unit spotted

Best move


next move down

different unit spotted
different unit spotted
different unit spotted
different unit spotted
different unit spotted
different unit spotted
different unit spotted
different unit spotted
different unit spotted
different unit spotted
different unit spotted
different unit spotted
different unit spotted
Ally Pioneer spotted Enemy Furyan at dir: 0
dodge called with dir: 4

dodge
dodge1 dir: 4
order placed

next move down

different unit spotted
different unit spotted
different unit spotted
different unit spotted
different unit spotted
different unit spotted
different unit spotted

Best move


next move down

different unit spotted
different unit spotted
different unit spotted
different unit spotted
different unit spotted
different unit spotted
different unit spotted
different unit spotted
different unit spotted
Ally Pioneer spotted Enemy Furyan at dir: 5
dodge called with dir: 1

dodge
dodge1 dir: 1
order placed

next move down

different unit spotted
different unit spotted
different unit spotted
different unit spotted
different unit spotted
different unit spotted
different unit spotted

Best move


next move down

different unit spotted
different unit spotted
different unit spotted
different unit spotted
different unit spotted
different unit spotted
different unit spotted
different unit spotted
different unit spotted
different unit spotted

Best move


next move down

different unit spotted
different unit spotted
different unit spotted
different unit spotted
different unit spotted
different unit spotted
different unit spotted
different unit spotted
different unit spotted
different unit spotted
different unit spotted
different unit spotted
Ally Pioneer spotted Enemy Furyan at dir: 4
dodge called with dir: 0

dodge
dodge1 dir: 0
order placed

next move down

different unit spotted
Ally Furian spotted Enemy unit at dir: 0
dodge called with dir: 0

dodge
dodge1 dir: 0

next move down

different unit spotted
different unit spotted
Ally Furian spotted Enemy unit at dir: 2
dodge called with dir: 2

dodge
dodge1 dir: 2

next move down

different unit spotted
different unit spotted
different unit spotted
different unit spotted
different unit spotted
different unit spotted
different unit spotted
different unit spotted
Ally Furian spotted Enemy unit at dir: 6
dodge called with dir: 6

dodge
dodge1 dir: 6

next move down

different unit spotted
different unit spotted
different unit spotted
different unit spotted
different unit spotted
different unit spotted
different unit spotted
different unit spotted
different unit spotted
different unit spotted
different unit spotted
different unit spotted
different unit spotted
different unit spotted
different unit spotted
different unit spotted
different unit spotted
Ally Furian spotted Enemy unit at dir: 1
dodge called with dir: 1

dodge
dodge1 dir: 4
different unit spotted
Ally Furian spotted Enemy unit at dir: 7
dodge called with dir: 7

dodge
dodge1 dir: 7

next move down

different unit spotted
different unit spotted
different unit spotted
different unit spotted
different unit spotted
different unit spotted
Ally Furian spotted Enemy unit at dir: 3
dodge called with dir: 3

dodge
dodge1 dir: 3

next move down

different unit spotted
Ally Furian spotted Enemy unit at dir: 2
dodge called with dir: 2

next move down

different unit spotted
different unit spotted
different unit spotted
different unit spotted
different unit spotted
different unit spotted
different unit spotted
Hellhound spotted at dir: 7
dodge called with dir: 3

dodge
dodge1 dir: 3
order placed
dodge or chase commanded dir: 2

dodge or chase commanded dir: 3

dodge or chase commanded dir: 4

dodge or chase commanded dir: 1

dodge or chase commanded dir: 2

dodge or chase commanded dir: 4

dodge or chase commanded dir: 5

dodge or chase commanded dir: 2

dodge or chase commanded dir: 4

dodge or chase commanded dir: 5

dodge or chase commanded dir: 5

dodge or chase commanded dir: 0

best move (not dodge) commanded

best move (not dodge) commanded

best move (not dodge) commanded

best move (not dodge) commanded

best move (not dodge) commanded

best move (not dodge) commanded

best move (not dodge) commanded

best move (not dodge) commanded

best move (not dodge) commanded

best move (not dodge) commanded

best move (not dodge) commanded

best move (not dodge) commanded

best move (not dodge) commanded

best move (not dodge) commanded

warning: action already requested for unit 4
best move (not dodge) commanded

best move (not dodge) commanded

best move (not dodge) commanded

best move (not dodge) commanded

best move (not dodge) commanded

best move (not dodge) commanded

best move (not dodge) commanded

best move (not dodge) commanded

best move (not dodge) commanded

best move (not dodge) commanded

best move (not dodge) commanded

best move (not dodge) commanded

best move (not dodge) commanded

best move (not dodge) commanded

info:     end player 0
info:     start player 1
info:     end player 1
info:     start player 2
info:     end player 2
info:     start player 3
info:     end player 3
info: end round 42
info: start round 43
info:     start player 0

next move down

different unit spotted
different unit spotted
different unit spotted
different unit spotted
different unit spotted
different unit spotted
Hellhound spotted at dir: 1
dodge called with dir: 5

dodge
dodge1 dir: 6
order placed

next move down

different unit spotted
different unit spotted
different unit spotted
different unit spotted
different unit spotted
different unit spotted
different unit spotted
different unit spotted
different unit spotted
different unit spotted

Best move


next move down

different unit spotted
different unit spotted

Best move


next move down

different unit spotted
different unit spotted
different unit spotted
different unit spotted
different unit spotted

Best move


next move down

different unit spotted
different unit spotted
different unit spotted
different unit spotted
different unit spotted
different unit spotted
different unit spotted
different unit spotted
different unit spotted
different unit spotted
different unit spotted
different unit spotted
different unit spotted

Best move


next move down

different unit spotted
different unit spotted
different unit spotted
different unit spotted
different unit spotted
Ally Pioneer spotted Enemy Furyan at dir: 1
dodge called with dir: 5

dodge
dodge1 dir: 6
order placed

next move down

different unit spotted
different unit spotted
different unit spotted
different unit spotted
different unit spotted

Best move


next move down

different unit spotted
different unit spotted
different unit spotted
different unit spotted
different unit spotted

Best move


next move down

different unit spotted
different unit spotted
different unit spotted
different unit spotted
different unit spotted
different unit spotted
different unit spotted
different unit spotted
different unit spotted
different unit spotted
different unit spotted
different unit spotted
different unit spotted
different unit spotted
different unit spotted
different unit spotted
different unit spotted
different unit spotted
different unit spotted
different unit spotted
different unit spotted
different unit spotted
different unit spotted
different unit spotted
different unit spotted
different unit spotted
different unit spotted
different unit spotted
different unit spotted
different unit spotted
different unit spotted
different unit spotted

Best move


next move down

different unit spotted
Ally Pioneer spotted Enemy Furyan at dir: 2
dodge called with dir: 6

dodge
dodge1 dir: 5
order placed

next move down

different unit spotted
different unit spotted
different unit spotted
different unit spotted
different unit spotted

Best move


next move down

different unit spotted
different unit spotted
different unit spotted
different unit spotted
different unit spotted
different unit spotted
different unit spotted
different unit spotted
different unit spotted
different unit spotted
different unit spotted
different unit spotted
different unit spotted
different unit spotted
different unit spotted
different unit spotted
different unit spotted
different unit spotted
different unit spotted

Best move


next move down

different unit spotted
different unit spotted
different unit spotted
different unit spotted
different unit spotted
different unit spotted
different unit spotted
different unit spotted
different unit spotted
different unit spotted
different unit spotted
different unit spotted
different unit spotted
different unit spotted
different unit spotted

Best move


next move down

different unit spotted
different unit spotted
different unit spotted
different unit spotted
different unit spotted
different unit spotted
different unit spotted
different unit spotted
different unit spotted
different unit spotted
different unit spotted
different unit spotted
different unit spotted
different unit spotted

Best move


next move down

different unit spotted
different unit spotted
different unit spotted
different unit spotted
different unit spotted
different unit spotted
different unit spotted
different unit spotted
different unit spotted
different unit spotted
different unit spotted
different unit spotted
different unit spotted
different unit spotted
different unit spotted
different unit spotted

Best move


next move down

different unit spotted
different unit spotted
different unit spotted
different unit spotted
different unit spotted
different unit spotted
different unit spotted
different unit spotted
different unit spotted
different unit spotted
different unit spotted
different unit spotted
different unit spotted
different unit spotted
different unit spotted
different unit spotted
different unit spotted
different unit spotted
different unit spotted
different unit spotted
different unit spotted
different unit spotted
different unit spotted
different unit spotted
different unit spotted
different unit spotted
different unit spotted
different unit spotted
different unit spotted
different unit spotted

Best move


next move down

different unit spotted
different unit spotted
different unit spotted
different unit spotted
different unit spotted
different unit spotted
Ally Pioneer spotted Enemy Furyan at dir: 1
dodge called with dir: 5

dodge
dodge1 dir: 5
order placed

next move down

different unit spotted
different unit spotted
different unit spotted
different unit spotted
different unit spotted
different unit spotted
different unit spotted

Best move


next move down

different unit spotted
Ally Pioneer spotted Enemy Furyan at dir: 3
dodge called with dir: 7

dodge
dodge1 dir: 7
order placed

next move down

different unit spotted
different unit spotted
different unit spotted
different unit spotted
different unit spotted

Best move


next move down

different unit spotted
different unit spotted
different unit spotted
different unit spotted
different unit spotted
different unit spotted
different unit spotted
different unit spotted
different unit spotted
different unit spotted
different unit spotted
different unit spotted
different unit spotted
different unit spotted
different unit spotted
different unit spotted
different unit spotted
different unit spotted

Best move


next move down

different unit spotted
different unit spotted
different unit spotted
different unit spotted
different unit spotted
different unit spotted
different unit spotted
different unit spotted
different unit spotted
different unit spotted
different unit spotted
different unit spotted
different unit spotted
different unit spotted
different unit spotted
different unit spotted
different unit spotted
different unit spotted
different unit spotted
different unit spotted
different unit spotted
different unit spotted
different unit spotted
different unit spotted
different unit spotted
different unit spotted
different unit spotted
different unit spotted
different unit spotted
different unit spotted

Best move


next move down

different unit spotted
different unit spotted
different unit spotted
different unit spotted
different unit spotted
different unit spotted
different unit spotted
different unit spotted
different unit spotted
different unit spotted
different unit spotted
different unit spotted
different unit spotted

Best move


next move down

different unit spotted
different unit spotted
different unit spotted
different unit spotted
different unit spotted
different unit spotted
different unit spotted
different unit spotted
different unit spotted
different unit spotted
different unit spotted
different unit spotted
different unit spotted
different unit spotted

Best move


next move down

different unit spotted
different unit spotted
different unit spotted
different unit spotted
different unit spotted
different unit spotted
different unit spotted
different unit spotted
different unit spotted
different unit spotted
different unit spotted
Ally Pioneer spotted Enemy Furyan at dir: 7
dodge called with dir: 3

dodge
dodge1 dir: 3
order placed

next move down

different unit spotted
different unit spotted
different unit spotted
different unit spotted
different unit spotted
different unit spotted
different unit spotted
different unit spotted
different unit spotted
different unit spotted
different unit spotted
different unit spotted
different unit spotted
different unit spotted
different unit spotted

Best move


next move down

different unit spotted
different unit spotted
different unit spotted
different unit spotted
different unit spotted
different unit spotted
different unit spotted
different unit spotted
different unit spotted
different unit spotted
different unit spotted
different unit spotted
different unit spotted
different unit spotted
different unit spotted
different unit spotted
different unit spotted
different unit spotted
different unit spotted
different unit spotted
different unit spotted
different unit spotted
different unit spotted
different unit spotted
different unit spotted
different unit spotted
Ally Pioneer spotted Enemy Furyan at dir: 5
dodge called with dir: 1

dodge
dodge1 dir: 0
order placed

next move down

different unit spotted
different unit spotted
different unit spotted
different unit spotted
different unit spotted
different unit spotted
different unit spotted
different unit spotted
different unit spotted
different unit spotted
different unit spotted
different unit spotted

Best move


next move down

different unit spotted
Ally Pioneer spotted Enemy Furyan at dir: 2
dodge called with dir: 6

dodge
dodge1 dir: 6
order placed

next move down

different unit spotted
different unit spotted
different unit spotted
different unit spotted
different unit spotted
different unit spotted
different unit spotted
different unit spotted
different unit spotted
different unit spotted
different unit spotted
different unit spotted
different unit spotted
different unit spotted
different unit spotted
different unit spotted
different unit spotted
different unit spotted
different unit spotted
different unit spotted
different unit spotted
different unit spotted
different unit spotted

Best move


next move down

different unit spotted
Ally Furian spotted Enemy unit at dir: 1
dodge called with dir: 1

next move down

different unit spotted
different unit spotted
Ally Furian spotted Enemy unit at dir: 1
dodge called with dir: 1

next move down

different unit spotted
different unit spotted
Ally Furian spotted Enemy unit at dir: 7
dodge called with dir: 7

dodge
dodge1 dir: 7

next move down

different unit spotted
different unit spotted
different unit spotted
different unit spotted
different unit spotted
different unit spotted
different unit spotted
different unit spotted
Ally Furian spotted Enemy unit at dir: 1
dodge called with dir: 1

dodge
dodge1 dir: 5
different unit spotted
Ally Furian spotted Enemy unit at dir: 0
dodge called with dir: 0

dodge
dodge1 dir: 4
different unit spotted
different unit spotted
different unit spotted
different unit spotted
Ally Furian spotted Enemy unit at dir: 7
dodge called with dir: 7

dodge
dodge1 dir: 3
different unit spotted
Ally Furian spotted Enemy unit at dir: 2
dodge called with dir: 2

dodge
dodge1 dir: 6
different unit spotted
Ally Furian spotted Enemy unit at dir: 1
dodge called with dir: 1

dodge
dodge1 dir: 1

next move down

different unit spotted
different unit spotted
different unit spotted
Ally Furian spotted Enemy unit at dir: 3
dodge called with dir: 3

dodge
dodge1 dir: 3

next move down

different unit spotted
different unit spotted
different unit spotted
different unit spotted
Ally Furian spotted Enemy unit at dir: 2
dodge called with dir: 2

dodge
dodge1 dir: 2

next move down

different unit spotted
different unit spotted
different unit spotted
different unit spotted
different unit spotted
different unit spotted
different unit spotted
different unit spotted
different unit spotted
Hellhound spotted at dir: 7
dodge called with dir: 3

dodge
dodge1 dir: 3
order placed
dodge or chase commanded dir: 6

dodge or chase commanded dir: 1

dodge or chase commanded dir: 1

dodge or chase commanded dir: 3

dodge or chase commanded dir: 6

dodge or chase commanded dir: 6

dodge or chase commanded dir: 3

dodge or chase commanded dir: 0

dodge or chase commanded dir: 5

dodge or chase commanded dir: 7

dodge or chase commanded dir: 5

best move (not dodge) commanded

best move (not dodge) commanded

best move (not dodge) commanded

best move (not dodge) commanded

best move (not dodge) commanded

best move (not dodge) commanded

best move (not dodge) commanded

best move (not dodge) commanded

warning: action already requested for unit 4
best move (not dodge) commanded

best move (not dodge) commanded

best move (not dodge) commanded

best move (not dodge) commanded

best move (not dodge) commanded

best move (not dodge) commanded

best move (not dodge) commanded

best move (not dodge) commanded

best move (not dodge) commanded

best move (not dodge) commanded

warning: action already requested for unit 4
best move (not dodge) commanded

best move (not dodge) commanded

best move (not dodge) commanded

warning: action already requested for unit 4
best move (not dodge) commanded

best move (not dodge) commanded

best move (not dodge) commanded

best move (not dodge) commanded

warning: action already requested for unit 4
best move (not dodge) commanded

best move (not dodge) commanded

best move (not dodge) commanded

best move (not dodge) commanded

best move (not dodge) commanded

info:     end player 0
info:     start player 1
info:     end player 1
info:     start player 2
info:     end player 2
info:     start player 3
info:     end player 3
info: end round 43
info: start round 44
info:     start player 0

next move down

different unit spotted
different unit spotted
different unit spotted
different unit spotted
different unit spotted
different unit spotted
Hellhound spotted at dir: 1
dodge called with dir: 5

dodge
dodge1 dir: 6
order placed

next move down

different unit spotted
different unit spotted
different unit spotted
different unit spotted
different unit spotted
different unit spotted
different unit spotted
different unit spotted
different unit spotted
different unit spotted
different unit spotted

Best move


next move down

different unit spotted
different unit spotted

Best move


next move down

different unit spotted
different unit spotted
different unit spotted
different unit spotted
different unit spotted
different unit spotted
different unit spotted

Best move


next move down

different unit spotted
different unit spotted
different unit spotted
different unit spotted
different unit spotted
different unit spotted
different unit spotted
different unit spotted
different unit spotted
different unit spotted

Best move


next move down

different unit spotted
different unit spotted
different unit spotted
different unit spotted
different unit spotted
different unit spotted
different unit spotted
different unit spotted
different unit spotted
different unit spotted
Ally Pioneer spotted Enemy Furyan at dir: 1
dodge called with dir: 5

dodge
dodge1 dir: 5
order placed

next move down

different unit spotted
different unit spotted
different unit spotted
different unit spotted
different unit spotted
different unit spotted
Ally Pioneer spotted Enemy Furyan at dir: 5
dodge called with dir: 1

dodge
dodge1 dir: 1
order placed

next move down

different unit spotted
different unit spotted
different unit spotted
different unit spotted
different unit spotted
different unit spotted

Best move


next move down

different unit spotted
different unit spotted
different unit spotted
different unit spotted
different unit spotted
different unit spotted
different unit spotted
different unit spotted
different unit spotted
different unit spotted
different unit spotted
different unit spotted
different unit spotted
different unit spotted
different unit spotted
different unit spotted
different unit spotted
different unit spotted
different unit spotted
different unit spotted
different unit spotted
different unit spotted
different unit spotted
different unit spotted
different unit spotted
different unit spotted
different unit spotted
different unit spotted
different unit spotted
different unit spotted
different unit spotted
different unit spotted
different unit spotted
different unit spotted
different unit spotted
different unit spotted

Best move


next move down

different unit spotted
different unit spotted
different unit spotted
different unit spotted
different unit spotted
different unit spotted
different unit spotted
different unit spotted

Best move


next move down

different unit spotted
different unit spotted
different unit spotted
different unit spotted
different unit spotted
different unit spotted
different unit spotted
different unit spotted
different unit spotted
different unit spotted
different unit spotted
different unit spotted
different unit spotted
different unit spotted

Best move


next move down

different unit spotted
different unit spotted
different unit spotted
different unit spotted
different unit spotted
different unit spotted
different unit spotted
different unit spotted
different unit spotted
different unit spotted
different unit spotted
different unit spotted
different unit spotted
different unit spotted
different unit spotted
different unit spotted
different unit spotted
different unit spotted
different unit spotted
Ally Pioneer spotted Enemy Furyan at dir: 7
dodge called with dir: 3

dodge
dodge1 dir: 1
order placed

next move down

different unit spotted
different unit spotted
different unit spotted
different unit spotted
different unit spotted
different unit spotted
different unit spotted
different unit spotted
different unit spotted
different unit spotted
different unit spotted
different unit spotted
different unit spotted
different unit spotted

Best move


next move down

different unit spotted
different unit spotted
different unit spotted
different unit spotted
different unit spotted
different unit spotted
different unit spotted
different unit spotted
different unit spotted
different unit spotted
different unit spotted
different unit spotted
different unit spotted
different unit spotted
different unit spotted
Ally Pioneer spotted Enemy Furyan at dir: 2
dodge called with dir: 6

dodge
dodge1 dir: 6
order placed

next move down

different unit spotted
different unit spotted
different unit spotted
different unit spotted
different unit spotted
different unit spotted
different unit spotted
different unit spotted
different unit spotted
different unit spotted
different unit spotted
different unit spotted
different unit spotted
different unit spotted
different unit spotted
different unit spotted
different unit spotted
different unit spotted
different unit spotted
different unit spotted
different unit spotted
different unit spotted
different unit spotted
different unit spotted
different unit spotted
different unit spotted
different unit spotted
different unit spotted
different unit spotted
different unit spotted
different unit spotted
different unit spotted
different unit spotted
different unit spotted

Best move


next move down

different unit spotted
different unit spotted
different unit spotted
different unit spotted
different unit spotted
different unit spotted
different unit spotted
different unit spotted
different unit spotted
Ally Pioneer spotted Enemy Furyan at dir: 2
dodge called with dir: 6

dodge
dodge1 dir: 6
order placed

next move down

different unit spotted
different unit spotted
different unit spotted
different unit spotted
Ally Pioneer spotted Enemy Furyan at dir: 3
dodge called with dir: 7

dodge
dodge1 dir: 6
order placed

next move down

different unit spotted
different unit spotted
different unit spotted
different unit spotted
different unit spotted
different unit spotted

Best move


next move down

different unit spotted
different unit spotted
different unit spotted
different unit spotted
different unit spotted
different unit spotted
different unit spotted
Ally Pioneer spotted Enemy Furyan at dir: 3
dodge called with dir: 7

dodge
dodge1 dir: 5
order placed

next move down

different unit spotted
different unit spotted
different unit spotted
different unit spotted

Best move


next move down

different unit spotted
different unit spotted
different unit spotted
different unit spotted
different unit spotted
different unit spotted
different unit spotted
different unit spotted

Best move


next move down

different unit spotted
different unit spotted
different unit spotted
different unit spotted
different unit spotted
different unit spotted
different unit spotted
different unit spotted
different unit spotted
different unit spotted
different unit spotted
different unit spotted
different unit spotted
different unit spotted
different unit spotted
different unit spotted
different unit spotted
different unit spotted

Best move


next move down

different unit spotted
different unit spotted
different unit spotted
different unit spotted
different unit spotted
different unit spotted
different unit spotted
different unit spotted
different unit spotted
different unit spotted
different unit spotted
different unit spotted
different unit spotted
different unit spotted
different unit spotted
different unit spotted
Ally Pioneer spotted Enemy Furyan at dir: 2
dodge called with dir: 6

dodge
dodge1 dir: 5
order placed

next move down

different unit spotted
different unit spotted
different unit spotted
different unit spotted
different unit spotted
different unit spotted
different unit spotted

Best move


next move down

different unit spotted
different unit spotted
different unit spotted
different unit spotted
different unit spotted
different unit spotted
different unit spotted
different unit spotted
different unit spotted
different unit spotted
different unit spotted
different unit spotted
different unit spotted
different unit spotted
different unit spotted

Best move


next move down

different unit spotted
different unit spotted
different unit spotted
different unit spotted
different unit spotted
different unit spotted
different unit spotted
different unit spotted
different unit spotted
different unit spotted
different unit spotted
different unit spotted
different unit spotted
different unit spotted
different unit spotted
different unit spotted
different unit spotted
different unit spotted
different unit spotted
different unit spotted

Best move


next move down

different unit spotted
different unit spotted
different unit spotted
different unit spotted
different unit spotted
different unit spotted
different unit spotted
different unit spotted
different unit spotted
different unit spotted
different unit spotted
different unit spotted
different unit spotted
different unit spotted
different unit spotted

Best move


next move down

different unit spotted
different unit spotted
different unit spotted
different unit spotted
different unit spotted
different unit spotted
different unit spotted
different unit spotted
different unit spotted
different unit spotted
different unit spotted
different unit spotted
different unit spotted
different unit spotted
different unit spotted
different unit spotted
different unit spotted
different unit spotted
different unit spotted
different unit spotted
different unit spotted
different unit spotted
different unit spotted
different unit spotted
different unit spotted
different unit spotted
different unit spotted
different unit spotted
different unit spotted

Best move


next move down

different unit spotted
different unit spotted
different unit spotted
different unit spotted
different unit spotted
different unit spotted
different unit spotted
different unit spotted

Best move


next move down

different unit spotted
different unit spotted
Ally Pioneer spotted Enemy Furyan at dir: 1
dodge called with dir: 5

dodge
dodge1 dir: 4
order placed

next move down

different unit spotted
different unit spotted
different unit spotted
different unit spotted
different unit spotted
different unit spotted
different unit spotted
different unit spotted
different unit spotted
different unit spotted
different unit spotted
different unit spotted
different unit spotted
different unit spotted
Ally Pioneer spotted Enemy Furyan at dir: 2
dodge called with dir: 6

dodge
dodge1 dir: 6
order placed

next move down

different unit spotted
different unit spotted
different unit spotted
different unit spotted
different unit spotted
different unit spotted
different unit spotted
different unit spotted
different unit spotted
different unit spotted
different unit spotted
different unit spotted
different unit spotted
different unit spotted
different unit spotted
different unit spotted
different unit spotted
different unit spotted
different unit spotted
different unit spotted
different unit spotted
different unit spotted
different unit spotted
different unit spotted
different unit spotted
Ally Furian spotted Enemy unit at dir: 7
dodge called with dir: 7

dodge
dodge1 dir: 5

next move down

different unit spotted
different unit spotted
different unit spotted
Ally Furian spotted Enemy unit at dir: 2
dodge called with dir: 2

dodge
dodge1 dir: 6
different unit spotted
different unit spotted
different unit spotted
different unit spotted
different unit spotted
different unit spotted
different unit spotted
Ally Furian spotted Enemy unit at dir: 3
dodge called with dir: 3

dodge
dodge1 dir: 7
different unit spotted
different unit spotted
different unit spotted
different unit spotted
different unit spotted
different unit spotted
Ally Furian spotted Enemy unit at dir: 4
dodge called with dir: 4

dodge
dodge1 dir: 0
different unit spotted
Ally Furian spotted Enemy unit at dir: 0
dodge called with dir: 0

dodge
dodge1 dir: 5
different unit spotted
different unit spotted
different unit spotted
different unit spotted
different unit spotted
Ally Furian spotted Enemy unit at dir: 6
dodge called with dir: 6

dodge
dodge1 dir: 2
different unit spotted
Ally Furian spotted Enemy unit at dir: 5
dodge called with dir: 5

dodge
dodge1 dir: 1
different unit spotted
Ally Furian spotted Enemy unit at dir: 7
dodge called with dir: 7

dodge
dodge1 dir: 2
different unit spotted
different unit spotted
different unit spotted
different unit spotted
different unit spotted
Ally Furian spotted Enemy unit at dir: 5
dodge called with dir: 5

dodge
dodge1 dir: 1
different unit spotted
different unit spotted
different unit spotted
different unit spotted
Ally Furian spotted Enemy unit at dir: 3
dodge called with dir: 3

dodge
dodge1 dir: 2

next move down

different unit spotted
Ally Furian spotted Enemy unit at dir: 2
dodge called with dir: 2

next move down

different unit spotted
different unit spotted
different unit spotted
different unit spotted
different unit spotted
different unit spotted
different unit spotted
different unit spotted
different unit spotted
different unit spotted
different unit spotted
different unit spotted
Ally Furian spotted Enemy unit at dir: 1
dodge called with dir: 1

dodge
dodge1 dir: 5
different unit spotted
Ally Furian spotted Enemy unit at dir: 0
dodge called with dir: 0

dodge
dodge1 dir: 4
different unit spotted
Ally Furian spotted Enemy unit at dir: 7
dodge called with dir: 7

dodge
dodge1 dir: 3
different unit spotted
different unit spotted
different unit spotted
Ally Furian spotted Enemy unit at dir: 2
dodge called with dir: 2

dodge
dodge1 dir: 6
different unit spotted
Ally Furian spotted Enemy unit at dir: 6
dodge called with dir: 6

dodge
dodge1 dir: 2
different unit spotted
Ally Furian spotted Enemy unit at dir: 3
dodge called with dir: 3

dodge
dodge1 dir: 7
different unit spotted
Ally Furian spotted Enemy unit at dir: 4
dodge called with dir: 4

dodge
dodge1 dir: 0
different unit spotted
Ally Furian spotted Enemy unit at dir: 5
dodge called with dir: 5

dodge
dodge1 dir: 1
different unit spotted
Ally Furian spotted Enemy unit at dir: 1
dodge called with dir: 1

dodge
dodge1 dir: 1

next move down

different unit spotted
different unit spotted
different unit spotted
different unit spotted
different unit spotted
different unit spotted
different unit spotted
different unit spotted
different unit spotted
different unit spotted
different unit spotted
different unit spotted
different unit spotted
different unit spotted
different unit spotted
different unit spotted
different unit spotted
different unit spotted
different unit spotted
different unit spotted
different unit spotted
different unit spotted
different unit spotted
different unit spotted
different unit spotted
Ally Furian spotted Enemy unit at dir: 7
dodge called with dir: 7

dodge
dodge1 dir: 7

next move down

different unit spotted
different unit spotted
different unit spotted
different unit spotted
different unit spotted
different unit spotted
different unit spotted
different unit spotted
different unit spotted
different unit spotted
different unit spotted
different unit spotted
different unit spotted
different unit spotted
different unit spotted
different unit spotted
different unit spotted
different unit spotted
different unit spotted
different unit spotted
different unit spotted
Ally Furian spotted Enemy unit at dir: 7
dodge called with dir: 7

dodge
dodge1 dir: 7

next move down

different unit spotted
different unit spotted
different unit spotted
different unit spotted
different unit spotted
different unit spotted
different unit spotted
different unit spotted
different unit spotted
different unit spotted
different unit spotted
different unit spotted
different unit spotted
different unit spotted
different unit spotted
Ally Furian spotted Enemy unit at dir: 7
dodge called with dir: 7

dodge
dodge1 dir: 7
dodge or chase commanded dir: 6

dodge or chase commanded dir: 2

dodge or chase commanded dir: 5

dodge or chase commanded dir: 1

dodge or chase commanded dir: 4

dodge or chase commanded dir: 6

dodge or chase commanded dir: 6

dodge or chase commanded dir: 1

dodge or chase commanded dir: 6

dodge or chase commanded dir: 5

dodge or chase commanded dir: 6

dodge or chase commanded dir: 5

best move (not dodge) commanded

best move (not dodge) commanded

best move (not dodge) commanded

best move (not dodge) commanded

warning: action already requested for unit 4
best move (not dodge) commanded

best move (not dodge) commanded

best move (not dodge) commanded

best move (not dodge) commanded

warning: action already requested for unit 2
best move (not dodge) commanded

warning: action already requested for unit 4
best move (not dodge) commanded

warning: action already requested for unit 2
best move (not dodge) commanded

warning: action already requested for unit 2
best move (not dodge) commanded

warning: action already requested for unit 2
best move (not dodge) commanded

warning: action already requested for unit 2
best move (not dodge) commanded

warning: action already requested for unit 2
best move (not dodge) commanded

warning: action already requested for unit 2
best move (not dodge) commanded

best move (not dodge) commanded

best move (not dodge) commanded

warning: action already requested for unit 4
best move (not dodge) commanded

best move (not dodge) commanded

warning: action already requested for unit 4
best move (not dodge) commanded

best move (not dodge) commanded

best move (not dodge) commanded

best move (not dodge) commanded

warning: action already requested for unit 4
best move (not dodge) commanded

best move (not dodge) commanded

warning: action already requested for unit 4
best move (not dodge) commanded

best move (not dodge) commanded

warning: action already requested for unit 4
best move (not dodge) commanded

best move (not dodge) commanded

best move (not dodge) commanded

best move (not dodge) commanded

best move (not dodge) commanded

best move (not dodge) commanded

best move (not dodge) commanded

warning: action already requested for unit 4
best move (not dodge) commanded

best move (not dodge) commanded

warning: action already requested for unit 2
best move (not dodge) commanded

best move (not dodge) commanded

best move (not dodge) commanded

best move (not dodge) commanded

best move (not dodge) commanded

info:     end player 0
info:     start player 1
info:     end player 1
info:     start player 2
info:     end player 2
info:     start player 3
info:     end player 3
info: end round 44
info: start round 45
info:     start player 0

next move down

different unit spotted
different unit spotted
Hellhound spotted at dir: 1
dodge called with dir: 5

dodge
dodge1 dir: 7
order placed

next move down

different unit spotted
different unit spotted
different unit spotted
different unit spotted
different unit spotted
different unit spotted
different unit spotted
different unit spotted
different unit spotted
different unit spotted
different unit spotted
different unit spotted

Best move


next move down

different unit spotted
different unit spotted

Best move


next move down

different unit spotted
different unit spotted
different unit spotted
different unit spotted
different unit spotted
different unit spotted
different unit spotted
different unit spotted

Best move


next move down

different unit spotted
different unit spotted
different unit spotted
different unit spotted
different unit spotted
different unit spotted
different unit spotted
different unit spotted
different unit spotted
different unit spotted
different unit spotted
different unit spotted
different unit spotted

Best move


next move down

different unit spotted
different unit spotted
different unit spotted
different unit spotted
different unit spotted
different unit spotted
different unit spotted
different unit spotted
different unit spotted
different unit spotted
different unit spotted
different unit spotted
different unit spotted
different unit spotted
different unit spotted
different unit spotted
different unit spotted
different unit spotted

Best move


next move down

different unit spotted
different unit spotted
different unit spotted
Ally Pioneer spotted Enemy Furyan at dir: 5
dodge called with dir: 1

dodge
order placed

next move down

different unit spotted
different unit spotted
different unit spotted
different unit spotted

Best move


next move down

different unit spotted
different unit spotted
different unit spotted
different unit spotted
different unit spotted
different unit spotted
different unit spotted
different unit spotted
different unit spotted
different unit spotted
different unit spotted
different unit spotted
different unit spotted
different unit spotted
different unit spotted
different unit spotted
different unit spotted
different unit spotted
different unit spotted
different unit spotted
different unit spotted
different unit spotted
different unit spotted
different unit spotted
different unit spotted
different unit spotted
different unit spotted
different unit spotted
different unit spotted
different unit spotted
different unit spotted
different unit spotted
different unit spotted
different unit spotted

Best move


next move down

different unit spotted
different unit spotted
different unit spotted
different unit spotted
different unit spotted
different unit spotted
different unit spotted

Best move


next move down

different unit spotted
different unit spotted
different unit spotted
different unit spotted
different unit spotted
different unit spotted
different unit spotted
different unit spotted
different unit spotted
different unit spotted
different unit spotted
different unit spotted
different unit spotted
different unit spotted
different unit spotted
different unit spotted
different unit spotted
different unit spotted

Best move


next move down

different unit spotted
different unit spotted
different unit spotted
different unit spotted
different unit spotted
different unit spotted
different unit spotted
different unit spotted
different unit spotted
different unit spotted
different unit spotted
different unit spotted
different unit spotted
different unit spotted
different unit spotted
different unit spotted
different unit spotted

Best move


next move down

different unit spotted
different unit spotted
different unit spotted
different unit spotted
different unit spotted
different unit spotted
different unit spotted
different unit spotted
different unit spotted
different unit spotted
different unit spotted
different unit spotted
different unit spotted
different unit spotted

Best move


next move down

different unit spotted
different unit spotted
different unit spotted
different unit spotted
different unit spotted
different unit spotted
different unit spotted
different unit spotted
different unit spotted
different unit spotted
different unit spotted
different unit spotted
different unit spotted
different unit spotted
different unit spotted
different unit spotted
different unit spotted
different unit spotted
different unit spotted
different unit spotted
different unit spotted
different unit spotted
different unit spotted
different unit spotted

Best move


next move down

different unit spotted
different unit spotted
different unit spotted
different unit spotted
different unit spotted
different unit spotted
different unit spotted
different unit spotted
different unit spotted
different unit spotted
different unit spotted
different unit spotted
different unit spotted
different unit spotted
different unit spotted
different unit spotted
different unit spotted
different unit spotted
different unit spotted
different unit spotted
different unit spotted
different unit spotted
different unit spotted
different unit spotted
different unit spotted
different unit spotted
different unit spotted
different unit spotted
different unit spotted
different unit spotted
different unit spotted
different unit spotted
different unit spotted
different unit spotted
different unit spotted
different unit spotted
different unit spotted
different unit spotted
different unit spotted
different unit spotted

Best move


next move down

different unit spotted
different unit spotted
different unit spotted
different unit spotted
different unit spotted
different unit spotted
Ally Pioneer spotted Enemy Furyan at dir: 1
dodge called with dir: 5

dodge
dodge1 dir: 4
order placed

next move down

different unit spotted
different unit spotted
different unit spotted
different unit spotted
different unit spotted
different unit spotted
Ally Pioneer spotted Enemy Furyan at dir: 3
dodge called with dir: 7

dodge
dodge1 dir: 6
order placed

next move down

different unit spotted
different unit spotted
different unit spotted
different unit spotted
different unit spotted

Best move


next move down

different unit spotted
different unit spotted
different unit spotted
different unit spotted
Ally Pioneer spotted Enemy Furyan at dir: 2
dodge called with dir: 6

dodge
dodge1 dir: 7
order placed

next move down

different unit spotted
different unit spotted
different unit spotted
different unit spotted

Best move


next move down

different unit spotted
different unit spotted
different unit spotted
different unit spotted
different unit spotted
different unit spotted
different unit spotted
different unit spotted
different unit spotted
different unit spotted

Best move


next move down

different unit spotted
different unit spotted
different unit spotted
different unit spotted
different unit spotted
different unit spotted
different unit spotted
different unit spotted
different unit spotted
different unit spotted
different unit spotted
different unit spotted
different unit spotted
different unit spotted
different unit spotted
different unit spotted
different unit spotted
different unit spotted
different unit spotted
different unit spotted
different unit spotted

Best move


next move down

different unit spotted
different unit spotted
different unit spotted
different unit spotted
different unit spotted
different unit spotted
different unit spotted
different unit spotted
different unit spotted
different unit spotted
different unit spotted
different unit spotted
Ally Pioneer spotted Enemy Furyan at dir: 7
dodge called with dir: 3

dodge
dodge1 dir: 3
order placed

next move down

different unit spotted
different unit spotted
different unit spotted
different unit spotted
different unit spotted
different unit spotted
different unit spotted
different unit spotted
different unit spotted
different unit spotted
different unit spotted
different unit spotted

Best move


next move down

different unit spotted
different unit spotted
different unit spotted
different unit spotted
different unit spotted
different unit spotted
different unit spotted
different unit spotted
different unit spotted
different unit spotted
different unit spotted
different unit spotted
different unit spotted
different unit spotted
different unit spotted
different unit spotted
different unit spotted
different unit spotted
different unit spotted
different unit spotted
different unit spotted

Best move


next move down

different unit spotted
different unit spotted
different unit spotted
different unit spotted
different unit spotted
different unit spotted
different unit spotted
different unit spotted
different unit spotted
different unit spotted
different unit spotted
different unit spotted
different unit spotted
different unit spotted
different unit spotted
different unit spotted
different unit spotted

Best move


next move down

different unit spotted
different unit spotted
different unit spotted
Ally Pioneer spotted Enemy Furyan at dir: 5
dodge called with dir: 1

dodge
dodge1 dir: 1
order placed

next move down

different unit spotted
different unit spotted
different unit spotted
different unit spotted
different unit spotted
different unit spotted
different unit spotted
different unit spotted
different unit spotted
different unit spotted
different unit spotted
different unit spotted
different unit spotted
different unit spotted
different unit spotted
different unit spotted
different unit spotted
different unit spotted
different unit spotted
different unit spotted

Best move


next move down

different unit spotted
different unit spotted
different unit spotted
different unit spotted
different unit spotted
different unit spotted
different unit spotted

Best move


next move down

different unit spotted
different unit spotted
different unit spotted
different unit spotted
different unit spotted
different unit spotted
Ally Pioneer spotted Enemy Furyan at dir: 1
dodge called with dir: 5

dodge
dodge1 dir: 5
order placed

next move down

different unit spotted
different unit spotted
different unit spotted
different unit spotted
different unit spotted
different unit spotted
different unit spotted
different unit spotted
different unit spotted
different unit spotted
different unit spotted
different unit spotted
different unit spotted
different unit spotted
different unit spotted
different unit spotted
different unit spotted
different unit spotted
different unit spotted
different unit spotted
different unit spotted
different unit spotted
different unit spotted
different unit spotted

Best move


next move down

different unit spotted
different unit spotted
different unit spotted
different unit spotted
different unit spotted
different unit spotted
different unit spotted
different unit spotted
different unit spotted
different unit spotted
different unit spotted
different unit spotted
different unit spotted
different unit spotted
different unit spotted
different unit spotted
different unit spotted
different unit spotted
different unit spotted
different unit spotted
different unit spotted
Ally Furian spotted Enemy unit at dir: 6
dodge called with dir: 6

dodge
dodge1 dir: 6

next move down

different unit spotted
Ally Furian spotted Enemy unit at dir: 2
dodge called with dir: 2

next move down

different unit spotted
Ally Furian spotted Enemy unit at dir: 2
dodge called with dir: 2

next move down

different unit spotted
different unit spotted
different unit spotted
different unit spotted
different unit spotted
Ally Furian spotted Enemy unit at dir: 5
dodge called with dir: 5

dodge
dodge1 dir: 5

next move down

different unit spotted
different unit spotted
different unit spotted
different unit spotted
different unit spotted
different unit spotted
different unit spotted
different unit spotted
different unit spotted
different unit spotted
different unit spotted
different unit spotted
different unit spotted
different unit spotted
different unit spotted
different unit spotted
different unit spotted
different unit spotted
Hellhound spotted at dir: 7
dodge called with dir: 3

dodge
dodge1 dir: 3
order placed

next move down

different unit spotted
different unit spotted
different unit spotted
different unit spotted
different unit spotted
different unit spotted
different unit spotted
different unit spotted
different unit spotted
different unit spotted
different unit spotted
different unit spotted
different unit spotted
different unit spotted
different unit spotted
different unit spotted
Hellhound spotted at dir: 7
dodge called with dir: 3

dodge
dodge1 dir: 3
order placed

next move down

different unit spotted
different unit spotted
different unit spotted
different unit spotted
different unit spotted
different unit spotted
different unit spotted
different unit spotted
different unit spotted
different unit spotted
different unit spotted
different unit spotted
Ally Furian spotted Enemy unit at dir: 7
dodge called with dir: 7

dodge
dodge1 dir: 7
dodge or chase commanded dir: 7

dodge or chase commanded dir: 2

dodge or chase commanded dir: 2

dodge or chase commanded dir: 3

dodge or chase commanded dir: 3

dodge or chase commanded dir: 10

dodge or chase commanded dir: 5

dodge or chase commanded dir: 1

dodge or chase commanded dir: 3

dodge or chase commanded dir: 7

dodge or chase commanded dir: 4

dodge or chase commanded dir: 6

best move (not dodge) commanded

best move (not dodge) commanded

best move (not dodge) commanded

best move (not dodge) commanded

best move (not dodge) commanded

best move (not dodge) commanded

best move (not dodge) commanded

best move (not dodge) commanded

best move (not dodge) commanded

best move (not dodge) commanded

best move (not dodge) commanded

best move (not dodge) commanded

best move (not dodge) commanded

best move (not dodge) commanded

best move (not dodge) commanded

best move (not dodge) commanded

best move (not dodge) commanded

best move (not dodge) commanded

best move (not dodge) commanded

best move (not dodge) commanded

best move (not dodge) commanded

best move (not dodge) commanded

best move (not dodge) commanded

best move (not dodge) commanded

best move (not dodge) commanded

best move (not dodge) commanded

info:     end player 0
info:     start player 1
info:     end player 1
info:     start player 2
info:     end player 2
info:     start player 3
info:     end player 3
info: end round 45
info: start round 46
info:     start player 0

next move down

different unit spotted
different unit spotted
different unit spotted
different unit spotted
different unit spotted
different unit spotted
different unit spotted
different unit spotted

Best move


next move down

different unit spotted
different unit spotted

Best move


next move down

different unit spotted
different unit spotted
different unit spotted
different unit spotted
different unit spotted
different unit spotted
different unit spotted

Best move


next move down

different unit spotted
different unit spotted
different unit spotted
different unit spotted
different unit spotted
different unit spotted
different unit spotted
different unit spotted
different unit spotted
different unit spotted
different unit spotted
different unit spotted
different unit spotted
different unit spotted

Best move


next move down

different unit spotted
different unit spotted
different unit spotted
different unit spotted
different unit spotted
different unit spotted
different unit spotted
different unit spotted
different unit spotted
different unit spotted
different unit spotted
different unit spotted
different unit spotted
different unit spotted
different unit spotted
different unit spotted
different unit spotted
different unit spotted

Best move


next move down

different unit spotted
Ally Pioneer spotted Enemy Furyan at dir: 5
dodge called with dir: 1

dodge
order placed

next move down

different unit spotted
different unit spotted
different unit spotted
Ally Pioneer spotted Enemy Furyan at dir: 1
dodge called with dir: 5

dodge
dodge1 dir: 6
order placed

next move down

different unit spotted
different unit spotted
different unit spotted
different unit spotted
different unit spotted
different unit spotted
different unit spotted
different unit spotted
different unit spotted
different unit spotted
different unit spotted
different unit spotted
different unit spotted
different unit spotted
different unit spotted
different unit spotted
different unit spotted
different unit spotted
different unit spotted
different unit spotted
different unit spotted
different unit spotted
different unit spotted
different unit spotted
different unit spotted
different unit spotted
different unit spotted
different unit spotted
different unit spotted
different unit spotted
different unit spotted

Best move


get sun distance

get sun distance

get sun distance

get sun distance

get sun distance

get sun distance

get sun distance

get sun distance

next move down

different unit spotted
different unit spotted
different unit spotted
different unit spotted
different unit spotted
different unit spotted
different unit spotted
different unit spotted

Best move


next move down

different unit spotted
different unit spotted
different unit spotted
different unit spotted
different unit spotted
different unit spotted
different unit spotted
different unit spotted
different unit spotted
different unit spotted
different unit spotted
different unit spotted
different unit spotted
different unit spotted
different unit spotted
different unit spotted
different unit spotted

Best move


next move down

different unit spotted
different unit spotted
different unit spotted
different unit spotted
different unit spotted
different unit spotted
different unit spotted
different unit spotted
different unit spotted
different unit spotted
different unit spotted

Best move


next move down

different unit spotted
different unit spotted
different unit spotted
different unit spotted
different unit spotted
different unit spotted
different unit spotted
different unit spotted
different unit spotted
different unit spotted
different unit spotted
different unit spotted

Best move


next move down

different unit spotted
different unit spotted
different unit spotted
different unit spotted
different unit spotted
different unit spotted
different unit spotted
different unit spotted
different unit spotted
different unit spotted

Best move


next move down

different unit spotted
different unit spotted
different unit spotted
different unit spotted
different unit spotted
different unit spotted
different unit spotted
different unit spotted
different unit spotted
different unit spotted
different unit spotted
different unit spotted
different unit spotted
different unit spotted
different unit spotted
different unit spotted
different unit spotted
different unit spotted
different unit spotted
different unit spotted
different unit spotted
different unit spotted
different unit spotted
different unit spotted
different unit spotted
different unit spotted
different unit spotted
different unit spotted
different unit spotted
different unit spotted
different unit spotted
different unit spotted
different unit spotted

Best move


next move down

different unit spotted
different unit spotted
different unit spotted
different unit spotted
different unit spotted
different unit spotted
different unit spotted
different unit spotted
different unit spotted
different unit spotted
different unit spotted
different unit spotted
different unit spotted
different unit spotted
different unit spotted
different unit spotted
different unit spotted
different unit spotted
different unit spotted
different unit spotted
different unit spotted
different unit spotted
different unit spotted
different unit spotted
different unit spotted
different unit spotted
different unit spotted
different unit spotted
different unit spotted
different unit spotted
different unit spotted
different unit spotted
different unit spotted
different unit spotted
different unit spotted
different unit spotted
different unit spotted

Best move


next move down

different unit spotted
different unit spotted
different unit spotted
different unit spotted
different unit spotted
different unit spotted
different unit spotted
different unit spotted
Ally Pioneer spotted Enemy Furyan at dir: 1
dodge called with dir: 5

dodge
dodge1 dir: 5
order placed

next move down

different unit spotted
different unit spotted
different unit spotted
different unit spotted
different unit spotted
different unit spotted
different unit spotted
different unit spotted
different unit spotted
different unit spotted
different unit spotted
different unit spotted
different unit spotted
different unit spotted

Best move


next move down

different unit spotted
different unit spotted
different unit spotted
different unit spotted

Best move


next move down

different unit spotted
different unit spotted
different unit spotted
different unit spotted
different unit spotted
different unit spotted
different unit spotted
different unit spotted
different unit spotted
Ally Pioneer spotted Enemy Furyan at dir: 1
dodge called with dir: 5

dodge
dodge1 dir: 6
order placed

next move down

different unit spotted
different unit spotted
different unit spotted
different unit spotted
different unit spotted
different unit spotted
different unit spotted

Best move


next move down

different unit spotted
different unit spotted
different unit spotted
different unit spotted
different unit spotted
different unit spotted
different unit spotted
different unit spotted
different unit spotted
different unit spotted
different unit spotted

Best move


next move down

different unit spotted
different unit spotted
different unit spotted
different unit spotted
different unit spotted
different unit spotted
different unit spotted
Ally Pioneer spotted Enemy Furyan at dir: 1
dodge called with dir: 5

dodge
dodge1 dir: 6
order placed

next move down

different unit spotted
different unit spotted
different unit spotted
different unit spotted
different unit spotted
different unit spotted
different unit spotted
different unit spotted
different unit spotted
different unit spotted
different unit spotted
different unit spotted
different unit spotted
different unit spotted
different unit spotted
different unit spotted
different unit spotted
Ally Pioneer spotted Enemy Furyan at dir: 7
dodge called with dir: 3

dodge
dodge1 dir: 3
order placed

next move down

different unit spotted
different unit spotted
different unit spotted
different unit spotted
different unit spotted
different unit spotted
different unit spotted
different unit spotted
different unit spotted

Best move


next move down

different unit spotted
different unit spotted
different unit spotted
different unit spotted
different unit spotted
different unit spotted
different unit spotted
different unit spotted
different unit spotted
different unit spotted
different unit spotted
different unit spotted
different unit spotted
different unit spotted
different unit spotted
different unit spotted
different unit spotted
different unit spotted
different unit spotted
different unit spotted
different unit spotted
different unit spotted
different unit spotted
different unit spotted
different unit spotted
different unit spotted
different unit spotted
different unit spotted
different unit spotted
different unit spotted
different unit spotted
different unit spotted
different unit spotted

Best move


next move down

different unit spotted
different unit spotted
different unit spotted
different unit spotted
different unit spotted
different unit spotted
different unit spotted
different unit spotted
different unit spotted
different unit spotted
different unit spotted

Best move


next move down

different unit spotted
different unit spotted
different unit spotted
different unit spotted
different unit spotted
Ally Pioneer spotted Enemy Furyan at dir: 5
dodge called with dir: 1

dodge
dodge1 dir: 1
order placed

next move down

different unit spotted
different unit spotted
different unit spotted
different unit spotted
different unit spotted
different unit spotted
different unit spotted
different unit spotted
different unit spotted
different unit spotted
different unit spotted
different unit spotted
different unit spotted
different unit spotted
different unit spotted
different unit spotted
different unit spotted
different unit spotted
different unit spotted

Best move


next move down

different unit spotted
different unit spotted
different unit spotted
different unit spotted
different unit spotted
different unit spotted
Hellhound spotted at dir: 7
dodge called with dir: 3

dodge
dodge1 dir: 3
order placed

next move down

different unit spotted
different unit spotted
different unit spotted
different unit spotted
different unit spotted

Best move


next move down

different unit spotted
different unit spotted
different unit spotted
different unit spotted
different unit spotted
different unit spotted
different unit spotted
different unit spotted
different unit spotted
different unit spotted
different unit spotted
different unit spotted
different unit spotted
different unit spotted
different unit spotted
different unit spotted
different unit spotted
different unit spotted
different unit spotted
different unit spotted
different unit spotted
different unit spotted
different unit spotted
different unit spotted
different unit spotted
different unit spotted
different unit spotted
different unit spotted
different unit spotted
different unit spotted
different unit spotted
different unit spotted
different unit spotted

Best move


next move down

different unit spotted
different unit spotted
different unit spotted
different unit spotted
different unit spotted
different unit spotted
different unit spotted
different unit spotted
different unit spotted
different unit spotted
different unit spotted
different unit spotted
different unit spotted
different unit spotted
different unit spotted
different unit spotted
different unit spotted
Ally Furian spotted Enemy unit at dir: 0
dodge called with dir: 0

dodge
dodge1 dir: 0

next move down

different unit spotted
Ally Furian spotted Enemy unit at dir: 2
dodge called with dir: 2

next move down

different unit spotted
different unit spotted
different unit spotted
different unit spotted
different unit spotted
different unit spotted
Ally Furian spotted Enemy unit at dir: 1
dodge called with dir: 1

dodge
dodge1 dir: 0

next move down

different unit spotted
Ally Furian spotted Enemy unit at dir: 7
dodge called with dir: 7

next move down

different unit spotted
different unit spotted
different unit spotted
different unit spotted
different unit spotted
different unit spotted
different unit spotted
different unit spotted
different unit spotted
different unit spotted
different unit spotted
different unit spotted
different unit spotted
different unit spotted
different unit spotted
different unit spotted
different unit spotted
different unit spotted
Hellhound spotted at dir: 6
dodge called with dir: 2

dodge
dodge1 dir: 2
order placed

next move down

different unit spotted
different unit spotted
different unit spotted
different unit spotted
different unit spotted
different unit spotted
different unit spotted
different unit spotted
different unit spotted
different unit spotted
different unit spotted
different unit spotted
different unit spotted
different unit spotted
different unit spotted
different unit spotted
Hellhound spotted at dir: 6
dodge called with dir: 2

dodge
dodge1 dir: 1
order placed

next move down

different unit spotted
different unit spotted
different unit spotted
different unit spotted
different unit spotted
different unit spotted
different unit spotted
different unit spotted
different unit spotted
Ally Furian spotted Enemy unit at dir: 6
dodge called with dir: 6

dodge
dodge1 dir: 4
dodge or chase commanded dir: 3

dodge or chase commanded dir: 2

dodge or chase commanded dir: 7

dodge or chase commanded dir: 2

dodge or chase commanded dir: 1

dodge or chase commanded dir: 10

dodge or chase commanded dir: 6

dodge or chase commanded dir: 1

dodge or chase commanded dir: 6

dodge or chase commanded dir: 3

dodge or chase commanded dir: 5

dodge or chase commanded dir: 6

best move (not dodge) commanded

best move (not dodge) commanded

best move (not dodge) commanded

best move (not dodge) commanded

best move (not dodge) commanded

best move (not dodge) commanded

best move (not dodge) commanded

best move (not dodge) commanded

best move (not dodge) commanded

best move (not dodge) commanded

best move (not dodge) commanded

best move (not dodge) commanded

best move (not dodge) commanded

best move (not dodge) commanded

best move (not dodge) commanded

best move (not dodge) commanded

best move (not dodge) commanded

best move (not dodge) commanded

best move (not dodge) commanded

best move (not dodge) commanded

best move (not dodge) commanded

best move (not dodge) commanded

best move (not dodge) commanded

best move (not dodge) commanded

best move (not dodge) commanded

best move (not dodge) commanded

info:     end player 0
info:     start player 1
info:     end player 1
info:     start player 2
info:     end player 2
info:     start player 3
info:     end player 3
info: end round 46
info: start round 47
info:     start player 0

next move down

different unit spotted
different unit spotted
different unit spotted
different unit spotted
different unit spotted
different unit spotted
different unit spotted
different unit spotted
different unit spotted
different unit spotted
different unit spotted

Best move


next move down

different unit spotted
different unit spotted
different unit spotted

Best move


next move down

different unit spotted
different unit spotted
different unit spotted
different unit spotted
different unit spotted
different unit spotted
different unit spotted
different unit spotted

Best move


next move down

different unit spotted
different unit spotted
different unit spotted
different unit spotted
different unit spotted
different unit spotted
different unit spotted
different unit spotted
different unit spotted
different unit spotted
different unit spotted
different unit spotted
different unit spotted

Best move


next move down

different unit spotted
different unit spotted
different unit spotted
different unit spotted
different unit spotted
different unit spotted
different unit spotted
different unit spotted
different unit spotted
different unit spotted
different unit spotted
different unit spotted
different unit spotted
different unit spotted
different unit spotted
different unit spotted
different unit spotted
different unit spotted
different unit spotted

Best move


next move down

different unit spotted
Ally Pioneer spotted Enemy Furyan at dir: 5
dodge called with dir: 1

dodge
order placed

next move down

different unit spotted
different unit spotted
different unit spotted
different unit spotted
Ally Pioneer spotted Enemy Furyan at dir: 1
dodge called with dir: 5

dodge
dodge1 dir: 2
order placed

next move down

different unit spotted
different unit spotted
different unit spotted
different unit spotted
different unit spotted
different unit spotted
different unit spotted
different unit spotted
different unit spotted
different unit spotted
different unit spotted
different unit spotted
different unit spotted
different unit spotted
different unit spotted
different unit spotted
different unit spotted
different unit spotted
different unit spotted
different unit spotted
different unit spotted
different unit spotted
different unit spotted
different unit spotted
different unit spotted
different unit spotted
different unit spotted
different unit spotted
different unit spotted

Best move


next move down

different unit spotted
different unit spotted
different unit spotted
different unit spotted
different unit spotted

Best move


next move down

different unit spotted
different unit spotted
different unit spotted
different unit spotted
different unit spotted
different unit spotted
different unit spotted
different unit spotted
different unit spotted
different unit spotted
different unit spotted
different unit spotted
different unit spotted
different unit spotted
different unit spotted
different unit spotted
different unit spotted
different unit spotted
different unit spotted
different unit spotted
different unit spotted

Best move


next move down

different unit spotted
different unit spotted
different unit spotted
different unit spotted
different unit spotted
different unit spotted
different unit spotted
different unit spotted

Best move


next move down

different unit spotted
different unit spotted
different unit spotted
different unit spotted
different unit spotted
different unit spotted
different unit spotted
different unit spotted
different unit spotted
different unit spotted
different unit spotted

Best move


next move down

different unit spotted
different unit spotted
different unit spotted
different unit spotted
different unit spotted
different unit spotted
different unit spotted
different unit spotted
different unit spotted
different unit spotted
different unit spotted

Best move


next move down

different unit spotted
different unit spotted
different unit spotted
different unit spotted
different unit spotted
different unit spotted
different unit spotted
different unit spotted
different unit spotted
different unit spotted
different unit spotted
different unit spotted
different unit spotted
different unit spotted
different unit spotted
different unit spotted
different unit spotted
different unit spotted
different unit spotted
different unit spotted
different unit spotted
different unit spotted
different unit spotted
different unit spotted
different unit spotted
different unit spotted
different unit spotted
different unit spotted
different unit spotted
different unit spotted
different unit spotted
different unit spotted
different unit spotted
different unit spotted
different unit spotted
different unit spotted
different unit spotted
different unit spotted

Best move


next move down

different unit spotted
different unit spotted
different unit spotted
different unit spotted
different unit spotted
different unit spotted
different unit spotted
different unit spotted
different unit spotted
different unit spotted
different unit spotted
different unit spotted
different unit spotted
different unit spotted
different unit spotted
different unit spotted
different unit spotted
different unit spotted
different unit spotted
different unit spotted
different unit spotted
different unit spotted
different unit spotted
different unit spotted
different unit spotted
different unit spotted
different unit spotted
different unit spotted
different unit spotted
different unit spotted

Best move


next move down

different unit spotted
different unit spotted
Ally Pioneer spotted Enemy Furyan at dir: 6
dodge called with dir: 2

dodge
dodge1 dir: 1
order placed

next move down

different unit spotted
different unit spotted
different unit spotted
different unit spotted
different unit spotted
different unit spotted
different unit spotted
different unit spotted
different unit spotted
different unit spotted
different unit spotted
different unit spotted
different unit spotted
different unit spotted
different unit spotted

Best move


next move down

different unit spotted
different unit spotted
different unit spotted
different unit spotted

Best move


next move down

different unit spotted
different unit spotted
different unit spotted
different unit spotted
different unit spotted
different unit spotted
different unit spotted
different unit spotted
Ally Pioneer spotted Enemy Furyan at dir: 1
dodge called with dir: 5

dodge
dodge1 dir: 6
order placed

next move down

different unit spotted
different unit spotted
different unit spotted
different unit spotted
different unit spotted
different unit spotted
different unit spotted
different unit spotted

Best move


next move down

different unit spotted
different unit spotted
different unit spotted
different unit spotted
different unit spotted
different unit spotted
different unit spotted
different unit spotted
different unit spotted
different unit spotted
different unit spotted

Best move


next move down

different unit spotted
different unit spotted
different unit spotted
different unit spotted
different unit spotted
different unit spotted
different unit spotted
different unit spotted
different unit spotted
different unit spotted
different unit spotted
Ally Pioneer spotted Enemy Furyan at dir: 1
dodge called with dir: 5

dodge
dodge1 dir: 5
order placed

next move down

different unit spotted
different unit spotted
different unit spotted
different unit spotted
different unit spotted
different unit spotted
different unit spotted
different unit spotted
different unit spotted
different unit spotted
different unit spotted
different unit spotted
different unit spotted
different unit spotted
different unit spotted
Ally Pioneer spotted Enemy Furyan at dir: 7
dodge called with dir: 3

dodge
dodge1 dir: 2
order placed

next move down

different unit spotted
different unit spotted
different unit spotted
different unit spotted
different unit spotted

Best move


next move down

different unit spotted
different unit spotted
different unit spotted
different unit spotted
different unit spotted
different unit spotted
different unit spotted
different unit spotted
different unit spotted
different unit spotted
different unit spotted
different unit spotted
different unit spotted
different unit spotted
different unit spotted
different unit spotted
different unit spotted
different unit spotted
different unit spotted
different unit spotted
different unit spotted
different unit spotted
different unit spotted
different unit spotted
different unit spotted
different unit spotted
different unit spotted
different unit spotted
different unit spotted
different unit spotted
different unit spotted
different unit spotted
different unit spotted
different unit spotted
different unit spotted
different unit spotted
different unit spotted
different unit spotted
different unit spotted
different unit spotted
different unit spotted
different unit spotted

Best move


next move down

different unit spotted
different unit spotted
different unit spotted
different unit spotted
different unit spotted
different unit spotted
different unit spotted
different unit spotted

Best move


next move down

different unit spotted
different unit spotted
different unit spotted
different unit spotted
different unit spotted
Ally Pioneer spotted Enemy Furyan at dir: 5
dodge called with dir: 1

dodge
order placed

next move down

different unit spotted
different unit spotted
different unit spotted
different unit spotted
different unit spotted
different unit spotted
different unit spotted
different unit spotted
different unit spotted
different unit spotted
different unit spotted
different unit spotted

Best move


next move down

different unit spotted
different unit spotted
different unit spotted
different unit spotted
different unit spotted
different unit spotted
different unit spotted
different unit spotted
Hellhound spotted at dir: 7
dodge called with dir: 3

dodge
dodge1 dir: 3
order placed

next move down

different unit spotted
different unit spotted
different unit spotted
different unit spotted
different unit spotted

Best move


next move down

different unit spotted
different unit spotted
different unit spotted
different unit spotted
different unit spotted
different unit spotted
different unit spotted
different unit spotted
different unit spotted
different unit spotted
different unit spotted
different unit spotted
different unit spotted
different unit spotted
different unit spotted
different unit spotted
different unit spotted
different unit spotted
different unit spotted
different unit spotted
different unit spotted
different unit spotted
different unit spotted
different unit spotted
different unit spotted
different unit spotted
different unit spotted
different unit spotted
different unit spotted
different unit spotted
different unit spotted
different unit spotted
different unit spotted
different unit spotted
different unit spotted
different unit spotted
different unit spotted
different unit spotted
different unit spotted
different unit spotted
different unit spotted

Best move


next move down

different unit spotted
different unit spotted
different unit spotted
different unit spotted
different unit spotted
different unit spotted
different unit spotted
different unit spotted
Hellhound spotted at dir: 7
dodge called with dir: 3

dodge
dodge1 dir: 3
order placed

next move down

different unit spotted
Ally Furian spotted Enemy unit at dir: 2
dodge called with dir: 2

next move down

different unit spotted
different unit spotted
different unit spotted
different unit spotted
Ally Furian spotted Enemy unit at dir: 1
dodge called with dir: 1

dodge
dodge1 dir: 3

next move down

different unit spotted
Ally Furian spotted Enemy unit at dir: 7
dodge called with dir: 7

next move down

different unit spotted
different unit spotted
different unit spotted
different unit spotted
different unit spotted
different unit spotted
different unit spotted
different unit spotted
different unit spotted
different unit spotted
different unit spotted
different unit spotted
different unit spotted
different unit spotted
different unit spotted
different unit spotted
different unit spotted
different unit spotted
Hellhound spotted at dir: 0
dodge called with dir: 4

dodge
dodge1 dir: 4
order placed

next move down

different unit spotted
different unit spotted
different unit spotted
different unit spotted
different unit spotted
different unit spotted
different unit spotted
different unit spotted
different unit spotted
different unit spotted
Hellhound spotted at dir: 0
dodge called with dir: 4

dodge
dodge1 dir: 4
order placed

next move down

different unit spotted
different unit spotted
different unit spotted
different unit spotted
different unit spotted
different unit spotted
different unit spotted
Hellhound spotted at dir: 7
dodge called with dir: 3

dodge
dodge1 dir: 3
order placed
dodge or chase commanded dir: 3

dodge or chase commanded dir: 3

dodge or chase commanded dir: 2

dodge or chase commanded dir: 4

dodge or chase commanded dir: 3

dodge or chase commanded dir: 4

dodge or chase commanded dir: 7

dodge or chase commanded dir: 10

dodge or chase commanded dir: 2

dodge or chase commanded dir: 10

dodge or chase commanded dir: 5

dodge or chase commanded dir: 2

dodge or chase commanded dir: 1

dodge or chase commanded dir: 6

best move (not dodge) commanded

best move (not dodge) commanded

best move (not dodge) commanded

best move (not dodge) commanded

best move (not dodge) commanded

best move (not dodge) commanded

best move (not dodge) commanded

best move (not dodge) commanded

best move (not dodge) commanded

best move (not dodge) commanded

best move (not dodge) commanded

best move (not dodge) commanded

best move (not dodge) commanded

best move (not dodge) commanded

best move (not dodge) commanded

best move (not dodge) commanded

best move (not dodge) commanded

best move (not dodge) commanded

best move (not dodge) commanded

best move (not dodge) commanded

best move (not dodge) commanded

best move (not dodge) commanded

best move (not dodge) commanded

best move (not dodge) commanded

info:     end player 0
info:     start player 1
info:     end player 1
info:     start player 2
info:     end player 2
info:     start player 3
info:     end player 3
info: end round 47
info: start round 48
info:     start player 0

next move down

different unit spotted
different unit spotted
different unit spotted
different unit spotted
different unit spotted
different unit spotted
different unit spotted
different unit spotted
different unit spotted
different unit spotted
different unit spotted
different unit spotted
different unit spotted
different unit spotted
different unit spotted
different unit spotted
different unit spotted
different unit spotted

Best move


next move down

different unit spotted
different unit spotted
different unit spotted
different unit spotted

Best move


next move down

different unit spotted
different unit spotted
different unit spotted
different unit spotted
different unit spotted
different unit spotted
different unit spotted
different unit spotted

Best move


next move down

different unit spotted
different unit spotted
different unit spotted
different unit spotted
different unit spotted
different unit spotted

Best move


next move down

different unit spotted
different unit spotted
different unit spotted
different unit spotted
different unit spotted
different unit spotted
different unit spotted
different unit spotted
different unit spotted
different unit spotted
different unit spotted
different unit spotted
different unit spotted
different unit spotted
different unit spotted

Best move


next move down

different unit spotted
Ally Pioneer spotted Enemy Furyan at dir: 2
dodge called with dir: 6

dodge
dodge1 dir: 6
order placed

next move down

different unit spotted
different unit spotted
different unit spotted
different unit spotted
different unit spotted
different unit spotted
different unit spotted
different unit spotted
different unit spotted
different unit spotted
different unit spotted
different unit spotted
different unit spotted
different unit spotted
different unit spotted
different unit spotted
different unit spotted
different unit spotted
different unit spotted

Best move


get sun distance

get sun distance

get sun distance

get sun distance

get sun distance

get sun distance

get sun distance

get sun distance

next move down

different unit spotted
different unit spotted
different unit spotted
different unit spotted
different unit spotted
different unit spotted
different unit spotted
different unit spotted

Best move


next move down

different unit spotted
different unit spotted
different unit spotted
different unit spotted
different unit spotted
different unit spotted
different unit spotted
different unit spotted
different unit spotted
different unit spotted
different unit spotted
different unit spotted
different unit spotted
different unit spotted
different unit spotted
different unit spotted
different unit spotted
different unit spotted

Best move


next move down

different unit spotted
different unit spotted
different unit spotted
different unit spotted
different unit spotted
different unit spotted
different unit spotted
different unit spotted
different unit spotted
different unit spotted
different unit spotted
different unit spotted
different unit spotted
different unit spotted
different unit spotted

Best move


next move down

different unit spotted
different unit spotted
different unit spotted
different unit spotted

Best move


next move down

different unit spotted
different unit spotted
different unit spotted
different unit spotted
different unit spotted
different unit spotted
different unit spotted
different unit spotted
different unit spotted
different unit spotted
different unit spotted
different unit spotted
different unit spotted
different unit spotted
different unit spotted
different unit spotted
different unit spotted
different unit spotted

Best move


next move down

different unit spotted
different unit spotted
different unit spotted
different unit spotted
different unit spotted
different unit spotted
different unit spotted
different unit spotted
different unit spotted
different unit spotted
different unit spotted
different unit spotted
different unit spotted
different unit spotted
different unit spotted
different unit spotted
different unit spotted
different unit spotted
different unit spotted
different unit spotted
different unit spotted
different unit spotted
different unit spotted
different unit spotted
different unit spotted
different unit spotted
different unit spotted
different unit spotted
different unit spotted
different unit spotted
different unit spotted
different unit spotted
different unit spotted
different unit spotted
different unit spotted
different unit spotted
different unit spotted
different unit spotted

Best move


next move down

different unit spotted
different unit spotted
different unit spotted
different unit spotted
different unit spotted
different unit spotted
different unit spotted
different unit spotted
different unit spotted
different unit spotted
different unit spotted
different unit spotted
different unit spotted
different unit spotted
different unit spotted
different unit spotted
different unit spotted
different unit spotted

Best move


next move down

different unit spotted
different unit spotted
different unit spotted
different unit spotted
different unit spotted
different unit spotted
different unit spotted
different unit spotted
different unit spotted
different unit spotted
Ally Pioneer spotted Enemy Furyan at dir: 6
dodge called with dir: 2

dodge
dodge1 dir: 2
order placed

next move down

different unit spotted
different unit spotted
different unit spotted
different unit spotted
different unit spotted
different unit spotted
different unit spotted
different unit spotted
different unit spotted
different unit spotted
different unit spotted
different unit spotted
different unit spotted
different unit spotted
different unit spotted
different unit spotted
different unit spotted

Best move


next move down

different unit spotted
different unit spotted
different unit spotted
different unit spotted
different unit spotted

Best move


next move down

different unit spotted
different unit spotted
different unit spotted
different unit spotted
different unit spotted
different unit spotted
Ally Pioneer spotted Enemy Furyan at dir: 1
dodge called with dir: 5

dodge
dodge1 dir: 6
order placed

next move down

different unit spotted
different unit spotted
different unit spotted
different unit spotted
different unit spotted

Best move


next move down

different unit spotted
different unit spotted
different unit spotted
different unit spotted
different unit spotted
different unit spotted
different unit spotted
different unit spotted
different unit spotted
different unit spotted
different unit spotted
different unit spotted

Best move


next move down

different unit spotted
different unit spotted
different unit spotted
different unit spotted
different unit spotted
different unit spotted
different unit spotted
different unit spotted
different unit spotted
different unit spotted
different unit spotted
different unit spotted
different unit spotted
Ally Pioneer spotted Enemy Furyan at dir: 1
dodge called with dir: 5

dodge
dodge1 dir: 5
order placed

next move down

different unit spotted
different unit spotted
different unit spotted
different unit spotted
different unit spotted
different unit spotted
different unit spotted
different unit spotted
different unit spotted
different unit spotted
different unit spotted
different unit spotted
different unit spotted
different unit spotted
different unit spotted
different unit spotted
different unit spotted
different unit spotted

Best move


next move down

different unit spotted
different unit spotted
different unit spotted
different unit spotted
different unit spotted
different unit spotted
different unit spotted
different unit spotted
different unit spotted
different unit spotted
different unit spotted
different unit spotted
different unit spotted
different unit spotted
different unit spotted
different unit spotted
different unit spotted
different unit spotted
different unit spotted

Best move


next move down

different unit spotted
different unit spotted
different unit spotted
different unit spotted
different unit spotted
different unit spotted
different unit spotted

Best move


next move down

different unit spotted
different unit spotted
different unit spotted
different unit spotted
different unit spotted
different unit spotted
different unit spotted
different unit spotted
different unit spotted
different unit spotted
different unit spotted
different unit spotted
different unit spotted
different unit spotted
different unit spotted
different unit spotted
different unit spotted
different unit spotted
different unit spotted
different unit spotted
different unit spotted
different unit spotted
different unit spotted
different unit spotted
different unit spotted
different unit spotted
different unit spotted
different unit spotted
different unit spotted
different unit spotted
different unit spotted
different unit spotted
different unit spotted
different unit spotted
different unit spotted
different unit spotted
different unit spotted
different unit spotted
different unit spotted
different unit spotted
different unit spotted
different unit spotted
different unit spotted

Best move


next move down

different unit spotted
different unit spotted
different unit spotted
different unit spotted
different unit spotted

Best move


next move down

different unit spotted
different unit spotted
different unit spotted
different unit spotted
Ally Pioneer spotted Enemy Furyan at dir: 2
dodge called with dir: 6

dodge
dodge1 dir: 5
order placed

next move down

different unit spotted
different unit spotted
different unit spotted
different unit spotted
different unit spotted
different unit spotted
different unit spotted
different unit spotted
different unit spotted
different unit spotted
different unit spotted
different unit spotted
different unit spotted
different unit spotted
different unit spotted
different unit spotted
different unit spotted

Best move


next move down

different unit spotted
different unit spotted
different unit spotted
different unit spotted
different unit spotted
different unit spotted
different unit spotted
Hellhound spotted at dir: 6
dodge called with dir: 2

dodge
dodge1 dir: 2
order placed

next move down

different unit spotted
different unit spotted
different unit spotted
different unit spotted
different unit spotted
different unit spotted
different unit spotted
different unit spotted

Best move


next move down

different unit spotted
different unit spotted
different unit spotted
different unit spotted
different unit spotted
different unit spotted
different unit spotted
different unit spotted
different unit spotted
different unit spotted
different unit spotted
different unit spotted
different unit spotted
different unit spotted
different unit spotted
different unit spotted
different unit spotted
different unit spotted
different unit spotted
different unit spotted
different unit spotted
different unit spotted
different unit spotted
different unit spotted
different unit spotted
different unit spotted
different unit spotted
different unit spotted
different unit spotted
different unit spotted
different unit spotted
different unit spotted
different unit spotted
different unit spotted
different unit spotted
different unit spotted
different unit spotted

Best move


next move down

different unit spotted
different unit spotted
different unit spotted
different unit spotted
different unit spotted
different unit spotted
different unit spotted
different unit spotted
different unit spotted
different unit spotted
different unit spotted
different unit spotted
different unit spotted
different unit spotted
different unit spotted
different unit spotted
Hellhound spotted at dir: 7
dodge called with dir: 3

dodge
dodge1 dir: 3
order placed

next move down

different unit spotted
different unit spotted
different unit spotted
different unit spotted
different unit spotted
different unit spotted
different unit spotted
different unit spotted
different unit spotted
different unit spotted
different unit spotted
Ally Furian spotted Enemy unit at dir: 3
dodge called with dir: 3

dodge
dodge1 dir: 2

next move down

different unit spotted
different unit spotted
different unit spotted
different unit spotted
different unit spotted
different unit spotted
Ally Furian spotted Enemy unit at dir: 2
dodge called with dir: 2

dodge
dodge1 dir: 3

next move down

different unit spotted
Ally Furian spotted Enemy unit at dir: 0
dodge called with dir: 0

dodge
dodge1 dir: 4
different unit spotted
different unit spotted
different unit spotted
different unit spotted
different unit spotted
different unit spotted
Ally Furian spotted Enemy unit at dir: 7
dodge called with dir: 7

dodge
dodge1 dir: 3
different unit spotted
different unit spotted
different unit spotted
Ally Furian spotted Enemy unit at dir: 1
dodge called with dir: 1

dodge
dodge1 dir: 5
different unit spotted
different unit spotted
Ally Furian spotted Enemy unit at dir: 6
dodge called with dir: 6

dodge
dodge1 dir: 2
different unit spotted
Ally Furian spotted Enemy unit at dir: 4
dodge called with dir: 4

dodge
dodge1 dir: 0
different unit spotted
Ally Furian spotted Enemy unit at dir: 5
dodge called with dir: 5

dodge
dodge1 dir: 1
different unit spotted
different unit spotted
different unit spotted
different unit spotted
different unit spotted
different unit spotted
Ally Furian spotted Enemy unit at dir: 1
dodge called with dir: 1

dodge
dodge1 dir: 1

next move down

different unit spotted
different unit spotted
different unit spotted
different unit spotted
different unit spotted
different unit spotted
different unit spotted
different unit spotted
different unit spotted
different unit spotted
different unit spotted
different unit spotted
different unit spotted
different unit spotted
different unit spotted
different unit spotted
different unit spotted
different unit spotted
different unit spotted
different unit spotted
different unit spotted
Ally Furian spotted Enemy unit at dir: 1
dodge called with dir: 1

dodge
dodge1 dir: 6
different unit spotted
different unit spotted
Ally Furian spotted Enemy unit at dir: 0
dodge called with dir: 0

dodge
dodge1 dir: 3
different unit spotted
different unit spotted
different unit spotted
Ally Furian spotted Enemy unit at dir: 7
dodge called with dir: 7

dodge
dodge1 dir: 3
different unit spotted
different unit spotted
different unit spotted
different unit spotted
Ally Furian spotted Enemy unit at dir: 6
dodge called with dir: 6

dodge
dodge1 dir: 1
different unit spotted
Ally Furian spotted Enemy unit at dir: 4
dodge called with dir: 4

dodge
dodge1 dir: 0
different unit spotted
Ally Furian spotted Enemy unit at dir: 5
dodge called with dir: 5

dodge
dodge1 dir: 1
different unit spotted
Ally Furian spotted Enemy unit at dir: 1
dodge called with dir: 1

dodge
dodge1 dir: 1

next move down

different unit spotted
different unit spotted
different unit spotted
different unit spotted
different unit spotted
different unit spotted
different unit spotted
different unit spotted
different unit spotted
different unit spotted
different unit spotted
different unit spotted
different unit spotted
different unit spotted
different unit spotted
different unit spotted
different unit spotted
different unit spotted
Hellhound spotted at dir: 1
dodge called with dir: 5

dodge
dodge1 dir: 5
order placed

next move down

different unit spotted
different unit spotted
different unit spotted
different unit spotted
different unit spotted
different unit spotted
different unit spotted
different unit spotted
different unit spotted
different unit spotted
different unit spotted
Hellhound spotted at dir: 1
dodge called with dir: 5

dodge
dodge1 dir: 4
order placed

next move down

different unit spotted
different unit spotted
different unit spotted
different unit spotted
different unit spotted
different unit spotted
different unit spotted
different unit spotted
different unit spotted
different unit spotted
different unit spotted
different unit spotted
different unit spotted
Hellhound spotted at dir: 7
dodge called with dir: 3

dodge
dodge1 dir: 3
order placed
dodge or chase commanded dir: 2

dodge or chase commanded dir: 5

dodge or chase commanded dir: 4

dodge or chase commanded dir: 3

dodge or chase commanded dir: 3

dodge or chase commanded dir: 2

dodge or chase commanded dir: 6

dodge or chase commanded dir: 5

dodge or chase commanded dir: 5

dodge or chase commanded dir: 6

best move (not dodge) commanded

best move (not dodge) commanded

best move (not dodge) commanded

best move (not dodge) commanded

best move (not dodge) commanded

warning: action already requested for unit 24
best move (not dodge) commanded

best move (not dodge) commanded

warning: action already requested for unit 4
best move (not dodge) commanded

warning: action already requested for unit 24
best move (not dodge) commanded

warning: action already requested for unit 4
best move (not dodge) commanded

warning: action already requested for unit 4
best move (not dodge) commanded

warning: action already requested for unit 4
best move (not dodge) commanded

warning: action already requested for unit 4
best move (not dodge) commanded

best move (not dodge) commanded

best move (not dodge) commanded

best move (not dodge) commanded

best move (not dodge) commanded

best move (not dodge) commanded

best move (not dodge) commanded

warning: action already requested for unit 24
best move (not dodge) commanded

best move (not dodge) commanded

warning: action already requested for unit 24
best move (not dodge) commanded

best move (not dodge) commanded

warning: action already requested for unit 24
best move (not dodge) commanded

best move (not dodge) commanded

best move (not dodge) commanded

best move (not dodge) commanded

warning: action already requested for unit 4
best move (not dodge) commanded

best move (not dodge) commanded

best move (not dodge) commanded

best move (not dodge) commanded

best move (not dodge) commanded

best move (not dodge) commanded

best move (not dodge) commanded

warning: action already requested for unit 24
best move (not dodge) commanded

best move (not dodge) commanded

best move (not dodge) commanded

best move (not dodge) commanded

best move (not dodge) commanded

best move (not dodge) commanded

best move (not dodge) commanded

info:     end player 0
info:     start player 1
info:     end player 1
info:     start player 2
info:     end player 2
info:     start player 3
info:     end player 3
info: end round 48
info: start round 49
info:     start player 0

next move down

different unit spotted
different unit spotted
different unit spotted
different unit spotted
different unit spotted
different unit spotted
different unit spotted
different unit spotted
different unit spotted
different unit spotted
different unit spotted
different unit spotted
different unit spotted
different unit spotted
different unit spotted
different unit spotted
different unit spotted
different unit spotted
different unit spotted
different unit spotted
different unit spotted
different unit spotted
different unit spotted
different unit spotted
different unit spotted

Best move


next move down

different unit spotted
different unit spotted
different unit spotted

Best move


get sun distance

get sun distance

get sun distance

get sun distance

get sun distance

get sun distance

get sun distance

get sun distance

next move down

different unit spotted
different unit spotted
different unit spotted
different unit spotted
different unit spotted
different unit spotted
different unit spotted
different unit spotted
different unit spotted
different unit spotted

Best move


next move down

different unit spotted
different unit spotted
different unit spotted
different unit spotted
different unit spotted
different unit spotted
different unit spotted
different unit spotted
different unit spotted
different unit spotted
different unit spotted
different unit spotted
different unit spotted
different unit spotted

Best move


next move down

different unit spotted
different unit spotted
different unit spotted
different unit spotted
different unit spotted
different unit spotted
different unit spotted
different unit spotted
different unit spotted
different unit spotted
different unit spotted
different unit spotted
Ally Pioneer spotted Enemy Furyan at dir: 1
dodge called with dir: 5

dodge
dodge1 dir: 6
order placed

next move down

different unit spotted
Ally Pioneer spotted Enemy Furyan at dir: 2
dodge called with dir: 6

dodge
dodge1 dir: 6
order placed

next move down

different unit spotted
different unit spotted
different unit spotted
different unit spotted
different unit spotted
different unit spotted
different unit spotted
different unit spotted
different unit spotted
different unit spotted
different unit spotted
different unit spotted
different unit spotted
different unit spotted
different unit spotted
different unit spotted
different unit spotted
different unit spotted
different unit spotted
different unit spotted
different unit spotted
different unit spotted
different unit spotted
different unit spotted
different unit spotted
different unit spotted
different unit spotted
different unit spotted
different unit spotted
different unit spotted

Best move


next move down

different unit spotted
different unit spotted
different unit spotted
different unit spotted
different unit spotted

Best move


next move down

different unit spotted
different unit spotted
different unit spotted
different unit spotted
different unit spotted
different unit spotted
different unit spotted
different unit spotted
different unit spotted
different unit spotted
different unit spotted
different unit spotted
different unit spotted
different unit spotted
different unit spotted

Best move


next move down

different unit spotted
different unit spotted
different unit spotted
different unit spotted
different unit spotted
different unit spotted
different unit spotted
different unit spotted
different unit spotted
different unit spotted
different unit spotted
different unit spotted
different unit spotted
Ally Pioneer spotted Enemy Furyan at dir: 2
dodge called with dir: 6

dodge
dodge1 dir: 6
order placed

next move down

different unit spotted
different unit spotted
different unit spotted
different unit spotted
different unit spotted
different unit spotted
different unit spotted
different unit spotted

Best move


next move down

different unit spotted
different unit spotted
different unit spotted
different unit spotted
different unit spotted
different unit spotted
different unit spotted
different unit spotted
different unit spotted
different unit spotted
different unit spotted
different unit spotted
different unit spotted
different unit spotted
different unit spotted
different unit spotted
different unit spotted
different unit spotted
different unit spotted
different unit spotted
different unit spotted
different unit spotted
different unit spotted
different unit spotted
different unit spotted

Best move


next move down

different unit spotted
different unit spotted
different unit spotted
different unit spotted
different unit spotted
different unit spotted
different unit spotted
different unit spotted
different unit spotted
different unit spotted
different unit spotted
different unit spotted
different unit spotted
different unit spotted
different unit spotted
different unit spotted
different unit spotted
different unit spotted
different unit spotted
different unit spotted
different unit spotted
different unit spotted
different unit spotted
different unit spotted
different unit spotted
different unit spotted
different unit spotted
different unit spotted
different unit spotted
different unit spotted
different unit spotted
different unit spotted
different unit spotted
different unit spotted
different unit spotted
different unit spotted
different unit spotted
different unit spotted
different unit spotted
different unit spotted
different unit spotted

Best move


next move down

different unit spotted
different unit spotted
different unit spotted
different unit spotted
different unit spotted
different unit spotted
different unit spotted
different unit spotted
different unit spotted
different unit spotted
different unit spotted
different unit spotted
different unit spotted
different unit spotted
different unit spotted
different unit spotted
different unit spotted
different unit spotted
different unit spotted
different unit spotted
different unit spotted
different unit spotted
different unit spotted
different unit spotted
different unit spotted

Best move


next move down

different unit spotted
different unit spotted
different unit spotted
different unit spotted
different unit spotted
different unit spotted
different unit spotted
different unit spotted
different unit spotted
different unit spotted
different unit spotted
different unit spotted
different unit spotted
Ally Pioneer spotted Enemy Furyan at dir: 6
dodge called with dir: 2

dodge
dodge1 dir: 2
order placed

next move down

different unit spotted
different unit spotted
different unit spotted
different unit spotted
different unit spotted
Ally Pioneer spotted Enemy Furyan at dir: 1
dodge called with dir: 5

dodge
dodge1 dir: 6
order placed

next move down

different unit spotted
different unit spotted
different unit spotted
different unit spotted
different unit spotted
different unit spotted
different unit spotted

Best move


next move down

different unit spotted
different unit spotted
different unit spotted
different unit spotted
different unit spotted

Best move


next move down

different unit spotted
different unit spotted
different unit spotted

Best move


next move down

different unit spotted
different unit spotted
different unit spotted
different unit spotted
different unit spotted
different unit spotted
different unit spotted
different unit spotted
different unit spotted
different unit spotted
different unit spotted

Best move


next move down

different unit spotted
different unit spotted
different unit spotted
different unit spotted
different unit spotted
different unit spotted
different unit spotted
different unit spotted
different unit spotted
different unit spotted
different unit spotted
different unit spotted
different unit spotted
different unit spotted
different unit spotted
different unit spotted
different unit spotted
Ally Pioneer spotted Enemy Furyan at dir: 1
dodge called with dir: 5

dodge
dodge1 dir: 4
order placed

next move down

different unit spotted
different unit spotted
different unit spotted
different unit spotted
different unit spotted
different unit spotted
different unit spotted
different unit spotted
different unit spotted
different unit spotted
different unit spotted
different unit spotted
different unit spotted
different unit spotted
different unit spotted
different unit spotted
different unit spotted
different unit spotted
different unit spotted
different unit spotted
different unit spotted
different unit spotted
different unit spotted
different unit spotted

Best move


next move down

different unit spotted
different unit spotted
different unit spotted
different unit spotted
different unit spotted
different unit spotted
different unit spotted
different unit spotted
different unit spotted
different unit spotted
different unit spotted
different unit spotted
different unit spotted
different unit spotted
Ally Pioneer spotted Enemy Furyan at dir: 7
dodge called with dir: 3

dodge
dodge1 dir: 3
order placed

next move down

different unit spotted
different unit spotted
different unit spotted
different unit spotted
different unit spotted
different unit spotted
different unit spotted
different unit spotted
different unit spotted
different unit spotted
different unit spotted
different unit spotted
different unit spotted
different unit spotted

Best move


next move down

different unit spotted
different unit spotted
different unit spotted
different unit spotted
different unit spotted
different unit spotted
different unit spotted
different unit spotted
different unit spotted
different unit spotted
different unit spotted
different unit spotted
different unit spotted
different unit spotted
different unit spotted
different unit spotted
different unit spotted
different unit spotted
different unit spotted
different unit spotted
different unit spotted
different unit spotted
different unit spotted
different unit spotted
different unit spotted
different unit spotted
different unit spotted
different unit spotted
different unit spotted
different unit spotted
different unit spotted
different unit spotted
different unit spotted
different unit spotted
different unit spotted
different unit spotted
different unit spotted
different unit spotted
different unit spotted
different unit spotted
different unit spotted

Best move


next move down

different unit spotted
different unit spotted
different unit spotted
different unit spotted

Best move


next move down

different unit spotted
Ally Pioneer spotted Enemy Furyan at dir: 5
dodge called with dir: 1

dodge
dodge1 dir: 1
order placed

next move down

different unit spotted
different unit spotted
different unit spotted
different unit spotted
different unit spotted
different unit spotted
different unit spotted
different unit spotted
different unit spotted
different unit spotted
different unit spotted
different unit spotted
different unit spotted
different unit spotted
different unit spotted
different unit spotted

Best move


next move down

different unit spotted
different unit spotted
different unit spotted
different unit spotted
different unit spotted
different unit spotted
Hellhound spotted at dir: 7
dodge called with dir: 3

dodge
dodge1 dir: 2
order placed

next move down

different unit spotted
different unit spotted
different unit spotted
different unit spotted
different unit spotted
different unit spotted
different unit spotted
different unit spotted
Hellhound spotted at dir: 5
dodge called with dir: 1

dodge
dodge1 dir: 0
order placed

next move down

different unit spotted
different unit spotted
different unit spotted
different unit spotted
different unit spotted
different unit spotted
different unit spotted
different unit spotted
different unit spotted
different unit spotted
different unit spotted
different unit spotted
different unit spotted
different unit spotted
different unit spotted
different unit spotted
different unit spotted
different unit spotted
different unit spotted
different unit spotted
different unit spotted
different unit spotted
different unit spotted
different unit spotted
different unit spotted
different unit spotted
different unit spotted
different unit spotted
different unit spotted
different unit spotted
different unit spotted
different unit spotted
different unit spotted
different unit spotted
different unit spotted

Best move


next move down

different unit spotted
different unit spotted
different unit spotted
different unit spotted
different unit spotted
different unit spotted
different unit spotted
different unit spotted
different unit spotted
different unit spotted
different unit spotted
different unit spotted
different unit spotted
different unit spotted
different unit spotted
different unit spotted
different unit spotted
different unit spotted
Hellhound spotted at dir: 7
dodge called with dir: 3

dodge
dodge1 dir: 2
order placed

next move down

different unit spotted
different unit spotted
different unit spotted
different unit spotted
different unit spotted
different unit spotted
different unit spotted
different unit spotted
different unit spotted
Ally Furian spotted Enemy unit at dir: 3
dodge called with dir: 3

dodge
dodge1 dir: 3

next move down

different unit spotted
Ally Furian spotted Enemy unit at dir: 3
dodge called with dir: 3

next move down

different unit spotted
Ally Furian spotted Enemy unit at dir: 1
dodge called with dir: 1

next move down

different unit spotted
different unit spotted
different unit spotted
different unit spotted
different unit spotted
different unit spotted
different unit spotted
different unit spotted
different unit spotted
different unit spotted
different unit spotted
different unit spotted
different unit spotted
different unit spotted
Ally Furian spotted Enemy unit at dir: 1
dodge called with dir: 1

dodge
dodge1 dir: 0

next move down

different unit spotted
different unit spotted
different unit spotted
different unit spotted
different unit spotted
different unit spotted
different unit spotted
different unit spotted
different unit spotted
different unit spotted
different unit spotted
different unit spotted
different unit spotted
different unit spotted
different unit spotted
different unit spotted
different unit spotted
different unit spotted
different unit spotted
different unit spotted
different unit spotted
Hellhound spotted at dir: 7
dodge called with dir: 3

dodge
dodge1 dir: 3
order placed

next move down

different unit spotted
different unit spotted
different unit spotted
different unit spotted
different unit spotted
different unit spotted
different unit spotted
different unit spotted
different unit spotted
different unit spotted
different unit spotted
different unit spotted
different unit spotted
different unit spotted
different unit spotted
different unit spotted
different unit spotted
different unit spotted
different unit spotted
different unit spotted
Hellhound spotted at dir: 7
dodge called with dir: 3

dodge
dodge1 dir: 3
order placed

next move down

different unit spotted
different unit spotted
different unit spotted
different unit spotted
different unit spotted
different unit spotted
different unit spotted
different unit spotted
different unit spotted
different unit spotted
different unit spotted
different unit spotted
different unit spotted
different unit spotted
different unit spotted
Hellhound spotted at dir: 7
dodge called with dir: 3

dodge
dodge1 dir: 3
order placed
dodge or chase commanded dir: 2

dodge or chase commanded dir: 0

dodge or chase commanded dir: 3

dodge or chase commanded dir: 2

dodge or chase commanded dir: 3

dodge or chase commanded dir: 3

dodge or chase commanded dir: 3

dodge or chase commanded dir: 1

dodge or chase commanded dir: 6

dodge or chase commanded dir: 6

dodge or chase commanded dir: 2

dodge or chase commanded dir: 1

dodge or chase commanded dir: 4

dodge or chase commanded dir: 3

dodge or chase commanded dir: 6

dodge or chase commanded dir: 6

best move (not dodge) commanded

best move (not dodge) commanded

best move (not dodge) commanded

best move (not dodge) commanded

best move (not dodge) commanded

best move (not dodge) commanded

best move (not dodge) commanded

best move (not dodge) commanded

best move (not dodge) commanded

best move (not dodge) commanded

best move (not dodge) commanded

best move (not dodge) commanded

best move (not dodge) commanded

best move (not dodge) commanded

best move (not dodge) commanded

best move (not dodge) commanded

best move (not dodge) commanded

best move (not dodge) commanded

best move (not dodge) commanded

best move (not dodge) commanded

best move (not dodge) commanded

best move (not dodge) commanded

best move (not dodge) commanded

info:     end player 0
info:     start player 1
info:     end player 1
info:     start player 2
info:     end player 2
info:     start player 3
info:     end player 3
info: end round 49
info: start round 50
info:     start player 0

next move down

different unit spotted
different unit spotted
different unit spotted
different unit spotted
different unit spotted
different unit spotted
different unit spotted
different unit spotted
different unit spotted
different unit spotted
different unit spotted
different unit spotted
different unit spotted
different unit spotted
different unit spotted
different unit spotted
different unit spotted
different unit spotted
different unit spotted
different unit spotted
different unit spotted
different unit spotted
different unit spotted
different unit spotted
different unit spotted
different unit spotted
different unit spotted
different unit spotted

Best move


next move down

different unit spotted
different unit spotted
different unit spotted
different unit spotted

Best move


next move down

different unit spotted
different unit spotted
different unit spotted
different unit spotted
different unit spotted
different unit spotted
different unit spotted
different unit spotted
different unit spotted
different unit spotted

Best move


next move down

different unit spotted
different unit spotted
different unit spotted
different unit spotted
different unit spotted
different unit spotted
different unit spotted
different unit spotted
different unit spotted
different unit spotted
Ally Pioneer spotted Enemy Furyan at dir: 7
dodge called with dir: 3

dodge
dodge1 dir: 3
order placed

next move down

different unit spotted
different unit spotted
different unit spotted
different unit spotted
different unit spotted
different unit spotted
different unit spotted
different unit spotted
different unit spotted
different unit spotted
different unit spotted
different unit spotted

Best move


next move down

different unit spotted
different unit spotted
Ally Pioneer spotted Enemy Furyan at dir: 2
dodge called with dir: 6

dodge
dodge1 dir: 2
order placed

next move down

different unit spotted
different unit spotted
different unit spotted
different unit spotted
different unit spotted
different unit spotted
different unit spotted
different unit spotted
different unit spotted
different unit spotted
different unit spotted
different unit spotted
different unit spotted
different unit spotted
different unit spotted
different unit spotted
different unit spotted

Best move


get sun distance

get sun distance

get sun distance

get sun distance

get sun distance

get sun distance

get sun distance

get sun distance

next move down

different unit spotted
different unit spotted
different unit spotted
different unit spotted
different unit spotted
different unit spotted
different unit spotted
different unit spotted

Best move


next move down

different unit spotted
different unit spotted
different unit spotted
different unit spotted
different unit spotted
different unit spotted
different unit spotted
different unit spotted
different unit spotted
different unit spotted
different unit spotted
different unit spotted
different unit spotted

Best move


next move down

different unit spotted
different unit spotted
different unit spotted
different unit spotted
different unit spotted
different unit spotted
different unit spotted
different unit spotted
different unit spotted
different unit spotted
different unit spotted
different unit spotted
different unit spotted
different unit spotted
different unit spotted
different unit spotted
different unit spotted
different unit spotted
different unit spotted
different unit spotted

Best move


next move down

different unit spotted
different unit spotted
different unit spotted
different unit spotted
different unit spotted
different unit spotted
different unit spotted
different unit spotted
different unit spotted
different unit spotted
different unit spotted
different unit spotted
different unit spotted

Best move


next move down

different unit spotted
different unit spotted
different unit spotted
different unit spotted
different unit spotted
different unit spotted
different unit spotted
different unit spotted
different unit spotted
different unit spotted
different unit spotted
different unit spotted
different unit spotted
different unit spotted
different unit spotted
different unit spotted
different unit spotted
different unit spotted
different unit spotted
different unit spotted

Best move


next move down

different unit spotted
different unit spotted
different unit spotted
different unit spotted
different unit spotted
different unit spotted
different unit spotted
different unit spotted
different unit spotted
different unit spotted
different unit spotted
different unit spotted
different unit spotted
different unit spotted
different unit spotted
different unit spotted
different unit spotted
different unit spotted
different unit spotted
different unit spotted
different unit spotted
different unit spotted
different unit spotted
different unit spotted
different unit spotted
different unit spotted
different unit spotted
different unit spotted
different unit spotted
different unit spotted
different unit spotted
different unit spotted
different unit spotted
different unit spotted
different unit spotted
different unit spotted
different unit spotted
different unit spotted
different unit spotted

Best move


next move down

different unit spotted
different unit spotted
different unit spotted
different unit spotted
different unit spotted
different unit spotted
different unit spotted
different unit spotted
different unit spotted
different unit spotted
different unit spotted
different unit spotted
different unit spotted
different unit spotted
different unit spotted
different unit spotted
different unit spotted
different unit spotted
different unit spotted
different unit spotted
different unit spotted
different unit spotted

Best move


next move down

different unit spotted
different unit spotted
different unit spotted
different unit spotted
different unit spotted
different unit spotted
different unit spotted
different unit spotted
different unit spotted
different unit spotted
different unit spotted
Ally Pioneer spotted Enemy Furyan at dir: 5
dodge called with dir: 1

dodge
dodge1 dir: 4
order placed

next move down

different unit spotted
different unit spotted
different unit spotted
different unit spotted
different unit spotted
different unit spotted
different unit spotted
different unit spotted
different unit spotted
different unit spotted
different unit spotted
different unit spotted
different unit spotted
Ally Pioneer spotted Enemy Furyan at dir: 2
dodge called with dir: 6

dodge
dodge1 dir: 5
order placed

next move down

different unit spotted
different unit spotted
different unit spotted
different unit spotted
different unit spotted
different unit spotted
different unit spotted

Best move


next move down

different unit spotted
different unit spotted
different unit spotted
different unit spotted
different unit spotted
different unit spotted
different unit spotted

Best move


next move down

different unit spotted
different unit spotted
different unit spotted
different unit spotted
different unit spotted

Best move


next move down

different unit spotted
different unit spotted
different unit spotted
different unit spotted
different unit spotted
different unit spotted
different unit spotted
different unit spotted
different unit spotted
different unit spotted
different unit spotted

Best move


next move down

different unit spotted
different unit spotted
different unit spotted
different unit spotted
different unit spotted
different unit spotted
different unit spotted
different unit spotted
different unit spotted
different unit spotted
different unit spotted
different unit spotted
different unit spotted
different unit spotted
different unit spotted
different unit spotted

Best move


next move down

different unit spotted
different unit spotted
different unit spotted
different unit spotted
different unit spotted
different unit spotted
different unit spotted
different unit spotted
different unit spotted
different unit spotted
different unit spotted
different unit spotted
different unit spotted
different unit spotted
different unit spotted
different unit spotted
different unit spotted
different unit spotted
different unit spotted
different unit spotted
different unit spotted

Best move


next move down

different unit spotted
different unit spotted
different unit spotted
different unit spotted
different unit spotted
different unit spotted
different unit spotted
different unit spotted
different unit spotted
different unit spotted
Ally Pioneer spotted Enemy Furyan at dir: 7
dodge called with dir: 3

dodge
dodge1 dir: 3
order placed

next move down

different unit spotted
different unit spotted
different unit spotted
different unit spotted
different unit spotted
different unit spotted
different unit spotted
different unit spotted
different unit spotted
different unit spotted
different unit spotted
different unit spotted
different unit spotted
different unit spotted
different unit spotted
different unit spotted

Best move


next move down

different unit spotted
different unit spotted
different unit spotted
different unit spotted
different unit spotted
different unit spotted
different unit spotted
different unit spotted
different unit spotted
different unit spotted
different unit spotted
different unit spotted
different unit spotted
different unit spotted
different unit spotted
different unit spotted
different unit spotted
different unit spotted
different unit spotted
different unit spotted
different unit spotted
different unit spotted
different unit spotted
different unit spotted
different unit spotted
different unit spotted
different unit spotted
different unit spotted
different unit spotted
different unit spotted
different unit spotted
different unit spotted
different unit spotted
different unit spotted
different unit spotted
different unit spotted
different unit spotted
different unit spotted
different unit spotted
different unit spotted
different unit spotted
different unit spotted

Best move


next move down

different unit spotted
different unit spotted
different unit spotted

Best move


next move down

different unit spotted
different unit spotted
Ally Pioneer spotted Enemy Furyan at dir: 5
dodge called with dir: 1

dodge
order placed

next move down

different unit spotted
different unit spotted
different unit spotted
different unit spotted
different unit spotted
different unit spotted
different unit spotted
different unit spotted
different unit spotted
different unit spotted
different unit spotted
different unit spotted
different unit spotted
different unit spotted
different unit spotted
different unit spotted
different unit spotted
different unit spotted
different unit spotted
different unit spotted
different unit spotted
different unit spotted
different unit spotted
different unit spotted

Best move


next move down

different unit spotted
different unit spotted
different unit spotted
different unit spotted
different unit spotted
different unit spotted
Hellhound spotted at dir: 7
dodge called with dir: 3

dodge
dodge1 dir: 2
order placed

next move down

different unit spotted
different unit spotted
different unit spotted
different unit spotted
different unit spotted

Best move


next move down

different unit spotted
different unit spotted
different unit spotted
different unit spotted
different unit spotted
different unit spotted
different unit spotted
different unit spotted
different unit spotted
different unit spotted
different unit spotted
different unit spotted
different unit spotted
different unit spotted
different unit spotted
different unit spotted
different unit spotted
different unit spotted
different unit spotted
different unit spotted
different unit spotted
different unit spotted
different unit spotted
different unit spotted
different unit spotted
different unit spotted
different unit spotted
different unit spotted
different unit spotted

Best move


next move down

different unit spotted
different unit spotted
different unit spotted
different unit spotted
different unit spotted
different unit spotted
different unit spotted
different unit spotted
different unit spotted
different unit spotted
different unit spotted
different unit spotted
different unit spotted
different unit spotted
different unit spotted
different unit spotted
different unit spotted
different unit spotted
different unit spotted
different unit spotted
Hellhound spotted at dir: 7
dodge called with dir: 3

dodge
dodge1 dir: 3
order placed

next move down

different unit spotted
different unit spotted
different unit spotted
different unit spotted
different unit spotted
different unit spotted
different unit spotted
Ally Furian spotted Enemy unit at dir: 2
dodge called with dir: 2

dodge
dodge1 dir: 2

next move down

different unit spotted
different unit spotted
different unit spotted
different unit spotted
different unit spotted
Ally Furian spotted Enemy unit at dir: 3
dodge called with dir: 3

dodge
dodge1 dir: 3

next move down

different unit spotted
Ally Furian spotted Enemy unit at dir: 1
dodge called with dir: 1

next move down

different unit spotted
different unit spotted
different unit spotted
different unit spotted
different unit spotted
different unit spotted
different unit spotted
different unit spotted
different unit spotted
different unit spotted
different unit spotted
different unit spotted
Ally Furian spotted Enemy unit at dir: 1
dodge called with dir: 1

dodge
dodge1 dir: 1

next move down

different unit spotted
different unit spotted
different unit spotted
different unit spotted
different unit spotted
different unit spotted
different unit spotted
different unit spotted
different unit spotted
different unit spotted
different unit spotted
Hellhound spotted at dir: 7
dodge called with dir: 3

dodge
dodge1 dir: 4
order placed

next move down

different unit spotted
different unit spotted
different unit spotted
different unit spotted
different unit spotted
different unit spotted
different unit spotted
different unit spotted
different unit spotted
different unit spotted
different unit spotted
different unit spotted
different unit spotted
different unit spotted
different unit spotted
different unit spotted
different unit spotted
different unit spotted
different unit spotted
Hellhound spotted at dir: 7
dodge called with dir: 3

dodge
dodge1 dir: 3
order placed

next move down

different unit spotted
different unit spotted
different unit spotted
different unit spotted
different unit spotted
different unit spotted
different unit spotted
different unit spotted
different unit spotted
different unit spotted
different unit spotted
different unit spotted
different unit spotted
different unit spotted
different unit spotted
different unit spotted
different unit spotted
different unit spotted
different unit spotted
different unit spotted
Ally Furian spotted Enemy unit at dir: 5
dodge called with dir: 5

dodge
dodge1 dir: 5
dodge or chase commanded dir: 2

dodge or chase commanded dir: 3

dodge or chase commanded dir: 1

dodge or chase commanded dir: 4

dodge or chase commanded dir: 3

dodge or chase commanded dir: 3

dodge or chase commanded dir: 2

dodge or chase commanded dir: 4

dodge or chase commanded dir: 10

dodge or chase commanded dir: 3

dodge or chase commanded dir: 5

best move (not dodge) commanded

best move (not dodge) commanded

best move (not dodge) commanded

best move (not dodge) commanded

best move (not dodge) commanded

best move (not dodge) commanded

best move (not dodge) commanded

best move (not dodge) commanded

best move (not dodge) commanded

best move (not dodge) commanded

best move (not dodge) commanded

best move (not dodge) commanded

best move (not dodge) commanded

best move (not dodge) commanded

best move (not dodge) commanded

best move (not dodge) commanded

best move (not dodge) commanded

best move (not dodge) commanded

best move (not dodge) commanded

best move (not dodge) commanded

best move (not dodge) commanded

best move (not dodge) commanded

best move (not dodge) commanded

best move (not dodge) commanded

best move (not dodge) commanded

best move (not dodge) commanded

best move (not dodge) commanded

best move (not dodge) commanded

info:     end player 0
info:     start player 1
info:     end player 1
info:     start player 2
info:     end player 2
info:     start player 3
info:     end player 3
info: end round 50
info: start round 51
info:     start player 0

next move down

different unit spotted
different unit spotted
different unit spotted
different unit spotted
different unit spotted
different unit spotted
different unit spotted
different unit spotted
different unit spotted
different unit spotted
different unit spotted
different unit spotted
different unit spotted
different unit spotted
different unit spotted
different unit spotted
different unit spotted
different unit spotted
different unit spotted
different unit spotted
different unit spotted
different unit spotted
different unit spotted
different unit spotted
different unit spotted
different unit spotted
different unit spotted
different unit spotted

Best move


next move down

different unit spotted
different unit spotted
different unit spotted

Best move


next move down

different unit spotted
different unit spotted
different unit spotted
different unit spotted
different unit spotted
different unit spotted
different unit spotted

Best move


next move down

different unit spotted
different unit spotted
different unit spotted
different unit spotted
different unit spotted
different unit spotted
different unit spotted

Best move


next move down

different unit spotted
different unit spotted
different unit spotted
different unit spotted
different unit spotted
different unit spotted
different unit spotted
different unit spotted
different unit spotted
different unit spotted
different unit spotted
different unit spotted
different unit spotted
different unit spotted

Best move


next move down

different unit spotted
Ally Pioneer spotted Enemy Furyan at dir: 2
dodge called with dir: 6

dodge
dodge1 dir: 6
order placed

next move down

different unit spotted
different unit spotted
different unit spotted
different unit spotted
different unit spotted
different unit spotted
different unit spotted
different unit spotted
different unit spotted
different unit spotted
different unit spotted
different unit spotted
different unit spotted
different unit spotted
different unit spotted
different unit spotted
different unit spotted
different unit spotted
different unit spotted
different unit spotted
different unit spotted
different unit spotted
different unit spotted
different unit spotted
different unit spotted
different unit spotted
different unit spotted
different unit spotted
different unit spotted
different unit spotted
different unit spotted

Best move


next move down

different unit spotted
different unit spotted
different unit spotted
different unit spotted
different unit spotted
different unit spotted
different unit spotted
different unit spotted
different unit spotted

Best move


next move down

different unit spotted
different unit spotted
different unit spotted
different unit spotted
different unit spotted
different unit spotted
different unit spotted
different unit spotted
different unit spotted
different unit spotted
different unit spotted
different unit spotted
different unit spotted

Best move


next move down

different unit spotted
different unit spotted
different unit spotted
different unit spotted
different unit spotted
different unit spotted
different unit spotted
different unit spotted
different unit spotted
different unit spotted
different unit spotted
different unit spotted
different unit spotted
different unit spotted
different unit spotted
different unit spotted
different unit spotted

Best move


next move down

different unit spotted
different unit spotted
different unit spotted
different unit spotted
different unit spotted
different unit spotted

Best move


next move down

different unit spotted
different unit spotted
different unit spotted
different unit spotted
different unit spotted
different unit spotted
different unit spotted
different unit spotted
different unit spotted
different unit spotted
different unit spotted
different unit spotted
different unit spotted
different unit spotted
different unit spotted
different unit spotted
different unit spotted
different unit spotted
different unit spotted
different unit spotted
different unit spotted
different unit spotted
different unit spotted
different unit spotted
different unit spotted
different unit spotted
different unit spotted
different unit spotted
different unit spotted
different unit spotted
different unit spotted
different unit spotted
different unit spotted
different unit spotted
different unit spotted
different unit spotted
different unit spotted

Best move


next move down

different unit spotted
different unit spotted
different unit spotted
different unit spotted
different unit spotted
different unit spotted
different unit spotted
different unit spotted
different unit spotted
different unit spotted
different unit spotted
different unit spotted
different unit spotted
different unit spotted
different unit spotted
different unit spotted
different unit spotted
different unit spotted
different unit spotted
different unit spotted
different unit spotted
different unit spotted
different unit spotted
different unit spotted
different unit spotted
different unit spotted
different unit spotted
different unit spotted
different unit spotted
different unit spotted
different unit spotted
different unit spotted
different unit spotted
different unit spotted
different unit spotted
different unit spotted
different unit spotted
different unit spotted

Best move


next move down

different unit spotted
different unit spotted
different unit spotted
different unit spotted
different unit spotted
different unit spotted
different unit spotted
different unit spotted
different unit spotted

Best move


next move down

different unit spotted
different unit spotted
different unit spotted
different unit spotted
different unit spotted
Ally Pioneer spotted Enemy Furyan at dir: 5
dodge called with dir: 1

dodge
dodge1 dir: 0
order placed

next move down

different unit spotted
different unit spotted
different unit spotted
different unit spotted
different unit spotted
different unit spotted
different unit spotted
Ally Pioneer spotted Enemy Furyan at dir: 2
dodge called with dir: 6

dodge
dodge1 dir: 7
order placed

next move down

different unit spotted
different unit spotted
different unit spotted
different unit spotted
different unit spotted
different unit spotted

Best move


next move down

different unit spotted
different unit spotted
different unit spotted
different unit spotted
different unit spotted

Best move


next move down

different unit spotted
different unit spotted
different unit spotted
different unit spotted
different unit spotted
different unit spotted

Best move


next move down

different unit spotted
different unit spotted
different unit spotted
different unit spotted
different unit spotted
different unit spotted
different unit spotted
different unit spotted
different unit spotted
different unit spotted
different unit spotted
different unit spotted
different unit spotted
different unit spotted
different unit spotted
different unit spotted

Best move


next move down

different unit spotted
different unit spotted
different unit spotted
different unit spotted
different unit spotted
different unit spotted
different unit spotted
different unit spotted
different unit spotted
different unit spotted
different unit spotted
Ally Pioneer spotted Enemy Furyan at dir: 1
dodge called with dir: 5

dodge
dodge1 dir: 4
order placed

next move down

different unit spotted
different unit spotted
different unit spotted
different unit spotted
different unit spotted
different unit spotted
different unit spotted
different unit spotted
different unit spotted
different unit spotted
different unit spotted
different unit spotted
different unit spotted
different unit spotted
different unit spotted
different unit spotted
different unit spotted
different unit spotted
different unit spotted
different unit spotted
different unit spotted
different unit spotted
different unit spotted
different unit spotted
different unit spotted
different unit spotted
different unit spotted
different unit spotted

Best move


next move down

different unit spotted
different unit spotted
different unit spotted
different unit spotted
different unit spotted
different unit spotted
different unit spotted
different unit spotted
different unit spotted
different unit spotted
different unit spotted
different unit spotted
different unit spotted
different unit spotted

Best move


next move down

different unit spotted
different unit spotted
different unit spotted
different unit spotted
different unit spotted
different unit spotted
different unit spotted
different unit spotted
different unit spotted
different unit spotted
different unit spotted
different unit spotted
different unit spotted
different unit spotted
Hellhound spotted at dir: 0
dodge called with dir: 4

dodge
dodge1 dir: 4
order placed

next move down

different unit spotted
different unit spotted
different unit spotted
different unit spotted
different unit spotted
different unit spotted
different unit spotted
different unit spotted
different unit spotted
different unit spotted
different unit spotted
different unit spotted
different unit spotted
different unit spotted
different unit spotted
different unit spotted
different unit spotted
different unit spotted
different unit spotted
different unit spotted
different unit spotted
different unit spotted
different unit spotted
different unit spotted
different unit spotted
different unit spotted
different unit spotted
different unit spotted
different unit spotted
different unit spotted
different unit spotted
different unit spotted
different unit spotted
different unit spotted
different unit spotted
different unit spotted
different unit spotted
different unit spotted
different unit spotted
different unit spotted
different unit spotted
different unit spotted
different unit spotted
different unit spotted
different unit spotted

Best move


next move down

different unit spotted
different unit spotted
different unit spotted
different unit spotted
different unit spotted

Best move


next move down

different unit spotted
different unit spotted
different unit spotted
different unit spotted
different unit spotted
different unit spotted
different unit spotted
different unit spotted
different unit spotted
different unit spotted
different unit spotted
different unit spotted
different unit spotted
different unit spotted
different unit spotted
different unit spotted
different unit spotted
different unit spotted
different unit spotted
different unit spotted
different unit spotted
different unit spotted
different unit spotted
different unit spotted
different unit spotted
different unit spotted
different unit spotted
different unit spotted
different unit spotted
different unit spotted
different unit spotted

Best move


next move down

different unit spotted
different unit spotted
different unit spotted
different unit spotted
different unit spotted
different unit spotted
Hellhound spotted at dir: 7
dodge called with dir: 3

dodge
dodge1 dir: 3
order placed

next move down

different unit spotted
different unit spotted
different unit spotted
different unit spotted
different unit spotted
different unit spotted
different unit spotted
different unit spotted
Hellhound spotted at dir: 5
dodge called with dir: 1

dodge
dodge1 dir: 1
order placed

next move down

different unit spotted
different unit spotted
different unit spotted
different unit spotted
different unit spotted
different unit spotted
different unit spotted
different unit spotted
different unit spotted
different unit spotted
different unit spotted
different unit spotted
different unit spotted
different unit spotted
different unit spotted
different unit spotted
different unit spotted
different unit spotted
different unit spotted
different unit spotted
different unit spotted
different unit spotted
different unit spotted
different unit spotted
different unit spotted
different unit spotted
different unit spotted
different unit spotted
different unit spotted
different unit spotted
different unit spotted
different unit spotted
different unit spotted

Best move


next move down

different unit spotted
different unit spotted
different unit spotted
different unit spotted
different unit spotted
different unit spotted
different unit spotted
different unit spotted
Hellhound spotted at dir: 7
dodge called with dir: 3

dodge
dodge1 dir: 3
order placed

next move down

different unit spotted
different unit spotted
different unit spotted
different unit spotted
different unit spotted
different unit spotted
different unit spotted
different unit spotted
different unit spotted
different unit spotted
different unit spotted
Ally Furian spotted Enemy unit at dir: 3
dodge called with dir: 3

dodge
dodge1 dir: 3

next move down

different unit spotted
Ally Furian spotted Enemy unit at dir: 1
dodge called with dir: 1

next move down

different unit spotted
Ally Furian spotted Enemy unit at dir: 3
dodge called with dir: 3

next move down

different unit spotted
different unit spotted
different unit spotted
different unit spotted
different unit spotted
different unit spotted
different unit spotted
different unit spotted
different unit spotted
different unit spotted
different unit spotted
different unit spotted
different unit spotted
different unit spotted
different unit spotted
different unit spotted
different unit spotted
different unit spotted
Ally Furian spotted Enemy unit at dir: 1
dodge called with dir: 1

dodge
dodge1 dir: 1

next move down

different unit spotted
different unit spotted
different unit spotted
different unit spotted
different unit spotted
different unit spotted
different unit spotted
different unit spotted
different unit spotted
different unit spotted
different unit spotted
different unit spotted
different unit spotted
different unit spotted
different unit spotted
different unit spotted
different unit spotted
different unit spotted
different unit spotted
different unit spotted
different unit spotted
different unit spotted
Ally Furian spotted Enemy unit at dir: 1
dodge called with dir: 1

dodge
dodge1 dir: 1

next move down

different unit spotted
different unit spotted
different unit spotted
different unit spotted
different unit spotted
different unit spotted
different unit spotted
different unit spotted
Hellhound spotted at dir: 7
dodge called with dir: 3

dodge
dodge1 dir: 6
order placed

next move down

different unit spotted
different unit spotted
different unit spotted
different unit spotted
different unit spotted
different unit spotted
different unit spotted
different unit spotted
different unit spotted
different unit spotted
different unit spotted
different unit spotted
different unit spotted
Ally Furian spotted Enemy unit at dir: 3
dodge called with dir: 3

dodge
dodge1 dir: 2
dodge or chase commanded dir: 4

dodge or chase commanded dir: 3

dodge or chase commanded dir: 1

dodge or chase commanded dir: 3

dodge or chase commanded dir: 1

dodge or chase commanded dir: 3

dodge or chase commanded dir: 6

dodge or chase commanded dir: 6

dodge or chase commanded dir: 0

dodge or chase commanded dir: 4

dodge or chase commanded dir: 7

best move (not dodge) commanded

best move (not dodge) commanded

best move (not dodge) commanded

best move (not dodge) commanded

best move (not dodge) commanded

best move (not dodge) commanded

best move (not dodge) commanded

best move (not dodge) commanded

best move (not dodge) commanded

best move (not dodge) commanded

best move (not dodge) commanded

best move (not dodge) commanded

best move (not dodge) commanded

best move (not dodge) commanded

best move (not dodge) commanded

best move (not dodge) commanded

best move (not dodge) commanded

best move (not dodge) commanded

best move (not dodge) commanded

best move (not dodge) commanded

best move (not dodge) commanded

best move (not dodge) commanded

best move (not dodge) commanded

best move (not dodge) commanded

best move (not dodge) commanded

best move (not dodge) commanded

best move (not dodge) commanded

info:     end player 0
info:     start player 1
info:     end player 1
info:     start player 2
info:     end player 2
info:     start player 3
info:     end player 3
info: end round 51
info: start round 52
info:     start player 0

next move down

different unit spotted
different unit spotted
different unit spotted
different unit spotted
different unit spotted
different unit spotted
different unit spotted
different unit spotted
different unit spotted
different unit spotted
different unit spotted
different unit spotted
different unit spotted
different unit spotted
different unit spotted
different unit spotted
different unit spotted
different unit spotted
different unit spotted
different unit spotted
different unit spotted
different unit spotted
different unit spotted
different unit spotted
different unit spotted
different unit spotted
different unit spotted

Best move


next move down

different unit spotted
different unit spotted
different unit spotted
different unit spotted

Best move


next move down

different unit spotted
different unit spotted
different unit spotted
different unit spotted
different unit spotted
different unit spotted
different unit spotted
different unit spotted
different unit spotted

Best move


next move down

different unit spotted
different unit spotted
different unit spotted
different unit spotted
different unit spotted
different unit spotted
different unit spotted
different unit spotted
different unit spotted
different unit spotted
different unit spotted
different unit spotted
different unit spotted
different unit spotted
different unit spotted

Best move


next move down

different unit spotted
different unit spotted
different unit spotted
different unit spotted
different unit spotted
different unit spotted
different unit spotted
different unit spotted
different unit spotted
different unit spotted
different unit spotted

Best move


next move down

different unit spotted
different unit spotted
different unit spotted
different unit spotted
different unit spotted
different unit spotted
different unit spotted
different unit spotted
different unit spotted
different unit spotted
different unit spotted
different unit spotted
different unit spotted
different unit spotted
different unit spotted
different unit spotted
different unit spotted
different unit spotted
different unit spotted
different unit spotted
different unit spotted
different unit spotted
different unit spotted
different unit spotted
different unit spotted
different unit spotted
different unit spotted
different unit spotted
different unit spotted
different unit spotted
different unit spotted
different unit spotted
different unit spotted

Best move


get sun distance

get sun distance

get sun distance

get sun distance

get sun distance

get sun distance

get sun distance

get sun distance

next move down

different unit spotted
different unit spotted
different unit spotted
different unit spotted
different unit spotted
different unit spotted
different unit spotted
different unit spotted

Best move


next move down

different unit spotted
different unit spotted
different unit spotted
different unit spotted
different unit spotted
different unit spotted
different unit spotted
different unit spotted
different unit spotted
different unit spotted
Ally Pioneer spotted Enemy Furyan at dir: 7
dodge called with dir: 3

dodge
dodge1 dir: 3
order placed

next move down

different unit spotted
different unit spotted
different unit spotted
different unit spotted
different unit spotted
different unit spotted
different unit spotted
different unit spotted
different unit spotted
different unit spotted
different unit spotted
Ally Pioneer spotted Enemy Furyan at dir: 7
dodge called with dir: 3

dodge
dodge1 dir: 3
order placed

next move down

different unit spotted
different unit spotted
different unit spotted
different unit spotted
different unit spotted
different unit spotted

Best move


next move down

different unit spotted
different unit spotted
different unit spotted
different unit spotted
different unit spotted
different unit spotted
different unit spotted
different unit spotted
different unit spotted
different unit spotted
different unit spotted
different unit spotted
different unit spotted
different unit spotted
different unit spotted
different unit spotted
different unit spotted
different unit spotted
different unit spotted
different unit spotted
different unit spotted
different unit spotted
different unit spotted
different unit spotted
different unit spotted
different unit spotted
different unit spotted
different unit spotted
different unit spotted

Best move


next move down

different unit spotted
different unit spotted
different unit spotted
different unit spotted
different unit spotted
different unit spotted
different unit spotted
different unit spotted
different unit spotted
different unit spotted
different unit spotted
different unit spotted
different unit spotted
different unit spotted
different unit spotted
different unit spotted
different unit spotted
different unit spotted
different unit spotted
different unit spotted
different unit spotted
different unit spotted
different unit spotted
different unit spotted
different unit spotted
different unit spotted
different unit spotted
different unit spotted
different unit spotted
different unit spotted
different unit spotted
different unit spotted

Best move


next move down

different unit spotted
different unit spotted
different unit spotted
different unit spotted
different unit spotted
different unit spotted
different unit spotted
different unit spotted
different unit spotted
different unit spotted

Best move


next move down

different unit spotted
Ally Pioneer spotted Enemy Furyan at dir: 5
dodge called with dir: 1

dodge
dodge1 dir: 1
order placed

next move down

different unit spotted
different unit spotted
different unit spotted
different unit spotted
different unit spotted
different unit spotted
different unit spotted
different unit spotted
different unit spotted
Ally Pioneer spotted Enemy Furyan at dir: 1
dodge called with dir: 5

dodge
dodge1 dir: 3
order placed

next move down

different unit spotted
different unit spotted
different unit spotted
different unit spotted
different unit spotted

Best move


next move down

different unit spotted
different unit spotted
different unit spotted
different unit spotted
different unit spotted
different unit spotted

Best move


next move down

different unit spotted
different unit spotted
different unit spotted
different unit spotted
different unit spotted
different unit spotted

Best move


next move down

different unit spotted
different unit spotted
different unit spotted
different unit spotted
different unit spotted
different unit spotted
different unit spotted
different unit spotted
different unit spotted
different unit spotted
different unit spotted
different unit spotted

Best move


next move down

different unit spotted
different unit spotted
different unit spotted
different unit spotted
different unit spotted
different unit spotted
Ally Pioneer spotted Enemy Furyan at dir: 1
dodge called with dir: 5

dodge
dodge1 dir: 5
order placed

next move down

different unit spotted
different unit spotted
different unit spotted
different unit spotted
different unit spotted
different unit spotted
different unit spotted
different unit spotted
different unit spotted
different unit spotted
different unit spotted
different unit spotted
different unit spotted
different unit spotted
different unit spotted
different unit spotted
different unit spotted
different unit spotted
different unit spotted
different unit spotted
different unit spotted

Best move


next move down

different unit spotted
different unit spotted
different unit spotted
different unit spotted
different unit spotted
different unit spotted
different unit spotted
different unit spotted
different unit spotted
different unit spotted
different unit spotted

Best move


next move down

different unit spotted
different unit spotted
different unit spotted
different unit spotted
different unit spotted
different unit spotted
different unit spotted
different unit spotted
different unit spotted
different unit spotted
different unit spotted
different unit spotted
different unit spotted
different unit spotted

Best move


next move down

different unit spotted
different unit spotted
different unit spotted
different unit spotted
different unit spotted
different unit spotted
different unit spotted
different unit spotted
different unit spotted
different unit spotted
different unit spotted
different unit spotted
different unit spotted
different unit spotted
different unit spotted
different unit spotted
different unit spotted
different unit spotted
different unit spotted
different unit spotted
different unit spotted
different unit spotted
different unit spotted
different unit spotted
different unit spotted
different unit spotted
different unit spotted
different unit spotted
different unit spotted
different unit spotted
different unit spotted
different unit spotted
different unit spotted
different unit spotted
different unit spotted
different unit spotted
different unit spotted
different unit spotted
different unit spotted
different unit spotted
different unit spotted

Best move


next move down

different unit spotted
different unit spotted
different unit spotted
different unit spotted
different unit spotted

Best move


next move down

different unit spotted
different unit spotted
different unit spotted
different unit spotted
different unit spotted
different unit spotted
different unit spotted
different unit spotted
different unit spotted
different unit spotted
different unit spotted
different unit spotted
different unit spotted
different unit spotted
different unit spotted
different unit spotted
different unit spotted
different unit spotted

Best move


next move down

different unit spotted
different unit spotted
different unit spotted
different unit spotted
different unit spotted
different unit spotted
different unit spotted
different unit spotted
different unit spotted
different unit spotted
different unit spotted
different unit spotted
different unit spotted
different unit spotted
different unit spotted
different unit spotted
different unit spotted
different unit spotted
different unit spotted
different unit spotted
different unit spotted
different unit spotted
different unit spotted
different unit spotted
different unit spotted
different unit spotted
different unit spotted
different unit spotted
different unit spotted
different unit spotted
different unit spotted
different unit spotted
different unit spotted
different unit spotted

Best move


next move down

different unit spotted
different unit spotted
different unit spotted
different unit spotted
different unit spotted
Hellhound spotted at dir: 7
dodge called with dir: 3

dodge
dodge1 dir: 2
order placed

next move down

different unit spotted
different unit spotted
different unit spotted
different unit spotted
different unit spotted
different unit spotted

Best move


next move down

different unit spotted
different unit spotted
different unit spotted
different unit spotted
different unit spotted
different unit spotted
different unit spotted
different unit spotted
different unit spotted
different unit spotted
different unit spotted
different unit spotted
different unit spotted
different unit spotted
different unit spotted
different unit spotted
different unit spotted
different unit spotted
different unit spotted
different unit spotted
different unit spotted
different unit spotted
different unit spotted
different unit spotted
different unit spotted
different unit spotted
different unit spotted
different unit spotted
different unit spotted
different unit spotted
different unit spotted

Best move


next move down

different unit spotted
different unit spotted
different unit spotted
different unit spotted
different unit spotted
different unit spotted
Hellhound spotted at dir: 7
dodge called with dir: 3

dodge
dodge1 dir: 3
order placed

next move down

different unit spotted
different unit spotted
different unit spotted
different unit spotted
different unit spotted
different unit spotted
different unit spotted
Ally Furian spotted Enemy unit at dir: 3
dodge called with dir: 3

dodge
dodge1 dir: 3

next move down

different unit spotted
different unit spotted
different unit spotted
different unit spotted
different unit spotted
Ally Furian spotted Enemy unit at dir: 1
dodge called with dir: 1

dodge
dodge1 dir: 1

next move down

different unit spotted
different unit spotted
different unit spotted
different unit spotted
different unit spotted
different unit spotted
Ally Furian spotted Enemy unit at dir: 6
dodge called with dir: 6

dodge
dodge1 dir: 6

next move down

different unit spotted
different unit spotted
different unit spotted
different unit spotted
different unit spotted
different unit spotted
different unit spotted
different unit spotted
different unit spotted
different unit spotted
different unit spotted
different unit spotted
different unit spotted
different unit spotted
different unit spotted
different unit spotted
different unit spotted
Ally Furian spotted Enemy unit at dir: 1
dodge called with dir: 1

dodge
dodge1 dir: 1

next move down

different unit spotted
different unit spotted
different unit spotted
different unit spotted
different unit spotted
different unit spotted
different unit spotted
different unit spotted
different unit spotted
different unit spotted
different unit spotted
different unit spotted
different unit spotted
different unit spotted
different unit spotted
different unit spotted
different unit spotted
different unit spotted
different unit spotted
different unit spotted
different unit spotted
different unit spotted
different unit spotted
different unit spotted
different unit spotted
different unit spotted
different unit spotted
Ally Furian spotted Enemy unit at dir: 1
dodge called with dir: 1

dodge
dodge1 dir: 1

next move down

different unit spotted
different unit spotted
different unit spotted
different unit spotted
different unit spotted
different unit spotted
different unit spotted
different unit spotted
different unit spotted
different unit spotted
different unit spotted
different unit spotted
Ally Furian spotted Enemy unit at dir: 3
dodge called with dir: 3

dodge
dodge1 dir: 3
dodge or chase commanded dir: 2

dodge or chase commanded dir: 3

dodge or chase commanded dir: 3

dodge or chase commanded dir: 1

dodge or chase commanded dir: 3

dodge or chase commanded dir: 3

dodge or chase commanded dir: 5

best move (not dodge) commanded

best move (not dodge) commanded

best move (not dodge) commanded

best move (not dodge) commanded

best move (not dodge) commanded

best move (not dodge) commanded

best move (not dodge) commanded

best move (not dodge) commanded

best move (not dodge) commanded

best move (not dodge) commanded

best move (not dodge) commanded

best move (not dodge) commanded

best move (not dodge) commanded

best move (not dodge) commanded

best move (not dodge) commanded

best move (not dodge) commanded

best move (not dodge) commanded

best move (not dodge) commanded

best move (not dodge) commanded

best move (not dodge) commanded

best move (not dodge) commanded

best move (not dodge) commanded

best move (not dodge) commanded

best move (not dodge) commanded

best move (not dodge) commanded

best move (not dodge) commanded

best move (not dodge) commanded

best move (not dodge) commanded

best move (not dodge) commanded

best move (not dodge) commanded

info:     end player 0
info:     start player 1
info:     end player 1
info:     start player 2
info:     end player 2
info:     start player 3
info:     end player 3
info: end round 52
info: start round 53
info:     start player 0

next move down

different unit spotted
different unit spotted
different unit spotted
different unit spotted
different unit spotted
different unit spotted
different unit spotted
different unit spotted
different unit spotted
different unit spotted
different unit spotted
different unit spotted
different unit spotted
different unit spotted
different unit spotted
different unit spotted
different unit spotted
different unit spotted
different unit spotted
different unit spotted
different unit spotted
different unit spotted
different unit spotted
different unit spotted

Best move


next move down

different unit spotted
different unit spotted
different unit spotted
different unit spotted
different unit spotted

Best move


next move down

different unit spotted
different unit spotted
different unit spotted
different unit spotted
different unit spotted

Best move


next move down

different unit spotted
different unit spotted
different unit spotted
different unit spotted
different unit spotted
different unit spotted
different unit spotted
different unit spotted
different unit spotted
different unit spotted
different unit spotted
different unit spotted
different unit spotted
different unit spotted
different unit spotted
different unit spotted
different unit spotted

Best move


next move down

different unit spotted
different unit spotted
different unit spotted
different unit spotted
different unit spotted
different unit spotted

Best move


next move down

different unit spotted
different unit spotted
different unit spotted
different unit spotted
different unit spotted
different unit spotted
different unit spotted
different unit spotted
different unit spotted
different unit spotted
different unit spotted
different unit spotted
different unit spotted
different unit spotted
different unit spotted
different unit spotted
different unit spotted
different unit spotted
different unit spotted
different unit spotted
different unit spotted
different unit spotted
different unit spotted
different unit spotted
different unit spotted

Best move


next move down

different unit spotted
different unit spotted
different unit spotted

Best move


next move down

different unit spotted
different unit spotted
different unit spotted
different unit spotted
different unit spotted
different unit spotted
different unit spotted
different unit spotted
different unit spotted
different unit spotted
different unit spotted
different unit spotted
different unit spotted
different unit spotted
different unit spotted
different unit spotted
different unit spotted
different unit spotted
Ally Pioneer spotted Enemy Furyan at dir: 7
dodge called with dir: 3

dodge
dodge1 dir: 3
order placed

next move down

different unit spotted
different unit spotted
different unit spotted
different unit spotted
different unit spotted
different unit spotted
different unit spotted
different unit spotted
different unit spotted
different unit spotted
different unit spotted
different unit spotted
different unit spotted
different unit spotted
different unit spotted
different unit spotted
different unit spotted
different unit spotted

Best move


next move down

different unit spotted
different unit spotted
different unit spotted
different unit spotted
different unit spotted
different unit spotted

Best move


next move down

different unit spotted
different unit spotted
different unit spotted
different unit spotted
different unit spotted
different unit spotted
different unit spotted
different unit spotted
different unit spotted
different unit spotted
different unit spotted
different unit spotted
different unit spotted
different unit spotted
different unit spotted
different unit spotted
different unit spotted
different unit spotted
different unit spotted
different unit spotted
different unit spotted
different unit spotted
different unit spotted
different unit spotted
different unit spotted
different unit spotted
different unit spotted
different unit spotted
different unit spotted
different unit spotted
different unit spotted
different unit spotted
different unit spotted
different unit spotted
different unit spotted
different unit spotted
different unit spotted
different unit spotted

Best move


next move down

different unit spotted
different unit spotted
different unit spotted
different unit spotted
different unit spotted
different unit spotted
different unit spotted
different unit spotted
different unit spotted
different unit spotted
different unit spotted
different unit spotted
different unit spotted
different unit spotted
different unit spotted
different unit spotted
different unit spotted
different unit spotted
different unit spotted
different unit spotted
different unit spotted
different unit spotted
different unit spotted
different unit spotted
different unit spotted
different unit spotted
different unit spotted
different unit spotted

Best move


next move down

different unit spotted
different unit spotted
different unit spotted
different unit spotted
different unit spotted
different unit spotted
different unit spotted
different unit spotted
different unit spotted
different unit spotted
different unit spotted
different unit spotted

Best move


next move down

different unit spotted
different unit spotted
different unit spotted
different unit spotted
different unit spotted
different unit spotted
different unit spotted
Ally Pioneer spotted Enemy Furyan at dir: 5
dodge called with dir: 1

dodge
dodge1 dir: 1
order placed

next move down

different unit spotted
different unit spotted
different unit spotted
different unit spotted
Ally Pioneer spotted Enemy Furyan at dir: 1
dodge called with dir: 5

dodge
dodge1 dir: 7
order placed

next move down

different unit spotted
different unit spotted
different unit spotted
different unit spotted
different unit spotted
different unit spotted
different unit spotted
different unit spotted

Best move


next move down

different unit spotted
different unit spotted
different unit spotted
different unit spotted
different unit spotted
different unit spotted
different unit spotted
different unit spotted
Ally Pioneer spotted Enemy Furyan at dir: 3
dodge called with dir: 7

dodge
dodge1 dir: 7
order placed

next move down

different unit spotted
different unit spotted
different unit spotted
different unit spotted
different unit spotted
different unit spotted

Best move


next move down

different unit spotted
different unit spotted
different unit spotted
different unit spotted
different unit spotted
different unit spotted
different unit spotted
different unit spotted
different unit spotted
different unit spotted
different unit spotted
different unit spotted
different unit spotted

Best move


next move down

different unit spotted
different unit spotted
different unit spotted
different unit spotted
different unit spotted
different unit spotted
different unit spotted
Ally Pioneer spotted Enemy Furyan at dir: 1
dodge called with dir: 5

dodge
dodge1 dir: 5
order placed

next move down

different unit spotted
different unit spotted
different unit spotted
different unit spotted
different unit spotted
different unit spotted
different unit spotted
different unit spotted
different unit spotted
different unit spotted
different unit spotted
different unit spotted
different unit spotted
different unit spotted
different unit spotted
different unit spotted
different unit spotted
different unit spotted
different unit spotted
different unit spotted
different unit spotted

Best move


next move down

different unit spotted
different unit spotted
different unit spotted
different unit spotted
different unit spotted
different unit spotted
different unit spotted
different unit spotted
different unit spotted
different unit spotted
different unit spotted
different unit spotted
different unit spotted

Best move


next move down

different unit spotted
different unit spotted
different unit spotted
different unit spotted
different unit spotted
different unit spotted
different unit spotted
different unit spotted
different unit spotted
different unit spotted
different unit spotted
different unit spotted
Hellhound spotted at dir: 1
dodge called with dir: 5

dodge
dodge1 dir: 5
order placed

next move down

different unit spotted
different unit spotted
different unit spotted
different unit spotted
different unit spotted
different unit spotted
different unit spotted
different unit spotted
different unit spotted
different unit spotted
different unit spotted
different unit spotted
different unit spotted
different unit spotted
different unit spotted
different unit spotted
different unit spotted
different unit spotted
different unit spotted
different unit spotted
different unit spotted
different unit spotted
different unit spotted
different unit spotted
different unit spotted
different unit spotted
different unit spotted
different unit spotted
different unit spotted
different unit spotted
different unit spotted
different unit spotted
different unit spotted
different unit spotted
different unit spotted
different unit spotted
different unit spotted
different unit spotted
different unit spotted
different unit spotted
different unit spotted

Best move


next move down

different unit spotted
different unit spotted
different unit spotted
different unit spotted
different unit spotted
different unit spotted
different unit spotted
different unit spotted

Best move


next move down

different unit spotted
different unit spotted
different unit spotted
different unit spotted
different unit spotted
different unit spotted
different unit spotted
different unit spotted
different unit spotted

Best move


next move down

different unit spotted
different unit spotted
different unit spotted
different unit spotted
different unit spotted
different unit spotted
different unit spotted
different unit spotted
different unit spotted
different unit spotted
different unit spotted
different unit spotted
different unit spotted
different unit spotted
different unit spotted
different unit spotted
different unit spotted
different unit spotted
different unit spotted
different unit spotted
different unit spotted
different unit spotted
different unit spotted
different unit spotted
different unit spotted
different unit spotted
different unit spotted
different unit spotted
different unit spotted
different unit spotted
different unit spotted
different unit spotted

Best move


next move down

different unit spotted
different unit spotted
different unit spotted
different unit spotted
Hellhound spotted at dir: 7
dodge called with dir: 3

dodge
dodge1 dir: 0
order placed

next move down

different unit spotted
different unit spotted
different unit spotted
different unit spotted
different unit spotted
different unit spotted
different unit spotted

Best move


next move down

different unit spotted
different unit spotted
different unit spotted
different unit spotted
different unit spotted
different unit spotted
different unit spotted
different unit spotted
different unit spotted
different unit spotted
different unit spotted
different unit spotted
different unit spotted
different unit spotted
different unit spotted
different unit spotted
different unit spotted
different unit spotted
different unit spotted
different unit spotted
different unit spotted
different unit spotted
different unit spotted
different unit spotted
different unit spotted
different unit spotted
different unit spotted
different unit spotted
different unit spotted
different unit spotted
different unit spotted
different unit spotted
different unit spotted
different unit spotted
different unit spotted
different unit spotted
different unit spotted
different unit spotted

Best move


next move down

different unit spotted
different unit spotted
different unit spotted
different unit spotted
different unit spotted
different unit spotted
different unit spotted
Hellhound spotted at dir: 6
dodge called with dir: 2

dodge
dodge1 dir: 2
order placed

next move down

different unit spotted
different unit spotted
Ally Furian spotted Enemy unit at dir: 3
dodge called with dir: 3

next move down

different unit spotted
Ally Furian spotted Enemy unit at dir: 0
dodge called with dir: 0

dodge
dodge1 dir: 0

next move down

different unit spotted
Ally Furian spotted Enemy unit at dir: 4
dodge called with dir: 4

next move down

different unit spotted
different unit spotted
different unit spotted
different unit spotted
different unit spotted
different unit spotted
different unit spotted
different unit spotted
different unit spotted
different unit spotted
different unit spotted
different unit spotted
Hellhound spotted at dir: 2
dodge called with dir: 6

dodge
dodge1 dir: 6
order placed

next move down

different unit spotted
different unit spotted
different unit spotted
different unit spotted
different unit spotted
different unit spotted
different unit spotted
different unit spotted
different unit spotted
different unit spotted
different unit spotted
different unit spotted
different unit spotted
different unit spotted
different unit spotted
different unit spotted
different unit spotted
different unit spotted
different unit spotted
different unit spotted
different unit spotted
different unit spotted
different unit spotted
different unit spotted
different unit spotted
different unit spotted
Ally Furian spotted Enemy unit at dir: 2
dodge called with dir: 2

dodge
dodge1 dir: 2

next move down

different unit spotted
different unit spotted
different unit spotted
different unit spotted
different unit spotted
different unit spotted
Ally Furian spotted Enemy unit at dir: 3
dodge called with dir: 3

dodge
dodge1 dir: 3
dodge or chase commanded dir: 5

dodge or chase commanded dir: 0

dodge or chase commanded dir: 2

dodge or chase commanded dir: 3

dodge or chase commanded dir: 4

dodge or chase commanded dir: 6

dodge or chase commanded dir: 1

dodge or chase commanded dir: 7

dodge or chase commanded dir: 7

dodge or chase commanded dir: 5

dodge or chase commanded dir: 3

best move (not dodge) commanded

best move (not dodge) commanded

best move (not dodge) commanded

best move (not dodge) commanded

best move (not dodge) commanded

best move (not dodge) commanded

best move (not dodge) commanded

best move (not dodge) commanded

best move (not dodge) commanded

best move (not dodge) commanded

best move (not dodge) commanded

best move (not dodge) commanded

best move (not dodge) commanded

best move (not dodge) commanded

best move (not dodge) commanded

best move (not dodge) commanded

best move (not dodge) commanded

best move (not dodge) commanded

best move (not dodge) commanded

best move (not dodge) commanded

best move (not dodge) commanded

best move (not dodge) commanded

best move (not dodge) commanded

best move (not dodge) commanded

best move (not dodge) commanded

best move (not dodge) commanded

info:     end player 0
info:     start player 1
info:     end player 1
info:     start player 2
info:     end player 2
info:     start player 3
info:     end player 3
info: end round 53
info: start round 54
info:     start player 0

next move down

different unit spotted
different unit spotted
different unit spotted
different unit spotted
different unit spotted
different unit spotted
different unit spotted
different unit spotted
different unit spotted
different unit spotted
different unit spotted
different unit spotted
different unit spotted
different unit spotted
different unit spotted
different unit spotted
different unit spotted
different unit spotted
different unit spotted
different unit spotted
different unit spotted
different unit spotted
different unit spotted
different unit spotted
different unit spotted
different unit spotted
different unit spotted
different unit spotted
different unit spotted
different unit spotted
different unit spotted
different unit spotted
different unit spotted

Best move


next move down

different unit spotted
different unit spotted
different unit spotted
different unit spotted
different unit spotted
different unit spotted
different unit spotted

Best move


next move down

different unit spotted
different unit spotted
different unit spotted
different unit spotted
different unit spotted

Best move


next move down

different unit spotted
different unit spotted
different unit spotted
different unit spotted
different unit spotted
different unit spotted
different unit spotted
different unit spotted
different unit spotted
different unit spotted
different unit spotted
different unit spotted
different unit spotted
different unit spotted

Best move


next move down

different unit spotted
different unit spotted
different unit spotted
different unit spotted
different unit spotted
different unit spotted
different unit spotted
Ally Pioneer spotted Enemy Furyan at dir: 3
dodge called with dir: 7

dodge
dodge1 dir: 6
order placed

next move down

different unit spotted
different unit spotted
different unit spotted
different unit spotted
different unit spotted
different unit spotted
different unit spotted
different unit spotted
different unit spotted
different unit spotted
different unit spotted
different unit spotted
different unit spotted
different unit spotted
different unit spotted
different unit spotted
different unit spotted
different unit spotted
different unit spotted
different unit spotted

Best move


get sun distance

get sun distance

get sun distance

get sun distance

get sun distance

get sun distance

get sun distance

get sun distance

next move down

different unit spotted
different unit spotted
different unit spotted
different unit spotted
different unit spotted
different unit spotted
different unit spotted
different unit spotted
different unit spotted

Best move


next move down

different unit spotted
different unit spotted
different unit spotted
different unit spotted
different unit spotted
different unit spotted
different unit spotted
different unit spotted
different unit spotted
different unit spotted
different unit spotted
different unit spotted
different unit spotted
different unit spotted
different unit spotted
different unit spotted
different unit spotted
Ally Pioneer spotted Enemy Furyan at dir: 7
dodge called with dir: 3

dodge
dodge1 dir: 3
order placed

next move down

different unit spotted
different unit spotted
different unit spotted
different unit spotted
different unit spotted
different unit spotted
different unit spotted
different unit spotted
different unit spotted
different unit spotted
different unit spotted
different unit spotted
different unit spotted
different unit spotted
different unit spotted
different unit spotted
different unit spotted
different unit spotted
different unit spotted

Best move


next move down

different unit spotted
different unit spotted
different unit spotted
different unit spotted
different unit spotted

Best move


next move down

different unit spotted
different unit spotted
different unit spotted
different unit spotted
different unit spotted
different unit spotted
different unit spotted
different unit spotted
different unit spotted
different unit spotted
different unit spotted
different unit spotted
different unit spotted
different unit spotted
different unit spotted
different unit spotted
different unit spotted
different unit spotted
different unit spotted
different unit spotted
different unit spotted
different unit spotted
different unit spotted
different unit spotted
different unit spotted
different unit spotted
different unit spotted
different unit spotted
different unit spotted
different unit spotted

Best move


next move down

different unit spotted
different unit spotted
different unit spotted
different unit spotted
different unit spotted
different unit spotted
different unit spotted
different unit spotted
different unit spotted
different unit spotted
different unit spotted
different unit spotted
different unit spotted
different unit spotted
different unit spotted
different unit spotted
different unit spotted
different unit spotted
different unit spotted
different unit spotted
different unit spotted
different unit spotted
different unit spotted
different unit spotted
different unit spotted
different unit spotted
different unit spotted
different unit spotted

Best move


next move down

different unit spotted
different unit spotted
different unit spotted
different unit spotted
different unit spotted
different unit spotted
different unit spotted
different unit spotted
different unit spotted
different unit spotted
different unit spotted

Best move


next move down

different unit spotted
different unit spotted
different unit spotted
different unit spotted
different unit spotted
different unit spotted
different unit spotted
different unit spotted
different unit spotted
different unit spotted
different unit spotted
different unit spotted
different unit spotted
different unit spotted
different unit spotted
different unit spotted
different unit spotted
different unit spotted
different unit spotted
Ally Pioneer spotted Enemy Furyan at dir: 6
dodge called with dir: 2

dodge
dodge1 dir: 2
order placed

next move down

different unit spotted
different unit spotted
different unit spotted
different unit spotted
different unit spotted
different unit spotted
different unit spotted
different unit spotted
different unit spotted
different unit spotted
different unit spotted
different unit spotted
different unit spotted
Ally Pioneer spotted Enemy Furyan at dir: 2
dodge called with dir: 6

dodge
dodge1 dir: 0
order placed

next move down

different unit spotted
different unit spotted
different unit spotted
different unit spotted
different unit spotted
different unit spotted
different unit spotted
different unit spotted

Best move


next move down

different unit spotted
different unit spotted
different unit spotted
different unit spotted
different unit spotted
different unit spotted
Ally Pioneer spotted Enemy Furyan at dir: 3
dodge called with dir: 7

dodge
dodge1 dir: 7
order placed

next move down

different unit spotted
different unit spotted
different unit spotted
different unit spotted
different unit spotted
different unit spotted

Best move


next move down

different unit spotted
different unit spotted
different unit spotted
different unit spotted
different unit spotted
different unit spotted
different unit spotted

Best move


next move down

different unit spotted
different unit spotted
different unit spotted
different unit spotted
different unit spotted
different unit spotted
different unit spotted
different unit spotted
Ally Pioneer spotted Enemy Furyan at dir: 7
dodge called with dir: 3

dodge
dodge1 dir: 3
order placed

next move down

different unit spotted
different unit spotted
different unit spotted
different unit spotted
different unit spotted
different unit spotted
different unit spotted
different unit spotted
different unit spotted
different unit spotted
different unit spotted
different unit spotted
Ally Pioneer spotted Enemy Furyan at dir: 1
dodge called with dir: 5

dodge
dodge1 dir: 5
order placed

next move down

different unit spotted
different unit spotted
different unit spotted
different unit spotted
different unit spotted
different unit spotted
different unit spotted
different unit spotted
different unit spotted
different unit spotted
different unit spotted
different unit spotted
different unit spotted
different unit spotted
different unit spotted
different unit spotted
different unit spotted

Best move


next move down

different unit spotted
different unit spotted
different unit spotted
different unit spotted
different unit spotted
different unit spotted
different unit spotted
different unit spotted
different unit spotted
different unit spotted
Hellhound spotted at dir: 1
dodge called with dir: 5

dodge
dodge1 dir: 5
order placed

next move down

different unit spotted
different unit spotted
different unit spotted
different unit spotted
different unit spotted
different unit spotted
different unit spotted
different unit spotted
different unit spotted
different unit spotted
different unit spotted
different unit spotted
different unit spotted
different unit spotted
different unit spotted
different unit spotted
different unit spotted
different unit spotted
different unit spotted
different unit spotted
different unit spotted
different unit spotted
different unit spotted
different unit spotted
different unit spotted
different unit spotted
different unit spotted
different unit spotted
different unit spotted
different unit spotted
different unit spotted
different unit spotted
different unit spotted
different unit spotted
different unit spotted
different unit spotted
different unit spotted
different unit spotted
different unit spotted
different unit spotted

Best move


next move down

different unit spotted
different unit spotted
different unit spotted
different unit spotted
different unit spotted
different unit spotted
different unit spotted
different unit spotted
different unit spotted
different unit spotted
different unit spotted
different unit spotted
different unit spotted

Best move


next move down

different unit spotted
different unit spotted
different unit spotted
different unit spotted
different unit spotted
different unit spotted
different unit spotted

Best move


next move down

different unit spotted
different unit spotted
different unit spotted
different unit spotted
different unit spotted
different unit spotted
different unit spotted
different unit spotted
different unit spotted
different unit spotted
different unit spotted
different unit spotted
different unit spotted
different unit spotted
different unit spotted
different unit spotted
different unit spotted
different unit spotted
different unit spotted
different unit spotted
different unit spotted
different unit spotted
different unit spotted
different unit spotted
different unit spotted
different unit spotted
different unit spotted
different unit spotted

Best move


next move down

different unit spotted
different unit spotted
different unit spotted
different unit spotted
Hellhound spotted at dir: 7
dodge called with dir: 3

dodge
dodge1 dir: 4
order placed

next move down

different unit spotted
different unit spotted
different unit spotted
different unit spotted
different unit spotted
different unit spotted
different unit spotted
different unit spotted
different unit spotted
different unit spotted

Best move


next move down

different unit spotted
different unit spotted
different unit spotted
different unit spotted
different unit spotted
different unit spotted
different unit spotted
different unit spotted
different unit spotted
different unit spotted
different unit spotted
different unit spotted
different unit spotted
different unit spotted
different unit spotted
different unit spotted
different unit spotted
different unit spotted
different unit spotted
different unit spotted
different unit spotted
different unit spotted
different unit spotted
different unit spotted
different unit spotted
different unit spotted
different unit spotted
different unit spotted
different unit spotted
different unit spotted
different unit spotted
different unit spotted

Best move


next move down

different unit spotted
different unit spotted
different unit spotted
different unit spotted
different unit spotted
different unit spotted
different unit spotted
different unit spotted
Ally Furian spotted Enemy unit at dir: 5
dodge called with dir: 5

dodge
dodge1 dir: 5

next move down

different unit spotted
different unit spotted
Ally Furian spotted Enemy unit at dir: 3
dodge called with dir: 3

next move down

different unit spotted
different unit spotted
Ally Furian spotted Enemy unit at dir: 0
dodge called with dir: 0

dodge
dodge1 dir: 0

next move down

different unit spotted
different unit spotted
different unit spotted
different unit spotted
Ally Furian spotted Enemy unit at dir: 4
dodge called with dir: 4

dodge
dodge1 dir: 4

next move down

different unit spotted
different unit spotted
different unit spotted
different unit spotted
different unit spotted
different unit spotted
different unit spotted
different unit spotted
different unit spotted
different unit spotted
different unit spotted
different unit spotted
Hellhound spotted at dir: 2
dodge called with dir: 6

dodge
dodge1 dir: 6
order placed

next move down

different unit spotted
different unit spotted
different unit spotted
different unit spotted
different unit spotted
different unit spotted
different unit spotted
different unit spotted
different unit spotted
different unit spotted
different unit spotted
different unit spotted
different unit spotted
different unit spotted
different unit spotted
different unit spotted
different unit spotted
Hellhound spotted at dir: 2
dodge called with dir: 6

dodge
dodge1 dir: 6
order placed

next move down

different unit spotted
Ally Furian spotted Enemy unit at dir: 2
dodge called with dir: 2
dodge or chase commanded dir: 5

dodge or chase commanded dir: 4

dodge or chase commanded dir: 3

dodge or chase commanded dir: 6

dodge or chase commanded dir: 6

dodge or chase commanded dir: 2

dodge or chase commanded dir: 2

dodge or chase commanded dir: 0

dodge or chase commanded dir: 3

dodge or chase commanded dir: 3

dodge or chase commanded dir: 5

dodge or chase commanded dir: 6

dodge or chase commanded dir: 7

best move (not dodge) commanded

best move (not dodge) commanded

best move (not dodge) commanded

best move (not dodge) commanded

best move (not dodge) commanded

best move (not dodge) commanded

best move (not dodge) commanded

best move (not dodge) commanded

best move (not dodge) commanded

best move (not dodge) commanded

best move (not dodge) commanded

best move (not dodge) commanded

best move (not dodge) commanded

best move (not dodge) commanded

best move (not dodge) commanded

best move (not dodge) commanded

best move (not dodge) commanded

best move (not dodge) commanded

best move (not dodge) commanded

best move (not dodge) commanded

best move (not dodge) commanded

best move (not dodge) commanded

best move (not dodge) commanded

best move (not dodge) commanded

info:     end player 0
info:     start player 1
info:     end player 1
info:     start player 2
info:     end player 2
info:     start player 3
info:     end player 3
info: end round 54
info: start round 55
info:     start player 0

next move down

different unit spotted
different unit spotted
different unit spotted
different unit spotted
different unit spotted
different unit spotted
different unit spotted
different unit spotted
different unit spotted

Best move


next move down

different unit spotted
different unit spotted
different unit spotted
different unit spotted
different unit spotted
different unit spotted
different unit spotted
different unit spotted
different unit spotted
different unit spotted
different unit spotted
different unit spotted
different unit spotted
different unit spotted
different unit spotted
different unit spotted
different unit spotted
different unit spotted
different unit spotted
different unit spotted
different unit spotted
different unit spotted
different unit spotted
different unit spotted
different unit spotted
different unit spotted
different unit spotted
different unit spotted
different unit spotted
different unit spotted
different unit spotted
different unit spotted
different unit spotted
different unit spotted
different unit spotted
different unit spotted
different unit spotted
different unit spotted
different unit spotted

Best move


next move down

different unit spotted
different unit spotted
different unit spotted
different unit spotted
different unit spotted

Best move


next move down

different unit spotted
different unit spotted
different unit spotted
different unit spotted
different unit spotted
different unit spotted
different unit spotted
different unit spotted
different unit spotted
different unit spotted

Best move


next move down

different unit spotted
different unit spotted
different unit spotted
different unit spotted
different unit spotted

Best move


next move down

different unit spotted
different unit spotted
different unit spotted
different unit spotted
Ally Pioneer spotted Enemy Furyan at dir: 3
dodge called with dir: 7

dodge
dodge1 dir: 1
order placed

next move down

different unit spotted
different unit spotted
different unit spotted
different unit spotted
different unit spotted
different unit spotted
different unit spotted
different unit spotted
different unit spotted
different unit spotted
different unit spotted
different unit spotted
different unit spotted
different unit spotted
different unit spotted
different unit spotted
different unit spotted
different unit spotted
different unit spotted
different unit spotted
different unit spotted
different unit spotted
different unit spotted
different unit spotted
different unit spotted
different unit spotted
different unit spotted
different unit spotted
different unit spotted
different unit spotted
different unit spotted

Best move


next move down

different unit spotted
different unit spotted
different unit spotted
different unit spotted

Best move


next move down

different unit spotted
different unit spotted
different unit spotted
different unit spotted
different unit spotted
different unit spotted
different unit spotted
different unit spotted
different unit spotted
different unit spotted
different unit spotted
different unit spotted
different unit spotted
different unit spotted
different unit spotted
different unit spotted
different unit spotted
different unit spotted
different unit spotted

Best move


next move down

different unit spotted
different unit spotted
different unit spotted
different unit spotted
different unit spotted
different unit spotted
different unit spotted
different unit spotted
different unit spotted
different unit spotted
different unit spotted
different unit spotted
different unit spotted
different unit spotted
different unit spotted
different unit spotted
different unit spotted
different unit spotted
different unit spotted
different unit spotted
different unit spotted
different unit spotted
different unit spotted

Best move


next move down

different unit spotted
different unit spotted
different unit spotted
different unit spotted
different unit spotted
different unit spotted
different unit spotted
different unit spotted
different unit spotted
different unit spotted

Best move


next move down

different unit spotted
different unit spotted
different unit spotted
different unit spotted
different unit spotted
different unit spotted
different unit spotted
different unit spotted
different unit spotted
different unit spotted
different unit spotted
different unit spotted
different unit spotted
different unit spotted
different unit spotted
different unit spotted
different unit spotted
different unit spotted
different unit spotted
different unit spotted
different unit spotted
different unit spotted
different unit spotted

Best move


next move down

different unit spotted
different unit spotted
different unit spotted
different unit spotted
different unit spotted
different unit spotted
different unit spotted
different unit spotted
different unit spotted
different unit spotted
different unit spotted
different unit spotted
different unit spotted
different unit spotted
different unit spotted
different unit spotted
different unit spotted
different unit spotted
different unit spotted
different unit spotted
different unit spotted
different unit spotted
different unit spotted
different unit spotted
different unit spotted
different unit spotted
different unit spotted
different unit spotted
different unit spotted
different unit spotted

Best move


next move down

different unit spotted
different unit spotted
different unit spotted
different unit spotted
different unit spotted
different unit spotted
different unit spotted
different unit spotted
different unit spotted
different unit spotted
different unit spotted
different unit spotted
different unit spotted
different unit spotted
different unit spotted
different unit spotted

Best move


next move down

different unit spotted
different unit spotted
different unit spotted
different unit spotted
different unit spotted
different unit spotted
different unit spotted
different unit spotted
different unit spotted
different unit spotted
different unit spotted
different unit spotted
different unit spotted
different unit spotted
different unit spotted
different unit spotted
different unit spotted
different unit spotted
different unit spotted
different unit spotted
different unit spotted
different unit spotted
different unit spotted
different unit spotted
different unit spotted
different unit spotted
different unit spotted
different unit spotted
different unit spotted

Best move


next move down

different unit spotted
different unit spotted
different unit spotted
different unit spotted
different unit spotted
different unit spotted
different unit spotted
different unit spotted
different unit spotted
different unit spotted
different unit spotted
different unit spotted
different unit spotted
different unit spotted
different unit spotted
different unit spotted
different unit spotted
different unit spotted
different unit spotted
different unit spotted
different unit spotted
different unit spotted
different unit spotted

Best move


next move down

different unit spotted
different unit spotted
different unit spotted
different unit spotted
different unit spotted
different unit spotted

Best move


next move down

different unit spotted
different unit spotted
different unit spotted
different unit spotted
different unit spotted
different unit spotted
different unit spotted
different unit spotted
different unit spotted

Best move


next move down

different unit spotted
different unit spotted
different unit spotted
different unit spotted
different unit spotted
different unit spotted

Best move


next move down

different unit spotted
different unit spotted
different unit spotted
different unit spotted
different unit spotted
different unit spotted
different unit spotted
different unit spotted
different unit spotted
different unit spotted
different unit spotted
different unit spotted

Best move


next move down

different unit spotted
different unit spotted
different unit spotted
different unit spotted
different unit spotted
different unit spotted
different unit spotted
different unit spotted
Ally Pioneer spotted Enemy Furyan at dir: 6
dodge called with dir: 2

dodge
dodge1 dir: 2
order placed

next move down

different unit spotted
different unit spotted
different unit spotted
different unit spotted
different unit spotted
different unit spotted
different unit spotted
different unit spotted
different unit spotted
different unit spotted
different unit spotted
different unit spotted
different unit spotted
different unit spotted
different unit spotted
different unit spotted
different unit spotted
different unit spotted
different unit spotted
different unit spotted
Ally Pioneer spotted Enemy Furyan at dir: 1
dodge called with dir: 5

dodge
dodge1 dir: 5
order placed

next move down

different unit spotted
different unit spotted
different unit spotted
different unit spotted
different unit spotted
different unit spotted
different unit spotted
different unit spotted
different unit spotted

Best move


next move down

different unit spotted
different unit spotted
different unit spotted
different unit spotted
different unit spotted
different unit spotted
different unit spotted
different unit spotted
Hellhound spotted at dir: 1
dodge called with dir: 5

dodge
dodge1 dir: 4
order placed

next move down

different unit spotted
different unit spotted
different unit spotted
different unit spotted
different unit spotted
different unit spotted
different unit spotted
different unit spotted
different unit spotted
different unit spotted
different unit spotted
different unit spotted
different unit spotted
different unit spotted
different unit spotted
different unit spotted
different unit spotted
different unit spotted
different unit spotted
different unit spotted
different unit spotted
different unit spotted
different unit spotted
different unit spotted
different unit spotted
different unit spotted
different unit spotted
different unit spotted
different unit spotted
different unit spotted
different unit spotted
different unit spotted
different unit spotted
different unit spotted
different unit spotted
different unit spotted
different unit spotted

Best move


next move down

different unit spotted
different unit spotted
different unit spotted
different unit spotted
different unit spotted
different unit spotted
different unit spotted
different unit spotted
different unit spotted
different unit spotted
different unit spotted
different unit spotted
different unit spotted
different unit spotted
different unit spotted
different unit spotted
different unit spotted
different unit spotted
different unit spotted
different unit spotted
different unit spotted
different unit spotted
different unit spotted
different unit spotted
different unit spotted
different unit spotted
different unit spotted
different unit spotted

Best move


next move down

different unit spotted
different unit spotted
different unit spotted
different unit spotted
different unit spotted
different unit spotted
different unit spotted

Best move


next move down

different unit spotted
different unit spotted
different unit spotted
different unit spotted
different unit spotted
different unit spotted
different unit spotted
different unit spotted
different unit spotted
different unit spotted
different unit spotted
different unit spotted
different unit spotted
different unit spotted
different unit spotted
different unit spotted
different unit spotted
different unit spotted
different unit spotted
different unit spotted
different unit spotted
different unit spotted
different unit spotted
different unit spotted
different unit spotted
different unit spotted
different unit spotted
different unit spotted
different unit spotted
different unit spotted
different unit spotted

Best move


next move down

different unit spotted
different unit spotted
different unit spotted
different unit spotted
different unit spotted
different unit spotted
different unit spotted
different unit spotted
different unit spotted
different unit spotted
different unit spotted

Best move


next move down

different unit spotted
different unit spotted
different unit spotted
different unit spotted
different unit spotted
different unit spotted
different unit spotted
different unit spotted
different unit spotted
different unit spotted
different unit spotted
different unit spotted
different unit spotted
different unit spotted
different unit spotted
different unit spotted
different unit spotted
different unit spotted
different unit spotted
different unit spotted
different unit spotted
different unit spotted
different unit spotted
different unit spotted
different unit spotted
different unit spotted
different unit spotted
different unit spotted
different unit spotted
different unit spotted
different unit spotted
different unit spotted
different unit spotted

Best move


next move down

different unit spotted
different unit spotted
different unit spotted
different unit spotted
different unit spotted
Ally Furian spotted Enemy unit at dir: 5
dodge called with dir: 5

dodge
dodge1 dir: 7

next move down

different unit spotted
different unit spotted
different unit spotted
different unit spotted
different unit spotted
different unit spotted
different unit spotted
different unit spotted
different unit spotted
different unit spotted
different unit spotted
different unit spotted
different unit spotted
different unit spotted
different unit spotted
different unit spotted
different unit spotted
different unit spotted
different unit spotted
Ally Furian spotted Enemy unit at dir: 7
dodge called with dir: 7

dodge
dodge1 dir: 6

next move down

different unit spotted
Ally Furian spotted Enemy unit at dir: 6
dodge called with dir: 6

next move down

different unit spotted
Ally Furian spotted Enemy unit at dir: 2
dodge called with dir: 2

next move down

different unit spotted
different unit spotted
different unit spotted
different unit spotted
different unit spotted
different unit spotted
different unit spotted
different unit spotted
different unit spotted
different unit spotted
Hellhound spotted at dir: 1
dodge called with dir: 5

dodge
dodge1 dir: 5
order placed

next move down

different unit spotted
different unit spotted
different unit spotted
different unit spotted
different unit spotted
different unit spotted
different unit spotted
different unit spotted
different unit spotted
different unit spotted
different unit spotted
different unit spotted
different unit spotted
different unit spotted
different unit spotted
Hellhound spotted at dir: 1
dodge called with dir: 5

dodge
dodge1 dir: 5
order placed

next move down

different unit spotted
different unit spotted
different unit spotted
Ally Furian spotted Enemy unit at dir: 2
dodge called with dir: 2

dodge
dodge1 dir: 2
dodge or chase commanded dir: 4

dodge or chase commanded dir: 6

dodge or chase commanded dir: 2

dodge or chase commanded dir: 5

dodge or chase commanded dir: 5

dodge or chase commanded dir: 1

dodge or chase commanded dir: 5

dodge or chase commanded dir: 2

best move (not dodge) commanded

best move (not dodge) commanded

best move (not dodge) commanded

best move (not dodge) commanded

best move (not dodge) commanded

best move (not dodge) commanded

best move (not dodge) commanded

best move (not dodge) commanded

best move (not dodge) commanded

best move (not dodge) commanded

best move (not dodge) commanded

best move (not dodge) commanded

best move (not dodge) commanded

best move (not dodge) commanded

best move (not dodge) commanded

best move (not dodge) commanded

best move (not dodge) commanded

best move (not dodge) commanded

best move (not dodge) commanded

best move (not dodge) commanded

best move (not dodge) commanded

best move (not dodge) commanded

best move (not dodge) commanded

best move (not dodge) commanded

best move (not dodge) commanded

best move (not dodge) commanded

best move (not dodge) commanded

best move (not dodge) commanded

best move (not dodge) commanded

info:     end player 0
info:     start player 1
info:     end player 1
info:     start player 2
info:     end player 2
info:     start player 3
info:     end player 3
info: end round 55
info: start round 56
info:     start player 0

next move down

different unit spotted
different unit spotted
different unit spotted
different unit spotted
different unit spotted
different unit spotted
different unit spotted
different unit spotted
different unit spotted

Best move


next move down

different unit spotted
different unit spotted
different unit spotted
different unit spotted
different unit spotted
different unit spotted
different unit spotted
different unit spotted
different unit spotted
different unit spotted
different unit spotted
different unit spotted
different unit spotted
different unit spotted
different unit spotted
different unit spotted
different unit spotted
different unit spotted
different unit spotted
different unit spotted
different unit spotted
different unit spotted
Ally Pioneer spotted Enemy Furyan at dir: 1
dodge called with dir: 5

dodge
dodge1 dir: 5
order placed

next move down

different unit spotted
different unit spotted
different unit spotted
different unit spotted

Best move


next move down

different unit spotted
different unit spotted
different unit spotted
different unit spotted
different unit spotted
different unit spotted
different unit spotted
different unit spotted
different unit spotted
different unit spotted
different unit spotted
different unit spotted
different unit spotted
different unit spotted
different unit spotted
different unit spotted
different unit spotted
different unit spotted

Best move


next move down

different unit spotted
different unit spotted
different unit spotted
different unit spotted
different unit spotted

Best move


next move down

different unit spotted
different unit spotted
different unit spotted
different unit spotted
different unit spotted
Ally Pioneer spotted Enemy Furyan at dir: 3
dodge called with dir: 7

dodge
dodge1 dir: 5
order placed

next move down

different unit spotted
different unit spotted
different unit spotted
different unit spotted
different unit spotted
different unit spotted
different unit spotted
different unit spotted
different unit spotted
different unit spotted
different unit spotted
Hellhound spotted at dir: 1
dodge called with dir: 5

dodge
dodge1 dir: 5
order placed

next move down

different unit spotted
different unit spotted
different unit spotted
different unit spotted
different unit spotted
different unit spotted
different unit spotted
different unit spotted
different unit spotted
different unit spotted
different unit spotted
different unit spotted
different unit spotted
different unit spotted
different unit spotted
different unit spotted
different unit spotted
different unit spotted
different unit spotted
different unit spotted
Ally Pioneer spotted Enemy Furyan at dir: 7
dodge called with dir: 3

dodge
dodge1 dir: 2
order placed

get sun distance

get sun distance

get sun distance

get sun distance

get sun distance

get sun distance

get sun distance

get sun distance

next move down

different unit spotted
different unit spotted
different unit spotted
different unit spotted
different unit spotted
different unit spotted
different unit spotted
different unit spotted
different unit spotted

Best move


next move down

different unit spotted
different unit spotted
different unit spotted
different unit spotted
different unit spotted
different unit spotted
different unit spotted
different unit spotted
different unit spotted
different unit spotted
different unit spotted
different unit spotted
different unit spotted
different unit spotted
different unit spotted
Ally Pioneer spotted Enemy Furyan at dir: 7
dodge called with dir: 3

dodge
dodge1 dir: 2
order placed

next move down

different unit spotted
different unit spotted
different unit spotted
different unit spotted
different unit spotted
different unit spotted
different unit spotted
different unit spotted
different unit spotted
different unit spotted
different unit spotted
different unit spotted
different unit spotted
different unit spotted
different unit spotted
different unit spotted
different unit spotted

Best move


next move down

different unit spotted
different unit spotted
different unit spotted
different unit spotted
different unit spotted
different unit spotted
different unit spotted
different unit spotted
different unit spotted
different unit spotted
different unit spotted

Best move


next move down

different unit spotted
different unit spotted
different unit spotted
different unit spotted
different unit spotted
different unit spotted
different unit spotted
different unit spotted
different unit spotted
different unit spotted
different unit spotted
different unit spotted
Ally Pioneer spotted Enemy Furyan at dir: 5
dodge called with dir: 1

dodge
dodge1 dir: 1
order placed

next move down

different unit spotted
different unit spotted
different unit spotted
different unit spotted
different unit spotted
different unit spotted
different unit spotted
different unit spotted
different unit spotted
different unit spotted
different unit spotted
different unit spotted
different unit spotted
different unit spotted
different unit spotted
different unit spotted
different unit spotted
different unit spotted
different unit spotted
different unit spotted
different unit spotted
different unit spotted
different unit spotted
different unit spotted
different unit spotted
different unit spotted
different unit spotted
different unit spotted
different unit spotted
different unit spotted
different unit spotted
different unit spotted

Best move


next move down

different unit spotted
different unit spotted
different unit spotted
different unit spotted
different unit spotted
different unit spotted
different unit spotted

Best move


next move down

different unit spotted
different unit spotted
different unit spotted
different unit spotted
different unit spotted
different unit spotted
different unit spotted
different unit spotted
different unit spotted
different unit spotted
different unit spotted
different unit spotted
different unit spotted
different unit spotted
different unit spotted
different unit spotted
different unit spotted

Best move


next move down

different unit spotted
different unit spotted
different unit spotted
different unit spotted
different unit spotted
different unit spotted
different unit spotted
different unit spotted
different unit spotted
different unit spotted
different unit spotted
different unit spotted
different unit spotted
different unit spotted
different unit spotted
different unit spotted

Best move


next move down

different unit spotted
different unit spotted
different unit spotted
different unit spotted

Best move


next move down

different unit spotted
different unit spotted
different unit spotted
different unit spotted
Ally Pioneer spotted Enemy Furyan at dir: 2
dodge called with dir: 6

dodge
dodge1 dir: 6
order placed

next move down

different unit spotted
different unit spotted
different unit spotted
different unit spotted
different unit spotted

Best move


next move down

different unit spotted
different unit spotted
different unit spotted
different unit spotted
different unit spotted
different unit spotted
different unit spotted
different unit spotted
different unit spotted
different unit spotted
different unit spotted
different unit spotted

Best move


next move down

different unit spotted
different unit spotted
different unit spotted
different unit spotted
different unit spotted
Ally Pioneer spotted Enemy Furyan at dir: 5
dodge called with dir: 1

dodge
dodge1 dir: 2
order placed

next move down

different unit spotted
different unit spotted
different unit spotted
different unit spotted
different unit spotted
different unit spotted
different unit spotted
different unit spotted
different unit spotted
different unit spotted
different unit spotted
different unit spotted
different unit spotted
different unit spotted
different unit spotted
different unit spotted
different unit spotted
different unit spotted
Ally Pioneer spotted Enemy Furyan at dir: 1
dodge called with dir: 5

dodge
dodge1 dir: 4
order placed

next move down

different unit spotted
different unit spotted
different unit spotted
different unit spotted
different unit spotted
different unit spotted
different unit spotted
different unit spotted
different unit spotted
different unit spotted
different unit spotted
different unit spotted
different unit spotted

Best move


next move down

different unit spotted
different unit spotted
different unit spotted
different unit spotted
different unit spotted
different unit spotted
Hellhound spotted at dir: 1
dodge called with dir: 5

dodge
dodge1 dir: 5
order placed

next move down

different unit spotted
different unit spotted
different unit spotted
different unit spotted
different unit spotted
different unit spotted
different unit spotted
different unit spotted
different unit spotted
different unit spotted
different unit spotted
different unit spotted
different unit spotted
different unit spotted
different unit spotted
different unit spotted
different unit spotted
different unit spotted
different unit spotted
different unit spotted
different unit spotted
different unit spotted
different unit spotted
different unit spotted
different unit spotted
different unit spotted
different unit spotted
different unit spotted
different unit spotted
different unit spotted
different unit spotted
different unit spotted
different unit spotted
different unit spotted
different unit spotted

Best move


next move down

different unit spotted
different unit spotted
different unit spotted
different unit spotted
different unit spotted
different unit spotted
different unit spotted
different unit spotted
different unit spotted
different unit spotted
different unit spotted
different unit spotted
different unit spotted
different unit spotted
different unit spotted
different unit spotted
different unit spotted
different unit spotted
different unit spotted
different unit spotted
different unit spotted
different unit spotted
different unit spotted
different unit spotted
different unit spotted
different unit spotted
different unit spotted
different unit spotted
different unit spotted

Best move


next move down

different unit spotted
different unit spotted
different unit spotted
different unit spotted
different unit spotted
different unit spotted
different unit spotted

Best move


next move down

different unit spotted
different unit spotted
different unit spotted
different unit spotted
different unit spotted
different unit spotted
different unit spotted
different unit spotted
different unit spotted
different unit spotted
different unit spotted
different unit spotted
different unit spotted
different unit spotted
different unit spotted
different unit spotted
different unit spotted

Best move


next move down

different unit spotted
different unit spotted
different unit spotted
different unit spotted
different unit spotted
different unit spotted
different unit spotted
different unit spotted
Ally Pioneer spotted Enemy Furyan at dir: 1
dodge called with dir: 5

dodge
dodge1 dir: 5
order placed

next move down

different unit spotted
different unit spotted
different unit spotted
different unit spotted
different unit spotted
different unit spotted
different unit spotted
different unit spotted
different unit spotted
different unit spotted
different unit spotted
different unit spotted
different unit spotted
different unit spotted
different unit spotted
different unit spotted
different unit spotted
different unit spotted

Best move


next move down

different unit spotted
different unit spotted
different unit spotted
different unit spotted
different unit spotted
different unit spotted
Ally Furian spotted Enemy unit at dir: 5
dodge called with dir: 5

dodge
dodge1 dir: 6

next move down

different unit spotted
different unit spotted
different unit spotted
different unit spotted
different unit spotted
different unit spotted
different unit spotted
different unit spotted
different unit spotted
different unit spotted
Ally Furian spotted Enemy unit at dir: 5
dodge called with dir: 5

dodge
dodge1 dir: 1
different unit spotted
Ally Furian spotted Enemy unit at dir: 6
dodge called with dir: 6

dodge
dodge1 dir: 2
different unit spotted
different unit spotted
Ally Furian spotted Enemy unit at dir: 7
dodge called with dir: 7

dodge
dodge1 dir: 7

next move down

different unit spotted
different unit spotted
different unit spotted
different unit spotted
different unit spotted
Ally Furian spotted Enemy unit at dir: 6
dodge called with dir: 6

dodge
dodge1 dir: 6

next move down

different unit spotted
Ally Furian spotted Enemy unit at dir: 0
dodge called with dir: 0

next move down

different unit spotted
different unit spotted
different unit spotted
different unit spotted
different unit spotted
different unit spotted
different unit spotted
different unit spotted
different unit spotted
different unit spotted
different unit spotted
Hellhound spotted at dir: 1
dodge called with dir: 5

dodge
dodge1 dir: 5
order placed

next move down

different unit spotted
different unit spotted
different unit spotted
different unit spotted
different unit spotted
different unit spotted
different unit spotted
different unit spotted
different unit spotted
different unit spotted
different unit spotted
different unit spotted
different unit spotted
different unit spotted
different unit spotted
different unit spotted
different unit spotted
different unit spotted
different unit spotted
Ally Furian spotted Enemy unit at dir: 1
dodge called with dir: 1

dodge
dodge1 dir: 1

next move down

different unit spotted
different unit spotted
different unit spotted
different unit spotted
Ally Furian spotted Enemy unit at dir: 1
dodge called with dir: 1

dodge
dodge1 dir: 4
different unit spotted
Ally Furian spotted Enemy unit at dir: 3
dodge called with dir: 3

dodge
dodge1 dir: 3
dodge or chase commanded dir: 5

dodge or chase commanded dir: 5

dodge or chase commanded dir: 0

dodge or chase commanded dir: 5

dodge or chase commanded dir: 5

dodge or chase commanded dir: 5

dodge or chase commanded dir: 5

dodge or chase commanded dir: 1

dodge or chase commanded dir: 2

dodge or chase commanded dir: 2

dodge or chase commanded dir: 4

dodge or chase commanded dir: 2

dodge or chase commanded dir: 6

best move (not dodge) commanded

best move (not dodge) commanded

best move (not dodge) commanded

best move (not dodge) commanded

best move (not dodge) commanded

best move (not dodge) commanded

best move (not dodge) commanded

best move (not dodge) commanded

best move (not dodge) commanded

best move (not dodge) commanded

best move (not dodge) commanded

best move (not dodge) commanded

best move (not dodge) commanded

best move (not dodge) commanded

best move (not dodge) commanded

best move (not dodge) commanded

best move (not dodge) commanded

best move (not dodge) commanded

best move (not dodge) commanded

best move (not dodge) commanded

best move (not dodge) commanded

warning: action already requested for unit 1
best move (not dodge) commanded

best move (not dodge) commanded

best move (not dodge) commanded

best move (not dodge) commanded

best move (not dodge) commanded

warning: action already requested for unit 1
best move (not dodge) commanded

warning: action already requested for unit 63
best move (not dodge) commanded

info:     end player 0
info:     start player 1
info:     end player 1
info:     start player 2
info:     end player 2
info:     start player 3
info:     end player 3
info: end round 56
info: start round 57
info:     start player 0

next move down

different unit spotted
different unit spotted
different unit spotted
different unit spotted
different unit spotted
different unit spotted
different unit spotted
different unit spotted
different unit spotted
different unit spotted
different unit spotted
different unit spotted
different unit spotted
different unit spotted

Best move


next move down

different unit spotted
different unit spotted
different unit spotted
different unit spotted
different unit spotted
different unit spotted
different unit spotted
different unit spotted
different unit spotted
different unit spotted
different unit spotted
different unit spotted
different unit spotted
different unit spotted
different unit spotted
different unit spotted
different unit spotted
different unit spotted
different unit spotted
different unit spotted
different unit spotted
different unit spotted
different unit spotted
different unit spotted
different unit spotted
different unit spotted
different unit spotted
different unit spotted
different unit spotted
different unit spotted

Best move


next move down

different unit spotted
different unit spotted
different unit spotted

Best move


next move down

different unit spotted
different unit spotted
different unit spotted
different unit spotted
different unit spotted
different unit spotted
different unit spotted
different unit spotted
different unit spotted
different unit spotted
different unit spotted
different unit spotted
different unit spotted
different unit spotted
different unit spotted
different unit spotted
different unit spotted

Best move


next move down

different unit spotted
different unit spotted
different unit spotted
different unit spotted

Best move


next move down

different unit spotted
different unit spotted
different unit spotted
different unit spotted
Ally Pioneer spotted Enemy Furyan at dir: 3
dodge called with dir: 7

dodge
dodge1 dir: 1
order placed

next move down

different unit spotted
different unit spotted
different unit spotted
different unit spotted
different unit spotted
different unit spotted
different unit spotted
different unit spotted

Best move


next move down

different unit spotted
different unit spotted
different unit spotted
different unit spotted
different unit spotted
different unit spotted
different unit spotted
different unit spotted
different unit spotted
different unit spotted
different unit spotted
different unit spotted
different unit spotted
different unit spotted
different unit spotted
Ally Pioneer spotted Enemy Furyan at dir: 7
dodge called with dir: 3

dodge
dodge1 dir: 4
order placed

next move down

different unit spotted
different unit spotted
different unit spotted
different unit spotted
different unit spotted
different unit spotted
different unit spotted
different unit spotted

Best move


next move down

different unit spotted
different unit spotted
different unit spotted
different unit spotted
different unit spotted
different unit spotted
different unit spotted
different unit spotted
different unit spotted
different unit spotted
different unit spotted
different unit spotted
different unit spotted
different unit spotted

Best move


next move down

different unit spotted
different unit spotted
different unit spotted
different unit spotted
different unit spotted
different unit spotted
different unit spotted
different unit spotted
different unit spotted
Ally Pioneer spotted Enemy Furyan at dir: 7
dodge called with dir: 3

dodge
dodge1 dir: 3
order placed

next move down

different unit spotted
different unit spotted
different unit spotted
different unit spotted
different unit spotted
different unit spotted

Best move


next move down

different unit spotted
different unit spotted
different unit spotted
different unit spotted
different unit spotted
different unit spotted
different unit spotted
different unit spotted
different unit spotted
different unit spotted
different unit spotted
different unit spotted
different unit spotted
different unit spotted

Best move


next move down

different unit spotted
different unit spotted
different unit spotted
different unit spotted
different unit spotted
different unit spotted
different unit spotted
different unit spotted
different unit spotted
different unit spotted
different unit spotted
different unit spotted
different unit spotted
different unit spotted
different unit spotted
different unit spotted
different unit spotted

Best move


next move down

different unit spotted
different unit spotted
different unit spotted
different unit spotted
different unit spotted
different unit spotted
different unit spotted
different unit spotted
different unit spotted
different unit spotted
different unit spotted
different unit spotted
different unit spotted
different unit spotted
different unit spotted
different unit spotted
different unit spotted
different unit spotted
different unit spotted
different unit spotted
different unit spotted
different unit spotted
different unit spotted
different unit spotted
different unit spotted
different unit spotted
different unit spotted
different unit spotted
different unit spotted
different unit spotted
different unit spotted
different unit spotted
different unit spotted
different unit spotted
different unit spotted

Best move


next move down

different unit spotted
different unit spotted
different unit spotted
different unit spotted
different unit spotted
different unit spotted
different unit spotted
different unit spotted
different unit spotted
different unit spotted
different unit spotted
different unit spotted
different unit spotted
different unit spotted
different unit spotted
different unit spotted
different unit spotted

Best move


next move down

different unit spotted
different unit spotted
different unit spotted
different unit spotted
different unit spotted
different unit spotted
different unit spotted
different unit spotted
different unit spotted
different unit spotted
different unit spotted
different unit spotted
different unit spotted
different unit spotted
different unit spotted
different unit spotted
different unit spotted
different unit spotted
different unit spotted

Best move


next move down

different unit spotted
different unit spotted
different unit spotted
different unit spotted
different unit spotted
different unit spotted
different unit spotted
different unit spotted
different unit spotted
different unit spotted
different unit spotted
different unit spotted
different unit spotted

Best move


next move down

different unit spotted
different unit spotted
different unit spotted
different unit spotted
different unit spotted

Best move


next move down

different unit spotted
different unit spotted
different unit spotted
different unit spotted
different unit spotted
different unit spotted
Ally Pioneer spotted Enemy Furyan at dir: 2
dodge called with dir: 6

dodge
dodge1 dir: 5
order placed

next move down

different unit spotted
different unit spotted
different unit spotted
different unit spotted
different unit spotted
different unit spotted
different unit spotted
different unit spotted
different unit spotted

Best move


next move down

different unit spotted
different unit spotted
different unit spotted
different unit spotted
different unit spotted
different unit spotted
different unit spotted
different unit spotted
different unit spotted
different unit spotted
different unit spotted
different unit spotted

Best move


next move down

different unit spotted
different unit spotted

Best move


next move down

different unit spotted
different unit spotted
different unit spotted
different unit spotted
different unit spotted
different unit spotted
different unit spotted
different unit spotted
different unit spotted
different unit spotted
different unit spotted
different unit spotted
different unit spotted
Ally Pioneer spotted Enemy Furyan at dir: 1
dodge called with dir: 5

dodge
dodge1 dir: 7
order placed

next move down

different unit spotted
different unit spotted
different unit spotted
different unit spotted
different unit spotted
different unit spotted
different unit spotted
different unit spotted
different unit spotted
different unit spotted
different unit spotted
different unit spotted
different unit spotted
different unit spotted
different unit spotted
different unit spotted
different unit spotted
different unit spotted
different unit spotted
Hellhound spotted at dir: 6
dodge called with dir: 2

dodge
dodge1 dir: 1
order placed

next move down

different unit spotted
different unit spotted
different unit spotted
Ally Pioneer spotted Enemy Furyan at dir: 0
dodge called with dir: 4

dodge
dodge1 dir: 1
order placed

next move down

different unit spotted
different unit spotted
different unit spotted
different unit spotted
different unit spotted
different unit spotted
different unit spotted
different unit spotted
different unit spotted
different unit spotted
different unit spotted
different unit spotted
different unit spotted
different unit spotted
different unit spotted
different unit spotted
different unit spotted
different unit spotted
different unit spotted
different unit spotted
different unit spotted
different unit spotted
different unit spotted
different unit spotted
different unit spotted
different unit spotted
different unit spotted
different unit spotted
different unit spotted
different unit spotted
different unit spotted
different unit spotted
different unit spotted

Best move


next move down

different unit spotted
different unit spotted
different unit spotted
different unit spotted
different unit spotted
different unit spotted
different unit spotted
different unit spotted
different unit spotted
different unit spotted
different unit spotted
different unit spotted
different unit spotted
different unit spotted
different unit spotted
different unit spotted
different unit spotted
different unit spotted
different unit spotted

Best move


next move down

different unit spotted
different unit spotted
different unit spotted
different unit spotted
different unit spotted
different unit spotted
different unit spotted
different unit spotted
different unit spotted
different unit spotted
different unit spotted
different unit spotted

Best move


next move down

different unit spotted
different unit spotted
different unit spotted
different unit spotted
different unit spotted
different unit spotted
different unit spotted
different unit spotted
different unit spotted
different unit spotted
different unit spotted
different unit spotted
different unit spotted
different unit spotted
different unit spotted
different unit spotted
different unit spotted
different unit spotted
different unit spotted

Best move


next move down

different unit spotted
different unit spotted
different unit spotted
different unit spotted
different unit spotted
different unit spotted
different unit spotted
Ally Pioneer spotted Enemy Furyan at dir: 2
dodge called with dir: 6

dodge
dodge1 dir: 6
order placed

next move down

different unit spotted
different unit spotted
different unit spotted
different unit spotted
different unit spotted
different unit spotted
different unit spotted
different unit spotted
different unit spotted
different unit spotted
different unit spotted
different unit spotted
different unit spotted
different unit spotted
different unit spotted
different unit spotted
different unit spotted
different unit spotted
different unit spotted
different unit spotted
different unit spotted
different unit spotted
different unit spotted
different unit spotted
different unit spotted
different unit spotted
different unit spotted
different unit spotted
different unit spotted

Best move


next move down

different unit spotted
different unit spotted
different unit spotted
different unit spotted
Ally Furian spotted Enemy unit at dir: 6
dodge called with dir: 6

dodge
dodge1 dir: 0

next move down

different unit spotted
different unit spotted
different unit spotted
different unit spotted
different unit spotted
different unit spotted
different unit spotted
different unit spotted
different unit spotted
Ally Furian spotted Enemy unit at dir: 6
dodge called with dir: 6

dodge
dodge1 dir: 6

next move down

different unit spotted
Ally Furian spotted Enemy unit at dir: 4
dodge called with dir: 4

next move down

different unit spotted
Ally Furian spotted Enemy unit at dir: 0
dodge called with dir: 0

dodge
dodge1 dir: 0

next move down

different unit spotted
different unit spotted
different unit spotted
different unit spotted
different unit spotted
different unit spotted
different unit spotted
different unit spotted
different unit spotted
different unit spotted
different unit spotted
different unit spotted
different unit spotted
different unit spotted
different unit spotted
different unit spotted
different unit spotted
different unit spotted
different unit spotted
different unit spotted
different unit spotted
Ally Furian spotted Enemy unit at dir: 1
dodge called with dir: 1

dodge
dodge1 dir: 1

next move down

different unit spotted
different unit spotted
different unit spotted
different unit spotted
different unit spotted
different unit spotted
different unit spotted
different unit spotted
different unit spotted
different unit spotted
different unit spotted
different unit spotted
different unit spotted
different unit spotted
different unit spotted
different unit spotted
different unit spotted
different unit spotted
Ally Furian spotted Enemy unit at dir: 1
dodge called with dir: 1

dodge
dodge1 dir: 1

next move down

different unit spotted
different unit spotted
different unit spotted
different unit spotted
different unit spotted
different unit spotted
different unit spotted
different unit spotted
different unit spotted
different unit spotted
different unit spotted
Ally Furian spotted Enemy unit at dir: 5
dodge called with dir: 5

dodge
dodge1 dir: 4
dodge or chase commanded dir: 1

dodge or chase commanded dir: 4

dodge or chase commanded dir: 1

dodge or chase commanded dir: 6

dodge or chase commanded dir: 7

dodge or chase commanded dir: 1

dodge or chase commanded dir: 3

dodge or chase commanded dir: 5

dodge or chase commanded dir: 4

best move (not dodge) commanded

best move (not dodge) commanded

best move (not dodge) commanded

best move (not dodge) commanded

best move (not dodge) commanded

best move (not dodge) commanded

best move (not dodge) commanded

best move (not dodge) commanded

best move (not dodge) commanded

best move (not dodge) commanded

best move (not dodge) commanded

best move (not dodge) commanded

best move (not dodge) commanded

best move (not dodge) commanded

best move (not dodge) commanded

best move (not dodge) commanded

best move (not dodge) commanded

best move (not dodge) commanded

best move (not dodge) commanded

best move (not dodge) commanded

best move (not dodge) commanded

best move (not dodge) commanded

best move (not dodge) commanded

best move (not dodge) commanded

best move (not dodge) commanded

best move (not dodge) commanded

best move (not dodge) commanded

best move (not dodge) commanded

best move (not dodge) commanded

best move (not dodge) commanded

info:     end player 0
info:     start player 1
info:     end player 1
info:     start player 2
info:     end player 2
info:     start player 3
info:     end player 3
info: end round 57
info: start round 58
info:     start player 0

next move down

different unit spotted
different unit spotted
different unit spotted
different unit spotted
different unit spotted
different unit spotted
different unit spotted
different unit spotted
different unit spotted
different unit spotted
different unit spotted
different unit spotted

Best move


next move down

different unit spotted
different unit spotted
different unit spotted
different unit spotted
different unit spotted
different unit spotted
different unit spotted
different unit spotted
different unit spotted
different unit spotted
different unit spotted
different unit spotted
different unit spotted
different unit spotted
different unit spotted
different unit spotted
different unit spotted
different unit spotted
different unit spotted
different unit spotted
different unit spotted
different unit spotted
different unit spotted
different unit spotted
different unit spotted
different unit spotted
different unit spotted
different unit spotted
different unit spotted
different unit spotted

Best move


next move down

different unit spotted
different unit spotted
different unit spotted

Best move


next move down

different unit spotted
different unit spotted
different unit spotted
different unit spotted

Best move


next move down

different unit spotted
different unit spotted
different unit spotted
different unit spotted
different unit spotted
different unit spotted
different unit spotted
different unit spotted
different unit spotted
different unit spotted
different unit spotted
different unit spotted
different unit spotted
different unit spotted
different unit spotted
different unit spotted

Best move


next move down

different unit spotted
different unit spotted
different unit spotted
different unit spotted

Best move


next move down

different unit spotted
Ally Pioneer spotted Enemy Furyan at dir: 3
dodge called with dir: 7

dodge
dodge1 dir: 5
order placed

next move down

different unit spotted
different unit spotted
different unit spotted
different unit spotted
different unit spotted
different unit spotted
different unit spotted
different unit spotted
different unit spotted
different unit spotted

Best move


next move down

different unit spotted
different unit spotted
different unit spotted
different unit spotted
different unit spotted
different unit spotted
different unit spotted
different unit spotted
different unit spotted
different unit spotted
different unit spotted
different unit spotted
different unit spotted
different unit spotted
different unit spotted
different unit spotted
Ally Pioneer spotted Enemy Furyan at dir: 7
dodge called with dir: 3

dodge
dodge1 dir: 1
order placed

get sun distance

get sun distance

get sun distance

get sun distance

get sun distance

get sun distance

get sun distance

get sun distance

next move down

different unit spotted
different unit spotted
different unit spotted
different unit spotted
different unit spotted
different unit spotted
different unit spotted
different unit spotted
different unit spotted
different unit spotted
different unit spotted
different unit spotted
different unit spotted
different unit spotted

Best move


next move down

different unit spotted
different unit spotted
different unit spotted
different unit spotted
different unit spotted
different unit spotted
different unit spotted
different unit spotted
different unit spotted
different unit spotted
different unit spotted
different unit spotted
different unit spotted
different unit spotted
different unit spotted
different unit spotted
Hellhound spotted at dir: 4
dodge called with dir: 0

dodge
dodge1 dir: 0
order placed

next move down

different unit spotted
different unit spotted
different unit spotted
different unit spotted
different unit spotted
different unit spotted
different unit spotted
different unit spotted
different unit spotted
different unit spotted
different unit spotted
different unit spotted
different unit spotted
different unit spotted
different unit spotted

Best move


next move down

different unit spotted
different unit spotted
different unit spotted
different unit spotted
different unit spotted
different unit spotted
different unit spotted
different unit spotted
different unit spotted
different unit spotted
different unit spotted
different unit spotted
different unit spotted
different unit spotted
different unit spotted
Ally Pioneer spotted Enemy Furyan at dir: 7
dodge called with dir: 3

dodge
dodge1 dir: 3
order placed

get sun distance

get sun distance

get sun distance

get sun distance

get sun distance

get sun distance

get sun distance

get sun distance

next move down

different unit spotted
different unit spotted
different unit spotted
different unit spotted
different unit spotted
different unit spotted
different unit spotted
different unit spotted
different unit spotted

Best move


next move down

different unit spotted
different unit spotted
different unit spotted
different unit spotted
different unit spotted
different unit spotted
different unit spotted
different unit spotted
different unit spotted
different unit spotted
different unit spotted
different unit spotted
different unit spotted
different unit spotted

Best move


next move down

different unit spotted
different unit spotted
different unit spotted
different unit spotted
different unit spotted
different unit spotted
Ally Pioneer spotted Enemy Furyan at dir: 6
dodge called with dir: 2

dodge
dodge1 dir: 2
order placed

next move down

different unit spotted
different unit spotted
different unit spotted
different unit spotted
different unit spotted
different unit spotted
different unit spotted
different unit spotted
different unit spotted
different unit spotted
different unit spotted
different unit spotted
different unit spotted
different unit spotted
different unit spotted
different unit spotted
different unit spotted
different unit spotted
different unit spotted
different unit spotted
different unit spotted
different unit spotted
different unit spotted
different unit spotted
different unit spotted
different unit spotted
different unit spotted
different unit spotted
different unit spotted
different unit spotted
different unit spotted
different unit spotted
different unit spotted

Best move


next move down

different unit spotted
different unit spotted
different unit spotted
different unit spotted
different unit spotted
different unit spotted
different unit spotted
different unit spotted
different unit spotted
different unit spotted
different unit spotted
different unit spotted
different unit spotted
different unit spotted
different unit spotted

Best move


next move down

different unit spotted
different unit spotted
different unit spotted
different unit spotted
different unit spotted
different unit spotted
different unit spotted
different unit spotted
different unit spotted
different unit spotted
different unit spotted
different unit spotted
different unit spotted

Best move


next move down

different unit spotted
different unit spotted
different unit spotted
different unit spotted
different unit spotted
different unit spotted
different unit spotted
different unit spotted
different unit spotted
different unit spotted
different unit spotted
different unit spotted
different unit spotted
different unit spotted
different unit spotted
different unit spotted
different unit spotted
different unit spotted
different unit spotted
different unit spotted

Best move


next move down

different unit spotted
different unit spotted
different unit spotted
different unit spotted

Best move


next move down

different unit spotted
different unit spotted
different unit spotted
different unit spotted
Ally Pioneer spotted Enemy Furyan at dir: 3
dodge called with dir: 7

dodge
dodge1 dir: 5
order placed

next move down

different unit spotted
different unit spotted
different unit spotted
different unit spotted
different unit spotted
different unit spotted
different unit spotted
different unit spotted
different unit spotted
different unit spotted
different unit spotted
different unit spotted
different unit spotted

Best move


next move down

different unit spotted
different unit spotted
different unit spotted
different unit spotted
different unit spotted
different unit spotted
different unit spotted
different unit spotted
different unit spotted
different unit spotted
different unit spotted
different unit spotted
different unit spotted
different unit spotted
different unit spotted
different unit spotted

Best move


next move down

different unit spotted
different unit spotted
different unit spotted
different unit spotted
different unit spotted
different unit spotted

Best move


next move down

different unit spotted
different unit spotted
different unit spotted
different unit spotted
different unit spotted
different unit spotted
different unit spotted
different unit spotted
different unit spotted
different unit spotted
different unit spotted
different unit spotted
different unit spotted
different unit spotted
different unit spotted
different unit spotted
different unit spotted
different unit spotted
different unit spotted
different unit spotted
different unit spotted
different unit spotted
different unit spotted
different unit spotted
different unit spotted
different unit spotted
different unit spotted
different unit spotted
different unit spotted
different unit spotted

Best move


next move down

different unit spotted
different unit spotted
different unit spotted
different unit spotted
different unit spotted
different unit spotted
different unit spotted
different unit spotted
different unit spotted
different unit spotted
different unit spotted
different unit spotted
different unit spotted
different unit spotted
different unit spotted
different unit spotted
Hellhound spotted at dir: 5
dodge called with dir: 1

dodge
dodge1 dir: 1
order placed

next move down

different unit spotted
different unit spotted
different unit spotted
different unit spotted
different unit spotted
different unit spotted
different unit spotted
different unit spotted
different unit spotted
different unit spotted
different unit spotted
different unit spotted
different unit spotted
different unit spotted
different unit spotted
different unit spotted

Best move


next move down

different unit spotted
different unit spotted
different unit spotted
Hellhound spotted at dir: 0
dodge called with dir: 4

dodge
dodge1 dir: 5
order placed

next move down

different unit spotted
different unit spotted
different unit spotted
different unit spotted
different unit spotted
different unit spotted
different unit spotted
different unit spotted
different unit spotted
different unit spotted
different unit spotted
different unit spotted
different unit spotted
different unit spotted
different unit spotted
different unit spotted
different unit spotted
different unit spotted
different unit spotted
different unit spotted
different unit spotted
different unit spotted
different unit spotted
different unit spotted
different unit spotted
different unit spotted
different unit spotted
different unit spotted
different unit spotted
different unit spotted

Best move


next move down

different unit spotted
different unit spotted
different unit spotted
different unit spotted
different unit spotted
different unit spotted
different unit spotted
different unit spotted
different unit spotted
different unit spotted
different unit spotted
different unit spotted
different unit spotted
different unit spotted

Best move


next move down

different unit spotted
different unit spotted
different unit spotted
different unit spotted
different unit spotted
different unit spotted
different unit spotted
different unit spotted
different unit spotted
different unit spotted
different unit spotted

Best move


next move down

different unit spotted
different unit spotted
different unit spotted
different unit spotted
different unit spotted
different unit spotted
different unit spotted
different unit spotted
different unit spotted
different unit spotted
different unit spotted
different unit spotted
different unit spotted
different unit spotted
different unit spotted
different unit spotted

Best move


next move down

different unit spotted
different unit spotted
different unit spotted
different unit spotted
different unit spotted
different unit spotted
different unit spotted
different unit spotted
Ally Pioneer spotted Enemy Furyan at dir: 1
dodge called with dir: 5

dodge
dodge1 dir: 5
order placed

next move down

different unit spotted
different unit spotted
different unit spotted
different unit spotted
different unit spotted
different unit spotted
different unit spotted
different unit spotted
different unit spotted
different unit spotted
different unit spotted
different unit spotted
different unit spotted
different unit spotted
different unit spotted
different unit spotted
different unit spotted
different unit spotted
different unit spotted
different unit spotted
different unit spotted
different unit spotted
different unit spotted
different unit spotted
different unit spotted
different unit spotted
different unit spotted
different unit spotted

Best move


next move down

different unit spotted
different unit spotted
different unit spotted
different unit spotted
different unit spotted
Ally Furian spotted Enemy unit at dir: 6
dodge called with dir: 6

dodge
dodge1 dir: 4

next move down

different unit spotted
Ally Furian spotted Enemy unit at dir: 6
dodge called with dir: 6

dodge
dodge1 dir: 2
different unit spotted
different unit spotted
different unit spotted
Ally Furian spotted Enemy unit at dir: 7
dodge called with dir: 7

dodge
dodge1 dir: 3
different unit spotted
different unit spotted
Ally Furian spotted Enemy unit at dir: 7
dodge called with dir: 7

dodge
dodge1 dir: 7

next move down

different unit spotted
different unit spotted
different unit spotted
different unit spotted
different unit spotted
different unit spotted
different unit spotted
different unit spotted
different unit spotted
different unit spotted
different unit spotted
different unit spotted
different unit spotted
different unit spotted
different unit spotted
different unit spotted
different unit spotted
different unit spotted
different unit spotted
different unit spotted
different unit spotted
different unit spotted
different unit spotted
different unit spotted
Ally Furian spotted Enemy unit at dir: 5
dodge called with dir: 5

dodge
dodge1 dir: 1
different unit spotted
Ally Furian spotted Enemy unit at dir: 4
dodge called with dir: 4

dodge
dodge1 dir: 0
different unit spotted
Ally Furian spotted Enemy unit at dir: 3
dodge called with dir: 3

dodge
dodge1 dir: 7
different unit spotted
Ally Furian spotted Enemy unit at dir: 6
dodge called with dir: 6

dodge
dodge1 dir: 2
different unit spotted
Ally Furian spotted Enemy unit at dir: 2
dodge called with dir: 2

dodge
dodge1 dir: 6
different unit spotted
different unit spotted
Ally Furian spotted Enemy unit at dir: 7
dodge called with dir: 7

dodge
dodge1 dir: 3
different unit spotted
Ally Furian spotted Enemy unit at dir: 1
dodge called with dir: 1

dodge
dodge1 dir: 5
different unit spotted
different unit spotted
different unit spotted
Ally Furian spotted Enemy unit at dir: 5
dodge called with dir: 5

dodge
dodge1 dir: 5

next move down

different unit spotted
different unit spotted
different unit spotted
different unit spotted
different unit spotted
different unit spotted
different unit spotted
different unit spotted
different unit spotted
different unit spotted
different unit spotted
different unit spotted
different unit spotted
different unit spotted
different unit spotted
different unit spotted
different unit spotted
different unit spotted
different unit spotted
different unit spotted
different unit spotted
different unit spotted
different unit spotted
different unit spotted
different unit spotted
different unit spotted
different unit spotted
different unit spotted
different unit spotted
different unit spotted
Ally Furian spotted Enemy unit at dir: 1
dodge called with dir: 1

dodge
dodge1 dir: 5
different unit spotted
different unit spotted
different unit spotted
different unit spotted
different unit spotted
Ally Furian spotted Enemy unit at dir: 2
dodge called with dir: 2

dodge
dodge1 dir: 6
different unit spotted
Ally Furian spotted Enemy unit at dir: 0
dodge called with dir: 0

dodge
dodge1 dir: 4
different unit spotted
Ally Furian spotted Enemy unit at dir: 1
dodge called with dir: 1

dodge
dodge1 dir: 1

next move down

different unit spotted
different unit spotted
different unit spotted
different unit spotted
different unit spotted
different unit spotted
different unit spotted
different unit spotted
different unit spotted
different unit spotted
different unit spotted
different unit spotted
different unit spotted
different unit spotted
different unit spotted
different unit spotted
different unit spotted
different unit spotted
different unit spotted
different unit spotted
Hellhound spotted at dir: 1
dodge called with dir: 5

dodge
dodge1 dir: 5
order placed

next move down

different unit spotted
different unit spotted
different unit spotted
different unit spotted
different unit spotted
different unit spotted
different unit spotted
different unit spotted
different unit spotted
different unit spotted
different unit spotted
different unit spotted
different unit spotted
different unit spotted
different unit spotted
different unit spotted
different unit spotted
different unit spotted
Ally Furian spotted Enemy unit at dir: 1
dodge called with dir: 1

dodge
dodge1 dir: 1

next move down

different unit spotted
different unit spotted
different unit spotted
different unit spotted
different unit spotted
different unit spotted
different unit spotted
different unit spotted
different unit spotted
different unit spotted
different unit spotted
different unit spotted
different unit spotted
different unit spotted
different unit spotted
different unit spotted
different unit spotted
different unit spotted
different unit spotted
Ally Furian spotted Enemy unit at dir: 6
dodge called with dir: 6

dodge
dodge1 dir: 7
dodge or chase commanded dir: 0

dodge or chase commanded dir: 1

dodge or chase commanded dir: 5

dodge or chase commanded dir: 5

dodge or chase commanded dir: 2

dodge or chase commanded dir: 3

warning: action already requested for unit 1
dodge or chase commanded dir: 3

dodge or chase commanded dir: 1

dodge or chase commanded dir: 5

dodge or chase commanded dir: 5

dodge or chase commanded dir: 2

dodge or chase commanded dir: 5

best move (not dodge) commanded

best move (not dodge) commanded

best move (not dodge) commanded

best move (not dodge) commanded

best move (not dodge) commanded

best move (not dodge) commanded

warning: action already requested for unit 2
best move (not dodge) commanded

warning: action already requested for unit 2
best move (not dodge) commanded

warning: action already requested for unit 2
best move (not dodge) commanded

warning: action already requested for unit 2
best move (not dodge) commanded

best move (not dodge) commanded

best move (not dodge) commanded

best move (not dodge) commanded

warning: action already requested for unit 2
best move (not dodge) commanded

best move (not dodge) commanded

best move (not dodge) commanded

best move (not dodge) commanded

best move (not dodge) commanded

best move (not dodge) commanded

best move (not dodge) commanded

best move (not dodge) commanded

best move (not dodge) commanded

best move (not dodge) commanded

best move (not dodge) commanded

warning: action already requested for unit 2
best move (not dodge) commanded

best move (not dodge) commanded

best move (not dodge) commanded

best move (not dodge) commanded

warning: action already requested for unit 3
best move (not dodge) commanded

best move (not dodge) commanded

best move (not dodge) commanded

best move (not dodge) commanded

best move (not dodge) commanded

best move (not dodge) commanded

best move (not dodge) commanded

warning: action already requested for unit 3
best move (not dodge) commanded

best move (not dodge) commanded

warning: action already requested for unit 3
best move (not dodge) commanded

best move (not dodge) commanded

best move (not dodge) commanded

warning: action already requested for unit 2
best move (not dodge) commanded

best move (not dodge) commanded

warning: action already requested for unit 1
info:     end player 0
info:     start player 1
info:     end player 1
info:     start player 2
info:     end player 2
info:     start player 3
info:     end player 3
info: end round 58
info: start round 59
info:     start player 0

next move down

different unit spotted
different unit spotted
different unit spotted
different unit spotted
different unit spotted
different unit spotted
different unit spotted
different unit spotted
different unit spotted
different unit spotted
different unit spotted
different unit spotted
different unit spotted

Best move


next move down

different unit spotted
different unit spotted
different unit spotted
different unit spotted
different unit spotted
different unit spotted
different unit spotted
different unit spotted
different unit spotted
different unit spotted
different unit spotted
different unit spotted
different unit spotted
different unit spotted
different unit spotted
different unit spotted
different unit spotted
different unit spotted
different unit spotted
different unit spotted
different unit spotted
different unit spotted
different unit spotted
different unit spotted
different unit spotted
different unit spotted
different unit spotted

Best move


next move down

different unit spotted
different unit spotted
different unit spotted
different unit spotted

Best move


next move down

different unit spotted
different unit spotted
different unit spotted
different unit spotted
different unit spotted
different unit spotted
different unit spotted

Best move


next move down

different unit spotted
different unit spotted
different unit spotted
different unit spotted
different unit spotted
different unit spotted
different unit spotted
different unit spotted
different unit spotted
different unit spotted
different unit spotted
different unit spotted
different unit spotted
different unit spotted
different unit spotted
different unit spotted
different unit spotted
different unit spotted

Best move


next move down

different unit spotted
different unit spotted
different unit spotted
different unit spotted

Best move


next move down

different unit spotted
Ally Pioneer spotted Enemy Furyan at dir: 2
dodge called with dir: 6

dodge
dodge1 dir: 3
order placed

next move down

different unit spotted
different unit spotted
different unit spotted
different unit spotted
different unit spotted
different unit spotted
different unit spotted
different unit spotted
different unit spotted
different unit spotted
different unit spotted
different unit spotted
different unit spotted

Best move


next move down

different unit spotted
different unit spotted
different unit spotted
different unit spotted
different unit spotted
different unit spotted
different unit spotted
different unit spotted
different unit spotted
different unit spotted
different unit spotted
different unit spotted
different unit spotted
different unit spotted
different unit spotted
different unit spotted
different unit spotted
different unit spotted
different unit spotted
different unit spotted

Best move


next move down

different unit spotted
different unit spotted
different unit spotted
different unit spotted
different unit spotted
different unit spotted
different unit spotted
different unit spotted
different unit spotted

Best move


next move down

different unit spotted
different unit spotted
different unit spotted
different unit spotted
different unit spotted
different unit spotted
different unit spotted
different unit spotted
different unit spotted
different unit spotted
different unit spotted
different unit spotted
different unit spotted
Hellhound spotted at dir: 3
dodge called with dir: 7

dodge
dodge1 dir: 6
order placed

next move down

different unit spotted
different unit spotted
different unit spotted
different unit spotted
different unit spotted
different unit spotted
different unit spotted
different unit spotted
different unit spotted
different unit spotted
different unit spotted
different unit spotted
different unit spotted
different unit spotted
different unit spotted
different unit spotted

Best move


next move down

different unit spotted
different unit spotted
different unit spotted
different unit spotted
different unit spotted
different unit spotted
different unit spotted
different unit spotted
different unit spotted
different unit spotted
different unit spotted
different unit spotted
different unit spotted
different unit spotted
different unit spotted
different unit spotted
different unit spotted
different unit spotted
different unit spotted
different unit spotted
different unit spotted
Ally Pioneer spotted Enemy Furyan at dir: 7
dodge called with dir: 3

dodge
dodge1 dir: 2
order placed

next move down

different unit spotted
different unit spotted
different unit spotted
different unit spotted
different unit spotted
different unit spotted
different unit spotted
different unit spotted
different unit spotted
different unit spotted
different unit spotted
different unit spotted

Best move


next move down

different unit spotted
different unit spotted
different unit spotted
different unit spotted
different unit spotted
different unit spotted
different unit spotted
different unit spotted
different unit spotted
different unit spotted
different unit spotted

Best move


next move down

different unit spotted
different unit spotted
different unit spotted
different unit spotted
different unit spotted
different unit spotted
different unit spotted
Ally Pioneer spotted Enemy Furyan at dir: 6
dodge called with dir: 2

dodge
dodge1 dir: 2
order placed

next move down

different unit spotted
different unit spotted
different unit spotted
different unit spotted
different unit spotted
different unit spotted
different unit spotted
different unit spotted
different unit spotted
different unit spotted
different unit spotted
different unit spotted
different unit spotted
different unit spotted
different unit spotted
different unit spotted
different unit spotted
different unit spotted
different unit spotted
different unit spotted
different unit spotted
different unit spotted
different unit spotted
different unit spotted
different unit spotted
different unit spotted
different unit spotted
different unit spotted
different unit spotted
different unit spotted
different unit spotted

Best move


next move down

different unit spotted
different unit spotted
different unit spotted
different unit spotted
different unit spotted
different unit spotted
different unit spotted
different unit spotted
different unit spotted
different unit spotted
different unit spotted
different unit spotted
different unit spotted

Best move


next move down

different unit spotted
different unit spotted
different unit spotted
different unit spotted
different unit spotted
different unit spotted
different unit spotted
different unit spotted
different unit spotted
different unit spotted
different unit spotted

Best move


next move down

different unit spotted
different unit spotted
different unit spotted
different unit spotted
different unit spotted
different unit spotted
different unit spotted
different unit spotted
different unit spotted
different unit spotted
different unit spotted
different unit spotted
different unit spotted
different unit spotted
different unit spotted
different unit spotted
different unit spotted
different unit spotted
different unit spotted
different unit spotted
different unit spotted
different unit spotted

Best move


next move down

different unit spotted
different unit spotted
different unit spotted
different unit spotted
different unit spotted

Best move


next move down

different unit spotted
different unit spotted
different unit spotted
different unit spotted
different unit spotted

Best move


next move down

different unit spotted
different unit spotted
different unit spotted
different unit spotted
different unit spotted
different unit spotted
different unit spotted
different unit spotted
different unit spotted
different unit spotted
different unit spotted
different unit spotted
different unit spotted

Best move


next move down

different unit spotted
different unit spotted
different unit spotted
different unit spotted
different unit spotted
different unit spotted
different unit spotted
different unit spotted
different unit spotted
different unit spotted
different unit spotted
different unit spotted
different unit spotted
different unit spotted
different unit spotted
different unit spotted

Best move


next move down

different unit spotted
different unit spotted
different unit spotted
different unit spotted
different unit spotted

Best move


next move down

different unit spotted
different unit spotted
different unit spotted
different unit spotted
different unit spotted
different unit spotted
different unit spotted
different unit spotted
different unit spotted
different unit spotted
different unit spotted
different unit spotted
different unit spotted
different unit spotted
different unit spotted
different unit spotted
different unit spotted
different unit spotted
different unit spotted
different unit spotted
different unit spotted
different unit spotted
different unit spotted
different unit spotted
different unit spotted
different unit spotted
different unit spotted
different unit spotted
different unit spotted

Best move


next move down

different unit spotted
different unit spotted
different unit spotted
different unit spotted
different unit spotted
different unit spotted
different unit spotted
different unit spotted
different unit spotted
different unit spotted
different unit spotted
different unit spotted
different unit spotted
different unit spotted
different unit spotted
different unit spotted
Hellhound spotted at dir: 5
dodge called with dir: 1

dodge
dodge1 dir: 1
order placed

next move down

different unit spotted
different unit spotted
different unit spotted
different unit spotted
different unit spotted
different unit spotted
different unit spotted
different unit spotted
different unit spotted
different unit spotted
different unit spotted
different unit spotted
different unit spotted
different unit spotted
different unit spotted
different unit spotted
different unit spotted

Best move


next move down

different unit spotted
different unit spotted
different unit spotted
Hellhound spotted at dir: 7
dodge called with dir: 3

dodge
dodge1 dir: 1
order placed

next move down

different unit spotted
different unit spotted
different unit spotted
different unit spotted
different unit spotted
different unit spotted
different unit spotted
different unit spotted
different unit spotted
different unit spotted
different unit spotted
different unit spotted
different unit spotted
different unit spotted
different unit spotted
different unit spotted
different unit spotted
different unit spotted
different unit spotted
different unit spotted
different unit spotted
different unit spotted
different unit spotted
different unit spotted
different unit spotted
different unit spotted
different unit spotted
different unit spotted
different unit spotted
different unit spotted
different unit spotted

Best move


next move down

different unit spotted
different unit spotted
different unit spotted
different unit spotted
different unit spotted
different unit spotted
different unit spotted
different unit spotted
different unit spotted
different unit spotted
different unit spotted

Best move


next move down

different unit spotted
different unit spotted
different unit spotted
different unit spotted
different unit spotted
different unit spotted

Best move


next move down

different unit spotted
different unit spotted
different unit spotted
different unit spotted
different unit spotted
different unit spotted
different unit spotted
different unit spotted
different unit spotted
different unit spotted
different unit spotted
different unit spotted
different unit spotted
different unit spotted
different unit spotted
different unit spotted
different unit spotted
different unit spotted

Best move


next move down

different unit spotted
different unit spotted
different unit spotted
different unit spotted
different unit spotted
different unit spotted
different unit spotted
Ally Pioneer spotted Enemy Furyan at dir: 2
dodge called with dir: 6

dodge
dodge1 dir: 6
order placed

next move down

different unit spotted
different unit spotted
different unit spotted
different unit spotted
different unit spotted
different unit spotted
different unit spotted
different unit spotted
different unit spotted
different unit spotted
different unit spotted
different unit spotted
different unit spotted
different unit spotted
different unit spotted
different unit spotted
different unit spotted
different unit spotted
different unit spotted
different unit spotted
different unit spotted
different unit spotted
different unit spotted
different unit spotted
different unit spotted
different unit spotted
different unit spotted

Best move


next move down

different unit spotted
different unit spotted
different unit spotted
different unit spotted
Ally Furian spotted Enemy unit at dir: 5
dodge called with dir: 5

dodge
dodge1 dir: 2

next move down

different unit spotted
different unit spotted
different unit spotted
different unit spotted
different unit spotted
different unit spotted
Ally Furian spotted Enemy unit at dir: 6
dodge called with dir: 6

dodge
dodge1 dir: 2
different unit spotted
different unit spotted
different unit spotted
Ally Furian spotted Enemy unit at dir: 7
dodge called with dir: 7

dodge
dodge1 dir: 3
different unit spotted
different unit spotted
Ally Furian spotted Enemy unit at dir: 7
dodge called with dir: 7

dodge
dodge1 dir: 6

next move down

different unit spotted
different unit spotted
different unit spotted
different unit spotted
different unit spotted
different unit spotted
different unit spotted
different unit spotted
different unit spotted
different unit spotted
different unit spotted
different unit spotted
different unit spotted
different unit spotted
different unit spotted
different unit spotted
different unit spotted
different unit spotted
different unit spotted
different unit spotted
different unit spotted
different unit spotted
different unit spotted
different unit spotted
different unit spotted
different unit spotted
different unit spotted
Ally Furian spotted Enemy unit at dir: 5
dodge called with dir: 5

dodge
dodge1 dir: 1
different unit spotted
Ally Furian spotted Enemy unit at dir: 4
dodge called with dir: 4

dodge
dodge1 dir: 0
different unit spotted
Ally Furian spotted Enemy unit at dir: 3
dodge called with dir: 3

dodge
dodge1 dir: 7
different unit spotted
different unit spotted
Ally Furian spotted Enemy unit at dir: 5
dodge called with dir: 5

dodge
dodge1 dir: 5

next move down

different unit spotted
different unit spotted
different unit spotted
different unit spotted
different unit spotted
different unit spotted
different unit spotted
different unit spotted
different unit spotted
different unit spotted
different unit spotted
different unit spotted
different unit spotted
different unit spotted
different unit spotted
different unit spotted
different unit spotted
different unit spotted
different unit spotted
different unit spotted
different unit spotted
different unit spotted
different unit spotted
different unit spotted
different unit spotted
different unit spotted
different unit spotted
different unit spotted
different unit spotted
different unit spotted
different unit spotted
Ally Furian spotted Enemy unit at dir: 1
dodge called with dir: 1

dodge
dodge1 dir: 4
different unit spotted
different unit spotted
different unit spotted
different unit spotted
Ally Furian spotted Enemy unit at dir: 1
dodge called with dir: 1

dodge
dodge1 dir: 1

next move down

different unit spotted
different unit spotted
different unit spotted
different unit spotted
different unit spotted
different unit spotted
different unit spotted
different unit spotted
different unit spotted
different unit spotted
different unit spotted
different unit spotted
different unit spotted
different unit spotted
different unit spotted
different unit spotted
different unit spotted
different unit spotted
different unit spotted
Ally Furian spotted Enemy unit at dir: 6
dodge called with dir: 6

dodge
dodge1 dir: 6

next move down

different unit spotted
different unit spotted
different unit spotted
different unit spotted
different unit spotted
different unit spotted
different unit spotted
different unit spotted
different unit spotted
different unit spotted
different unit spotted
different unit spotted
different unit spotted
different unit spotted
different unit spotted
different unit spotted
different unit spotted
Ally Furian spotted Enemy unit at dir: 1
dodge called with dir: 1

dodge
dodge1 dir: 1

next move down

different unit spotted
different unit spotted
different unit spotted
different unit spotted
different unit spotted
different unit spotted
different unit spotted
different unit spotted
different unit spotted
different unit spotted
different unit spotted
different unit spotted
different unit spotted
different unit spotted
different unit spotted
different unit spotted
different unit spotted
different unit spotted
different unit spotted
different unit spotted
Ally Furian spotted Enemy unit at dir: 5
dodge called with dir: 5

dodge
dodge1 dir: 5
dodge or chase commanded dir: 6

dodge or chase commanded dir: 1

dodge or chase commanded dir: 1

dodge or chase commanded dir: 2

dodge or chase commanded dir: 3

dodge or chase commanded dir: 2

dodge or chase commanded dir: 6

best move (not dodge) commanded

best move (not dodge) commanded

best move (not dodge) commanded

best move (not dodge) commanded

best move (not dodge) commanded

best move (not dodge) commanded

warning: action already requested for unit 2
best move (not dodge) commanded

warning: action already requested for unit 2
best move (not dodge) commanded

best move (not dodge) commanded

best move (not dodge) commanded

warning: action already requested for unit 1
best move (not dodge) commanded

best move (not dodge) commanded

warning: action already requested for unit 3
best move (not dodge) commanded

best move (not dodge) commanded

best move (not dodge) commanded

best move (not dodge) commanded

best move (not dodge) commanded

best move (not dodge) commanded

best move (not dodge) commanded

best move (not dodge) commanded

best move (not dodge) commanded

best move (not dodge) commanded

best move (not dodge) commanded

warning: action already requested for unit 2
best move (not dodge) commanded

best move (not dodge) commanded

best move (not dodge) commanded

best move (not dodge) commanded

warning: action already requested for unit 1
best move (not dodge) commanded

best move (not dodge) commanded

best move (not dodge) commanded

best move (not dodge) commanded

best move (not dodge) commanded

best move (not dodge) commanded

best move (not dodge) commanded

best move (not dodge) commanded

best move (not dodge) commanded

best move (not dodge) commanded

best move (not dodge) commanded

best move (not dodge) commanded

best move (not dodge) commanded

best move (not dodge) commanded

info:     end player 0
info:     start player 1
info:     end player 1
info:     start player 2
info:     end player 2
info:     start player 3
info:     end player 3
info: end round 59
info: start round 60
info:     start player 0

next move down

different unit spotted
different unit spotted
different unit spotted
different unit spotted
different unit spotted
different unit spotted
different unit spotted
different unit spotted
different unit spotted
different unit spotted
different unit spotted
different unit spotted
different unit spotted
different unit spotted
different unit spotted
different unit spotted

Best move


next move down

different unit spotted
different unit spotted
different unit spotted
different unit spotted
different unit spotted
different unit spotted
different unit spotted
different unit spotted
different unit spotted
different unit spotted
different unit spotted
different unit spotted
different unit spotted
different unit spotted
different unit spotted
different unit spotted
different unit spotted
different unit spotted

Best move


next move down

different unit spotted
different unit spotted
different unit spotted
different unit spotted
different unit spotted
different unit spotted
different unit spotted
different unit spotted
different unit spotted
different unit spotted
different unit spotted
different unit spotted
different unit spotted

Best move


next move down

different unit spotted
different unit spotted
different unit spotted
different unit spotted
different unit spotted
different unit spotted
different unit spotted

Best move


next move down

different unit spotted
different unit spotted
different unit spotted
different unit spotted
different unit spotted
different unit spotted
different unit spotted
different unit spotted
different unit spotted
different unit spotted
different unit spotted
different unit spotted
different unit spotted
Hellhound spotted at dir: 1
dodge called with dir: 5

dodge
dodge1 dir: 5
order placed

next move down

different unit spotted
different unit spotted
different unit spotted

Best move


next move down

different unit spotted
Ally Pioneer spotted Enemy Furyan at dir: 0
dodge called with dir: 4

dodge
dodge1 dir: 3
order placed

next move down

different unit spotted
different unit spotted
different unit spotted
different unit spotted
different unit spotted
different unit spotted
different unit spotted
different unit spotted
different unit spotted
different unit spotted
different unit spotted
different unit spotted
different unit spotted
different unit spotted
different unit spotted
different unit spotted
different unit spotted

Best move


next move down

different unit spotted
different unit spotted
different unit spotted
different unit spotted
different unit spotted
different unit spotted
different unit spotted
different unit spotted
different unit spotted
different unit spotted
different unit spotted
different unit spotted
different unit spotted
different unit spotted
Ally Pioneer spotted Enemy Furyan at dir: 6
dodge called with dir: 2

dodge
dodge1 dir: 2
order placed

next move down

different unit spotted
different unit spotted
different unit spotted
different unit spotted
different unit spotted
different unit spotted
different unit spotted
different unit spotted
different unit spotted
different unit spotted
different unit spotted

Best move


next move down

different unit spotted
different unit spotted
different unit spotted
different unit spotted
different unit spotted
different unit spotted
different unit spotted
different unit spotted
different unit spotted
different unit spotted
different unit spotted
different unit spotted
different unit spotted
different unit spotted
Ally Pioneer spotted Enemy Furyan at dir: 7
dodge called with dir: 3

dodge
dodge1 dir: 3
order placed

next move down

different unit spotted
different unit spotted
Ally Pioneer spotted Enemy Furyan at dir: 1
dodge called with dir: 5

dodge
dodge1 dir: 5
order placed

next move down

different unit spotted
different unit spotted
different unit spotted
different unit spotted
different unit spotted
different unit spotted
different unit spotted
different unit spotted
different unit spotted
different unit spotted
different unit spotted
different unit spotted
different unit spotted
different unit spotted
different unit spotted
different unit spotted
different unit spotted
Ally Pioneer spotted Enemy Furyan at dir: 7
dodge called with dir: 3

dodge
dodge1 dir: 3
order placed

get sun distance

get sun distance

get sun distance

get sun distance

get sun distance

get sun distance

get sun distance

get sun distance

next move down

different unit spotted
different unit spotted
different unit spotted
different unit spotted
different unit spotted
different unit spotted
different unit spotted
different unit spotted
different unit spotted
different unit spotted
different unit spotted
different unit spotted

Best move


next move down

different unit spotted
different unit spotted
different unit spotted
different unit spotted
different unit spotted
different unit spotted
different unit spotted

Best move


next move down

different unit spotted
different unit spotted
different unit spotted
different unit spotted
different unit spotted
different unit spotted
different unit spotted
different unit spotted
different unit spotted
different unit spotted
different unit spotted
different unit spotted

Best move


next move down

different unit spotted
different unit spotted
different unit spotted
different unit spotted
different unit spotted
different unit spotted
different unit spotted
different unit spotted
different unit spotted
different unit spotted
different unit spotted
different unit spotted
different unit spotted
different unit spotted
different unit spotted
different unit spotted
different unit spotted
different unit spotted
different unit spotted
different unit spotted
different unit spotted
different unit spotted
different unit spotted
different unit spotted
different unit spotted
different unit spotted
different unit spotted
different unit spotted

Best move


next move down

different unit spotted
different unit spotted
different unit spotted
different unit spotted
different unit spotted
different unit spotted
different unit spotted
different unit spotted
different unit spotted
different unit spotted
different unit spotted
different unit spotted

Best move


next move down

different unit spotted
different unit spotted
different unit spotted
different unit spotted
different unit spotted
different unit spotted
different unit spotted
different unit spotted
different unit spotted
different unit spotted

Best move


next move down

different unit spotted
different unit spotted
different unit spotted
different unit spotted
different unit spotted
different unit spotted
different unit spotted
different unit spotted
different unit spotted
different unit spotted
different unit spotted
different unit spotted
different unit spotted
different unit spotted
different unit spotted
different unit spotted
different unit spotted
different unit spotted
different unit spotted
different unit spotted
different unit spotted
different unit spotted
different unit spotted

Best move


next move down

different unit spotted
different unit spotted
different unit spotted
different unit spotted
different unit spotted
different unit spotted
different unit spotted
different unit spotted
different unit spotted
different unit spotted

Best move


next move down

different unit spotted
different unit spotted
different unit spotted
different unit spotted
different unit spotted
different unit spotted
Ally Pioneer spotted Enemy Furyan at dir: 1
dodge called with dir: 5

dodge
dodge1 dir: 4
order placed

next move down

different unit spotted
different unit spotted
different unit spotted
different unit spotted
different unit spotted
different unit spotted
different unit spotted
different unit spotted
different unit spotted
different unit spotted
different unit spotted
different unit spotted
different unit spotted
different unit spotted
different unit spotted
different unit spotted
different unit spotted

Best move


next move down

different unit spotted
different unit spotted
different unit spotted
different unit spotted
different unit spotted
different unit spotted
different unit spotted
different unit spotted
different unit spotted
different unit spotted
different unit spotted
different unit spotted
different unit spotted
different unit spotted
different unit spotted
different unit spotted
different unit spotted
different unit spotted
different unit spotted
different unit spotted

Best move


next move down

different unit spotted
different unit spotted
different unit spotted
different unit spotted

Best move


next move down

different unit spotted
different unit spotted
different unit spotted
different unit spotted
different unit spotted
different unit spotted
different unit spotted
different unit spotted
different unit spotted
different unit spotted
different unit spotted
different unit spotted
different unit spotted
different unit spotted
different unit spotted
different unit spotted
different unit spotted
different unit spotted
different unit spotted
different unit spotted
different unit spotted
different unit spotted

Best move


next move down

different unit spotted
different unit spotted
different unit spotted
different unit spotted
different unit spotted
different unit spotted
different unit spotted
different unit spotted
different unit spotted
different unit spotted
Hellhound spotted at dir: 5
dodge called with dir: 1

dodge
dodge1 dir: 1
order placed

next move down

different unit spotted
different unit spotted
different unit spotted
different unit spotted
different unit spotted
different unit spotted
different unit spotted
different unit spotted
different unit spotted
different unit spotted
different unit spotted
different unit spotted
different unit spotted
different unit spotted
different unit spotted
different unit spotted

Best move


next move down

different unit spotted
different unit spotted
Hellhound spotted at dir: 7
dodge called with dir: 3

dodge
dodge1 dir: 5
order placed

next move down

different unit spotted
different unit spotted
different unit spotted
different unit spotted
different unit spotted
different unit spotted
different unit spotted
different unit spotted
different unit spotted
different unit spotted
different unit spotted
different unit spotted
different unit spotted
different unit spotted
different unit spotted
different unit spotted
different unit spotted
different unit spotted
different unit spotted
different unit spotted
different unit spotted

Best move


next move down

different unit spotted
different unit spotted
different unit spotted
different unit spotted
different unit spotted
different unit spotted
different unit spotted
different unit spotted
different unit spotted

Best move


next move down

different unit spotted
different unit spotted
different unit spotted
different unit spotted
different unit spotted
different unit spotted
different unit spotted
different unit spotted
different unit spotted

Best move


next move down

different unit spotted
different unit spotted
different unit spotted
different unit spotted
different unit spotted
different unit spotted
different unit spotted
different unit spotted
different unit spotted
different unit spotted
different unit spotted
different unit spotted
different unit spotted
different unit spotted
different unit spotted
different unit spotted
different unit spotted
different unit spotted
different unit spotted
different unit spotted
different unit spotted
different unit spotted
different unit spotted
different unit spotted
different unit spotted
different unit spotted

Best move


next move down

different unit spotted
different unit spotted
different unit spotted
different unit spotted
different unit spotted
different unit spotted
different unit spotted
different unit spotted
different unit spotted
different unit spotted
different unit spotted
different unit spotted
different unit spotted
different unit spotted
different unit spotted
different unit spotted
different unit spotted
different unit spotted
different unit spotted
different unit spotted
different unit spotted
different unit spotted
different unit spotted

Best move


next move down

different unit spotted
different unit spotted
different unit spotted
different unit spotted
different unit spotted
different unit spotted
different unit spotted
different unit spotted
different unit spotted
different unit spotted
different unit spotted
different unit spotted
different unit spotted
different unit spotted
different unit spotted
different unit spotted
different unit spotted
different unit spotted
different unit spotted
different unit spotted

Best move


next move down

different unit spotted
different unit spotted
different unit spotted
different unit spotted
different unit spotted
different unit spotted
Ally Furian spotted Enemy unit at dir: 5
dodge called with dir: 5

dodge
dodge1 dir: 6

next move down

different unit spotted
different unit spotted
different unit spotted
different unit spotted
different unit spotted
different unit spotted
different unit spotted
different unit spotted
Ally Furian spotted Enemy unit at dir: 3
dodge called with dir: 3

dodge
dodge1 dir: 3

next move down

different unit spotted
different unit spotted
different unit spotted
different unit spotted
different unit spotted
different unit spotted
different unit spotted
different unit spotted
different unit spotted
different unit spotted
different unit spotted
different unit spotted
different unit spotted
different unit spotted
different unit spotted
different unit spotted
different unit spotted
Ally Furian spotted Enemy unit at dir: 2
dodge called with dir: 2

dodge
dodge1 dir: 2

next move down

different unit spotted
different unit spotted
different unit spotted
different unit spotted
different unit spotted
different unit spotted
different unit spotted
different unit spotted
different unit spotted
different unit spotted
different unit spotted
different unit spotted
different unit spotted
different unit spotted
different unit spotted
different unit spotted
different unit spotted
different unit spotted
different unit spotted
different unit spotted
different unit spotted
different unit spotted
different unit spotted
different unit spotted
different unit spotted
different unit spotted
different unit spotted
different unit spotted
different unit spotted
different unit spotted
different unit spotted
different unit spotted
different unit spotted
different unit spotted
different unit spotted
different unit spotted
different unit spotted
different unit spotted
Ally Furian spotted Enemy unit at dir: 0
dodge called with dir: 0

dodge
dodge1 dir: 0

next move down

different unit spotted
different unit spotted
different unit spotted
different unit spotted
different unit spotted
different unit spotted
different unit spotted
different unit spotted
different unit spotted
different unit spotted
different unit spotted
Ally Furian spotted Enemy unit at dir: 5
dodge called with dir: 5

dodge
dodge1 dir: 5

next move down

different unit spotted
different unit spotted
different unit spotted
different unit spotted
different unit spotted
different unit spotted
different unit spotted
different unit spotted
Hellhound spotted at dir: 0
dodge called with dir: 4

dodge
dodge1 dir: 4
order placed

next move down

different unit spotted
different unit spotted
different unit spotted
different unit spotted
different unit spotted
different unit spotted
Ally Furian spotted Enemy unit at dir: 6
dodge called with dir: 6

dodge
dodge1 dir: 6
dodge or chase commanded dir: 5

dodge or chase commanded dir: 1

dodge or chase commanded dir: 5

dodge or chase commanded dir: 4

dodge or chase commanded dir: 3

dodge or chase commanded dir: 5

dodge or chase commanded dir: 3

dodge or chase commanded dir: 2

dodge or chase commanded dir: 4

dodge or chase commanded dir: 3

best move (not dodge) commanded

best move (not dodge) commanded

best move (not dodge) commanded

best move (not dodge) commanded

best move (not dodge) commanded

best move (not dodge) commanded

best move (not dodge) commanded

best move (not dodge) commanded

best move (not dodge) commanded

best move (not dodge) commanded

best move (not dodge) commanded

best move (not dodge) commanded

best move (not dodge) commanded

best move (not dodge) commanded

best move (not dodge) commanded

best move (not dodge) commanded

best move (not dodge) commanded

best move (not dodge) commanded

best move (not dodge) commanded

best move (not dodge) commanded

best move (not dodge) commanded

best move (not dodge) commanded

best move (not dodge) commanded

best move (not dodge) commanded

best move (not dodge) commanded

best move (not dodge) commanded

best move (not dodge) commanded

best move (not dodge) commanded

best move (not dodge) commanded

best move (not dodge) commanded

best move (not dodge) commanded

best move (not dodge) commanded

info:     end player 0
info:     start player 1
info:     end player 1
info:     start player 2
info:     end player 2
info:     start player 3
info:     end player 3
info: end round 60
info: start round 61
info:     start player 0

next move down

different unit spotted
different unit spotted
different unit spotted
different unit spotted
different unit spotted
different unit spotted
different unit spotted
different unit spotted
different unit spotted
different unit spotted
different unit spotted
different unit spotted
different unit spotted
different unit spotted
different unit spotted
different unit spotted
different unit spotted
different unit spotted
different unit spotted

Best move


next move down

different unit spotted
different unit spotted
different unit spotted
different unit spotted
different unit spotted
different unit spotted
different unit spotted
different unit spotted
different unit spotted
different unit spotted
different unit spotted
different unit spotted
different unit spotted
different unit spotted
different unit spotted
different unit spotted
different unit spotted
different unit spotted
different unit spotted
different unit spotted
different unit spotted
different unit spotted

Best move


next move down

different unit spotted
different unit spotted
different unit spotted
different unit spotted
different unit spotted
different unit spotted
different unit spotted
different unit spotted
different unit spotted
different unit spotted
different unit spotted
different unit spotted
different unit spotted
different unit spotted
different unit spotted
different unit spotted
different unit spotted
different unit spotted
different unit spotted
different unit spotted
different unit spotted
different unit spotted

Best move


next move down

different unit spotted
different unit spotted
different unit spotted
different unit spotted
different unit spotted
different unit spotted
different unit spotted
different unit spotted
different unit spotted
different unit spotted

Best move


next move down

different unit spotted
different unit spotted
different unit spotted
different unit spotted
different unit spotted
different unit spotted
different unit spotted
different unit spotted
different unit spotted
different unit spotted
different unit spotted
different unit spotted
different unit spotted
different unit spotted
Hellhound spotted at dir: 1
dodge called with dir: 5

dodge
dodge1 dir: 4
order placed

next move down

different unit spotted
different unit spotted
different unit spotted
different unit spotted

Best move


next move down

different unit spotted
different unit spotted
different unit spotted
different unit spotted
different unit spotted
different unit spotted
different unit spotted
different unit spotted
different unit spotted
different unit spotted
different unit spotted
different unit spotted
different unit spotted

Best move


next move down

different unit spotted
different unit spotted
different unit spotted
different unit spotted
different unit spotted
different unit spotted
different unit spotted
different unit spotted
different unit spotted
Ally Pioneer spotted Enemy Furyan at dir: 7
dodge called with dir: 3

dodge
dodge1 dir: 3
order placed

next move down

different unit spotted
different unit spotted
different unit spotted
different unit spotted
different unit spotted

Best move


next move down

different unit spotted
different unit spotted
different unit spotted
different unit spotted
different unit spotted
different unit spotted
different unit spotted
different unit spotted
different unit spotted
different unit spotted
different unit spotted

Best move


next move down

different unit spotted
different unit spotted
Ally Pioneer spotted Enemy Furyan at dir: 1
dodge called with dir: 5

dodge
dodge1 dir: 5
order placed

next move down

different unit spotted
different unit spotted
different unit spotted
different unit spotted
different unit spotted
different unit spotted
different unit spotted
different unit spotted
different unit spotted
different unit spotted
different unit spotted
different unit spotted
different unit spotted
different unit spotted
different unit spotted
different unit spotted
Ally Pioneer spotted Enemy Furyan at dir: 7
dodge called with dir: 3

dodge
dodge1 dir: 3
order placed

next move down

different unit spotted
different unit spotted
different unit spotted
different unit spotted
different unit spotted
different unit spotted
different unit spotted
different unit spotted
different unit spotted
different unit spotted
different unit spotted
different unit spotted
different unit spotted
different unit spotted
different unit spotted
different unit spotted
different unit spotted

Best move


next move down

different unit spotted
different unit spotted
different unit spotted
different unit spotted
different unit spotted
different unit spotted

Best move


next move down

different unit spotted
different unit spotted
different unit spotted
different unit spotted
different unit spotted
different unit spotted
different unit spotted
different unit spotted
different unit spotted
different unit spotted
different unit spotted
different unit spotted
different unit spotted
different unit spotted
different unit spotted
different unit spotted
different unit spotted
different unit spotted
different unit spotted
different unit spotted
different unit spotted
different unit spotted

Best move


next move down

different unit spotted
different unit spotted
different unit spotted
different unit spotted
different unit spotted
different unit spotted
different unit spotted
different unit spotted
different unit spotted
different unit spotted
different unit spotted
different unit spotted
different unit spotted
different unit spotted
different unit spotted
different unit spotted
different unit spotted
different unit spotted
different unit spotted
different unit spotted
different unit spotted
different unit spotted
different unit spotted
different unit spotted
different unit spotted

Best move


next move down

different unit spotted
different unit spotted
different unit spotted
different unit spotted
different unit spotted
different unit spotted
different unit spotted
different unit spotted
different unit spotted

Best move


next move down

different unit spotted
different unit spotted
different unit spotted
different unit spotted
different unit spotted
different unit spotted
different unit spotted
different unit spotted

Best move


next move down

different unit spotted
different unit spotted
different unit spotted
different unit spotted
different unit spotted
different unit spotted
different unit spotted
different unit spotted
different unit spotted
different unit spotted
different unit spotted
different unit spotted
different unit spotted
different unit spotted
different unit spotted
different unit spotted
different unit spotted
different unit spotted
different unit spotted
different unit spotted
different unit spotted
different unit spotted

Best move


next move down

different unit spotted
different unit spotted
different unit spotted
different unit spotted
different unit spotted
different unit spotted
different unit spotted
different unit spotted

Best move


next move down

different unit spotted
different unit spotted
different unit spotted
different unit spotted
different unit spotted
different unit spotted
Ally Pioneer spotted Enemy Furyan at dir: 2
dodge called with dir: 6

dodge
dodge1 dir: 5
order placed

next move down

different unit spotted
different unit spotted
different unit spotted
different unit spotted
different unit spotted
different unit spotted
different unit spotted
different unit spotted
different unit spotted
different unit spotted

Best move


next move down

different unit spotted
different unit spotted
different unit spotted
different unit spotted
different unit spotted
different unit spotted
different unit spotted
different unit spotted
different unit spotted
different unit spotted
different unit spotted
different unit spotted
different unit spotted
different unit spotted
different unit spotted
different unit spotted
different unit spotted
different unit spotted
different unit spotted
different unit spotted
different unit spotted

Best move


next move down

different unit spotted
different unit spotted
different unit spotted
different unit spotted
different unit spotted
different unit spotted
different unit spotted

Best move


next move down

different unit spotted
different unit spotted
different unit spotted
different unit spotted
different unit spotted
different unit spotted
different unit spotted
different unit spotted
different unit spotted
different unit spotted
different unit spotted
different unit spotted
different unit spotted
different unit spotted
different unit spotted
different unit spotted
different unit spotted
different unit spotted
different unit spotted
different unit spotted
different unit spotted
different unit spotted
different unit spotted
different unit spotted
different unit spotted
different unit spotted
different unit spotted

Best move


next move down

different unit spotted
different unit spotted
different unit spotted
different unit spotted
different unit spotted
different unit spotted
different unit spotted
different unit spotted
Hellhound spotted at dir: 5
dodge called with dir: 1

dodge
order placed

next move down

different unit spotted
different unit spotted
different unit spotted
different unit spotted
different unit spotted
different unit spotted
different unit spotted
different unit spotted
different unit spotted
different unit spotted
different unit spotted
different unit spotted
different unit spotted
different unit spotted
different unit spotted
different unit spotted

Best move


next move down

different unit spotted
different unit spotted
Hellhound spotted at dir: 0
dodge called with dir: 4

dodge
dodge1 dir: 1
order placed

next move down

different unit spotted
different unit spotted
different unit spotted
different unit spotted
different unit spotted
different unit spotted
different unit spotted
different unit spotted
different unit spotted
different unit spotted
different unit spotted
different unit spotted
different unit spotted
different unit spotted
different unit spotted
different unit spotted
different unit spotted
different unit spotted
different unit spotted
different unit spotted
different unit spotted
different unit spotted
different unit spotted
different unit spotted
different unit spotted
different unit spotted

Best move


next move down

different unit spotted
different unit spotted
different unit spotted
different unit spotted
different unit spotted
different unit spotted
different unit spotted
different unit spotted
different unit spotted
different unit spotted
different unit spotted
different unit spotted
different unit spotted
different unit spotted
different unit spotted
different unit spotted

Best move


next move down

different unit spotted
different unit spotted
different unit spotted
different unit spotted
different unit spotted
different unit spotted
different unit spotted
different unit spotted
different unit spotted
different unit spotted
different unit spotted
different unit spotted
different unit spotted
different unit spotted
different unit spotted

Best move


next move down

different unit spotted
different unit spotted
different unit spotted
different unit spotted
different unit spotted
different unit spotted
different unit spotted
different unit spotted
different unit spotted
different unit spotted
different unit spotted
different unit spotted
different unit spotted
different unit spotted
different unit spotted
different unit spotted
different unit spotted
different unit spotted
different unit spotted
different unit spotted
different unit spotted
different unit spotted
different unit spotted
different unit spotted

Best move


next move down

different unit spotted
different unit spotted
different unit spotted
different unit spotted
different unit spotted
different unit spotted
different unit spotted
different unit spotted
different unit spotted
different unit spotted
different unit spotted
different unit spotted
different unit spotted
different unit spotted
different unit spotted
different unit spotted
different unit spotted
different unit spotted
different unit spotted
different unit spotted
different unit spotted
different unit spotted

Best move


next move down

different unit spotted
different unit spotted
different unit spotted
different unit spotted
different unit spotted
different unit spotted
different unit spotted
different unit spotted
different unit spotted
different unit spotted
different unit spotted
different unit spotted
different unit spotted
different unit spotted
different unit spotted
different unit spotted

Best move


next move down

different unit spotted
different unit spotted
different unit spotted
different unit spotted
different unit spotted
different unit spotted
different unit spotted
different unit spotted
different unit spotted
Ally Furian spotted Enemy unit at dir: 5
dodge called with dir: 5

dodge
dodge1 dir: 2

next move down

different unit spotted
Ally Furian spotted Enemy unit at dir: 1
dodge called with dir: 1

next move down

different unit spotted
different unit spotted
different unit spotted
different unit spotted
different unit spotted
different unit spotted
different unit spotted
different unit spotted
different unit spotted
different unit spotted
different unit spotted
different unit spotted
different unit spotted
different unit spotted
different unit spotted
different unit spotted
different unit spotted
Ally Furian spotted Enemy unit at dir: 2
dodge called with dir: 2

dodge
dodge1 dir: 2

next move down

different unit spotted
different unit spotted
different unit spotted
different unit spotted
different unit spotted
different unit spotted
different unit spotted
different unit spotted
different unit spotted
different unit spotted
different unit spotted
different unit spotted
different unit spotted
different unit spotted
different unit spotted
different unit spotted
different unit spotted
different unit spotted
different unit spotted
different unit spotted
different unit spotted
different unit spotted
different unit spotted
different unit spotted
different unit spotted
different unit spotted
different unit spotted
different unit spotted
different unit spotted
different unit spotted
different unit spotted
different unit spotted
different unit spotted
different unit spotted
different unit spotted
different unit spotted
different unit spotted
Ally Furian spotted Enemy unit at dir: 2
dodge called with dir: 2

dodge
dodge1 dir: 2

next move down

different unit spotted
different unit spotted
different unit spotted
different unit spotted
different unit spotted
different unit spotted
different unit spotted
different unit spotted
different unit spotted
different unit spotted
different unit spotted
different unit spotted
different unit spotted
different unit spotted
different unit spotted
different unit spotted
Ally Furian spotted Enemy unit at dir: 1
dodge called with dir: 1

dodge
dodge1 dir: 1

next move down

different unit spotted
different unit spotted
different unit spotted
different unit spotted
different unit spotted
different unit spotted
Hellhound spotted at dir: 0
dodge called with dir: 4

dodge
dodge1 dir: 5
order placed

next move down

different unit spotted
Ally Furian spotted Enemy unit at dir: 0
dodge called with dir: 0
dodge or chase commanded dir: 4

dodge or chase commanded dir: 10

dodge or chase commanded dir: 1

dodge or chase commanded dir: 1

dodge or chase commanded dir: 5

dodge or chase commanded dir: 0

dodge or chase commanded dir: 5

dodge or chase commanded dir: 3

dodge or chase commanded dir: 5

dodge or chase commanded dir: 3

best move (not dodge) commanded

best move (not dodge) commanded

best move (not dodge) commanded

best move (not dodge) commanded

best move (not dodge) commanded

best move (not dodge) commanded

best move (not dodge) commanded

best move (not dodge) commanded

best move (not dodge) commanded

best move (not dodge) commanded

best move (not dodge) commanded

best move (not dodge) commanded

best move (not dodge) commanded

best move (not dodge) commanded

best move (not dodge) commanded

best move (not dodge) commanded

best move (not dodge) commanded

best move (not dodge) commanded

best move (not dodge) commanded

best move (not dodge) commanded

best move (not dodge) commanded

best move (not dodge) commanded

best move (not dodge) commanded

best move (not dodge) commanded

best move (not dodge) commanded

best move (not dodge) commanded

best move (not dodge) commanded

best move (not dodge) commanded

best move (not dodge) commanded

best move (not dodge) commanded

best move (not dodge) commanded

info:     end player 0
info:     start player 1
info:     end player 1
info:     start player 2
info:     end player 2
info:     start player 3
info:     end player 3
info: end round 61
info: start round 62
info:     start player 0

next move down

different unit spotted
different unit spotted
different unit spotted
different unit spotted
different unit spotted
different unit spotted
different unit spotted
different unit spotted
different unit spotted
different unit spotted
different unit spotted
different unit spotted
different unit spotted
different unit spotted
different unit spotted
different unit spotted
different unit spotted

Best move


next move down

different unit spotted
different unit spotted
different unit spotted
different unit spotted
different unit spotted
different unit spotted
different unit spotted
different unit spotted
different unit spotted
different unit spotted
different unit spotted
different unit spotted
different unit spotted
different unit spotted

Best move


next move down

different unit spotted
different unit spotted
different unit spotted
different unit spotted
different unit spotted
different unit spotted
different unit spotted
different unit spotted
different unit spotted
different unit spotted
different unit spotted
different unit spotted
different unit spotted
different unit spotted
different unit spotted
different unit spotted
different unit spotted
different unit spotted
different unit spotted
different unit spotted
different unit spotted

Best move


next move down

different unit spotted
different unit spotted
different unit spotted
different unit spotted
different unit spotted
different unit spotted
different unit spotted
different unit spotted
different unit spotted

Best move


next move down

different unit spotted
different unit spotted
different unit spotted
different unit spotted
different unit spotted
different unit spotted
different unit spotted
different unit spotted
different unit spotted
different unit spotted
different unit spotted
different unit spotted
different unit spotted
different unit spotted
different unit spotted
different unit spotted
different unit spotted
different unit spotted

Best move


next move down

different unit spotted
different unit spotted
different unit spotted
different unit spotted

Best move


next move down

different unit spotted
different unit spotted
different unit spotted
different unit spotted
different unit spotted
different unit spotted
different unit spotted
different unit spotted

Best move


next move down

different unit spotted
different unit spotted
different unit spotted
different unit spotted
different unit spotted
different unit spotted
different unit spotted
different unit spotted
different unit spotted
different unit spotted
different unit spotted
different unit spotted
different unit spotted
different unit spotted
different unit spotted
different unit spotted

Best move


get sun distance

get sun distance

get sun distance

get sun distance

get sun distance

get sun distance

get sun distance

next move down

different unit spotted
different unit spotted
different unit spotted
different unit spotted
different unit spotted
different unit spotted
different unit spotted
different unit spotted

Best move


next move down

different unit spotted
different unit spotted
different unit spotted
different unit spotted
different unit spotted
different unit spotted
different unit spotted
Hellhound spotted at dir: 5
dodge called with dir: 1

dodge
dodge1 dir: 1
order placed

next move down

different unit spotted
different unit spotted
different unit spotted
different unit spotted
different unit spotted
different unit spotted
different unit spotted
different unit spotted
Ally Pioneer spotted Enemy Furyan at dir: 1
dodge called with dir: 5

dodge
dodge1 dir: 5
order placed

next move down

different unit spotted
different unit spotted
different unit spotted
different unit spotted
different unit spotted
different unit spotted
different unit spotted
different unit spotted
different unit spotted
different unit spotted
different unit spotted
different unit spotted
different unit spotted
different unit spotted
different unit spotted

Best move


get sun distance

get sun distance

get sun distance

get sun distance

get sun distance

get sun distance

get sun distance

get sun distance

next move down

different unit spotted
different unit spotted
different unit spotted
different unit spotted
different unit spotted
different unit spotted
different unit spotted
different unit spotted
different unit spotted
different unit spotted
different unit spotted
different unit spotted

Best move


next move down

different unit spotted
different unit spotted
different unit spotted
different unit spotted
different unit spotted
different unit spotted
different unit spotted
different unit spotted
different unit spotted
different unit spotted
different unit spotted
different unit spotted

Best move


next move down

different unit spotted
different unit spotted
different unit spotted
different unit spotted
different unit spotted
different unit spotted
different unit spotted
different unit spotted
different unit spotted
different unit spotted
different unit spotted
different unit spotted
different unit spotted
different unit spotted
different unit spotted
different unit spotted
different unit spotted
different unit spotted
different unit spotted
different unit spotted
different unit spotted
different unit spotted
different unit spotted
different unit spotted
different unit spotted
different unit spotted
different unit spotted

Best move


next move down

different unit spotted
different unit spotted
different unit spotted
different unit spotted
different unit spotted
different unit spotted
different unit spotted
different unit spotted
different unit spotted
different unit spotted
different unit spotted
different unit spotted
different unit spotted
different unit spotted
different unit spotted
different unit spotted
different unit spotted
different unit spotted
different unit spotted
different unit spotted
different unit spotted
different unit spotted

Best move


next move down

different unit spotted
different unit spotted
different unit spotted
different unit spotted
different unit spotted
different unit spotted
different unit spotted
different unit spotted

Best move


next move down

different unit spotted
different unit spotted
different unit spotted
different unit spotted
different unit spotted
different unit spotted
different unit spotted
different unit spotted
different unit spotted
different unit spotted
different unit spotted
different unit spotted

Best move


next move down

different unit spotted
different unit spotted
different unit spotted
different unit spotted
different unit spotted
different unit spotted
different unit spotted
different unit spotted
different unit spotted
different unit spotted
different unit spotted
different unit spotted
different unit spotted
different unit spotted

Best move


next move down

different unit spotted
different unit spotted
different unit spotted
different unit spotted
different unit spotted
different unit spotted
different unit spotted

Best move


next move down

different unit spotted
different unit spotted
different unit spotted
different unit spotted
different unit spotted
different unit spotted
different unit spotted

Best move


next move down

different unit spotted
different unit spotted
different unit spotted
different unit spotted
different unit spotted
different unit spotted
different unit spotted
different unit spotted
different unit spotted
different unit spotted
different unit spotted
different unit spotted
different unit spotted
different unit spotted
different unit spotted
different unit spotted

Best move


next move down

different unit spotted
different unit spotted
different unit spotted
different unit spotted
different unit spotted
different unit spotted
different unit spotted
different unit spotted
different unit spotted
different unit spotted
different unit spotted
different unit spotted
different unit spotted
different unit spotted
different unit spotted
different unit spotted
different unit spotted
different unit spotted
different unit spotted
different unit spotted
different unit spotted
different unit spotted
different unit spotted

Best move


next move down

different unit spotted
different unit spotted
different unit spotted
different unit spotted
different unit spotted
different unit spotted
different unit spotted
different unit spotted
different unit spotted
different unit spotted
different unit spotted
different unit spotted
different unit spotted

Best move


next move down

different unit spotted
different unit spotted
different unit spotted
different unit spotted
different unit spotted
different unit spotted
different unit spotted
different unit spotted
different unit spotted
different unit spotted
different unit spotted
different unit spotted
different unit spotted
different unit spotted
different unit spotted
different unit spotted
different unit spotted
different unit spotted
different unit spotted
different unit spotted
different unit spotted

Best move


next move down

different unit spotted
different unit spotted
different unit spotted
different unit spotted
different unit spotted
different unit spotted
Hellhound spotted at dir: 5
dodge called with dir: 1

dodge
dodge1 dir: 1
order placed

next move down

different unit spotted
different unit spotted
different unit spotted
different unit spotted
different unit spotted
different unit spotted
different unit spotted
different unit spotted
different unit spotted
different unit spotted
different unit spotted
different unit spotted
different unit spotted
different unit spotted
different unit spotted
different unit spotted

Best move


next move down

different unit spotted
different unit spotted
Hellhound spotted at dir: 7
dodge called with dir: 3

dodge
dodge1 dir: 5
order placed

next move down

different unit spotted
different unit spotted
different unit spotted
different unit spotted
different unit spotted
different unit spotted
different unit spotted
different unit spotted
different unit spotted
different unit spotted
different unit spotted
different unit spotted
different unit spotted
different unit spotted
different unit spotted
different unit spotted
different unit spotted
different unit spotted
different unit spotted
different unit spotted
different unit spotted
different unit spotted
different unit spotted

Best move


next move down

different unit spotted
different unit spotted
different unit spotted
different unit spotted
different unit spotted
different unit spotted
different unit spotted
different unit spotted
different unit spotted
different unit spotted
different unit spotted
different unit spotted
different unit spotted
different unit spotted

Best move


next move down

different unit spotted
different unit spotted
different unit spotted
different unit spotted
different unit spotted
different unit spotted
different unit spotted
different unit spotted
different unit spotted
different unit spotted
different unit spotted
different unit spotted
different unit spotted
different unit spotted
different unit spotted
different unit spotted
different unit spotted

Best move


next move down

different unit spotted
different unit spotted
different unit spotted
different unit spotted
different unit spotted
different unit spotted
different unit spotted
different unit spotted
different unit spotted
different unit spotted
different unit spotted
different unit spotted
different unit spotted
different unit spotted
different unit spotted
different unit spotted
different unit spotted

Best move


next move down

different unit spotted
different unit spotted
different unit spotted
different unit spotted
different unit spotted
different unit spotted
different unit spotted
different unit spotted
different unit spotted
different unit spotted
different unit spotted
different unit spotted
different unit spotted
different unit spotted
different unit spotted
different unit spotted
different unit spotted
different unit spotted
different unit spotted

Best move


next move down

different unit spotted
different unit spotted
different unit spotted
different unit spotted
different unit spotted
different unit spotted
different unit spotted
different unit spotted
Ally Pioneer spotted Enemy Furyan at dir: 5
dodge called with dir: 1

dodge
dodge1 dir: 0
order placed

next move down

different unit spotted
different unit spotted
different unit spotted
different unit spotted
different unit spotted
different unit spotted
different unit spotted
different unit spotted
different unit spotted
Ally Furian spotted Enemy unit at dir: 5
dodge called with dir: 5

dodge
dodge1 dir: 6

next move down

different unit spotted
different unit spotted
different unit spotted
different unit spotted
Ally Furian spotted Enemy unit at dir: 1
dodge called with dir: 1

dodge
dodge1 dir: 1

next move down

different unit spotted
different unit spotted
different unit spotted
different unit spotted
different unit spotted
different unit spotted
different unit spotted
different unit spotted
different unit spotted
different unit spotted
different unit spotted
Ally Furian spotted Enemy unit at dir: 1
dodge called with dir: 1

dodge
dodge1 dir: 1

next move down

different unit spotted
different unit spotted
different unit spotted
different unit spotted
different unit spotted
different unit spotted
different unit spotted
different unit spotted
different unit spotted
different unit spotted
different unit spotted
different unit spotted
different unit spotted
different unit spotted
different unit spotted
different unit spotted
different unit spotted
different unit spotted
different unit spotted
different unit spotted
different unit spotted
different unit spotted
different unit spotted
different unit spotted
different unit spotted
different unit spotted
different unit spotted
different unit spotted
different unit spotted
different unit spotted
different unit spotted
different unit spotted
different unit spotted
different unit spotted
different unit spotted
different unit spotted
different unit spotted
different unit spotted
Ally Furian spotted Enemy unit at dir: 2
dodge called with dir: 2

dodge
dodge1 dir: 2

next move down

different unit spotted
different unit spotted
different unit spotted
different unit spotted
different unit spotted
different unit spotted
different unit spotted
different unit spotted
different unit spotted
different unit spotted
different unit spotted
different unit spotted
different unit spotted
different unit spotted
different unit spotted
different unit spotted
different unit spotted
different unit spotted
different unit spotted
Ally Furian spotted Enemy unit at dir: 1
dodge called with dir: 1

dodge
dodge1 dir: 1

next move down

different unit spotted
different unit spotted
different unit spotted
different unit spotted
different unit spotted
different unit spotted
different unit spotted
different unit spotted
different unit spotted
different unit spotted
different unit spotted
different unit spotted
different unit spotted
different unit spotted
Ally Furian spotted Enemy unit at dir: 1
dodge called with dir: 1

dodge
dodge1 dir: 1

next move down

different unit spotted
Ally Furian spotted Enemy unit at dir: 0
dodge called with dir: 0
dodge or chase commanded dir: 1

dodge or chase commanded dir: 1

dodge or chase commanded dir: 5

dodge or chase commanded dir: 0

dodge or chase commanded dir: 5

dodge or chase commanded dir: 0

best move (not dodge) commanded

best move (not dodge) commanded

best move (not dodge) commanded

best move (not dodge) commanded

best move (not dodge) commanded

best move (not dodge) commanded

best move (not dodge) commanded

best move (not dodge) commanded

best move (not dodge) commanded

best move (not dodge) commanded

best move (not dodge) commanded

best move (not dodge) commanded

best move (not dodge) commanded

best move (not dodge) commanded

best move (not dodge) commanded

best move (not dodge) commanded

best move (not dodge) commanded

best move (not dodge) commanded

best move (not dodge) commanded

best move (not dodge) commanded

best move (not dodge) commanded

best move (not dodge) commanded

best move (not dodge) commanded

best move (not dodge) commanded

best move (not dodge) commanded

best move (not dodge) commanded

best move (not dodge) commanded

best move (not dodge) commanded

best move (not dodge) commanded

best move (not dodge) commanded

best move (not dodge) commanded

best move (not dodge) commanded

best move (not dodge) commanded

best move (not dodge) commanded

best move (not dodge) commanded

info:     end player 0
info:     start player 1
info:     end player 1
info:     start player 2
info:     end player 2
info:     start player 3
info:     end player 3
info: end round 62
info: start round 63
info:     start player 0

next move down

different unit spotted
different unit spotted
different unit spotted
different unit spotted
different unit spotted
different unit spotted
different unit spotted
different unit spotted
different unit spotted
different unit spotted
different unit spotted
different unit spotted
different unit spotted
different unit spotted
Ally Pioneer spotted Enemy Furyan at dir: 6
dodge called with dir: 2

dodge
dodge1 dir: 2
order placed

next move down

different unit spotted
different unit spotted
different unit spotted
different unit spotted
different unit spotted
different unit spotted
different unit spotted
different unit spotted
different unit spotted
different unit spotted
different unit spotted
different unit spotted
different unit spotted
different unit spotted
different unit spotted
different unit spotted
different unit spotted
different unit spotted
different unit spotted
different unit spotted

Best move


next move down

different unit spotted
different unit spotted
different unit spotted
different unit spotted
different unit spotted
different unit spotted
different unit spotted
different unit spotted
different unit spotted
different unit spotted
different unit spotted

Best move


next move down

different unit spotted
different unit spotted
different unit spotted
different unit spotted
different unit spotted
different unit spotted
different unit spotted
different unit spotted
different unit spotted
different unit spotted
different unit spotted
different unit spotted
different unit spotted

Best move


next move down

different unit spotted
different unit spotted
different unit spotted
different unit spotted
different unit spotted
different unit spotted
different unit spotted
different unit spotted
different unit spotted
different unit spotted

Best move


next move down

different unit spotted
different unit spotted
different unit spotted
different unit spotted
different unit spotted
different unit spotted
different unit spotted
different unit spotted
different unit spotted

Best move


next move down

different unit spotted
different unit spotted

Best move


next move down

different unit spotted
different unit spotted
different unit spotted
different unit spotted
different unit spotted
different unit spotted
different unit spotted
different unit spotted
different unit spotted
different unit spotted
different unit spotted
different unit spotted
different unit spotted
different unit spotted

Best move


next move down

different unit spotted
different unit spotted
different unit spotted
different unit spotted
different unit spotted
different unit spotted
different unit spotted
different unit spotted
different unit spotted
different unit spotted
different unit spotted
different unit spotted
different unit spotted
different unit spotted
different unit spotted
different unit spotted
different unit spotted
different unit spotted
different unit spotted
different unit spotted
different unit spotted
different unit spotted
different unit spotted

Best move


next move down

different unit spotted
different unit spotted
different unit spotted
different unit spotted
different unit spotted
different unit spotted
different unit spotted

Best move


next move down

different unit spotted
different unit spotted
different unit spotted
different unit spotted
different unit spotted
Hellhound spotted at dir: 5
dodge called with dir: 1

dodge
dodge1 dir: 1
order placed

next move down

different unit spotted
different unit spotted
different unit spotted
different unit spotted
different unit spotted
different unit spotted
different unit spotted
different unit spotted
different unit spotted
different unit spotted
different unit spotted
different unit spotted
different unit spotted
different unit spotted
different unit spotted
different unit spotted
different unit spotted

Best move


next move down

different unit spotted
different unit spotted
different unit spotted
different unit spotted
different unit spotted
different unit spotted
different unit spotted
different unit spotted
different unit spotted
different unit spotted
different unit spotted
different unit spotted
different unit spotted
different unit spotted
different unit spotted
different unit spotted
different unit spotted
different unit spotted
different unit spotted
different unit spotted
different unit spotted
different unit spotted
different unit spotted
different unit spotted

Best move


next move down

different unit spotted
different unit spotted
different unit spotted
different unit spotted
different unit spotted
different unit spotted
different unit spotted
different unit spotted
different unit spotted
different unit spotted
different unit spotted
different unit spotted
different unit spotted
different unit spotted
different unit spotted
different unit spotted
different unit spotted
different unit spotted
different unit spotted

Best move


next move down

different unit spotted
different unit spotted
different unit spotted
different unit spotted
different unit spotted
different unit spotted
different unit spotted
different unit spotted
different unit spotted
different unit spotted
different unit spotted
different unit spotted

Best move


next move down

different unit spotted
different unit spotted
different unit spotted
different unit spotted
different unit spotted
different unit spotted
different unit spotted
different unit spotted
different unit spotted
different unit spotted
different unit spotted
different unit spotted
different unit spotted
different unit spotted
different unit spotted
different unit spotted
different unit spotted
different unit spotted
different unit spotted
different unit spotted
different unit spotted
different unit spotted
different unit spotted
different unit spotted
different unit spotted
different unit spotted
Ally Pioneer spotted Enemy Furyan at dir: 5
dodge called with dir: 1

dodge
dodge1 dir: 1
order placed

next move down

different unit spotted
different unit spotted
different unit spotted
different unit spotted
different unit spotted
different unit spotted
different unit spotted
different unit spotted
different unit spotted
different unit spotted
different unit spotted
different unit spotted
different unit spotted
different unit spotted
different unit spotted
different unit spotted
different unit spotted
different unit spotted
different unit spotted
different unit spotted
different unit spotted
different unit spotted
different unit spotted
different unit spotted
different unit spotted
different unit spotted
different unit spotted
different unit spotted
different unit spotted
different unit spotted
different unit spotted

Best move


next move down

different unit spotted
different unit spotted
different unit spotted
different unit spotted
different unit spotted
different unit spotted

Best move


next move down

different unit spotted
different unit spotted
different unit spotted
different unit spotted
different unit spotted
different unit spotted
different unit spotted
different unit spotted
different unit spotted
different unit spotted
different unit spotted

Best move


next move down

different unit spotted
different unit spotted
different unit spotted
different unit spotted
different unit spotted
different unit spotted
different unit spotted
different unit spotted
different unit spotted
different unit spotted
different unit spotted
different unit spotted
different unit spotted
different unit spotted
different unit spotted
different unit spotted
Ally Pioneer spotted Enemy Furyan at dir: 7
dodge called with dir: 3

dodge
dodge1 dir: 3
order placed

next move down

different unit spotted
different unit spotted
different unit spotted
different unit spotted
different unit spotted
different unit spotted
different unit spotted
different unit spotted
different unit spotted
different unit spotted
different unit spotted

Best move


next move down

different unit spotted
different unit spotted
different unit spotted
different unit spotted

Best move


next move down

different unit spotted
different unit spotted
different unit spotted
different unit spotted
different unit spotted
different unit spotted
different unit spotted
different unit spotted
different unit spotted
different unit spotted
different unit spotted
different unit spotted
different unit spotted
different unit spotted
different unit spotted
different unit spotted
different unit spotted
different unit spotted
different unit spotted
different unit spotted
different unit spotted

Best move


next move down

different unit spotted
different unit spotted
different unit spotted
different unit spotted
different unit spotted
different unit spotted
different unit spotted
different unit spotted
different unit spotted
different unit spotted
different unit spotted
different unit spotted
different unit spotted
different unit spotted
different unit spotted
different unit spotted
different unit spotted
different unit spotted
different unit spotted
different unit spotted
different unit spotted
different unit spotted
different unit spotted
different unit spotted
different unit spotted
different unit spotted
different unit spotted

Best move


next move down

different unit spotted
different unit spotted
different unit spotted
different unit spotted
different unit spotted
different unit spotted
different unit spotted
different unit spotted
different unit spotted
different unit spotted
different unit spotted

Best move


next move down

different unit spotted
different unit spotted
different unit spotted
different unit spotted
different unit spotted
different unit spotted
different unit spotted
different unit spotted
different unit spotted
different unit spotted
different unit spotted
different unit spotted
different unit spotted

Best move


next move down

different unit spotted
different unit spotted
different unit spotted
different unit spotted
different unit spotted
different unit spotted
different unit spotted
different unit spotted
different unit spotted
different unit spotted
different unit spotted

Best move


next move down

different unit spotted
different unit spotted
different unit spotted
different unit spotted
different unit spotted
different unit spotted
different unit spotted
different unit spotted
different unit spotted
different unit spotted
different unit spotted
different unit spotted
different unit spotted
different unit spotted
different unit spotted
different unit spotted
different unit spotted
different unit spotted
different unit spotted
different unit spotted
different unit spotted

Best move


next move down

different unit spotted
Hellhound spotted at dir: 0
dodge called with dir: 4

dodge
dodge1 dir: 1
order placed

next move down

different unit spotted
different unit spotted
different unit spotted
different unit spotted
different unit spotted
different unit spotted
different unit spotted
different unit spotted
different unit spotted
different unit spotted
different unit spotted
different unit spotted
different unit spotted
different unit spotted
different unit spotted
different unit spotted
different unit spotted
different unit spotted
different unit spotted

Best move


next move down

different unit spotted
different unit spotted
different unit spotted
different unit spotted
different unit spotted
different unit spotted
different unit spotted
different unit spotted
different unit spotted
different unit spotted
different unit spotted
different unit spotted
different unit spotted
different unit spotted
different unit spotted
different unit spotted
different unit spotted

Best move


next move down

different unit spotted
different unit spotted
different unit spotted
different unit spotted
different unit spotted
different unit spotted
different unit spotted
different unit spotted
different unit spotted
different unit spotted
different unit spotted
different unit spotted
different unit spotted
different unit spotted
different unit spotted
different unit spotted
different unit spotted
different unit spotted
different unit spotted
different unit spotted

Best move


next move down

different unit spotted
different unit spotted
different unit spotted
different unit spotted
different unit spotted
different unit spotted
different unit spotted
different unit spotted
different unit spotted
different unit spotted
different unit spotted
different unit spotted
different unit spotted
different unit spotted
different unit spotted
different unit spotted
different unit spotted
different unit spotted
different unit spotted
different unit spotted
different unit spotted

Best move


next move down

different unit spotted
different unit spotted
different unit spotted
different unit spotted
different unit spotted
different unit spotted
different unit spotted
different unit spotted
different unit spotted
different unit spotted
different unit spotted
different unit spotted
different unit spotted
different unit spotted
different unit spotted
different unit spotted
different unit spotted
different unit spotted
different unit spotted
different unit spotted

Best move


next move down

different unit spotted
different unit spotted
different unit spotted
different unit spotted
different unit spotted
different unit spotted
different unit spotted
different unit spotted
different unit spotted
different unit spotted
different unit spotted
Ally Pioneer spotted Enemy Furyan at dir: 5
dodge called with dir: 1

dodge
dodge1 dir: 0
order placed

next move down

different unit spotted
different unit spotted
different unit spotted
different unit spotted
Ally Furian spotted Enemy unit at dir: 5
dodge called with dir: 5

dodge
dodge1 dir: 2

next move down

different unit spotted
different unit spotted
Ally Furian spotted Enemy unit at dir: 2
dodge called with dir: 2

next move down

different unit spotted
Ally Furian spotted Enemy unit at dir: 3
dodge called with dir: 3

next move down

different unit spotted
different unit spotted
different unit spotted
different unit spotted
different unit spotted
different unit spotted
different unit spotted
different unit spotted
different unit spotted
different unit spotted
different unit spotted
different unit spotted
different unit spotted
different unit spotted
different unit spotted
different unit spotted
different unit spotted
different unit spotted
different unit spotted
different unit spotted
different unit spotted
different unit spotted
different unit spotted
different unit spotted
different unit spotted
different unit spotted
different unit spotted
different unit spotted
different unit spotted
different unit spotted
different unit spotted
different unit spotted
different unit spotted
Ally Furian spotted Enemy unit at dir: 1
dodge called with dir: 1

dodge
dodge1 dir: 5
different unit spotted
Ally Furian spotted Enemy unit at dir: 2
dodge called with dir: 2

dodge
dodge1 dir: 6
different unit spotted
different unit spotted
different unit spotted
Ally Furian spotted Enemy unit at dir: 0
dodge called with dir: 0

dodge
dodge1 dir: 5
different unit spotted
Ally Furian spotted Enemy unit at dir: 4
dodge called with dir: 4

dodge
dodge1 dir: 1
different unit spotted
different unit spotted
Ally Furian spotted Enemy unit at dir: 1
dodge called with dir: 1

dodge
dodge1 dir: 1

next move down

different unit spotted
different unit spotted
different unit spotted
different unit spotted
different unit spotted
different unit spotted
different unit spotted
different unit spotted
different unit spotted
different unit spotted
different unit spotted
different unit spotted
different unit spotted
different unit spotted
different unit spotted
Ally Furian spotted Enemy unit at dir: 1
dodge called with dir: 1

dodge
dodge1 dir: 2

next move down

different unit spotted
different unit spotted
different unit spotted
different unit spotted
different unit spotted
different unit spotted
Ally Furian spotted Enemy unit at dir: 0
dodge called with dir: 0

dodge
dodge1 dir: 0

next move down

different unit spotted
different unit spotted
different unit spotted
different unit spotted
different unit spotted
different unit spotted
different unit spotted
different unit spotted
different unit spotted
different unit spotted
different unit spotted
different unit spotted
different unit spotted
different unit spotted
different unit spotted
different unit spotted
different unit spotted
different unit spotted
different unit spotted
Ally Furian spotted Enemy unit at dir: 1
dodge called with dir: 1

dodge
dodge1 dir: 1
dodge or chase commanded dir: 1

dodge or chase commanded dir: 1

dodge or chase commanded dir: 2

dodge or chase commanded dir: 3

dodge or chase commanded dir: 3

dodge or chase commanded dir: 2

dodge or chase commanded dir: 1

dodge or chase commanded dir: 0

best move (not dodge) commanded

best move (not dodge) commanded

best move (not dodge) commanded

best move (not dodge) commanded

best move (not dodge) commanded

best move (not dodge) commanded

best move (not dodge) commanded

best move (not dodge) commanded

best move (not dodge) commanded

warning: action already requested for unit 3
best move (not dodge) commanded

best move (not dodge) commanded

best move (not dodge) commanded

best move (not dodge) commanded

best move (not dodge) commanded

best move (not dodge) commanded

best move (not dodge) commanded

best move (not dodge) commanded

best move (not dodge) commanded

best move (not dodge) commanded

best move (not dodge) commanded

warning: action already requested for unit 3
best move (not dodge) commanded

best move (not dodge) commanded

best move (not dodge) commanded

best move (not dodge) commanded

warning: action already requested for unit 3
best move (not dodge) commanded

best move (not dodge) commanded

best move (not dodge) commanded

best move (not dodge) commanded

best move (not dodge) commanded

best move (not dodge) commanded

best move (not dodge) commanded

best move (not dodge) commanded

best move (not dodge) commanded

best move (not dodge) commanded

best move (not dodge) commanded

best move (not dodge) commanded

best move (not dodge) commanded

best move (not dodge) commanded

warning: action already requested for unit 3
info:     end player 0
info:     start player 1
info:     end player 1
info:     start player 2
info:     end player 2
info:     start player 3
info:     end player 3
info: end round 63
info: start round 64
info:     start player 0

next move down

different unit spotted
different unit spotted
different unit spotted
different unit spotted
different unit spotted
different unit spotted
different unit spotted
different unit spotted
different unit spotted
different unit spotted
different unit spotted
different unit spotted
different unit spotted
different unit spotted
different unit spotted
different unit spotted
different unit spotted
different unit spotted

Best move


next move down

different unit spotted
different unit spotted
different unit spotted
different unit spotted
different unit spotted
different unit spotted
different unit spotted
different unit spotted
different unit spotted
different unit spotted
different unit spotted
different unit spotted
different unit spotted
different unit spotted
different unit spotted
different unit spotted
different unit spotted
different unit spotted
different unit spotted

Best move


next move down

different unit spotted
different unit spotted
different unit spotted
different unit spotted
different unit spotted
different unit spotted
different unit spotted
different unit spotted
different unit spotted
Ally Pioneer spotted Enemy Furyan at dir: 3
dodge called with dir: 7

dodge
dodge1 dir: 7
order placed

next move down

different unit spotted
different unit spotted
different unit spotted
different unit spotted
different unit spotted
different unit spotted
different unit spotted
different unit spotted
different unit spotted
different unit spotted
different unit spotted
different unit spotted
different unit spotted

Best move


next move down

different unit spotted
different unit spotted
different unit spotted
different unit spotted
different unit spotted
different unit spotted
different unit spotted
different unit spotted
Ally Pioneer spotted Enemy Furyan at dir: 1
dodge called with dir: 5

dodge
dodge1 dir: 5
order placed

next move down

different unit spotted
different unit spotted
different unit spotted
different unit spotted
different unit spotted
different unit spotted
different unit spotted
different unit spotted
different unit spotted
different unit spotted
different unit spotted

Best move


next move down

different unit spotted
different unit spotted
different unit spotted
different unit spotted
different unit spotted

Best move


next move down

different unit spotted
different unit spotted
different unit spotted
different unit spotted
different unit spotted
different unit spotted
different unit spotted
different unit spotted
different unit spotted
different unit spotted
different unit spotted
different unit spotted
different unit spotted
different unit spotted
different unit spotted

Best move


next move down

different unit spotted
different unit spotted
different unit spotted
different unit spotted
different unit spotted
different unit spotted
different unit spotted
different unit spotted
different unit spotted
different unit spotted
different unit spotted
different unit spotted
different unit spotted
different unit spotted
different unit spotted
different unit spotted
different unit spotted
different unit spotted
different unit spotted

Best move


next move down

different unit spotted
different unit spotted
different unit spotted
different unit spotted

Best move


next move down

different unit spotted
different unit spotted
different unit spotted
different unit spotted
different unit spotted

Best move


next move down

different unit spotted
different unit spotted
different unit spotted
different unit spotted
different unit spotted
different unit spotted
different unit spotted
different unit spotted

Best move


next move down

different unit spotted
different unit spotted
different unit spotted
different unit spotted
different unit spotted
different unit spotted
different unit spotted
different unit spotted
different unit spotted
different unit spotted
different unit spotted
different unit spotted
different unit spotted
different unit spotted
different unit spotted
different unit spotted
different unit spotted
different unit spotted
different unit spotted
different unit spotted
different unit spotted
different unit spotted

Best move


get sun distance

get sun distance

get sun distance

get sun distance

get sun distance

get sun distance

get sun distance

get sun distance

next move down

different unit spotted
different unit spotted
different unit spotted
different unit spotted
different unit spotted
different unit spotted
different unit spotted
different unit spotted
different unit spotted
different unit spotted
different unit spotted
different unit spotted
different unit spotted
different unit spotted

Best move


next move down

different unit spotted
different unit spotted
different unit spotted
different unit spotted
different unit spotted
different unit spotted
different unit spotted
different unit spotted
different unit spotted
different unit spotted
different unit spotted
different unit spotted
different unit spotted
different unit spotted
different unit spotted
different unit spotted
different unit spotted
different unit spotted
different unit spotted
different unit spotted
different unit spotted

Best move


next move down

different unit spotted
different unit spotted
different unit spotted
different unit spotted
different unit spotted
different unit spotted
different unit spotted
different unit spotted
different unit spotted
different unit spotted
different unit spotted
different unit spotted
Ally Pioneer spotted Enemy Furyan at dir: 6
dodge called with dir: 2

dodge
dodge1 dir: 2
order placed

next move down

different unit spotted
different unit spotted
different unit spotted
different unit spotted
different unit spotted
different unit spotted
different unit spotted
different unit spotted
different unit spotted
different unit spotted
different unit spotted
different unit spotted
Ally Pioneer spotted Enemy Furyan at dir: 7
dodge called with dir: 3

dodge
dodge1 dir: 2
order placed

next move down

different unit spotted
different unit spotted
different unit spotted
different unit spotted
different unit spotted
different unit spotted
different unit spotted

Best move


next move down

different unit spotted
different unit spotted
different unit spotted
different unit spotted
different unit spotted
different unit spotted
different unit spotted
different unit spotted
different unit spotted
different unit spotted
different unit spotted
different unit spotted
different unit spotted
different unit spotted
different unit spotted
different unit spotted
different unit spotted
different unit spotted
different unit spotted
different unit spotted
different unit spotted
different unit spotted

Best move


next move down

different unit spotted
different unit spotted
different unit spotted
different unit spotted
different unit spotted
different unit spotted
different unit spotted
different unit spotted
different unit spotted
different unit spotted
different unit spotted
different unit spotted
different unit spotted
different unit spotted
different unit spotted
different unit spotted
different unit spotted
different unit spotted
different unit spotted
different unit spotted
Ally Pioneer spotted Enemy Furyan at dir: 7
dodge called with dir: 3

dodge
dodge1 dir: 3
order placed

next move down

different unit spotted
different unit spotted
different unit spotted
different unit spotted
different unit spotted
different unit spotted
different unit spotted
Ally Pioneer spotted Enemy Furyan at dir: 6
dodge called with dir: 2

dodge
dodge1 dir: 2
order placed

next move down

different unit spotted
different unit spotted
different unit spotted
different unit spotted

Best move


next move down

different unit spotted
different unit spotted
different unit spotted
different unit spotted

Best move


next move down

different unit spotted
different unit spotted
different unit spotted
different unit spotted
different unit spotted
different unit spotted
different unit spotted
different unit spotted
different unit spotted
different unit spotted
different unit spotted
different unit spotted
different unit spotted
different unit spotted
different unit spotted
different unit spotted
different unit spotted
different unit spotted
different unit spotted

Best move


next move down

different unit spotted
different unit spotted
different unit spotted
different unit spotted
different unit spotted
different unit spotted
different unit spotted
different unit spotted
different unit spotted
different unit spotted
different unit spotted
different unit spotted
different unit spotted
different unit spotted
different unit spotted
different unit spotted
different unit spotted
different unit spotted
different unit spotted
different unit spotted

Best move


next move down

different unit spotted
different unit spotted
different unit spotted
different unit spotted
different unit spotted
different unit spotted
different unit spotted
different unit spotted
different unit spotted
different unit spotted
different unit spotted

Best move


next move down

different unit spotted
different unit spotted
different unit spotted
different unit spotted
different unit spotted
different unit spotted
different unit spotted
different unit spotted
different unit spotted
different unit spotted
different unit spotted
different unit spotted
different unit spotted
different unit spotted
different unit spotted
different unit spotted

Best move


next move down

different unit spotted
different unit spotted
different unit spotted
different unit spotted
different unit spotted
different unit spotted
different unit spotted
different unit spotted
different unit spotted
different unit spotted
different unit spotted
different unit spotted
different unit spotted
different unit spotted
different unit spotted
different unit spotted
different unit spotted
different unit spotted
different unit spotted
different unit spotted

Best move


next move down

different unit spotted
different unit spotted
different unit spotted
different unit spotted
different unit spotted
different unit spotted
different unit spotted
different unit spotted
different unit spotted
different unit spotted
different unit spotted
different unit spotted
different unit spotted
different unit spotted
different unit spotted
different unit spotted
different unit spotted
different unit spotted
different unit spotted
different unit spotted
different unit spotted
different unit spotted
different unit spotted
different unit spotted

Best move


next move down

different unit spotted
different unit spotted
different unit spotted
different unit spotted
different unit spotted
different unit spotted
different unit spotted
different unit spotted
different unit spotted
different unit spotted
different unit spotted
different unit spotted
different unit spotted
different unit spotted
different unit spotted
different unit spotted
different unit spotted
different unit spotted
different unit spotted
different unit spotted
different unit spotted
different unit spotted
different unit spotted
different unit spotted

Best move


next move down

different unit spotted
different unit spotted
different unit spotted
different unit spotted
different unit spotted
different unit spotted
different unit spotted
different unit spotted
different unit spotted
different unit spotted
different unit spotted
different unit spotted
different unit spotted
different unit spotted
different unit spotted
different unit spotted
different unit spotted
different unit spotted
different unit spotted
different unit spotted
different unit spotted
different unit spotted
different unit spotted
different unit spotted

Best move


next move down

different unit spotted
different unit spotted
different unit spotted
different unit spotted
different unit spotted
different unit spotted
different unit spotted
different unit spotted
different unit spotted
different unit spotted
different unit spotted
different unit spotted
different unit spotted
different unit spotted
different unit spotted
different unit spotted
different unit spotted
different unit spotted
different unit spotted

Best move


next move down

different unit spotted
different unit spotted
different unit spotted
different unit spotted
different unit spotted
different unit spotted
different unit spotted
different unit spotted
different unit spotted
different unit spotted
different unit spotted
different unit spotted
different unit spotted
different unit spotted
different unit spotted

Best move


next move down

different unit spotted
different unit spotted
different unit spotted
different unit spotted
different unit spotted
different unit spotted
different unit spotted
different unit spotted
different unit spotted
different unit spotted
different unit spotted
different unit spotted
Ally Pioneer spotted Enemy Furyan at dir: 2
dodge called with dir: 6

dodge
dodge1 dir: 6
order placed

next move down

different unit spotted
different unit spotted
different unit spotted
different unit spotted
different unit spotted
different unit spotted
different unit spotted
different unit spotted
different unit spotted
different unit spotted
different unit spotted
different unit spotted
different unit spotted
different unit spotted
different unit spotted
different unit spotted
different unit spotted
different unit spotted
different unit spotted
different unit spotted
different unit spotted
different unit spotted

Best move


next move down

different unit spotted
different unit spotted
different unit spotted
different unit spotted
different unit spotted
different unit spotted
Ally Furian spotted Enemy unit at dir: 1
dodge called with dir: 1

dodge
dodge1 dir: 0

next move down

different unit spotted
different unit spotted
different unit spotted
different unit spotted
different unit spotted
different unit spotted
different unit spotted
different unit spotted
different unit spotted
Ally Furian spotted Enemy unit at dir: 7
dodge called with dir: 7

dodge
dodge1 dir: 3
different unit spotted
different unit spotted
different unit spotted
different unit spotted
different unit spotted
different unit spotted
different unit spotted
Ally Furian spotted Enemy unit at dir: 6
dodge called with dir: 6

dodge
dodge1 dir: 2
different unit spotted
different unit spotted
different unit spotted
different unit spotted
Ally Furian spotted Enemy unit at dir: 0
dodge called with dir: 0

dodge
dodge1 dir: 3
different unit spotted
different unit spotted
different unit spotted
different unit spotted
Ally Furian spotted Enemy unit at dir: 1
dodge called with dir: 1

dodge
dodge1 dir: 5
different unit spotted
Ally Furian spotted Enemy unit at dir: 2
dodge called with dir: 2

dodge
dodge1 dir: 6
different unit spotted
Ally Furian spotted Enemy unit at dir: 3
dodge called with dir: 3

dodge
dodge1 dir: 7
different unit spotted
Ally Furian spotted Enemy unit at dir: 4
dodge called with dir: 4

dodge
dodge1 dir: 0
different unit spotted
different unit spotted
different unit spotted
Ally Furian spotted Enemy unit at dir: 5
dodge called with dir: 5

dodge
dodge1 dir: 1
different unit spotted
different unit spotted
Ally Furian spotted Enemy unit at dir: 6
dodge called with dir: 6

dodge
dodge1 dir: 2
different unit spotted
different unit spotted
different unit spotted
different unit spotted
Ally Furian spotted Enemy unit at dir: 5
dodge called with dir: 5

dodge
dodge1 dir: 5

next move down

different unit spotted
Ally Furian spotted Enemy unit at dir: 3
dodge called with dir: 3

next move down

different unit spotted
different unit spotted
different unit spotted
different unit spotted
different unit spotted
different unit spotted
different unit spotted
different unit spotted
different unit spotted
different unit spotted
different unit spotted
different unit spotted
different unit spotted
different unit spotted
different unit spotted
different unit spotted
different unit spotted
different unit spotted
different unit spotted
different unit spotted
different unit spotted
different unit spotted
different unit spotted
different unit spotted
different unit spotted
different unit spotted
different unit spotted
different unit spotted
different unit spotted
different unit spotted
different unit spotted
different unit spotted
Ally Furian spotted Enemy unit at dir: 1
dodge called with dir: 1

dodge
dodge1 dir: 4
different unit spotted
Ally Furian spotted Enemy unit at dir: 2
dodge called with dir: 2

dodge
dodge1 dir: 6
different unit spotted
Ally Furian spotted Enemy unit at dir: 3
dodge called with dir: 3

dodge
dodge1 dir: 6
different unit spotted
different unit spotted
Ally Furian spotted Enemy unit at dir: 0
dodge called with dir: 0

dodge
dodge1 dir: 4
different unit spotted
Ally Furian spotted Enemy unit at dir: 4
dodge called with dir: 4

dodge
dodge1 dir: 1
different unit spotted
Ally Furian spotted Enemy unit at dir: 1
dodge called with dir: 1

dodge
dodge1 dir: 1

next move down

different unit spotted
different unit spotted
different unit spotted
different unit spotted
different unit spotted
different unit spotted
different unit spotted
different unit spotted
different unit spotted
different unit spotted
different unit spotted
different unit spotted
different unit spotted
different unit spotted
different unit spotted
Hellhound spotted at dir: 1
dodge called with dir: 5

dodge
dodge1 dir: 5
order placed

next move down

different unit spotted
different unit spotted
different unit spotted
different unit spotted
different unit spotted
different unit spotted
different unit spotted
different unit spotted
Hellhound spotted at dir: 7
dodge called with dir: 3

dodge
dodge1 dir: 2
order placed

next move down

different unit spotted
different unit spotted
different unit spotted
different unit spotted
different unit spotted
different unit spotted
different unit spotted
different unit spotted
different unit spotted
different unit spotted
different unit spotted
different unit spotted
different unit spotted
different unit spotted
different unit spotted
different unit spotted
different unit spotted
different unit spotted
different unit spotted
different unit spotted
different unit spotted
different unit spotted
Ally Furian spotted Enemy unit at dir: 1
dodge called with dir: 1

dodge
dodge1 dir: 1
dodge or chase commanded dir: 3

dodge or chase commanded dir: 5

dodge or chase commanded dir: 2

dodge or chase commanded dir: 7

dodge or chase commanded dir: 5

dodge or chase commanded dir: 3

dodge or chase commanded dir: 2

dodge or chase commanded dir: 2

dodge or chase commanded dir: 2

dodge or chase commanded dir: 6

best move (not dodge) commanded

best move (not dodge) commanded

best move (not dodge) commanded

best move (not dodge) commanded

best move (not dodge) commanded

best move (not dodge) commanded

best move (not dodge) commanded

warning: action already requested for unit 1
best move (not dodge) commanded

warning: action already requested for unit 1
best move (not dodge) commanded

warning: action already requested for unit 3
best move (not dodge) commanded

warning: action already requested for unit 1
best move (not dodge) commanded

warning: action already requested for unit 1
best move (not dodge) commanded

warning: action already requested for unit 1
best move (not dodge) commanded

warning: action already requested for unit 3
best move (not dodge) commanded

warning: action already requested for unit 1
best move (not dodge) commanded

warning: action already requested for unit 1
best move (not dodge) commanded

best move (not dodge) commanded

warning: action already requested for unit 3
best move (not dodge) commanded

best move (not dodge) commanded

best move (not dodge) commanded

best move (not dodge) commanded

best move (not dodge) commanded

best move (not dodge) commanded

best move (not dodge) commanded

best move (not dodge) commanded

best move (not dodge) commanded

best move (not dodge) commanded

best move (not dodge) commanded

warning: action already requested for unit 3
best move (not dodge) commanded

best move (not dodge) commanded

warning: action already requested for unit 1
best move (not dodge) commanded

best move (not dodge) commanded

warning: action already requested for unit 1
best move (not dodge) commanded

best move (not dodge) commanded

warning: action already requested for unit 3
best move (not dodge) commanded

best move (not dodge) commanded

best move (not dodge) commanded

best move (not dodge) commanded

best move (not dodge) commanded

best move (not dodge) commanded

best move (not dodge) commanded

best move (not dodge) commanded

best move (not dodge) commanded

best move (not dodge) commanded

best move (not dodge) commanded

best move (not dodge) commanded

info:     end player 0
info:     start player 1
info:     end player 1
info:     start player 2
info:     end player 2
info:     start player 3
info:     end player 3
info: end round 64
info: start round 65
info:     start player 0

next move down

different unit spotted
different unit spotted
different unit spotted
different unit spotted
different unit spotted
different unit spotted
different unit spotted
different unit spotted
different unit spotted
Ally Pioneer spotted Enemy Furyan at dir: 1
dodge called with dir: 5

dodge
dodge1 dir: 5
order placed

next move down

different unit spotted
different unit spotted
different unit spotted
different unit spotted
different unit spotted
different unit spotted
different unit spotted
different unit spotted
different unit spotted
different unit spotted
different unit spotted
different unit spotted
different unit spotted
different unit spotted
different unit spotted

Best move


next move down

different unit spotted
different unit spotted
different unit spotted
different unit spotted
different unit spotted
different unit spotted
different unit spotted
different unit spotted
different unit spotted
different unit spotted
different unit spotted
different unit spotted
different unit spotted
different unit spotted
different unit spotted

Best move


next move down

different unit spotted
different unit spotted
different unit spotted
different unit spotted

Best move


next move down

different unit spotted
different unit spotted
different unit spotted
different unit spotted
different unit spotted
different unit spotted
different unit spotted

Best move


next move down

different unit spotted
different unit spotted
different unit spotted
different unit spotted
different unit spotted
different unit spotted
different unit spotted
different unit spotted
different unit spotted
different unit spotted
different unit spotted
different unit spotted

Best move


next move down

different unit spotted
different unit spotted

Best move


next move down

different unit spotted
different unit spotted
different unit spotted
different unit spotted
different unit spotted
different unit spotted
different unit spotted
different unit spotted
different unit spotted
different unit spotted
different unit spotted
different unit spotted

Best move


next move down

different unit spotted
different unit spotted
different unit spotted
different unit spotted
different unit spotted
different unit spotted
different unit spotted
different unit spotted
different unit spotted
different unit spotted
different unit spotted
Ally Pioneer spotted Enemy Furyan at dir: 7
dodge called with dir: 3

dodge
dodge1 dir: 3
order placed

next move down

different unit spotted
different unit spotted
different unit spotted
different unit spotted
different unit spotted

Best move


next move down

different unit spotted
different unit spotted
different unit spotted
different unit spotted
different unit spotted
different unit spotted
different unit spotted
different unit spotted
different unit spotted

Best move


next move down

different unit spotted
different unit spotted
different unit spotted
different unit spotted
different unit spotted
different unit spotted
different unit spotted
different unit spotted
different unit spotted
different unit spotted
Ally Pioneer spotted Enemy Furyan at dir: 6
dodge called with dir: 2

dodge
dodge1 dir: 2
order placed

next move down

different unit spotted
different unit spotted
different unit spotted
different unit spotted
different unit spotted
different unit spotted
different unit spotted
different unit spotted
different unit spotted
different unit spotted
different unit spotted
different unit spotted
different unit spotted
different unit spotted
different unit spotted
different unit spotted
different unit spotted
different unit spotted
different unit spotted
different unit spotted
different unit spotted

Best move


next move down

different unit spotted
different unit spotted
different unit spotted
different unit spotted
different unit spotted
different unit spotted
different unit spotted
different unit spotted
different unit spotted
different unit spotted
different unit spotted
different unit spotted
different unit spotted
different unit spotted
different unit spotted
different unit spotted
different unit spotted
different unit spotted
different unit spotted

Best move


next move down

different unit spotted
different unit spotted
different unit spotted
different unit spotted
different unit spotted
different unit spotted
different unit spotted
different unit spotted
different unit spotted
different unit spotted
different unit spotted

Best move


next move down

different unit spotted
different unit spotted
different unit spotted
different unit spotted
different unit spotted
different unit spotted
different unit spotted
different unit spotted
different unit spotted
different unit spotted
different unit spotted
different unit spotted
different unit spotted
different unit spotted
different unit spotted
different unit spotted
different unit spotted

Best move


next move down

different unit spotted
different unit spotted
different unit spotted
different unit spotted
different unit spotted
different unit spotted
different unit spotted
different unit spotted
different unit spotted
different unit spotted
different unit spotted
different unit spotted
different unit spotted
Ally Pioneer spotted Enemy Furyan at dir: 7
dodge called with dir: 3

dodge
dodge1 dir: 2
order placed

next move down

different unit spotted
different unit spotted
different unit spotted
different unit spotted
different unit spotted
different unit spotted
different unit spotted
different unit spotted
different unit spotted
different unit spotted
different unit spotted
different unit spotted
different unit spotted
different unit spotted

Best move


next move down

different unit spotted
different unit spotted
different unit spotted
different unit spotted
different unit spotted
different unit spotted
different unit spotted
different unit spotted
different unit spotted
different unit spotted
different unit spotted
different unit spotted
different unit spotted
different unit spotted
different unit spotted
different unit spotted
different unit spotted
different unit spotted
different unit spotted
different unit spotted
different unit spotted
different unit spotted

Best move


next move down

different unit spotted
different unit spotted
different unit spotted
different unit spotted
different unit spotted
different unit spotted
different unit spotted
different unit spotted
different unit spotted
different unit spotted
different unit spotted
different unit spotted
different unit spotted
different unit spotted
different unit spotted
different unit spotted
different unit spotted
different unit spotted
different unit spotted
different unit spotted
different unit spotted

Best move


next move down

different unit spotted
different unit spotted
different unit spotted
different unit spotted
different unit spotted
different unit spotted
different unit spotted
different unit spotted
different unit spotted

Best move


next move down

different unit spotted
different unit spotted
different unit spotted
different unit spotted

Best move


next move down

different unit spotted
different unit spotted
different unit spotted
different unit spotted
different unit spotted
different unit spotted
different unit spotted
Ally Pioneer spotted Enemy Furyan at dir: 0
dodge called with dir: 4

dodge
dodge1 dir: 4
order placed

next move down

different unit spotted
different unit spotted
different unit spotted
different unit spotted
different unit spotted
different unit spotted
different unit spotted
different unit spotted
different unit spotted
different unit spotted
different unit spotted
different unit spotted
different unit spotted
different unit spotted
different unit spotted
different unit spotted
different unit spotted
different unit spotted
different unit spotted

Best move


next move down

different unit spotted
different unit spotted
different unit spotted
different unit spotted
different unit spotted
different unit spotted
different unit spotted
different unit spotted
different unit spotted
different unit spotted
different unit spotted
different unit spotted
different unit spotted
different unit spotted
different unit spotted
different unit spotted
different unit spotted
different unit spotted
different unit spotted
different unit spotted
different unit spotted
different unit spotted
different unit spotted
different unit spotted

Best move


next move down

different unit spotted
different unit spotted
different unit spotted
different unit spotted
different unit spotted
different unit spotted
different unit spotted
different unit spotted
different unit spotted
different unit spotted
different unit spotted
different unit spotted
different unit spotted
different unit spotted

Best move


next move down

different unit spotted
different unit spotted
different unit spotted
different unit spotted
different unit spotted
different unit spotted
different unit spotted
different unit spotted
different unit spotted
different unit spotted
different unit spotted
different unit spotted
different unit spotted
different unit spotted

Best move


next move down

different unit spotted
different unit spotted
different unit spotted
different unit spotted
different unit spotted
different unit spotted
different unit spotted
different unit spotted
different unit spotted
different unit spotted
different unit spotted
different unit spotted
different unit spotted
different unit spotted
different unit spotted
different unit spotted
different unit spotted
different unit spotted

Best move


next move down

different unit spotted
different unit spotted
different unit spotted
different unit spotted
different unit spotted
different unit spotted
different unit spotted
different unit spotted
different unit spotted
different unit spotted
different unit spotted
different unit spotted
different unit spotted
different unit spotted
different unit spotted
different unit spotted
different unit spotted
different unit spotted
different unit spotted
different unit spotted
different unit spotted

Best move


next move down

different unit spotted
different unit spotted
different unit spotted
different unit spotted
different unit spotted
different unit spotted
different unit spotted
different unit spotted
different unit spotted
different unit spotted
different unit spotted
different unit spotted
different unit spotted
different unit spotted
different unit spotted
different unit spotted
different unit spotted
different unit spotted
different unit spotted
different unit spotted
different unit spotted
different unit spotted
different unit spotted
different unit spotted
different unit spotted
different unit spotted

Best move


next move down

different unit spotted
different unit spotted
different unit spotted
different unit spotted
different unit spotted
different unit spotted
different unit spotted
different unit spotted
different unit spotted
different unit spotted
different unit spotted
different unit spotted
different unit spotted
different unit spotted
different unit spotted
different unit spotted
different unit spotted
different unit spotted
different unit spotted
different unit spotted
different unit spotted
different unit spotted
different unit spotted
different unit spotted
different unit spotted
different unit spotted
different unit spotted
different unit spotted

Best move


next move down

different unit spotted
different unit spotted
different unit spotted
different unit spotted
different unit spotted
different unit spotted
different unit spotted
different unit spotted
different unit spotted
different unit spotted
different unit spotted
different unit spotted
different unit spotted
different unit spotted
different unit spotted

Best move


next move down

different unit spotted
different unit spotted
different unit spotted
different unit spotted
different unit spotted
different unit spotted
different unit spotted
different unit spotted
different unit spotted
different unit spotted
different unit spotted
different unit spotted
different unit spotted
different unit spotted
different unit spotted
different unit spotted

Best move


next move down

different unit spotted
different unit spotted
different unit spotted
different unit spotted
different unit spotted
different unit spotted
different unit spotted
different unit spotted
different unit spotted
different unit spotted
different unit spotted
different unit spotted
different unit spotted
different unit spotted
different unit spotted
different unit spotted

Best move


next move down

different unit spotted
different unit spotted
different unit spotted
different unit spotted
different unit spotted
different unit spotted
different unit spotted
different unit spotted
different unit spotted

Best move


next move down

different unit spotted
different unit spotted
different unit spotted
different unit spotted
different unit spotted
different unit spotted
different unit spotted
different unit spotted
different unit spotted
different unit spotted
different unit spotted
different unit spotted
different unit spotted
different unit spotted
different unit spotted
different unit spotted
different unit spotted
different unit spotted
different unit spotted
different unit spotted
different unit spotted
different unit spotted
different unit spotted

Best move


next move down

different unit spotted
different unit spotted
different unit spotted
different unit spotted
different unit spotted
different unit spotted
Ally Furian spotted Enemy unit at dir: 1
dodge called with dir: 1

dodge
dodge1 dir: 3

next move down

different unit spotted
different unit spotted
Ally Furian spotted Enemy unit at dir: 7
dodge called with dir: 7

dodge
dodge1 dir: 3
different unit spotted
different unit spotted
different unit spotted
different unit spotted
different unit spotted
different unit spotted
different unit spotted
Ally Furian spotted Enemy unit at dir: 0
dodge called with dir: 0

dodge
dodge1 dir: 3
different unit spotted
different unit spotted
Ally Furian spotted Enemy unit at dir: 6
dodge called with dir: 6

dodge
dodge1 dir: 2
different unit spotted
different unit spotted
different unit spotted
Ally Furian spotted Enemy unit at dir: 1
dodge called with dir: 1

dodge
dodge1 dir: 3
different unit spotted
Ally Furian spotted Enemy unit at dir: 2
dodge called with dir: 2

dodge
dodge1 dir: 7
different unit spotted
different unit spotted
Ally Furian spotted Enemy unit at dir: 3
dodge called with dir: 3

dodge
dodge1 dir: 7
different unit spotted
different unit spotted
different unit spotted
different unit spotted
different unit spotted
different unit spotted
different unit spotted
different unit spotted
Ally Furian spotted Enemy unit at dir: 5
dodge called with dir: 5

dodge
dodge1 dir: 3

next move down

different unit spotted
different unit spotted
different unit spotted
different unit spotted
different unit spotted
different unit spotted
different unit spotted
different unit spotted
different unit spotted
different unit spotted
different unit spotted
different unit spotted
different unit spotted
different unit spotted
different unit spotted
different unit spotted
different unit spotted
different unit spotted
different unit spotted
different unit spotted
different unit spotted
different unit spotted
different unit spotted
different unit spotted
different unit spotted
different unit spotted
different unit spotted
different unit spotted
different unit spotted
different unit spotted
different unit spotted
different unit spotted
different unit spotted
different unit spotted
different unit spotted
different unit spotted
different unit spotted
different unit spotted
different unit spotted
Ally Furian spotted Enemy unit at dir: 5
dodge called with dir: 5

dodge
dodge1 dir: 1
different unit spotted
Ally Furian spotted Enemy unit at dir: 6
dodge called with dir: 6

dodge
dodge1 dir: 2
different unit spotted
Ally Furian spotted Enemy unit at dir: 3
dodge called with dir: 3

dodge
dodge1 dir: 7
different unit spotted
Ally Furian spotted Enemy unit at dir: 7
dodge called with dir: 7

dodge
dodge1 dir: 3
different unit spotted
Ally Furian spotted Enemy unit at dir: 4
dodge called with dir: 4

dodge
dodge1 dir: 0
different unit spotted
Ally Furian spotted Enemy unit at dir: 0
dodge called with dir: 0

dodge
dodge1 dir: 4
different unit spotted
different unit spotted
different unit spotted
different unit spotted
Ally Furian spotted Enemy unit at dir: 2
dodge called with dir: 2

dodge
dodge1 dir: 6
different unit spotted
Ally Furian spotted Enemy unit at dir: 2
dodge called with dir: 2

dodge
dodge1 dir: 6
different unit spotted
Ally Furian spotted Enemy unit at dir: 1
dodge called with dir: 1

dodge
dodge1 dir: 5
different unit spotted
Ally Furian spotted Enemy unit at dir: 2
dodge called with dir: 2

dodge
dodge1 dir: 2

next move down

different unit spotted
different unit spotted
different unit spotted
different unit spotted
different unit spotted
different unit spotted
different unit spotted
different unit spotted
different unit spotted
different unit spotted
different unit spotted
different unit spotted
different unit spotted
different unit spotted
different unit spotted
different unit spotted
different unit spotted
different unit spotted
different unit spotted
different unit spotted
different unit spotted
different unit spotted
different unit spotted
different unit spotted
different unit spotted
different unit spotted
different unit spotted
different unit spotted
different unit spotted
different unit spotted
different unit spotted
different unit spotted
Ally Furian spotted Enemy unit at dir: 7
dodge called with dir: 7

dodge
dodge1 dir: 7

next move down

different unit spotted
different unit spotted
different unit spotted
different unit spotted
different unit spotted
different unit spotted
different unit spotted
different unit spotted
different unit spotted
different unit spotted
different unit spotted
different unit spotted
different unit spotted
Ally Furian spotted Enemy unit at dir: 1
dodge called with dir: 1

dodge
dodge1 dir: 1

next move down

different unit spotted
different unit spotted
Hellhound spotted at dir: 7
dodge called with dir: 3

dodge
dodge1 dir: 2
order placed

next move down

different unit spotted
different unit spotted
different unit spotted
different unit spotted
different unit spotted
different unit spotted
different unit spotted
different unit spotted
different unit spotted
different unit spotted
different unit spotted
different unit spotted
different unit spotted
different unit spotted
different unit spotted
different unit spotted
different unit spotted
different unit spotted
different unit spotted
Ally Furian spotted Enemy unit at dir: 0
dodge called with dir: 0

dodge
dodge1 dir: 0
dodge or chase commanded dir: 2

dodge or chase commanded dir: 5

dodge or chase commanded dir: 2

dodge or chase commanded dir: 3

dodge or chase commanded dir: 4

dodge or chase commanded dir: 2

best move (not dodge) commanded

best move (not dodge) commanded

best move (not dodge) commanded

best move (not dodge) commanded

best move (not dodge) commanded

best move (not dodge) commanded

warning: action already requested for unit 2
best move (not dodge) commanded

warning: action already requested for unit 2
best move (not dodge) commanded

warning: action already requested for unit 2
best move (not dodge) commanded

warning: action already requested for unit 2
best move (not dodge) commanded

warning: action already requested for unit 2
best move (not dodge) commanded

warning: action already requested for unit 2
best move (not dodge) commanded

warning: action already requested for unit 2
best move (not dodge) commanded

warning: action already requested for unit 2
best move (not dodge) commanded

best move (not dodge) commanded

warning: action already requested for unit 1
best move (not dodge) commanded

warning: action already requested for unit 1
best move (not dodge) commanded

warning: action already requested for unit 1
best move (not dodge) commanded

warning: action already requested for unit 1
best move (not dodge) commanded

best move (not dodge) commanded

warning: action already requested for unit 1
best move (not dodge) commanded

best move (not dodge) commanded

best move (not dodge) commanded

best move (not dodge) commanded

best move (not dodge) commanded

best move (not dodge) commanded

best move (not dodge) commanded

best move (not dodge) commanded

best move (not dodge) commanded

best move (not dodge) commanded

best move (not dodge) commanded

best move (not dodge) commanded

best move (not dodge) commanded

best move (not dodge) commanded

best move (not dodge) commanded

best move (not dodge) commanded

best move (not dodge) commanded

best move (not dodge) commanded

warning: action already requested for unit 1
best move (not dodge) commanded

best move (not dodge) commanded

best move (not dodge) commanded

best move (not dodge) commanded

best move (not dodge) commanded

best move (not dodge) commanded

best move (not dodge) commanded

warning: action already requested for unit 2
best move (not dodge) commanded

best move (not dodge) commanded

best move (not dodge) commanded

best move (not dodge) commanded

best move (not dodge) commanded

best move (not dodge) commanded

best move (not dodge) commanded

info:     end player 0
info:     start player 1
info:     end player 1
info:     start player 2
info:     end player 2
info:     start player 3
info:     end player 3
info: end round 65
info: start round 66
info:     start player 0

next move down

different unit spotted
Ally Pioneer spotted Enemy Furyan at dir: 5
dodge called with dir: 1

dodge
dodge1 dir: 1
order placed

next move down

different unit spotted
different unit spotted
different unit spotted
different unit spotted
different unit spotted
different unit spotted
different unit spotted
different unit spotted
different unit spotted
different unit spotted
different unit spotted
different unit spotted
different unit spotted
different unit spotted
different unit spotted
different unit spotted
different unit spotted
different unit spotted
different unit spotted

Best move


next move down

different unit spotted
different unit spotted
different unit spotted
different unit spotted
different unit spotted
different unit spotted
different unit spotted
different unit spotted
different unit spotted
Ally Pioneer spotted Enemy Furyan at dir: 1
dodge called with dir: 5

dodge
dodge1 dir: 5
order placed

next move down

different unit spotted
different unit spotted
different unit spotted
different unit spotted
different unit spotted

Best move


next move down

different unit spotted
different unit spotted
different unit spotted
different unit spotted
different unit spotted
different unit spotted
different unit spotted
different unit spotted
Ally Pioneer spotted Enemy Furyan at dir: 1
dodge called with dir: 5

dodge
dodge1 dir: 5
order placed

next move down

different unit spotted
different unit spotted
different unit spotted
different unit spotted
different unit spotted

Best move


next move down

different unit spotted
different unit spotted
different unit spotted
different unit spotted
different unit spotted
different unit spotted

Best move


next move down

different unit spotted
different unit spotted
different unit spotted
different unit spotted
different unit spotted
different unit spotted
different unit spotted
different unit spotted
different unit spotted
different unit spotted
different unit spotted

Best move


next move down

different unit spotted
different unit spotted
different unit spotted
different unit spotted
different unit spotted
different unit spotted
different unit spotted
different unit spotted
different unit spotted
different unit spotted
different unit spotted
different unit spotted
different unit spotted
different unit spotted
different unit spotted
different unit spotted
different unit spotted
different unit spotted
different unit spotted
different unit spotted
different unit spotted
different unit spotted
different unit spotted

Best move


next move down

different unit spotted
different unit spotted
different unit spotted
different unit spotted
different unit spotted
different unit spotted

Best move


next move down

different unit spotted
different unit spotted
different unit spotted
different unit spotted
different unit spotted
different unit spotted
different unit spotted
different unit spotted
different unit spotted
different unit spotted

Best move


next move down

different unit spotted
different unit spotted
different unit spotted
different unit spotted
different unit spotted
different unit spotted
different unit spotted
different unit spotted
different unit spotted
Ally Pioneer spotted Enemy Furyan at dir: 7
dodge called with dir: 3

dodge
dodge1 dir: 3
order placed

next move down

different unit spotted
different unit spotted
different unit spotted
different unit spotted
different unit spotted
different unit spotted
different unit spotted
different unit spotted
different unit spotted
different unit spotted
different unit spotted
different unit spotted
different unit spotted
different unit spotted
different unit spotted
different unit spotted
different unit spotted
different unit spotted
different unit spotted
different unit spotted

Best move


next move down

different unit spotted
different unit spotted
different unit spotted
different unit spotted
different unit spotted
different unit spotted
different unit spotted
different unit spotted
different unit spotted
different unit spotted
different unit spotted
different unit spotted
different unit spotted
different unit spotted
different unit spotted
different unit spotted
different unit spotted
different unit spotted
different unit spotted
different unit spotted
different unit spotted
different unit spotted
different unit spotted
different unit spotted
different unit spotted
different unit spotted
different unit spotted
different unit spotted
different unit spotted
different unit spotted

Best move


next move down

different unit spotted
different unit spotted
different unit spotted
different unit spotted
different unit spotted
different unit spotted
different unit spotted
different unit spotted
different unit spotted
different unit spotted
different unit spotted
different unit spotted
different unit spotted
different unit spotted
different unit spotted

Best move


next move down

different unit spotted
different unit spotted
different unit spotted
different unit spotted
different unit spotted
different unit spotted
Ally Pioneer spotted Enemy Furyan at dir: 5
dodge called with dir: 1

dodge
dodge1 dir: 1
order placed

next move down

different unit spotted
different unit spotted
different unit spotted
different unit spotted
different unit spotted
different unit spotted
different unit spotted
different unit spotted
different unit spotted
different unit spotted
different unit spotted
Ally Pioneer spotted Enemy Furyan at dir: 7
dodge called with dir: 3

dodge
dodge1 dir: 2
order placed

next move down

different unit spotted
different unit spotted
different unit spotted
different unit spotted
different unit spotted
different unit spotted
different unit spotted
different unit spotted
different unit spotted
different unit spotted
different unit spotted
different unit spotted
different unit spotted
different unit spotted
different unit spotted
different unit spotted
different unit spotted
different unit spotted
different unit spotted
different unit spotted
different unit spotted
different unit spotted
different unit spotted
different unit spotted
different unit spotted
different unit spotted

Best move


next move down

different unit spotted
different unit spotted
different unit spotted
different unit spotted
different unit spotted
different unit spotted
different unit spotted
different unit spotted
different unit spotted
different unit spotted
different unit spotted
different unit spotted
different unit spotted
different unit spotted
different unit spotted
different unit spotted
different unit spotted
different unit spotted
different unit spotted
different unit spotted
different unit spotted
different unit spotted
different unit spotted
different unit spotted
different unit spotted
different unit spotted
different unit spotted

Best move


next move down

different unit spotted
different unit spotted
different unit spotted
different unit spotted
different unit spotted
different unit spotted
different unit spotted
different unit spotted
different unit spotted
different unit spotted
different unit spotted
different unit spotted
different unit spotted
different unit spotted
different unit spotted
different unit spotted
different unit spotted
different unit spotted

Best move


next move down

different unit spotted
different unit spotted
different unit spotted
different unit spotted
different unit spotted
different unit spotted
different unit spotted
Ally Pioneer spotted Enemy Furyan at dir: 6
dodge called with dir: 2

dodge
dodge1 dir: 2
order placed

next move down

different unit spotted
different unit spotted
different unit spotted
different unit spotted

Best move


next move down

different unit spotted
different unit spotted
different unit spotted
different unit spotted
different unit spotted
different unit spotted
different unit spotted
different unit spotted
different unit spotted
different unit spotted
different unit spotted

Best move


next move down

different unit spotted
different unit spotted
different unit spotted
different unit spotted
different unit spotted
different unit spotted
different unit spotted
different unit spotted
different unit spotted
different unit spotted
different unit spotted
different unit spotted
different unit spotted
different unit spotted
different unit spotted
different unit spotted
different unit spotted
different unit spotted
different unit spotted
different unit spotted
different unit spotted

Best move


next move down

different unit spotted
different unit spotted
different unit spotted
different unit spotted
different unit spotted
different unit spotted
different unit spotted
different unit spotted
different unit spotted
different unit spotted
different unit spotted
different unit spotted
different unit spotted
different unit spotted
different unit spotted
different unit spotted
different unit spotted
different unit spotted

Best move


next move down

different unit spotted
different unit spotted
different unit spotted
different unit spotted
different unit spotted
different unit spotted
different unit spotted
different unit spotted
different unit spotted
different unit spotted
different unit spotted
different unit spotted
different unit spotted
different unit spotted
different unit spotted
different unit spotted
different unit spotted
different unit spotted
different unit spotted
different unit spotted
different unit spotted
different unit spotted

Best move


next move down

different unit spotted
different unit spotted
different unit spotted
different unit spotted
different unit spotted
different unit spotted
different unit spotted
different unit spotted
different unit spotted
different unit spotted
different unit spotted
different unit spotted
different unit spotted

Best move


next move down

different unit spotted
different unit spotted
different unit spotted
different unit spotted
different unit spotted
different unit spotted
different unit spotted
different unit spotted
different unit spotted
different unit spotted
different unit spotted
different unit spotted
different unit spotted
different unit spotted

Best move


next move down

different unit spotted
different unit spotted
different unit spotted
different unit spotted
different unit spotted
different unit spotted
different unit spotted
different unit spotted
different unit spotted
different unit spotted
different unit spotted
different unit spotted
different unit spotted
different unit spotted
different unit spotted
different unit spotted
different unit spotted
different unit spotted
different unit spotted
different unit spotted
different unit spotted
different unit spotted
different unit spotted
different unit spotted
different unit spotted
different unit spotted

Best move


next move down

different unit spotted
different unit spotted
different unit spotted
different unit spotted
different unit spotted
different unit spotted
different unit spotted
different unit spotted
different unit spotted
different unit spotted
different unit spotted
different unit spotted
different unit spotted
different unit spotted
different unit spotted
different unit spotted
different unit spotted
different unit spotted
different unit spotted
different unit spotted
different unit spotted

Best move


next move down

different unit spotted
different unit spotted
different unit spotted
different unit spotted
different unit spotted
different unit spotted
different unit spotted
different unit spotted
different unit spotted
different unit spotted
different unit spotted
different unit spotted
different unit spotted
different unit spotted
different unit spotted
different unit spotted
different unit spotted
different unit spotted
different unit spotted
different unit spotted
different unit spotted
different unit spotted
different unit spotted
different unit spotted
different unit spotted
different unit spotted
different unit spotted
different unit spotted
different unit spotted

Best move


next move down

different unit spotted
different unit spotted
different unit spotted
different unit spotted
different unit spotted
different unit spotted
different unit spotted
different unit spotted
different unit spotted
different unit spotted
different unit spotted
different unit spotted
different unit spotted
different unit spotted
different unit spotted
different unit spotted
different unit spotted
different unit spotted
different unit spotted
different unit spotted

Best move


next move down

different unit spotted
different unit spotted
different unit spotted
different unit spotted
different unit spotted
different unit spotted
different unit spotted
different unit spotted
different unit spotted
different unit spotted
different unit spotted
different unit spotted
different unit spotted

Best move


get sun distance

get sun distance

get sun distance

get sun distance

get sun distance

get sun distance

get sun distance

get sun distance

next move down

different unit spotted
different unit spotted
different unit spotted
different unit spotted
different unit spotted
different unit spotted
different unit spotted
different unit spotted
different unit spotted
different unit spotted
different unit spotted
different unit spotted
different unit spotted
different unit spotted
different unit spotted
different unit spotted

Best move


next move down

different unit spotted
different unit spotted
different unit spotted
different unit spotted
different unit spotted
different unit spotted
different unit spotted
different unit spotted
different unit spotted
different unit spotted
different unit spotted
different unit spotted
different unit spotted

Best move


next move down

different unit spotted
different unit spotted
different unit spotted
different unit spotted
different unit spotted
different unit spotted
different unit spotted
different unit spotted
different unit spotted
different unit spotted
different unit spotted
different unit spotted
different unit spotted
different unit spotted
different unit spotted
different unit spotted
different unit spotted
different unit spotted
different unit spotted
different unit spotted
different unit spotted
different unit spotted
different unit spotted

Best move


next move down

different unit spotted
different unit spotted
different unit spotted
different unit spotted
different unit spotted
different unit spotted
different unit spotted
Ally Furian spotted Enemy unit at dir: 0
dodge called with dir: 0

dodge
dodge1 dir: 1

next move down

different unit spotted
different unit spotted
Ally Furian spotted Enemy unit at dir: 7
dodge called with dir: 7

dodge
dodge1 dir: 1
different unit spotted
different unit spotted
different unit spotted
different unit spotted
Ally Furian spotted Enemy unit at dir: 0
dodge called with dir: 0

dodge
dodge1 dir: 5
different unit spotted
different unit spotted
Ally Furian spotted Enemy unit at dir: 6
dodge called with dir: 6

dodge
dodge1 dir: 1
different unit spotted
different unit spotted
different unit spotted
different unit spotted
different unit spotted
different unit spotted
Ally Furian spotted Enemy unit at dir: 2
dodge called with dir: 2

dodge
dodge1 dir: 5
different unit spotted
different unit spotted
Ally Furian spotted Enemy unit at dir: 5
dodge called with dir: 5

dodge
dodge1 dir: 1
different unit spotted
Ally Furian spotted Enemy unit at dir: 4
dodge called with dir: 4

dodge
dodge1 dir: 0
different unit spotted
different unit spotted
Ally Furian spotted Enemy unit at dir: 3
dodge called with dir: 3

dodge
dodge1 dir: 7
different unit spotted
different unit spotted
different unit spotted
different unit spotted
different unit spotted
Ally Furian spotted Enemy unit at dir: 7
dodge called with dir: 7

dodge
dodge1 dir: 7

next move down

different unit spotted
different unit spotted
different unit spotted
different unit spotted
different unit spotted
different unit spotted
different unit spotted
different unit spotted
different unit spotted
different unit spotted
different unit spotted
different unit spotted
different unit spotted
different unit spotted
different unit spotted
different unit spotted
different unit spotted
different unit spotted
different unit spotted
different unit spotted
different unit spotted
different unit spotted
different unit spotted
different unit spotted
different unit spotted
different unit spotted
different unit spotted
different unit spotted
different unit spotted
different unit spotted
different unit spotted
different unit spotted
different unit spotted
different unit spotted
different unit spotted
different unit spotted
different unit spotted
different unit spotted
different unit spotted
different unit spotted
different unit spotted
different unit spotted
different unit spotted
Ally Furian spotted Enemy unit at dir: 5
dodge called with dir: 5

dodge
dodge1 dir: 1
different unit spotted
Ally Furian spotted Enemy unit at dir: 6
dodge called with dir: 6

dodge
dodge1 dir: 2
different unit spotted
Ally Furian spotted Enemy unit at dir: 7
dodge called with dir: 7

dodge
dodge1 dir: 3
different unit spotted
Ally Furian spotted Enemy unit at dir: 4
dodge called with dir: 4

dodge
dodge1 dir: 4

next move down

different unit spotted
different unit spotted
different unit spotted
different unit spotted
different unit spotted
different unit spotted
different unit spotted
different unit spotted
different unit spotted
different unit spotted
different unit spotted
different unit spotted
different unit spotted
different unit spotted
different unit spotted
different unit spotted
different unit spotted
different unit spotted
different unit spotted
different unit spotted
different unit spotted
different unit spotted
different unit spotted
different unit spotted
different unit spotted
different unit spotted
different unit spotted
different unit spotted
different unit spotted
different unit spotted
different unit spotted
Ally Furian spotted Enemy unit at dir: 7
dodge called with dir: 7

dodge
dodge1 dir: 7

next move down

different unit spotted
different unit spotted
different unit spotted
different unit spotted
different unit spotted
different unit spotted
different unit spotted
different unit spotted
different unit spotted
Ally Furian spotted Enemy unit at dir: 1
dodge called with dir: 1

dodge
dodge1 dir: 1

next move down

different unit spotted
different unit spotted
different unit spotted
different unit spotted
different unit spotted
different unit spotted
different unit spotted
different unit spotted
different unit spotted
Ally Furian spotted Enemy unit at dir: 0
dodge called with dir: 0

dodge
dodge1 dir: 0
dodge or chase commanded dir: 1

dodge or chase commanded dir: 5

dodge or chase commanded dir: 3

dodge or chase commanded dir: 5

dodge or chase commanded dir: 2

dodge or chase commanded dir: 1

dodge or chase commanded dir: 2

best move (not dodge) commanded

best move (not dodge) commanded

best move (not dodge) commanded

best move (not dodge) commanded

best move (not dodge) commanded

best move (not dodge) commanded

best move (not dodge) commanded

warning: action already requested for unit 1
best move (not dodge) commanded

warning: action already requested for unit 1
best move (not dodge) commanded

warning: action already requested for unit 1
best move (not dodge) commanded

warning: action already requested for unit 1
best move (not dodge) commanded

warning: action already requested for unit 1
best move (not dodge) commanded

best move (not dodge) commanded

warning: action already requested for unit 1
best move (not dodge) commanded

best move (not dodge) commanded

best move (not dodge) commanded

warning: action already requested for unit 2
best move (not dodge) commanded

best move (not dodge) commanded

best move (not dodge) commanded

best move (not dodge) commanded

best move (not dodge) commanded

best move (not dodge) commanded

best move (not dodge) commanded

best move (not dodge) commanded

best move (not dodge) commanded

best move (not dodge) commanded

best move (not dodge) commanded

warning: action already requested for unit 2
best move (not dodge) commanded

best move (not dodge) commanded

best move (not dodge) commanded

best move (not dodge) commanded

warning: action already requested for unit 1
best move (not dodge) commanded

best move (not dodge) commanded

best move (not dodge) commanded

best move (not dodge) commanded

best move (not dodge) commanded

best move (not dodge) commanded

best move (not dodge) commanded

warning: action already requested for unit 2
best move (not dodge) commanded

best move (not dodge) commanded

best move (not dodge) commanded

best move (not dodge) commanded

best move (not dodge) commanded

best move (not dodge) commanded

best move (not dodge) commanded

info:     end player 0
info:     start player 1
info:     end player 1
info:     start player 2
info:     end player 2
info:     start player 3
info:     end player 3
info: end round 66
info: start round 67
info:     start player 0

next move down

different unit spotted
different unit spotted
different unit spotted
different unit spotted
different unit spotted
different unit spotted
different unit spotted
different unit spotted
Ally Pioneer spotted Enemy Furyan at dir: 5
dodge called with dir: 1

dodge
dodge1 dir: 1
order placed

next move down

different unit spotted
different unit spotted
different unit spotted
different unit spotted
different unit spotted
different unit spotted
different unit spotted
different unit spotted
different unit spotted
different unit spotted
different unit spotted
different unit spotted
different unit spotted
different unit spotted
different unit spotted
different unit spotted

Best move


next move down

different unit spotted
different unit spotted
different unit spotted
different unit spotted
different unit spotted
different unit spotted
different unit spotted
different unit spotted
different unit spotted
Ally Pioneer spotted Enemy Furyan at dir: 1
dodge called with dir: 5

dodge
dodge1 dir: 5
order placed

next move down

different unit spotted
different unit spotted
different unit spotted

Best move


next move down

different unit spotted
different unit spotted
different unit spotted
different unit spotted
different unit spotted
different unit spotted
different unit spotted
different unit spotted
Ally Pioneer spotted Enemy Furyan at dir: 1
dodge called with dir: 5

dodge
dodge1 dir: 5
order placed

next move down

different unit spotted
different unit spotted
different unit spotted
different unit spotted
different unit spotted
different unit spotted
different unit spotted

Best move


next move down

different unit spotted
different unit spotted
different unit spotted

Best move


next move down

different unit spotted
different unit spotted
different unit spotted
different unit spotted
different unit spotted
different unit spotted

Best move


next move down

different unit spotted
different unit spotted
different unit spotted
different unit spotted
different unit spotted
different unit spotted
different unit spotted
Ally Pioneer spotted Enemy Furyan at dir: 6
dodge called with dir: 2

dodge
dodge1 dir: 2
order placed

next move down

different unit spotted
different unit spotted
different unit spotted
different unit spotted
different unit spotted
different unit spotted
different unit spotted
different unit spotted
different unit spotted
different unit spotted

Best move


next move down

different unit spotted
different unit spotted
different unit spotted
different unit spotted
different unit spotted
different unit spotted
different unit spotted
Hellhound spotted at dir: 5
dodge called with dir: 1

dodge
dodge1 dir: 1
order placed

next move down

different unit spotted
different unit spotted
different unit spotted
different unit spotted
different unit spotted
different unit spotted
different unit spotted
different unit spotted
different unit spotted
different unit spotted
different unit spotted

Best move


next move down

different unit spotted
different unit spotted
different unit spotted
different unit spotted
different unit spotted
different unit spotted
different unit spotted
different unit spotted
Ally Pioneer spotted Enemy Furyan at dir: 0
dodge called with dir: 4

dodge
dodge1 dir: 3
order placed

next move down

different unit spotted
different unit spotted
different unit spotted
different unit spotted
different unit spotted
different unit spotted
different unit spotted
different unit spotted
different unit spotted
different unit spotted
different unit spotted
different unit spotted
different unit spotted
different unit spotted
different unit spotted
different unit spotted
different unit spotted
different unit spotted
different unit spotted
different unit spotted
different unit spotted
different unit spotted
different unit spotted
different unit spotted
different unit spotted
different unit spotted
different unit spotted
different unit spotted
different unit spotted
different unit spotted

Best move


next move down

different unit spotted
different unit spotted
different unit spotted
different unit spotted
different unit spotted
different unit spotted
different unit spotted
different unit spotted
different unit spotted
different unit spotted
different unit spotted
different unit spotted
different unit spotted
different unit spotted
different unit spotted
different unit spotted
different unit spotted
different unit spotted
different unit spotted
different unit spotted
different unit spotted

Best move


next move down

different unit spotted
different unit spotted
different unit spotted
different unit spotted
different unit spotted
Ally Pioneer spotted Enemy Furyan at dir: 5
dodge called with dir: 1

dodge
dodge1 dir: 1
order placed

next move down

different unit spotted
different unit spotted
different unit spotted
different unit spotted
different unit spotted
different unit spotted
Ally Pioneer spotted Enemy Furyan at dir: 7
dodge called with dir: 3

dodge
dodge1 dir: 0
order placed

next move down

different unit spotted
different unit spotted
different unit spotted
different unit spotted
different unit spotted
different unit spotted
different unit spotted
different unit spotted
different unit spotted
different unit spotted
different unit spotted
different unit spotted
different unit spotted
different unit spotted
different unit spotted
different unit spotted
different unit spotted
different unit spotted
different unit spotted
different unit spotted
different unit spotted
different unit spotted
different unit spotted
different unit spotted
different unit spotted
different unit spotted

Best move


next move down

different unit spotted
different unit spotted
different unit spotted
different unit spotted
different unit spotted
different unit spotted
different unit spotted
different unit spotted
different unit spotted
different unit spotted
different unit spotted
different unit spotted
different unit spotted
different unit spotted
different unit spotted
different unit spotted
different unit spotted
different unit spotted
different unit spotted
different unit spotted
different unit spotted
different unit spotted
different unit spotted
different unit spotted

Best move


next move down

different unit spotted
different unit spotted
different unit spotted
different unit spotted
different unit spotted
different unit spotted
different unit spotted
different unit spotted
different unit spotted
different unit spotted
different unit spotted
different unit spotted
different unit spotted
different unit spotted
different unit spotted
different unit spotted
different unit spotted
different unit spotted

Best move


next move down

different unit spotted
different unit spotted
different unit spotted
different unit spotted
different unit spotted
different unit spotted
different unit spotted
different unit spotted
Ally Pioneer spotted Enemy Furyan at dir: 5
dodge called with dir: 1

dodge
dodge1 dir: 1
order placed

next move down

different unit spotted
different unit spotted
different unit spotted
different unit spotted

Best move


next move down

different unit spotted
different unit spotted
different unit spotted
different unit spotted
different unit spotted
different unit spotted
different unit spotted
different unit spotted
Ally Pioneer spotted Enemy Furyan at dir: 1
dodge called with dir: 5

dodge
dodge1 dir: 5
order placed

next move down

different unit spotted
different unit spotted
different unit spotted
different unit spotted
different unit spotted
different unit spotted
different unit spotted
different unit spotted
different unit spotted
different unit spotted
different unit spotted
different unit spotted
different unit spotted
different unit spotted
different unit spotted
different unit spotted
different unit spotted
different unit spotted
different unit spotted
different unit spotted
different unit spotted
different unit spotted
different unit spotted

Best move


next move down

different unit spotted
different unit spotted
different unit spotted
different unit spotted
different unit spotted
different unit spotted
different unit spotted
different unit spotted
different unit spotted
different unit spotted
different unit spotted
different unit spotted
different unit spotted
different unit spotted
different unit spotted
different unit spotted
different unit spotted
different unit spotted
different unit spotted
different unit spotted
different unit spotted
different unit spotted
different unit spotted
different unit spotted
different unit spotted

Best move


next move down

different unit spotted
different unit spotted
different unit spotted
different unit spotted
different unit spotted
different unit spotted
different unit spotted
different unit spotted
different unit spotted
different unit spotted
different unit spotted
different unit spotted
different unit spotted
different unit spotted
different unit spotted
different unit spotted
different unit spotted
different unit spotted
different unit spotted
different unit spotted
different unit spotted
different unit spotted
different unit spotted
different unit spotted
different unit spotted
different unit spotted
different unit spotted
different unit spotted
different unit spotted
different unit spotted

Best move


get sun distance

get sun distance

get sun distance

get sun distance

get sun distance

get sun distance

get sun distance

get sun distance

next move down

different unit spotted
different unit spotted
different unit spotted
different unit spotted
different unit spotted
different unit spotted
different unit spotted
different unit spotted
different unit spotted
different unit spotted
different unit spotted
different unit spotted
different unit spotted
different unit spotted

Best move


next move down

different unit spotted
different unit spotted
different unit spotted
different unit spotted
different unit spotted
different unit spotted
different unit spotted
different unit spotted
different unit spotted
different unit spotted
different unit spotted
different unit spotted
different unit spotted
different unit spotted
different unit spotted
different unit spotted

Best move


next move down

different unit spotted
different unit spotted
different unit spotted
different unit spotted
different unit spotted
different unit spotted
different unit spotted
different unit spotted
different unit spotted
different unit spotted
different unit spotted
different unit spotted
different unit spotted
different unit spotted
different unit spotted
different unit spotted
different unit spotted

Best move


next move down

different unit spotted
different unit spotted
different unit spotted
different unit spotted
different unit spotted
different unit spotted
different unit spotted
different unit spotted
different unit spotted
different unit spotted
different unit spotted
different unit spotted
different unit spotted
different unit spotted
different unit spotted
different unit spotted
different unit spotted
different unit spotted
different unit spotted
different unit spotted
different unit spotted

Best move


next move down

different unit spotted
different unit spotted
different unit spotted
different unit spotted
different unit spotted
different unit spotted
different unit spotted
different unit spotted
different unit spotted
different unit spotted
different unit spotted
different unit spotted
different unit spotted
different unit spotted
different unit spotted
different unit spotted
different unit spotted
different unit spotted
different unit spotted
different unit spotted
different unit spotted
different unit spotted
different unit spotted
different unit spotted

Best move


next move down

different unit spotted
different unit spotted
different unit spotted
different unit spotted
different unit spotted
different unit spotted
different unit spotted
different unit spotted
different unit spotted
different unit spotted
different unit spotted
different unit spotted
different unit spotted
different unit spotted
different unit spotted
different unit spotted

Best move


next move down

different unit spotted
different unit spotted
different unit spotted
different unit spotted
different unit spotted
different unit spotted
different unit spotted
different unit spotted
different unit spotted
different unit spotted
different unit spotted
different unit spotted
different unit spotted
different unit spotted
different unit spotted
different unit spotted
different unit spotted
different unit spotted
different unit spotted

Best move


next move down

different unit spotted
different unit spotted
different unit spotted
different unit spotted
different unit spotted
different unit spotted
different unit spotted
different unit spotted
different unit spotted
different unit spotted
different unit spotted
different unit spotted
different unit spotted
different unit spotted

Best move


next move down

different unit spotted
Ally Pioneer spotted Enemy Furyan at dir: 0
dodge called with dir: 4

dodge
dodge1 dir: 3
order placed

next move down

different unit spotted
different unit spotted
different unit spotted
different unit spotted
different unit spotted
different unit spotted
different unit spotted
different unit spotted
different unit spotted
different unit spotted
different unit spotted
different unit spotted
different unit spotted
different unit spotted
different unit spotted
different unit spotted
different unit spotted
different unit spotted
different unit spotted
different unit spotted
different unit spotted
different unit spotted

Best move


next move down

different unit spotted
different unit spotted
different unit spotted
different unit spotted
different unit spotted
Ally Furian spotted Enemy unit at dir: 0
dodge called with dir: 0

dodge
dodge1 dir: 2

next move down

different unit spotted
different unit spotted
Ally Furian spotted Enemy unit at dir: 1
dodge called with dir: 1

dodge
dodge1 dir: 3
different unit spotted
different unit spotted
Ally Furian spotted Enemy unit at dir: 0
dodge called with dir: 0

dodge
dodge1 dir: 3
different unit spotted
different unit spotted
different unit spotted
different unit spotted
Ally Furian spotted Enemy unit at dir: 2
dodge called with dir: 2

dodge
dodge1 dir: 7
different unit spotted
Ally Furian spotted Enemy unit at dir: 7
dodge called with dir: 7

dodge
dodge1 dir: 3
different unit spotted
Ally Furian spotted Enemy unit at dir: 6
dodge called with dir: 6

dodge
dodge1 dir: 2
different unit spotted
different unit spotted
Ally Furian spotted Enemy unit at dir: 7
dodge called with dir: 7

dodge
dodge1 dir: 7

next move down

different unit spotted
different unit spotted
different unit spotted
different unit spotted
different unit spotted
different unit spotted
different unit spotted
different unit spotted
different unit spotted
different unit spotted
different unit spotted
different unit spotted
different unit spotted
different unit spotted
different unit spotted
different unit spotted
different unit spotted
different unit spotted
different unit spotted
different unit spotted
different unit spotted
different unit spotted
different unit spotted
different unit spotted
different unit spotted
different unit spotted
different unit spotted
different unit spotted
different unit spotted
different unit spotted
different unit spotted
different unit spotted
different unit spotted
different unit spotted
different unit spotted
different unit spotted
different unit spotted
Ally Furian spotted Enemy unit at dir: 3
dodge called with dir: 3

dodge
dodge1 dir: 2

next move down

different unit spotted
different unit spotted
different unit spotted
different unit spotted
different unit spotted
different unit spotted
different unit spotted
different unit spotted
different unit spotted
different unit spotted
different unit spotted
different unit spotted
different unit spotted
different unit spotted
different unit spotted
different unit spotted
different unit spotted
different unit spotted
different unit spotted
different unit spotted
different unit spotted
different unit spotted
different unit spotted
different unit spotted
different unit spotted
different unit spotted
different unit spotted
different unit spotted
different unit spotted
Ally Furian spotted Enemy unit at dir: 1
dodge called with dir: 1

dodge
dodge1 dir: 1

next move down

different unit spotted
different unit spotted
different unit spotted
different unit spotted
different unit spotted
different unit spotted
different unit spotted
Hellhound spotted at dir: 1
dodge called with dir: 5

dodge
dodge1 dir: 5
order placed

next move down

different unit spotted
Ally Furian spotted Enemy unit at dir: 7
dodge called with dir: 7
dodge or chase commanded dir: 1

dodge or chase commanded dir: 5

dodge or chase commanded dir: 7

dodge or chase commanded dir: 5

dodge or chase commanded dir: 3

dodge or chase commanded dir: 1

dodge or chase commanded dir: 5

dodge or chase commanded dir: 5

dodge or chase commanded dir: 1

dodge or chase commanded dir: 2

dodge or chase commanded dir: 1

dodge or chase commanded dir: 0

dodge or chase commanded dir: 3

best move (not dodge) commanded

best move (not dodge) commanded

best move (not dodge) commanded

best move (not dodge) commanded

best move (not dodge) commanded

best move (not dodge) commanded

best move (not dodge) commanded

best move (not dodge) commanded

best move (not dodge) commanded

best move (not dodge) commanded

best move (not dodge) commanded

best move (not dodge) commanded

best move (not dodge) commanded

best move (not dodge) commanded

best move (not dodge) commanded

best move (not dodge) commanded

best move (not dodge) commanded

best move (not dodge) commanded

warning: action already requested for unit 1
best move (not dodge) commanded

best move (not dodge) commanded

best move (not dodge) commanded

best move (not dodge) commanded

warning: action already requested for unit 1
best move (not dodge) commanded

best move (not dodge) commanded

best move (not dodge) commanded

best move (not dodge) commanded

best move (not dodge) commanded

warning: action already requested for unit 1
best move (not dodge) commanded

best move (not dodge) commanded

best move (not dodge) commanded

best move (not dodge) commanded

warning: action already requested for unit 1
best move (not dodge) commanded

warning: action already requested for unit 1
best move (not dodge) commanded

best move (not dodge) commanded

info:     end player 0
info:     start player 1
info:     end player 1
info:     start player 2
info:     end player 2
info:     start player 3
info:     end player 3
info: end round 67
info: start round 68
info:     start player 0

next move down

different unit spotted
different unit spotted
different unit spotted
different unit spotted
different unit spotted
different unit spotted
different unit spotted
Ally Pioneer spotted Enemy Furyan at dir: 5
dodge called with dir: 1

dodge
dodge1 dir: 1
order placed

next move down

different unit spotted
different unit spotted
different unit spotted
different unit spotted
different unit spotted
different unit spotted
different unit spotted
different unit spotted
different unit spotted
different unit spotted
different unit spotted
different unit spotted
different unit spotted
different unit spotted

Best move


next move down

different unit spotted
different unit spotted
different unit spotted
different unit spotted
different unit spotted
different unit spotted
different unit spotted
different unit spotted
different unit spotted
different unit spotted
different unit spotted
different unit spotted
different unit spotted
different unit spotted
Ally Pioneer spotted Enemy Furyan at dir: 1
dodge called with dir: 5

dodge
dodge1 dir: 5
order placed

next move down

different unit spotted
different unit spotted
different unit spotted
different unit spotted
different unit spotted
different unit spotted

Best move


next move down

different unit spotted
different unit spotted
different unit spotted
different unit spotted
different unit spotted

Best move


next move down

different unit spotted
different unit spotted
different unit spotted
different unit spotted
different unit spotted
different unit spotted
different unit spotted
different unit spotted

Best move


next move down

different unit spotted
different unit spotted
different unit spotted
different unit spotted
different unit spotted
different unit spotted
different unit spotted
different unit spotted

Best move


next move down

different unit spotted
different unit spotted
different unit spotted
different unit spotted
different unit spotted
different unit spotted
different unit spotted
different unit spotted
different unit spotted
different unit spotted

Best move


next move down

different unit spotted
different unit spotted
different unit spotted
different unit spotted
different unit spotted
different unit spotted
different unit spotted
different unit spotted
different unit spotted
different unit spotted
different unit spotted
different unit spotted
different unit spotted
different unit spotted
different unit spotted
different unit spotted
different unit spotted
different unit spotted
Ally Pioneer spotted Enemy Furyan at dir: 5
dodge called with dir: 1

dodge
dodge1 dir: 0
order placed

next move down

different unit spotted
different unit spotted
different unit spotted
different unit spotted
different unit spotted
different unit spotted
different unit spotted
different unit spotted

Best move


next move down

different unit spotted
different unit spotted
different unit spotted
different unit spotted
different unit spotted
different unit spotted
different unit spotted
different unit spotted
different unit spotted
different unit spotted

Best move


next move down

different unit spotted
different unit spotted
different unit spotted
different unit spotted
Ally Pioneer spotted Enemy Furyan at dir: 7
dodge called with dir: 3

dodge
dodge1 dir: 2
order placed

next move down

different unit spotted
different unit spotted
different unit spotted
different unit spotted
different unit spotted
different unit spotted
different unit spotted
different unit spotted
different unit spotted
different unit spotted
different unit spotted
Ally Pioneer spotted Enemy Furyan at dir: 0
dodge called with dir: 4

dodge
dodge1 dir: 3
order placed

next move down

different unit spotted
different unit spotted
different unit spotted
different unit spotted
different unit spotted
different unit spotted
different unit spotted
different unit spotted
different unit spotted
different unit spotted
different unit spotted
different unit spotted
different unit spotted
different unit spotted
different unit spotted
different unit spotted
different unit spotted
different unit spotted
different unit spotted
different unit spotted
different unit spotted
different unit spotted
different unit spotted
different unit spotted
different unit spotted
different unit spotted
different unit spotted
different unit spotted
different unit spotted
different unit spotted
different unit spotted
different unit spotted
different unit spotted
different unit spotted
different unit spotted
different unit spotted
different unit spotted
different unit spotted
different unit spotted

Best move


next move down

different unit spotted
different unit spotted
different unit spotted
different unit spotted
different unit spotted
different unit spotted
different unit spotted
different unit spotted
different unit spotted
different unit spotted
different unit spotted
different unit spotted
different unit spotted
different unit spotted
different unit spotted
different unit spotted
different unit spotted
different unit spotted
different unit spotted

Best move


next move down

different unit spotted
different unit spotted
different unit spotted
different unit spotted
different unit spotted
Ally Pioneer spotted Enemy Furyan at dir: 5
dodge called with dir: 1

dodge
dodge1 dir: 1
order placed

next move down

different unit spotted
different unit spotted
different unit spotted
different unit spotted
different unit spotted
different unit spotted
different unit spotted
Ally Pioneer spotted Enemy Furyan at dir: 7
dodge called with dir: 3

dodge
dodge1 dir: 4
order placed

next move down

different unit spotted
different unit spotted
different unit spotted
different unit spotted
different unit spotted
different unit spotted
different unit spotted
different unit spotted
different unit spotted
different unit spotted
different unit spotted
different unit spotted
different unit spotted
different unit spotted
different unit spotted
different unit spotted
different unit spotted
different unit spotted
different unit spotted
different unit spotted
different unit spotted
different unit spotted
different unit spotted
different unit spotted
different unit spotted
different unit spotted
different unit spotted
different unit spotted
different unit spotted

Best move


next move down

different unit spotted
different unit spotted
different unit spotted
different unit spotted
different unit spotted
different unit spotted
different unit spotted
different unit spotted
different unit spotted
different unit spotted
different unit spotted
different unit spotted
different unit spotted
different unit spotted
different unit spotted
different unit spotted
different unit spotted
different unit spotted

Best move


next move down

different unit spotted
different unit spotted
different unit spotted
different unit spotted
Ally Pioneer spotted Enemy Furyan at dir: 7
dodge called with dir: 3

dodge
dodge1 dir: 3
order placed

next move down

different unit spotted
different unit spotted
different unit spotted
different unit spotted
different unit spotted
different unit spotted
different unit spotted
different unit spotted

Best move


next move down

different unit spotted
different unit spotted
different unit spotted
different unit spotted
different unit spotted
different unit spotted
different unit spotted

Best move


next move down

different unit spotted
different unit spotted
different unit spotted
different unit spotted
different unit spotted
Ally Pioneer spotted Enemy Furyan at dir: 1
dodge called with dir: 5

dodge
dodge1 dir: 6
order placed

next move down

different unit spotted
different unit spotted
different unit spotted
different unit spotted
different unit spotted
different unit spotted
different unit spotted
different unit spotted
different unit spotted
different unit spotted
different unit spotted
different unit spotted
different unit spotted
different unit spotted
different unit spotted
different unit spotted
different unit spotted
different unit spotted
different unit spotted
different unit spotted
different unit spotted
different unit spotted
different unit spotted
different unit spotted
different unit spotted
different unit spotted
different unit spotted
different unit spotted
different unit spotted
different unit spotted
different unit spotted
different unit spotted

Best move


next move down

different unit spotted
different unit spotted
different unit spotted
different unit spotted
different unit spotted
different unit spotted
different unit spotted
different unit spotted
different unit spotted
different unit spotted
different unit spotted
different unit spotted
different unit spotted
different unit spotted
different unit spotted
different unit spotted
different unit spotted
different unit spotted
different unit spotted
different unit spotted
different unit spotted
different unit spotted
different unit spotted
different unit spotted
different unit spotted
different unit spotted
different unit spotted
different unit spotted
different unit spotted
different unit spotted
different unit spotted
different unit spotted
different unit spotted
different unit spotted
different unit spotted
different unit spotted

Best move


next move down

different unit spotted
different unit spotted
different unit spotted
different unit spotted
different unit spotted
different unit spotted
different unit spotted
different unit spotted
different unit spotted
different unit spotted
different unit spotted
different unit spotted
different unit spotted
different unit spotted
different unit spotted
different unit spotted
different unit spotted
different unit spotted
different unit spotted
different unit spotted
different unit spotted
different unit spotted
different unit spotted
different unit spotted
different unit spotted
different unit spotted
different unit spotted
different unit spotted
different unit spotted
different unit spotted
different unit spotted
different unit spotted
different unit spotted
different unit spotted
different unit spotted
different unit spotted
different unit spotted
different unit spotted

Best move


next move down

different unit spotted
different unit spotted
different unit spotted
different unit spotted
different unit spotted
different unit spotted
different unit spotted
different unit spotted
different unit spotted
different unit spotted
different unit spotted
different unit spotted
different unit spotted
different unit spotted
different unit spotted
different unit spotted
different unit spotted
different unit spotted
different unit spotted

Best move


next move down

different unit spotted
different unit spotted
different unit spotted
different unit spotted
different unit spotted
different unit spotted
different unit spotted
different unit spotted
different unit spotted
different unit spotted
different unit spotted
different unit spotted
different unit spotted
different unit spotted
different unit spotted
different unit spotted
different unit spotted
different unit spotted
different unit spotted
different unit spotted

Best move


next move down

different unit spotted
different unit spotted
different unit spotted
different unit spotted
different unit spotted
different unit spotted
different unit spotted
different unit spotted
different unit spotted
different unit spotted
different unit spotted

Best move


next move down

different unit spotted
different unit spotted
different unit spotted
different unit spotted
different unit spotted
different unit spotted
different unit spotted
different unit spotted
different unit spotted
different unit spotted
different unit spotted
different unit spotted
different unit spotted
different unit spotted
different unit spotted

Best move


next move down

different unit spotted
different unit spotted
different unit spotted
different unit spotted
different unit spotted
different unit spotted
different unit spotted
different unit spotted
different unit spotted
different unit spotted
Ally Pioneer spotted Enemy Furyan at dir: 3
dodge called with dir: 7

dodge
dodge1 dir: 7
order placed

next move down

different unit spotted
different unit spotted
different unit spotted
different unit spotted
different unit spotted
different unit spotted
different unit spotted
different unit spotted
different unit spotted
different unit spotted
different unit spotted
different unit spotted
different unit spotted
different unit spotted
different unit spotted
different unit spotted
different unit spotted
different unit spotted

Best move


next move down

different unit spotted
different unit spotted
different unit spotted
different unit spotted
different unit spotted
different unit spotted
different unit spotted
different unit spotted
different unit spotted
different unit spotted
different unit spotted
different unit spotted
different unit spotted
different unit spotted
different unit spotted
different unit spotted
different unit spotted
different unit spotted
different unit spotted
different unit spotted
different unit spotted
different unit spotted
different unit spotted
different unit spotted
different unit spotted

Best move


get sun distance

get sun distance

get sun distance

get sun distance

get sun distance

get sun distance

get sun distance

get sun distance

next move down

different unit spotted
different unit spotted
different unit spotted
different unit spotted
different unit spotted
different unit spotted
different unit spotted
different unit spotted
different unit spotted
different unit spotted
different unit spotted
different unit spotted
Ally Pioneer spotted Enemy Furyan at dir: 5
dodge called with dir: 1

dodge
dodge1 dir: 1
order placed

next move down

different unit spotted
different unit spotted
Ally Pioneer spotted Enemy Furyan at dir: 2
dodge called with dir: 6

dodge
dodge1 dir: 5
order placed

next move down

different unit spotted
different unit spotted
different unit spotted
different unit spotted
different unit spotted
different unit spotted
different unit spotted
different unit spotted
different unit spotted
different unit spotted
different unit spotted
different unit spotted
different unit spotted
different unit spotted
Ally Pioneer spotted Enemy Furyan at dir: 3
dodge called with dir: 7

dodge
dodge1 dir: 7
order placed

next move down

different unit spotted
different unit spotted
different unit spotted
different unit spotted
different unit spotted
different unit spotted
Ally Furian spotted Enemy unit at dir: 7
dodge called with dir: 7

dodge
dodge1 dir: 6

next move down

different unit spotted
different unit spotted
different unit spotted
different unit spotted
different unit spotted
different unit spotted
different unit spotted
Ally Furian spotted Enemy unit at dir: 7
dodge called with dir: 7

dodge
dodge1 dir: 7

next move down

different unit spotted
different unit spotted
different unit spotted
different unit spotted
different unit spotted
different unit spotted
different unit spotted
different unit spotted
different unit spotted
different unit spotted
different unit spotted
different unit spotted
different unit spotted
different unit spotted
different unit spotted
different unit spotted
different unit spotted
different unit spotted
different unit spotted
different unit spotted
different unit spotted
different unit spotted
different unit spotted
different unit spotted
different unit spotted
different unit spotted
different unit spotted
different unit spotted
different unit spotted
different unit spotted
different unit spotted
different unit spotted
different unit spotted
different unit spotted
different unit spotted
different unit spotted
different unit spotted
different unit spotted
different unit spotted
Ally Furian spotted Enemy unit at dir: 4
dodge called with dir: 4

dodge
dodge1 dir: 6

next move down

different unit spotted
different unit spotted
different unit spotted
different unit spotted
different unit spotted
different unit spotted
different unit spotted
different unit spotted
different unit spotted
different unit spotted
different unit spotted
different unit spotted
different unit spotted
different unit spotted
different unit spotted
different unit spotted
different unit spotted
different unit spotted
different unit spotted
different unit spotted
different unit spotted
different unit spotted
different unit spotted
different unit spotted
different unit spotted
different unit spotted
different unit spotted
different unit spotted
Ally Furian spotted Enemy unit at dir: 1
dodge called with dir: 1

dodge
dodge1 dir: 1

next move down

different unit spotted
different unit spotted
different unit spotted
different unit spotted
different unit spotted
different unit spotted
different unit spotted
different unit spotted
Hellhound spotted at dir: 1
dodge called with dir: 5

dodge
dodge1 dir: 5
order placed

next move down

different unit spotted
different unit spotted
different unit spotted
different unit spotted
different unit spotted
different unit spotted
different unit spotted
different unit spotted
different unit spotted
Ally Furian spotted Enemy unit at dir: 7
dodge called with dir: 7

dodge
dodge1 dir: 7
dodge or chase commanded dir: 5

dodge or chase commanded dir: 5

dodge or chase commanded dir: 7

dodge or chase commanded dir: 2

dodge or chase commanded dir: 3

dodge or chase commanded dir: 1

dodge or chase commanded dir: 0

dodge or chase commanded dir: 6

dodge or chase commanded dir: 3

dodge or chase commanded dir: 1

dodge or chase commanded dir: 7

dodge or chase commanded dir: 5

dodge or chase commanded dir: 4

dodge or chase commanded dir: 1

best move (not dodge) commanded

best move (not dodge) commanded

best move (not dodge) commanded

best move (not dodge) commanded

best move (not dodge) commanded

best move (not dodge) commanded

best move (not dodge) commanded

best move (not dodge) commanded

best move (not dodge) commanded

best move (not dodge) commanded

best move (not dodge) commanded

best move (not dodge) commanded

best move (not dodge) commanded

best move (not dodge) commanded

best move (not dodge) commanded

best move (not dodge) commanded

best move (not dodge) commanded

best move (not dodge) commanded

best move (not dodge) commanded

best move (not dodge) commanded

best move (not dodge) commanded

best move (not dodge) commanded

best move (not dodge) commanded

best move (not dodge) commanded

best move (not dodge) commanded

best move (not dodge) commanded

best move (not dodge) commanded

best move (not dodge) commanded

info:     end player 0
info:     start player 1
info:     end player 1
info:     start player 2
info:     end player 2
info:     start player 3
info:     end player 3
info: end round 68
info: start round 69
info:     start player 0

next move down

different unit spotted
different unit spotted
different unit spotted
Ally Pioneer spotted Enemy Furyan at dir: 1
dodge called with dir: 5

dodge
dodge1 dir: 5
order placed

next move down

different unit spotted
different unit spotted
different unit spotted
different unit spotted
different unit spotted
different unit spotted

Best move


next move down

different unit spotted
different unit spotted
different unit spotted
different unit spotted
different unit spotted
different unit spotted
different unit spotted
different unit spotted
different unit spotted
different unit spotted
different unit spotted
different unit spotted
Ally Pioneer spotted Enemy Furyan at dir: 1
dodge called with dir: 5

dodge
dodge1 dir: 4
order placed

next move down

different unit spotted
different unit spotted
different unit spotted

Best move


next move down

different unit spotted
different unit spotted
different unit spotted
different unit spotted
different unit spotted
different unit spotted
different unit spotted
different unit spotted
different unit spotted
different unit spotted
different unit spotted

Best move


next move down

different unit spotted
different unit spotted
different unit spotted
different unit spotted
different unit spotted
different unit spotted
different unit spotted
different unit spotted
different unit spotted
different unit spotted
different unit spotted
different unit spotted
different unit spotted
Hellhound spotted at dir: 1
dodge called with dir: 5

dodge
dodge1 dir: 5
order placed

next move down

different unit spotted
different unit spotted
different unit spotted
different unit spotted
different unit spotted
different unit spotted

Best move


next move down

different unit spotted
different unit spotted
different unit spotted
different unit spotted
different unit spotted
different unit spotted

Best move


next move down

different unit spotted
different unit spotted
different unit spotted
different unit spotted
different unit spotted
different unit spotted
Ally Pioneer spotted Enemy Furyan at dir: 5
dodge called with dir: 1

dodge
dodge1 dir: 1
order placed

next move down

different unit spotted
different unit spotted
different unit spotted
different unit spotted
different unit spotted
different unit spotted
different unit spotted

Best move


next move down

different unit spotted
different unit spotted
different unit spotted
different unit spotted
different unit spotted
different unit spotted
different unit spotted
different unit spotted

Best move


next move down

different unit spotted
different unit spotted
different unit spotted
different unit spotted
different unit spotted
different unit spotted
different unit spotted
different unit spotted

Best move


next move down

different unit spotted
different unit spotted
different unit spotted
different unit spotted
different unit spotted
different unit spotted
different unit spotted
different unit spotted
different unit spotted
different unit spotted
different unit spotted
different unit spotted
different unit spotted
different unit spotted
different unit spotted
different unit spotted
different unit spotted
different unit spotted

Best move


next move down

different unit spotted
different unit spotted
different unit spotted
different unit spotted
different unit spotted
different unit spotted
different unit spotted
different unit spotted
different unit spotted
different unit spotted
different unit spotted
different unit spotted
different unit spotted
different unit spotted
different unit spotted
different unit spotted
different unit spotted
different unit spotted
different unit spotted
different unit spotted
different unit spotted
different unit spotted
different unit spotted
different unit spotted
different unit spotted
different unit spotted
different unit spotted
different unit spotted
different unit spotted
different unit spotted
different unit spotted
different unit spotted
different unit spotted
different unit spotted
different unit spotted
different unit spotted

Best move


next move down

different unit spotted
different unit spotted
different unit spotted
different unit spotted
different unit spotted
different unit spotted
different unit spotted
different unit spotted
different unit spotted
different unit spotted
different unit spotted
different unit spotted
different unit spotted
different unit spotted
different unit spotted

Best move


next move down

different unit spotted
different unit spotted
different unit spotted
different unit spotted
different unit spotted
Ally Pioneer spotted Enemy Furyan at dir: 5
dodge called with dir: 1

dodge
dodge1 dir: 1
order placed

next move down

different unit spotted
different unit spotted
different unit spotted
different unit spotted
different unit spotted
different unit spotted
different unit spotted
different unit spotted
different unit spotted

Best move


next move down

different unit spotted
different unit spotted
different unit spotted
different unit spotted
different unit spotted
different unit spotted
different unit spotted
different unit spotted
different unit spotted
different unit spotted
different unit spotted
different unit spotted
different unit spotted
different unit spotted
different unit spotted
different unit spotted
different unit spotted
different unit spotted
different unit spotted
different unit spotted
different unit spotted
different unit spotted
different unit spotted
different unit spotted
different unit spotted
different unit spotted
different unit spotted
different unit spotted
different unit spotted
different unit spotted
different unit spotted
different unit spotted

Best move


next move down

different unit spotted
different unit spotted
different unit spotted
different unit spotted
different unit spotted
different unit spotted
different unit spotted
different unit spotted
different unit spotted
different unit spotted
different unit spotted
different unit spotted
different unit spotted
different unit spotted
different unit spotted

Best move


next move down

different unit spotted
different unit spotted
different unit spotted
different unit spotted
different unit spotted
different unit spotted
different unit spotted
different unit spotted
different unit spotted
different unit spotted
different unit spotted
different unit spotted
different unit spotted
different unit spotted
different unit spotted
Ally Pioneer spotted Enemy Furyan at dir: 7
dodge called with dir: 3

dodge
dodge1 dir: 2
order placed

next move down

different unit spotted
different unit spotted
different unit spotted
different unit spotted
different unit spotted
different unit spotted

Best move


next move down

different unit spotted
different unit spotted
different unit spotted
different unit spotted
different unit spotted

Best move


next move down

different unit spotted
different unit spotted
different unit spotted
different unit spotted
different unit spotted
different unit spotted
different unit spotted
different unit spotted
different unit spotted
different unit spotted
different unit spotted
different unit spotted
different unit spotted
different unit spotted
different unit spotted
different unit spotted

Best move


next move down

different unit spotted
different unit spotted
different unit spotted
different unit spotted
different unit spotted
different unit spotted
different unit spotted
different unit spotted
different unit spotted
different unit spotted
different unit spotted
different unit spotted
different unit spotted
different unit spotted
different unit spotted
different unit spotted
different unit spotted
different unit spotted
different unit spotted
different unit spotted
different unit spotted
different unit spotted
different unit spotted
different unit spotted
different unit spotted
different unit spotted
different unit spotted
different unit spotted
different unit spotted
different unit spotted
different unit spotted
different unit spotted
different unit spotted

Best move


next move down

different unit spotted
different unit spotted
different unit spotted
different unit spotted
different unit spotted
different unit spotted
different unit spotted
different unit spotted
different unit spotted
different unit spotted
different unit spotted
different unit spotted
different unit spotted
different unit spotted
different unit spotted
different unit spotted
different unit spotted
different unit spotted
different unit spotted
different unit spotted
different unit spotted
different unit spotted
different unit spotted
different unit spotted
different unit spotted
different unit spotted
different unit spotted
different unit spotted
different unit spotted
different unit spotted
different unit spotted
different unit spotted
different unit spotted
different unit spotted

Best move


next move down

different unit spotted
different unit spotted
different unit spotted
different unit spotted
different unit spotted
different unit spotted
different unit spotted
different unit spotted
different unit spotted
different unit spotted
different unit spotted
different unit spotted
different unit spotted
different unit spotted
different unit spotted
different unit spotted
different unit spotted
different unit spotted
different unit spotted
different unit spotted
different unit spotted
different unit spotted
different unit spotted
different unit spotted
different unit spotted
different unit spotted
different unit spotted
different unit spotted
different unit spotted
different unit spotted
different unit spotted
different unit spotted
different unit spotted
different unit spotted
different unit spotted
different unit spotted
different unit spotted
different unit spotted

Best move


get sun distance

get sun distance

get sun distance

get sun distance

get sun distance

get sun distance

get sun distance

get sun distance

next move down

different unit spotted
different unit spotted
different unit spotted
different unit spotted
different unit spotted
different unit spotted
different unit spotted
different unit spotted
different unit spotted
different unit spotted
different unit spotted
different unit spotted
different unit spotted
different unit spotted
different unit spotted

Best move


next move down

different unit spotted
different unit spotted
different unit spotted
different unit spotted
different unit spotted
different unit spotted
different unit spotted
different unit spotted
different unit spotted
different unit spotted
different unit spotted
different unit spotted
different unit spotted
different unit spotted
different unit spotted
different unit spotted
different unit spotted

Best move


next move down

different unit spotted
different unit spotted
different unit spotted
different unit spotted
different unit spotted
different unit spotted
different unit spotted
different unit spotted
different unit spotted
different unit spotted

Best move


next move down

different unit spotted
different unit spotted
different unit spotted
different unit spotted
different unit spotted
different unit spotted
different unit spotted
different unit spotted
different unit spotted
different unit spotted
different unit spotted
different unit spotted
different unit spotted
different unit spotted
different unit spotted
different unit spotted
different unit spotted
different unit spotted
different unit spotted
different unit spotted
different unit spotted
different unit spotted
different unit spotted
different unit spotted
different unit spotted
different unit spotted
different unit spotted
different unit spotted
different unit spotted

Best move


next move down

different unit spotted
different unit spotted
different unit spotted
different unit spotted
different unit spotted
different unit spotted
different unit spotted
different unit spotted
different unit spotted
different unit spotted
different unit spotted
different unit spotted
different unit spotted
different unit spotted
different unit spotted
Ally Pioneer spotted Enemy Furyan at dir: 3
dodge called with dir: 7

dodge
dodge1 dir: 7
order placed

next move down

different unit spotted
different unit spotted
different unit spotted
different unit spotted
different unit spotted
different unit spotted
different unit spotted
different unit spotted
different unit spotted
different unit spotted
different unit spotted
different unit spotted
different unit spotted
different unit spotted
different unit spotted
different unit spotted

Best move


next move down

different unit spotted
different unit spotted
different unit spotted
different unit spotted
different unit spotted
different unit spotted
different unit spotted
different unit spotted
different unit spotted
different unit spotted
different unit spotted
different unit spotted
different unit spotted
different unit spotted
different unit spotted
different unit spotted
different unit spotted
different unit spotted
different unit spotted
different unit spotted
different unit spotted
different unit spotted
different unit spotted
different unit spotted

Best move


next move down

different unit spotted
different unit spotted
different unit spotted
different unit spotted
different unit spotted
different unit spotted
different unit spotted
different unit spotted
different unit spotted
different unit spotted
different unit spotted
different unit spotted
different unit spotted
different unit spotted
different unit spotted
different unit spotted
different unit spotted
different unit spotted
different unit spotted
different unit spotted
different unit spotted
different unit spotted
different unit spotted
different unit spotted

Best move


next move down

different unit spotted
different unit spotted
different unit spotted
different unit spotted
different unit spotted
different unit spotted
different unit spotted

Best move


next move down

different unit spotted
different unit spotted
different unit spotted
different unit spotted
different unit spotted
different unit spotted
different unit spotted
different unit spotted
different unit spotted
different unit spotted
different unit spotted
different unit spotted
different unit spotted
different unit spotted
different unit spotted
different unit spotted
different unit spotted
different unit spotted
different unit spotted
different unit spotted
different unit spotted
different unit spotted
different unit spotted
different unit spotted
different unit spotted
different unit spotted
different unit spotted
different unit spotted

Best move


next move down

different unit spotted
different unit spotted
different unit spotted
different unit spotted
different unit spotted
Ally Furian spotted Enemy unit at dir: 7
dodge called with dir: 7

dodge
dodge1 dir: 5

next move down

different unit spotted
different unit spotted
Ally Furian spotted Enemy unit at dir: 7
dodge called with dir: 7

dodge
dodge1 dir: 7

next move down

different unit spotted
different unit spotted
different unit spotted
different unit spotted
different unit spotted
different unit spotted
different unit spotted
different unit spotted
different unit spotted
different unit spotted
different unit spotted
different unit spotted
different unit spotted
different unit spotted
different unit spotted
different unit spotted
different unit spotted
different unit spotted
different unit spotted
different unit spotted
different unit spotted
different unit spotted
different unit spotted
different unit spotted
different unit spotted
different unit spotted
different unit spotted
different unit spotted
different unit spotted
different unit spotted
different unit spotted
different unit spotted
different unit spotted
different unit spotted
different unit spotted
different unit spotted
Ally Furian spotted Enemy unit at dir: 3
dodge called with dir: 3

dodge
dodge1 dir: 2

next move down

different unit spotted
different unit spotted
different unit spotted
different unit spotted
different unit spotted
different unit spotted
different unit spotted
different unit spotted
different unit spotted
different unit spotted
different unit spotted
different unit spotted
different unit spotted
different unit spotted
different unit spotted
different unit spotted
different unit spotted
different unit spotted
different unit spotted
different unit spotted
different unit spotted
different unit spotted
different unit spotted
different unit spotted
different unit spotted
different unit spotted
different unit spotted
different unit spotted
different unit spotted
Ally Furian spotted Enemy unit at dir: 1
dodge called with dir: 1

dodge
dodge1 dir: 1

next move down

different unit spotted
different unit spotted
different unit spotted
different unit spotted
different unit spotted
different unit spotted
different unit spotted
different unit spotted
different unit spotted
different unit spotted
different unit spotted
different unit spotted
different unit spotted
Hellhound spotted at dir: 1
dodge called with dir: 5

dodge
dodge1 dir: 5
order placed

next move down

different unit spotted
different unit spotted
different unit spotted
different unit spotted
different unit spotted
different unit spotted
different unit spotted
different unit spotted
different unit spotted
Ally Furian spotted Enemy unit at dir: 7
dodge called with dir: 7

dodge
dodge1 dir: 7
dodge or chase commanded dir: 5

dodge or chase commanded dir: 5

dodge or chase commanded dir: 5

dodge or chase commanded dir: 7

dodge or chase commanded dir: 4

dodge or chase commanded dir: 1

dodge or chase commanded dir: 2

dodge or chase commanded dir: 1

best move (not dodge) commanded

best move (not dodge) commanded

best move (not dodge) commanded

best move (not dodge) commanded

best move (not dodge) commanded

best move (not dodge) commanded

best move (not dodge) commanded

best move (not dodge) commanded

best move (not dodge) commanded

best move (not dodge) commanded

best move (not dodge) commanded

best move (not dodge) commanded

best move (not dodge) commanded

best move (not dodge) commanded

best move (not dodge) commanded

best move (not dodge) commanded

best move (not dodge) commanded

best move (not dodge) commanded

best move (not dodge) commanded

best move (not dodge) commanded

best move (not dodge) commanded

best move (not dodge) commanded

best move (not dodge) commanded

best move (not dodge) commanded

best move (not dodge) commanded

best move (not dodge) commanded

best move (not dodge) commanded

best move (not dodge) commanded

best move (not dodge) commanded

best move (not dodge) commanded

best move (not dodge) commanded

best move (not dodge) commanded

best move (not dodge) commanded

best move (not dodge) commanded

info:     end player 0
info:     start player 1
info:     end player 1
info:     start player 2
info:     end player 2
info:     start player 3
info:     end player 3
info: end round 69
info: start round 70
info:     start player 0

next move down

different unit spotted
Ally Pioneer spotted Enemy Furyan at dir: 6
dodge called with dir: 2

dodge
dodge1 dir: 2
order placed

next move down

different unit spotted
different unit spotted

Best move


next move down

different unit spotted
different unit spotted
different unit spotted
different unit spotted
different unit spotted
Ally Pioneer spotted Enemy Furyan at dir: 1
dodge called with dir: 5

dodge
dodge1 dir: 7
order placed

next move down

different unit spotted
different unit spotted
different unit spotted
different unit spotted
different unit spotted

Best move


next move down

different unit spotted
different unit spotted
different unit spotted
different unit spotted
different unit spotted
different unit spotted
different unit spotted
different unit spotted

Best move


next move down

different unit spotted
different unit spotted
different unit spotted
different unit spotted
different unit spotted
different unit spotted
different unit spotted
different unit spotted
different unit spotted
different unit spotted
different unit spotted
Hellhound spotted at dir: 1
dodge called with dir: 5

dodge
dodge1 dir: 5
order placed

next move down

different unit spotted
different unit spotted
different unit spotted
different unit spotted
different unit spotted
different unit spotted

Best move


next move down

different unit spotted
different unit spotted
different unit spotted

Best move


next move down

different unit spotted
different unit spotted
different unit spotted
different unit spotted
different unit spotted
different unit spotted
different unit spotted
different unit spotted
Ally Pioneer spotted Enemy Furyan at dir: 5
dodge called with dir: 1

dodge
dodge1 dir: 2
order placed

next move down

different unit spotted
different unit spotted
different unit spotted
different unit spotted
different unit spotted

Best move


next move down

different unit spotted
different unit spotted
different unit spotted
different unit spotted
different unit spotted

Best move


next move down

different unit spotted
different unit spotted
different unit spotted
different unit spotted
different unit spotted
different unit spotted

Best move


next move down

different unit spotted
different unit spotted
Ally Pioneer spotted Enemy Furyan at dir: 0
dodge called with dir: 4

dodge
dodge1 dir: 4
order placed

next move down

different unit spotted
different unit spotted
different unit spotted
different unit spotted
different unit spotted
different unit spotted
different unit spotted
different unit spotted
different unit spotted
different unit spotted
different unit spotted
different unit spotted
different unit spotted
different unit spotted
different unit spotted
different unit spotted
different unit spotted
different unit spotted
different unit spotted
different unit spotted
different unit spotted
different unit spotted
different unit spotted
different unit spotted
different unit spotted
different unit spotted
different unit spotted
different unit spotted
different unit spotted
different unit spotted
different unit spotted
different unit spotted
different unit spotted
different unit spotted
different unit spotted
different unit spotted

Best move


next move down

different unit spotted
different unit spotted
different unit spotted
different unit spotted
different unit spotted
different unit spotted
different unit spotted
different unit spotted
different unit spotted
different unit spotted

Best move


next move down

different unit spotted
different unit spotted
different unit spotted
different unit spotted
different unit spotted
different unit spotted
Ally Pioneer spotted Enemy Furyan at dir: 5
dodge called with dir: 1

dodge
dodge1 dir: 1
order placed

next move down

different unit spotted
different unit spotted
different unit spotted
different unit spotted
different unit spotted
different unit spotted
different unit spotted
different unit spotted
different unit spotted
different unit spotted
different unit spotted
different unit spotted
different unit spotted

Best move


next move down

different unit spotted
different unit spotted
different unit spotted
different unit spotted
different unit spotted
different unit spotted
different unit spotted
different unit spotted
different unit spotted
different unit spotted
different unit spotted
different unit spotted
different unit spotted
different unit spotted
different unit spotted
different unit spotted
different unit spotted
different unit spotted
different unit spotted
different unit spotted
different unit spotted
different unit spotted
different unit spotted
different unit spotted
different unit spotted

Best move


next move down

different unit spotted
different unit spotted
different unit spotted
different unit spotted
different unit spotted
different unit spotted
different unit spotted
different unit spotted
different unit spotted
different unit spotted
different unit spotted
different unit spotted

Best move


next move down

different unit spotted
different unit spotted
different unit spotted
different unit spotted
different unit spotted
different unit spotted
different unit spotted
different unit spotted
different unit spotted
different unit spotted
different unit spotted
Ally Pioneer spotted Enemy Furyan at dir: 7
dodge called with dir: 3

dodge
dodge1 dir: 2
order placed

next move down

different unit spotted
different unit spotted
different unit spotted
different unit spotted
different unit spotted
different unit spotted
different unit spotted

Best move


next move down

different unit spotted
different unit spotted
different unit spotted
different unit spotted

Best move


next move down

different unit spotted
different unit spotted
different unit spotted
different unit spotted
different unit spotted
different unit spotted
Ally Pioneer spotted Enemy Furyan at dir: 1
dodge called with dir: 5

dodge
dodge1 dir: 6
order placed

next move down

different unit spotted
different unit spotted
different unit spotted
different unit spotted
different unit spotted
different unit spotted
different unit spotted
different unit spotted
different unit spotted
different unit spotted
different unit spotted
different unit spotted
different unit spotted
different unit spotted
different unit spotted
different unit spotted
different unit spotted
different unit spotted
different unit spotted
different unit spotted
different unit spotted
different unit spotted
different unit spotted
different unit spotted
different unit spotted
different unit spotted
different unit spotted
different unit spotted
different unit spotted
different unit spotted
different unit spotted

Best move


next move down

different unit spotted
different unit spotted
different unit spotted
different unit spotted
different unit spotted
different unit spotted
different unit spotted
different unit spotted
different unit spotted
different unit spotted
different unit spotted
different unit spotted
different unit spotted
different unit spotted
different unit spotted
different unit spotted
different unit spotted
different unit spotted
different unit spotted
different unit spotted
different unit spotted
different unit spotted
different unit spotted
different unit spotted
different unit spotted
different unit spotted
different unit spotted
different unit spotted

Best move


next move down

different unit spotted
different unit spotted
different unit spotted
different unit spotted
different unit spotted
different unit spotted
different unit spotted
different unit spotted
different unit spotted
different unit spotted
different unit spotted
different unit spotted
different unit spotted
different unit spotted
different unit spotted
different unit spotted
different unit spotted
different unit spotted
different unit spotted
different unit spotted
different unit spotted
different unit spotted
different unit spotted
different unit spotted
different unit spotted
different unit spotted
different unit spotted
different unit spotted
different unit spotted
different unit spotted
different unit spotted
different unit spotted
different unit spotted
different unit spotted
different unit spotted
different unit spotted
different unit spotted
different unit spotted

Best move


next move down

different unit spotted
different unit spotted
different unit spotted
different unit spotted
different unit spotted
different unit spotted
different unit spotted
different unit spotted
different unit spotted
different unit spotted

Best move


next move down

different unit spotted
different unit spotted
different unit spotted
different unit spotted
different unit spotted
different unit spotted
different unit spotted
different unit spotted
different unit spotted
different unit spotted
different unit spotted
different unit spotted
different unit spotted

Best move


next move down

different unit spotted
different unit spotted
different unit spotted
different unit spotted
different unit spotted
different unit spotted
different unit spotted
different unit spotted

Best move


next move down

different unit spotted
different unit spotted
different unit spotted
different unit spotted
different unit spotted
different unit spotted
different unit spotted
different unit spotted
different unit spotted
different unit spotted
different unit spotted
different unit spotted
different unit spotted
different unit spotted
different unit spotted
different unit spotted
different unit spotted
different unit spotted
different unit spotted
different unit spotted
different unit spotted
different unit spotted
different unit spotted
different unit spotted
different unit spotted
different unit spotted
different unit spotted
different unit spotted
different unit spotted
different unit spotted
different unit spotted
different unit spotted
different unit spotted
different unit spotted
different unit spotted
different unit spotted

Best move


next move down

different unit spotted
different unit spotted
different unit spotted
different unit spotted
different unit spotted
different unit spotted
different unit spotted
different unit spotted
different unit spotted
different unit spotted
different unit spotted
different unit spotted
different unit spotted
different unit spotted
different unit spotted
different unit spotted
different unit spotted
different unit spotted
different unit spotted
different unit spotted
different unit spotted
different unit spotted

Best move


next move down

different unit spotted
different unit spotted
different unit spotted
different unit spotted
different unit spotted
different unit spotted
different unit spotted

Best move


next move down

different unit spotted
different unit spotted
different unit spotted
different unit spotted
different unit spotted
different unit spotted
different unit spotted
different unit spotted
different unit spotted
different unit spotted
different unit spotted
different unit spotted
different unit spotted
Ally Pioneer spotted Enemy Furyan at dir: 5
dodge called with dir: 1

dodge
dodge1 dir: 1
order placed

get sun distance

get sun distance

get sun distance

get sun distance

get sun distance

get sun distance

get sun distance

get sun distance

next move down

different unit spotted
different unit spotted
different unit spotted
different unit spotted
different unit spotted
different unit spotted
different unit spotted
different unit spotted
different unit spotted
different unit spotted
Ally Pioneer spotted Enemy Furyan at dir: 5
dodge called with dir: 1

dodge
dodge1 dir: 1
order placed

next move down

different unit spotted
different unit spotted
different unit spotted
different unit spotted
different unit spotted
different unit spotted
different unit spotted
Ally Pioneer spotted Enemy Furyan at dir: 0
dodge called with dir: 4

dodge
dodge1 dir: 3
order placed

next move down

different unit spotted
different unit spotted
different unit spotted
different unit spotted
different unit spotted
different unit spotted
different unit spotted
different unit spotted
different unit spotted
different unit spotted
different unit spotted
different unit spotted
different unit spotted
different unit spotted
different unit spotted
different unit spotted
different unit spotted
different unit spotted
different unit spotted
different unit spotted
different unit spotted
different unit spotted
different unit spotted
different unit spotted
different unit spotted
different unit spotted

Best move


next move down

different unit spotted
different unit spotted
different unit spotted
different unit spotted
different unit spotted
different unit spotted
different unit spotted
Ally Furian spotted Enemy unit at dir: 0
dodge called with dir: 0

dodge
dodge1 dir: 1

next move down

different unit spotted
Ally Furian spotted Enemy unit at dir: 1
dodge called with dir: 1

next move down

different unit spotted
different unit spotted
different unit spotted
different unit spotted
different unit spotted
different unit spotted
different unit spotted
different unit spotted
different unit spotted
different unit spotted
different unit spotted
different unit spotted
different unit spotted
different unit spotted
different unit spotted
different unit spotted
different unit spotted
different unit spotted
different unit spotted
different unit spotted
different unit spotted
different unit spotted
different unit spotted
different unit spotted
different unit spotted
different unit spotted
different unit spotted
different unit spotted
different unit spotted
different unit spotted
different unit spotted
different unit spotted
different unit spotted
Ally Furian spotted Enemy unit at dir: 3
dodge called with dir: 3

dodge
dodge1 dir: 7
different unit spotted
Ally Furian spotted Enemy unit at dir: 4
dodge called with dir: 4

dodge
dodge1 dir: 0
different unit spotted
different unit spotted
Ally Furian spotted Enemy unit at dir: 5
dodge called with dir: 5

dodge
dodge1 dir: 1
different unit spotted
Ally Furian spotted Enemy unit at dir: 4
dodge called with dir: 4

dodge
dodge1 dir: 6

next move down

different unit spotted
different unit spotted
different unit spotted
different unit spotted
different unit spotted
different unit spotted
different unit spotted
different unit spotted
different unit spotted
different unit spotted
different unit spotted
Ally Furian spotted Enemy unit at dir: 1
dodge called with dir: 1

dodge
dodge1 dir: 1

next move down

different unit spotted
different unit spotted
different unit spotted
different unit spotted
different unit spotted
different unit spotted
different unit spotted
different unit spotted
different unit spotted
different unit spotted
different unit spotted
Hellhound spotted at dir: 1
dodge called with dir: 5

dodge
dodge1 dir: 3
order placed

next move down

different unit spotted
Ally Furian spotted Enemy unit at dir: 0
dodge called with dir: 0
dodge or chase commanded dir: 5

dodge or chase commanded dir: 1

dodge or chase commanded dir: 3

dodge or chase commanded dir: 0

dodge or chase commanded dir: 2

dodge or chase commanded dir: 7

dodge or chase commanded dir: 4

dodge or chase commanded dir: 2

dodge or chase commanded dir: 6

dodge or chase commanded dir: 2

dodge or chase commanded dir: 1

dodge or chase commanded dir: 1

dodge or chase commanded dir: 1

dodge or chase commanded dir: 3

best move (not dodge) commanded

best move (not dodge) commanded

best move (not dodge) commanded

best move (not dodge) commanded

best move (not dodge) commanded

best move (not dodge) commanded

best move (not dodge) commanded

best move (not dodge) commanded

best move (not dodge) commanded

warning: action already requested for unit 2
best move (not dodge) commanded

best move (not dodge) commanded

best move (not dodge) commanded

best move (not dodge) commanded

best move (not dodge) commanded

best move (not dodge) commanded

best move (not dodge) commanded

best move (not dodge) commanded

best move (not dodge) commanded

best move (not dodge) commanded

best move (not dodge) commanded

best move (not dodge) commanded

best move (not dodge) commanded

warning: action already requested for unit 2
best move (not dodge) commanded

best move (not dodge) commanded

warning: action already requested for unit 2
best move (not dodge) commanded

best move (not dodge) commanded

best move (not dodge) commanded

best move (not dodge) commanded

best move (not dodge) commanded

best move (not dodge) commanded

best move (not dodge) commanded

info:     end player 0
info:     start player 1
info:     end player 1
info:     start player 2
info:     end player 2
info:     start player 3
info:     end player 3
info: end round 70
info: start round 71
info:     start player 0

next move down

different unit spotted
different unit spotted

Best move


next move down

different unit spotted
different unit spotted
different unit spotted
different unit spotted
different unit spotted
different unit spotted
different unit spotted
different unit spotted
different unit spotted
different unit spotted
different unit spotted
different unit spotted
different unit spotted
different unit spotted
different unit spotted
different unit spotted
different unit spotted
different unit spotted

Best move


next move down

different unit spotted
different unit spotted
different unit spotted

Best move


next move down

different unit spotted
different unit spotted
different unit spotted
different unit spotted
different unit spotted

Best move


next move down

different unit spotted
different unit spotted
different unit spotted
different unit spotted
different unit spotted
different unit spotted
different unit spotted
Hellhound spotted at dir: 1
dodge called with dir: 5

dodge
dodge1 dir: 5
order placed

next move down

different unit spotted
different unit spotted

Best move


next move down

different unit spotted
different unit spotted
Ally Pioneer spotted Enemy Furyan at dir: 1
dodge called with dir: 5

dodge
dodge1 dir: 3
order placed

next move down

different unit spotted
different unit spotted
different unit spotted
different unit spotted
different unit spotted
different unit spotted

Best move


next move down

different unit spotted
different unit spotted
different unit spotted
different unit spotted
different unit spotted
Ally Pioneer spotted Enemy Furyan at dir: 6
dodge called with dir: 2

dodge
dodge1 dir: 2
order placed

next move down

different unit spotted
different unit spotted
different unit spotted
different unit spotted

Best move


next move down

different unit spotted
different unit spotted
different unit spotted

Best move


next move down

different unit spotted
different unit spotted
different unit spotted
different unit spotted
different unit spotted
different unit spotted
different unit spotted
different unit spotted
different unit spotted
different unit spotted

Best move


next move down

different unit spotted
different unit spotted
different unit spotted
different unit spotted
Ally Pioneer spotted Enemy Furyan at dir: 0
dodge called with dir: 4

dodge
dodge1 dir: 1
order placed

next move down

different unit spotted
different unit spotted
different unit spotted
different unit spotted
different unit spotted
different unit spotted
different unit spotted
different unit spotted
different unit spotted
different unit spotted
different unit spotted
different unit spotted
different unit spotted
different unit spotted
different unit spotted
different unit spotted
different unit spotted
different unit spotted
different unit spotted
different unit spotted
different unit spotted
different unit spotted
different unit spotted
different unit spotted
different unit spotted
different unit spotted
different unit spotted
different unit spotted
different unit spotted
different unit spotted
different unit spotted
different unit spotted
different unit spotted
different unit spotted
different unit spotted
different unit spotted
different unit spotted
different unit spotted

Best move


next move down

different unit spotted
different unit spotted
different unit spotted
different unit spotted
different unit spotted
different unit spotted
different unit spotted
different unit spotted
different unit spotted
different unit spotted
different unit spotted
different unit spotted
different unit spotted
different unit spotted
different unit spotted
different unit spotted
different unit spotted
different unit spotted

Best move


next move down

different unit spotted
different unit spotted
different unit spotted
different unit spotted
different unit spotted
different unit spotted
different unit spotted
different unit spotted
different unit spotted
different unit spotted
different unit spotted
Ally Pioneer spotted Enemy Furyan at dir: 5
dodge called with dir: 1

dodge
dodge1 dir: 1
order placed

next move down

different unit spotted
different unit spotted
different unit spotted
different unit spotted
different unit spotted
different unit spotted
different unit spotted
different unit spotted
different unit spotted
different unit spotted
different unit spotted
different unit spotted
different unit spotted
different unit spotted
different unit spotted
different unit spotted
different unit spotted
different unit spotted
different unit spotted

Best move


next move down

different unit spotted
different unit spotted
different unit spotted
different unit spotted
different unit spotted
different unit spotted
different unit spotted
different unit spotted
different unit spotted
different unit spotted
different unit spotted
different unit spotted
different unit spotted
different unit spotted
different unit spotted
different unit spotted
different unit spotted
different unit spotted
different unit spotted
different unit spotted
different unit spotted
different unit spotted
different unit spotted
different unit spotted
different unit spotted
different unit spotted
different unit spotted
different unit spotted
different unit spotted
different unit spotted
different unit spotted
different unit spotted
different unit spotted

Best move


next move down

different unit spotted
different unit spotted
different unit spotted
different unit spotted
different unit spotted
different unit spotted
different unit spotted
different unit spotted
different unit spotted
different unit spotted
different unit spotted
different unit spotted
different unit spotted
different unit spotted
different unit spotted
different unit spotted

Best move


next move down

different unit spotted
different unit spotted
different unit spotted
different unit spotted
different unit spotted
different unit spotted
different unit spotted
Ally Pioneer spotted Enemy Furyan at dir: 7
dodge called with dir: 3

dodge
dodge1 dir: 2
order placed

next move down

different unit spotted
different unit spotted
different unit spotted
different unit spotted
different unit spotted
different unit spotted
different unit spotted
different unit spotted

Best move


next move down

different unit spotted
different unit spotted
different unit spotted

Best move


next move down

different unit spotted
different unit spotted
different unit spotted
Ally Pioneer spotted Enemy Furyan at dir: 1
dodge called with dir: 5

dodge
dodge1 dir: 2
order placed

next move down

different unit spotted
different unit spotted
different unit spotted
different unit spotted
different unit spotted
different unit spotted
different unit spotted
different unit spotted
different unit spotted
different unit spotted
different unit spotted
different unit spotted
different unit spotted
different unit spotted
different unit spotted
different unit spotted
different unit spotted
different unit spotted
different unit spotted
different unit spotted
different unit spotted
different unit spotted
different unit spotted
different unit spotted
different unit spotted
different unit spotted
different unit spotted
different unit spotted
different unit spotted
different unit spotted
different unit spotted
different unit spotted
different unit spotted
different unit spotted
different unit spotted
different unit spotted
different unit spotted

Best move


next move down

different unit spotted
different unit spotted
different unit spotted
different unit spotted
different unit spotted
different unit spotted
different unit spotted
different unit spotted
different unit spotted
different unit spotted
different unit spotted
different unit spotted
different unit spotted
different unit spotted
different unit spotted
different unit spotted
different unit spotted
different unit spotted
different unit spotted
different unit spotted
different unit spotted
different unit spotted
different unit spotted
different unit spotted
different unit spotted
different unit spotted
different unit spotted
different unit spotted
different unit spotted
different unit spotted
different unit spotted
different unit spotted
different unit spotted
different unit spotted
different unit spotted
different unit spotted
different unit spotted

Best move


next move down

different unit spotted
different unit spotted
different unit spotted
different unit spotted
different unit spotted
different unit spotted
different unit spotted
different unit spotted
different unit spotted
different unit spotted
different unit spotted
different unit spotted
different unit spotted
different unit spotted
different unit spotted
different unit spotted
different unit spotted
different unit spotted
different unit spotted
different unit spotted
different unit spotted
different unit spotted
different unit spotted
different unit spotted
different unit spotted
different unit spotted
different unit spotted
different unit spotted
different unit spotted
different unit spotted
different unit spotted
different unit spotted
different unit spotted
different unit spotted
different unit spotted
different unit spotted
different unit spotted
different unit spotted
different unit spotted
different unit spotted
different unit spotted
different unit spotted

Best move


get sun distance

get sun distance

get sun distance

get sun distance

get sun distance

get sun distance

get sun distance

get sun distance

next move down

different unit spotted
different unit spotted
different unit spotted
different unit spotted
different unit spotted
different unit spotted
different unit spotted
different unit spotted
different unit spotted
different unit spotted
different unit spotted
different unit spotted
different unit spotted
different unit spotted
different unit spotted

Best move


next move down

different unit spotted
different unit spotted
different unit spotted
different unit spotted
different unit spotted
different unit spotted
different unit spotted
different unit spotted
different unit spotted
different unit spotted
different unit spotted
different unit spotted
different unit spotted
different unit spotted
different unit spotted
different unit spotted
different unit spotted
different unit spotted
different unit spotted

Best move


next move down

different unit spotted
different unit spotted
different unit spotted
different unit spotted
different unit spotted

Best move


next move down

different unit spotted
different unit spotted
different unit spotted
different unit spotted
different unit spotted
different unit spotted
different unit spotted
different unit spotted
different unit spotted
different unit spotted
different unit spotted
Ally Pioneer spotted Enemy Furyan at dir: 2
dodge called with dir: 6

dodge
dodge1 dir: 6
order placed

next move down

different unit spotted
different unit spotted
different unit spotted
different unit spotted
different unit spotted
different unit spotted
different unit spotted
different unit spotted
different unit spotted
different unit spotted
different unit spotted
different unit spotted
different unit spotted
different unit spotted
different unit spotted
different unit spotted
different unit spotted
different unit spotted
different unit spotted
different unit spotted

Best move


next move down

different unit spotted
different unit spotted
different unit spotted
different unit spotted
different unit spotted

Best move


next move down

different unit spotted
different unit spotted
different unit spotted
different unit spotted
different unit spotted
different unit spotted
different unit spotted
different unit spotted
different unit spotted
Ally Pioneer spotted Enemy Furyan at dir: 5
dodge called with dir: 1

dodge
dodge1 dir: 1
order placed

next move down

different unit spotted
different unit spotted
different unit spotted
different unit spotted
different unit spotted
different unit spotted
different unit spotted
Ally Pioneer spotted Enemy Furyan at dir: 5
dodge called with dir: 1

dodge
dodge1 dir: 3
order placed

next move down

different unit spotted
different unit spotted
Ally Pioneer spotted Enemy Furyan at dir: 1
dodge called with dir: 5

dodge
dodge1 dir: 4
order placed

next move down

different unit spotted
different unit spotted
different unit spotted
different unit spotted
different unit spotted
different unit spotted
different unit spotted
different unit spotted
different unit spotted
different unit spotted
different unit spotted
different unit spotted
different unit spotted
different unit spotted
different unit spotted

Best move


next move down

different unit spotted
different unit spotted
different unit spotted
different unit spotted
different unit spotted
Ally Furian spotted Enemy unit at dir: 7
dodge called with dir: 7

dodge
dodge1 dir: 5

next move down

different unit spotted
Ally Furian spotted Enemy unit at dir: 1
dodge called with dir: 1

next move down

different unit spotted
different unit spotted
different unit spotted
different unit spotted
different unit spotted
different unit spotted
different unit spotted
different unit spotted
different unit spotted
different unit spotted
different unit spotted
different unit spotted
different unit spotted
different unit spotted
different unit spotted
different unit spotted
different unit spotted
different unit spotted
different unit spotted
different unit spotted
different unit spotted
different unit spotted
Ally Furian spotted Enemy unit at dir: 3
dodge called with dir: 3

dodge
dodge1 dir: 2

next move down

different unit spotted
different unit spotted
different unit spotted
different unit spotted
different unit spotted
different unit spotted
different unit spotted
Ally Furian spotted Enemy unit at dir: 1
dodge called with dir: 1

dodge
dodge1 dir: 5
different unit spotted
different unit spotted
Ally Furian spotted Enemy unit at dir: 0
dodge called with dir: 0

dodge
dodge1 dir: 4
different unit spotted
Ally Furian spotted Enemy unit at dir: 2
dodge called with dir: 2

dodge
dodge1 dir: 5
different unit spotted
different unit spotted
different unit spotted
different unit spotted
different unit spotted
different unit spotted
different unit spotted
Ally Furian spotted Enemy unit at dir: 7
dodge called with dir: 7

dodge
dodge1 dir: 3
different unit spotted
Ally Furian spotted Enemy unit at dir: 3
dodge called with dir: 3

dodge
dodge1 dir: 5
different unit spotted
Ally Furian spotted Enemy unit at dir: 4
dodge called with dir: 4

dodge
dodge1 dir: 3
different unit spotted
Ally Furian spotted Enemy unit at dir: 5
dodge called with dir: 5

dodge
dodge1 dir: 3
different unit spotted
different unit spotted
different unit spotted
different unit spotted
different unit spotted
Ally Furian spotted Enemy unit at dir: 1
dodge called with dir: 1

dodge
dodge1 dir: 5
different unit spotted
Ally Furian spotted Enemy unit at dir: 2
dodge called with dir: 2

dodge
dodge1 dir: 5
different unit spotted
Ally Furian spotted Enemy unit at dir: 3
dodge called with dir: 3

dodge
dodge1 dir: 5
different unit spotted
Ally Furian spotted Enemy unit at dir: 2
dodge called with dir: 2

dodge
dodge1 dir: 5
different unit spotted
Ally Furian spotted Enemy unit at dir: 3
dodge called with dir: 3

dodge
dodge1 dir: 5
different unit spotted
different unit spotted
Ally Furian spotted Enemy unit at dir: 5
dodge called with dir: 5

dodge
dodge1 dir: 5

next move down

different unit spotted
different unit spotted
different unit spotted
different unit spotted
different unit spotted
different unit spotted
Hellhound spotted at dir: 0
dodge called with dir: 4

dodge
dodge1 dir: 4
order placed

next move down

different unit spotted
different unit spotted
different unit spotted
different unit spotted
different unit spotted
different unit spotted
different unit spotted
different unit spotted
Ally Furian spotted Enemy unit at dir: 7
dodge called with dir: 7

dodge
dodge1 dir: 7
dodge or chase commanded dir: 5

dodge or chase commanded dir: 4

dodge or chase commanded dir: 1

dodge or chase commanded dir: 6

dodge or chase commanded dir: 3

dodge or chase commanded dir: 1

dodge or chase commanded dir: 2

dodge or chase commanded dir: 2

dodge or chase commanded dir: 2

dodge or chase commanded dir: 1

dodge or chase commanded dir: 1

dodge or chase commanded dir: 3

dodge or chase commanded dir: 4

best move (not dodge) commanded

best move (not dodge) commanded

best move (not dodge) commanded

best move (not dodge) commanded

best move (not dodge) commanded

warning: action already requested for unit 3
best move (not dodge) commanded

warning: action already requested for unit 3
best move (not dodge) commanded

warning: action already requested for unit 3
best move (not dodge) commanded

warning: action already requested for unit 3
best move (not dodge) commanded

best move (not dodge) commanded

best move (not dodge) commanded

best move (not dodge) commanded

warning: action already requested for unit 3
best move (not dodge) commanded

best move (not dodge) commanded

best move (not dodge) commanded

best move (not dodge) commanded

best move (not dodge) commanded

best move (not dodge) commanded

best move (not dodge) commanded

warning: action already requested for unit 3
best move (not dodge) commanded

best move (not dodge) commanded

best move (not dodge) commanded

best move (not dodge) commanded

warning: action already requested for unit 3
best move (not dodge) commanded

best move (not dodge) commanded

best move (not dodge) commanded

best move (not dodge) commanded

warning: action already requested for unit 3
best move (not dodge) commanded

best move (not dodge) commanded

warning: action already requested for unit 3
best move (not dodge) commanded

best move (not dodge) commanded

best move (not dodge) commanded

warning: action already requested for unit 3
best move (not dodge) commanded

best move (not dodge) commanded

best move (not dodge) commanded

best move (not dodge) commanded

best move (not dodge) commanded

best move (not dodge) commanded

warning: action already requested for unit 3
best move (not dodge) commanded

warning: action already requested for unit 3
best move (not dodge) commanded

best move (not dodge) commanded

info:     end player 0
info:     start player 1
info:     end player 1
info:     start player 2
info:     end player 2
info:     start player 3
info:     end player 3
info: end round 71
info: start round 72
info:     start player 0

next move down

different unit spotted
different unit spotted
different unit spotted
different unit spotted

Best move


next move down

different unit spotted
different unit spotted
different unit spotted
different unit spotted
different unit spotted
different unit spotted
different unit spotted
different unit spotted
different unit spotted

Best move


next move down

different unit spotted
different unit spotted
different unit spotted

Best move


next move down

different unit spotted
different unit spotted
different unit spotted
different unit spotted
different unit spotted
different unit spotted
different unit spotted

Best move


next move down

different unit spotted
different unit spotted
different unit spotted
different unit spotted
different unit spotted
different unit spotted
different unit spotted
different unit spotted
different unit spotted
Hellhound spotted at dir: 1
dodge called with dir: 5

dodge
dodge1 dir: 5
order placed

next move down

different unit spotted
different unit spotted
different unit spotted
different unit spotted

Best move


next move down

different unit spotted
different unit spotted
Ally Pioneer spotted Enemy Furyan at dir: 7
dodge called with dir: 3

dodge
dodge1 dir: 3
order placed

next move down

different unit spotted
different unit spotted
different unit spotted
different unit spotted

Best move


next move down

different unit spotted
different unit spotted
different unit spotted
different unit spotted
different unit spotted
different unit spotted
different unit spotted
different unit spotted
different unit spotted
Ally Pioneer spotted Enemy Furyan at dir: 5
dodge called with dir: 1

dodge
dodge1 dir: 2
order placed

next move down

different unit spotted
different unit spotted
different unit spotted
different unit spotted
different unit spotted
different unit spotted
different unit spotted
different unit spotted

Best move


next move down

different unit spotted
different unit spotted
different unit spotted
different unit spotted
different unit spotted
different unit spotted
different unit spotted

Best move


next move down

different unit spotted
different unit spotted
different unit spotted
different unit spotted
different unit spotted
different unit spotted
different unit spotted
different unit spotted
different unit spotted
different unit spotted
different unit spotted
different unit spotted
different unit spotted
different unit spotted

Best move


next move down

different unit spotted
Ally Pioneer spotted Enemy Furyan at dir: 0
dodge called with dir: 4

dodge
dodge1 dir: 5
order placed

next move down

different unit spotted
different unit spotted
different unit spotted
different unit spotted
different unit spotted
different unit spotted
different unit spotted
different unit spotted
different unit spotted
different unit spotted
different unit spotted
different unit spotted
different unit spotted
different unit spotted
different unit spotted
different unit spotted
different unit spotted
different unit spotted
different unit spotted
different unit spotted
different unit spotted
different unit spotted
different unit spotted
different unit spotted
different unit spotted
different unit spotted
different unit spotted
different unit spotted
different unit spotted
different unit spotted
different unit spotted
different unit spotted
different unit spotted
different unit spotted
different unit spotted
different unit spotted
different unit spotted
different unit spotted
different unit spotted
different unit spotted
different unit spotted
different unit spotted
different unit spotted
different unit spotted
different unit spotted

Best move


next move down

different unit spotted
different unit spotted
different unit spotted
different unit spotted
different unit spotted
different unit spotted
different unit spotted
different unit spotted
different unit spotted
different unit spotted
different unit spotted
different unit spotted
different unit spotted
different unit spotted
different unit spotted
different unit spotted
different unit spotted
different unit spotted
different unit spotted
different unit spotted

Best move


next move down

different unit spotted
different unit spotted
different unit spotted
different unit spotted
different unit spotted
different unit spotted
different unit spotted
different unit spotted
different unit spotted
different unit spotted
different unit spotted
different unit spotted
different unit spotted
Ally Pioneer spotted Enemy Furyan at dir: 5
dodge called with dir: 1

dodge
dodge1 dir: 0
order placed

next move down

different unit spotted
different unit spotted
different unit spotted
different unit spotted
different unit spotted
different unit spotted
different unit spotted
different unit spotted
different unit spotted
different unit spotted
different unit spotted
different unit spotted
different unit spotted
different unit spotted
different unit spotted
Hellhound spotted at dir: 5
dodge called with dir: 1

dodge
dodge1 dir: 1
order placed

next move down

different unit spotted
different unit spotted
different unit spotted
different unit spotted
different unit spotted
different unit spotted
different unit spotted
Ally Pioneer spotted Enemy Furyan at dir: 5
dodge called with dir: 1

dodge
dodge1 dir: 3
order placed

next move down

different unit spotted
different unit spotted
different unit spotted
different unit spotted
different unit spotted
different unit spotted
different unit spotted
different unit spotted
different unit spotted
different unit spotted
different unit spotted
different unit spotted
different unit spotted

Best move


next move down

different unit spotted
different unit spotted
different unit spotted
different unit spotted
different unit spotted
different unit spotted
different unit spotted
different unit spotted
Ally Pioneer spotted Enemy Furyan at dir: 7
dodge called with dir: 3

dodge
dodge1 dir: 3
order placed

next move down

different unit spotted
different unit spotted
different unit spotted
different unit spotted
different unit spotted
different unit spotted
different unit spotted
different unit spotted
Ally Pioneer spotted Enemy Furyan at dir: 4
dodge called with dir: 0

dodge
dodge1 dir: 0
order placed

next move down

different unit spotted
different unit spotted
different unit spotted
different unit spotted

Best move


next move down

different unit spotted
Ally Pioneer spotted Enemy Furyan at dir: 0
dodge called with dir: 4

dodge
dodge1 dir: 2
order placed

next move down

different unit spotted
different unit spotted
different unit spotted
different unit spotted
different unit spotted
different unit spotted
different unit spotted
different unit spotted
different unit spotted
different unit spotted
different unit spotted
different unit spotted
different unit spotted
different unit spotted
different unit spotted
different unit spotted
different unit spotted
different unit spotted
different unit spotted
different unit spotted
different unit spotted
different unit spotted
different unit spotted
different unit spotted
different unit spotted
different unit spotted
different unit spotted
different unit spotted
different unit spotted
different unit spotted
different unit spotted
different unit spotted
different unit spotted
different unit spotted
different unit spotted
different unit spotted
different unit spotted
different unit spotted
different unit spotted

Best move


next move down

different unit spotted
different unit spotted
different unit spotted
different unit spotted
different unit spotted
different unit spotted
different unit spotted
different unit spotted
different unit spotted
different unit spotted
different unit spotted
different unit spotted
different unit spotted
different unit spotted
different unit spotted
different unit spotted
different unit spotted
different unit spotted
different unit spotted
different unit spotted
different unit spotted
different unit spotted
different unit spotted
different unit spotted
different unit spotted
different unit spotted
different unit spotted
different unit spotted
different unit spotted
different unit spotted
different unit spotted
different unit spotted
different unit spotted
different unit spotted
different unit spotted
different unit spotted
different unit spotted
different unit spotted

Best move


next move down

different unit spotted
different unit spotted
different unit spotted
different unit spotted
different unit spotted
different unit spotted
different unit spotted
different unit spotted
different unit spotted
different unit spotted
different unit spotted
different unit spotted
different unit spotted
different unit spotted
different unit spotted
different unit spotted
different unit spotted
different unit spotted
different unit spotted
different unit spotted
different unit spotted
different unit spotted
different unit spotted
different unit spotted
different unit spotted
different unit spotted
different unit spotted
different unit spotted
different unit spotted
different unit spotted
different unit spotted
different unit spotted
different unit spotted
different unit spotted
different unit spotted
different unit spotted
different unit spotted
different unit spotted
different unit spotted
different unit spotted
different unit spotted
different unit spotted
different unit spotted
different unit spotted
different unit spotted

Best move


next move down

different unit spotted
different unit spotted
different unit spotted
different unit spotted
different unit spotted
different unit spotted
different unit spotted
different unit spotted
different unit spotted
different unit spotted
different unit spotted
different unit spotted

Best move


next move down

different unit spotted
different unit spotted
different unit spotted
different unit spotted
different unit spotted
different unit spotted
different unit spotted
different unit spotted
different unit spotted
different unit spotted
different unit spotted
different unit spotted
different unit spotted
different unit spotted
different unit spotted
different unit spotted
different unit spotted
different unit spotted

Best move


next move down

different unit spotted
different unit spotted
different unit spotted
different unit spotted
different unit spotted
different unit spotted
different unit spotted
different unit spotted
different unit spotted
different unit spotted
different unit spotted

Best move


next move down

different unit spotted
different unit spotted
different unit spotted
different unit spotted
Ally Pioneer spotted Enemy Furyan at dir: 7
dodge called with dir: 3

dodge
dodge1 dir: 2
order placed

next move down

different unit spotted
different unit spotted
different unit spotted
different unit spotted
different unit spotted
different unit spotted
different unit spotted
different unit spotted
different unit spotted
different unit spotted
different unit spotted

Best move


next move down

different unit spotted
Ally Pioneer spotted Enemy Furyan at dir: 6
dodge called with dir: 2

dodge
dodge1 dir: 2
order placed

next move down

different unit spotted
different unit spotted
different unit spotted
different unit spotted
different unit spotted
different unit spotted
different unit spotted
different unit spotted
different unit spotted
different unit spotted
different unit spotted
different unit spotted
different unit spotted
different unit spotted

Best move


next move down

different unit spotted
different unit spotted
different unit spotted
different unit spotted
different unit spotted
different unit spotted
different unit spotted
different unit spotted
different unit spotted

Best move


next move down

different unit spotted
different unit spotted
different unit spotted
different unit spotted
different unit spotted
different unit spotted
different unit spotted
different unit spotted
different unit spotted
different unit spotted
different unit spotted
different unit spotted
different unit spotted
different unit spotted
different unit spotted
different unit spotted
different unit spotted

Best move


next move down

different unit spotted
different unit spotted
different unit spotted
different unit spotted
different unit spotted
different unit spotted
Ally Pioneer spotted Enemy Furyan at dir: 6
dodge called with dir: 2

dodge
dodge1 dir: 2
order placed

next move down

different unit spotted
different unit spotted
Ally Pioneer spotted Enemy Furyan at dir: 1
dodge called with dir: 5

dodge
dodge1 dir: 2
order placed

next move down

different unit spotted
different unit spotted
different unit spotted
different unit spotted
different unit spotted
different unit spotted
different unit spotted

Best move


next move down

different unit spotted
different unit spotted
different unit spotted
different unit spotted
different unit spotted
different unit spotted
different unit spotted
Ally Furian spotted Enemy unit at dir: 7
dodge called with dir: 7

dodge
dodge1 dir: 7

next move down

different unit spotted
different unit spotted
different unit spotted
different unit spotted
different unit spotted
different unit spotted
different unit spotted
different unit spotted
different unit spotted
different unit spotted
Hellhound spotted at dir: 5
dodge called with dir: 1

dodge
dodge1 dir: 1
order placed

next move down

different unit spotted
different unit spotted
different unit spotted
different unit spotted
different unit spotted
different unit spotted
different unit spotted
different unit spotted
different unit spotted
different unit spotted
different unit spotted
different unit spotted
different unit spotted
different unit spotted
different unit spotted
different unit spotted
different unit spotted
different unit spotted
different unit spotted
different unit spotted
different unit spotted
different unit spotted
different unit spotted
Ally Furian spotted Enemy unit at dir: 3
dodge called with dir: 3

dodge
dodge1 dir: 2

next move down

different unit spotted
different unit spotted
different unit spotted
different unit spotted
different unit spotted
different unit spotted
different unit spotted
different unit spotted
different unit spotted
Ally Furian spotted Enemy unit at dir: 1
dodge called with dir: 1

dodge
dodge1 dir: 5
different unit spotted
different unit spotted
different unit spotted
Ally Furian spotted Enemy unit at dir: 0
dodge called with dir: 0

dodge
dodge1 dir: 4
different unit spotted
different unit spotted
different unit spotted
different unit spotted
different unit spotted
different unit spotted
different unit spotted
Ally Furian spotted Enemy unit at dir: 7
dodge called with dir: 7

dodge
dodge1 dir: 3
different unit spotted
Ally Furian spotted Enemy unit at dir: 6
dodge called with dir: 6

dodge
dodge1 dir: 2
different unit spotted
different unit spotted
Ally Furian spotted Enemy unit at dir: 4
dodge called with dir: 4

dodge
dodge1 dir: 1
different unit spotted
Ally Furian spotted Enemy unit at dir: 5
dodge called with dir: 5

dodge
dodge1 dir: 1
different unit spotted
Ally Furian spotted Enemy unit at dir: 3
dodge called with dir: 3

dodge
dodge1 dir: 7
different unit spotted
different unit spotted
different unit spotted
different unit spotted
different unit spotted
different unit spotted
different unit spotted
different unit spotted
Ally Furian spotted Enemy unit at dir: 5
dodge called with dir: 5

dodge
dodge1 dir: 5

next move down

different unit spotted
different unit spotted
different unit spotted
different unit spotted
different unit spotted
Hellhound spotted at dir: 7
dodge called with dir: 3

dodge
dodge1 dir: 2
order placed

next move down

different unit spotted
different unit spotted
different unit spotted
different unit spotted
different unit spotted
different unit spotted
different unit spotted
different unit spotted
different unit spotted
Ally Furian spotted Enemy unit at dir: 0
dodge called with dir: 0

dodge
dodge1 dir: 0
dodge or chase commanded dir: 5

dodge or chase commanded dir: 2

dodge or chase commanded dir: 1

dodge or chase commanded dir: 1

dodge or chase commanded dir: 2

dodge or chase commanded dir: 3

dodge or chase commanded dir: 5

dodge or chase commanded dir: 2

dodge or chase commanded dir: 3

dodge or chase commanded dir: 0

dodge or chase commanded dir: 2

dodge or chase commanded dir: 3

dodge or chase commanded dir: 2

dodge or chase commanded dir: 2

dodge or chase commanded dir: 0

dodge or chase commanded dir: 2

best move (not dodge) commanded

best move (not dodge) commanded

best move (not dodge) commanded

best move (not dodge) commanded

best move (not dodge) commanded

best move (not dodge) commanded

warning: action already requested for unit 3
best move (not dodge) commanded

best move (not dodge) commanded

best move (not dodge) commanded

best move (not dodge) commanded

best move (not dodge) commanded

best move (not dodge) commanded

best move (not dodge) commanded

best move (not dodge) commanded

best move (not dodge) commanded

warning: action already requested for unit 3
best move (not dodge) commanded

best move (not dodge) commanded

warning: action already requested for unit 3
best move (not dodge) commanded

best move (not dodge) commanded

warning: action already requested for unit 3
best move (not dodge) commanded

best move (not dodge) commanded

best move (not dodge) commanded

warning: action already requested for unit 3
best move (not dodge) commanded

best move (not dodge) commanded

best move (not dodge) commanded

best move (not dodge) commanded

best move (not dodge) commanded

best move (not dodge) commanded

warning: action already requested for unit 3
best move (not dodge) commanded

best move (not dodge) commanded

best move (not dodge) commanded

best move (not dodge) commanded

best move (not dodge) commanded

warning: action already requested for unit 3
best move (not dodge) commanded

best move (not dodge) commanded

info:     end player 0
info:     start player 1
info:     end player 1
info:     start player 2
info:     end player 2
info:     start player 3
info:     end player 3
info: end round 72
info: start round 73
info:     start player 0

next move down

different unit spotted
different unit spotted
different unit spotted
different unit spotted

Best move


next move down

different unit spotted
different unit spotted
different unit spotted
different unit spotted
different unit spotted
different unit spotted
different unit spotted
different unit spotted
different unit spotted
different unit spotted
different unit spotted
different unit spotted
different unit spotted
different unit spotted
different unit spotted

Best move


next move down

different unit spotted
different unit spotted

Best move


next move down

different unit spotted
different unit spotted
different unit spotted
different unit spotted
different unit spotted

Best move


next move down

different unit spotted
different unit spotted
different unit spotted
different unit spotted
different unit spotted
different unit spotted
different unit spotted
different unit spotted
different unit spotted
Hellhound spotted at dir: 2
dodge called with dir: 6

dodge
dodge1 dir: 6
order placed

next move down

different unit spotted

Best move


next move down

different unit spotted
Ally Pioneer spotted Enemy Furyan at dir: 3
dodge called with dir: 7

dodge
dodge1 dir: 7
order placed

next move down

different unit spotted
different unit spotted
different unit spotted
different unit spotted
different unit spotted
different unit spotted

Best move


next move down

different unit spotted
different unit spotted
different unit spotted
different unit spotted
different unit spotted
different unit spotted
different unit spotted
Ally Pioneer spotted Enemy Furyan at dir: 6
dodge called with dir: 2

dodge
dodge1 dir: 2
order placed

next move down

different unit spotted
different unit spotted
different unit spotted
different unit spotted
different unit spotted
different unit spotted
different unit spotted
different unit spotted
different unit spotted
different unit spotted
different unit spotted

Best move


next move down

different unit spotted
different unit spotted
different unit spotted
different unit spotted
different unit spotted

Best move


next move down

different unit spotted
different unit spotted
different unit spotted
different unit spotted
Ally Pioneer spotted Enemy Furyan at dir: 7
dodge called with dir: 3

dodge
dodge1 dir: 3
order placed

next move down

different unit spotted
different unit spotted
Ally Pioneer spotted Enemy Furyan at dir: 1
dodge called with dir: 5

dodge
dodge1 dir: 7
order placed

next move down

different unit spotted
different unit spotted
different unit spotted
different unit spotted
different unit spotted
different unit spotted
different unit spotted
different unit spotted
different unit spotted
different unit spotted
different unit spotted
different unit spotted
different unit spotted
different unit spotted
different unit spotted
different unit spotted
different unit spotted
different unit spotted
different unit spotted
different unit spotted
different unit spotted
different unit spotted
different unit spotted
different unit spotted
different unit spotted
different unit spotted
different unit spotted
different unit spotted
different unit spotted
different unit spotted
different unit spotted
different unit spotted
different unit spotted
different unit spotted
Ally Pioneer spotted Enemy Furyan at dir: 6
dodge called with dir: 2

dodge
dodge1 dir: 2
order placed

next move down

different unit spotted
different unit spotted
different unit spotted
different unit spotted
different unit spotted
different unit spotted
different unit spotted
different unit spotted
different unit spotted
different unit spotted
different unit spotted
different unit spotted
different unit spotted
different unit spotted
different unit spotted
different unit spotted
different unit spotted
different unit spotted
different unit spotted
different unit spotted
different unit spotted
different unit spotted
different unit spotted
different unit spotted
different unit spotted

Best move


next move down

different unit spotted
different unit spotted
different unit spotted
different unit spotted
different unit spotted
different unit spotted
different unit spotted
different unit spotted
different unit spotted
different unit spotted
different unit spotted
different unit spotted
different unit spotted
different unit spotted
different unit spotted
different unit spotted
different unit spotted
different unit spotted
different unit spotted
different unit spotted
different unit spotted
different unit spotted
different unit spotted
different unit spotted

Best move


next move down

different unit spotted
different unit spotted
different unit spotted
different unit spotted
different unit spotted
different unit spotted
different unit spotted
different unit spotted
different unit spotted
different unit spotted
different unit spotted
different unit spotted
different unit spotted
different unit spotted
Hellhound spotted at dir: 5
dodge called with dir: 1

dodge
dodge1 dir: 1
order placed

next move down

different unit spotted
different unit spotted
Ally Pioneer spotted Enemy Furyan at dir: 5
dodge called with dir: 1

dodge
dodge1 dir: 4
order placed

next move down

different unit spotted
different unit spotted
different unit spotted
different unit spotted
different unit spotted
different unit spotted
different unit spotted
different unit spotted
different unit spotted
different unit spotted
different unit spotted
different unit spotted
different unit spotted
different unit spotted
different unit spotted
different unit spotted
different unit spotted
different unit spotted
different unit spotted
different unit spotted
different unit spotted
different unit spotted
different unit spotted

Best move


next move down

different unit spotted
different unit spotted
different unit spotted
different unit spotted
different unit spotted
different unit spotted
different unit spotted

Best move


next move down

different unit spotted
different unit spotted
different unit spotted
different unit spotted
different unit spotted
different unit spotted
different unit spotted
different unit spotted
different unit spotted
different unit spotted
different unit spotted
different unit spotted

Best move


next move down

different unit spotted
different unit spotted
different unit spotted

Best move


next move down

different unit spotted
Ally Pioneer spotted Enemy Furyan at dir: 7
dodge called with dir: 3

dodge
dodge1 dir: 3
order placed

next move down

different unit spotted
different unit spotted
different unit spotted
different unit spotted
different unit spotted
different unit spotted
different unit spotted
different unit spotted
different unit spotted
different unit spotted
different unit spotted
different unit spotted
different unit spotted
different unit spotted
different unit spotted
different unit spotted
different unit spotted
different unit spotted
different unit spotted
different unit spotted
different unit spotted
different unit spotted
different unit spotted
different unit spotted
different unit spotted
different unit spotted
different unit spotted
different unit spotted
different unit spotted
different unit spotted
different unit spotted
different unit spotted
different unit spotted
different unit spotted

Best move


next move down

different unit spotted
different unit spotted
different unit spotted
different unit spotted
different unit spotted
different unit spotted
different unit spotted
different unit spotted
different unit spotted
different unit spotted
different unit spotted
different unit spotted
different unit spotted
different unit spotted
different unit spotted
different unit spotted
different unit spotted
different unit spotted
different unit spotted
different unit spotted
different unit spotted
different unit spotted
different unit spotted
different unit spotted
different unit spotted
different unit spotted
different unit spotted
different unit spotted
different unit spotted
different unit spotted
different unit spotted
different unit spotted
different unit spotted
different unit spotted
different unit spotted
different unit spotted
different unit spotted
different unit spotted
different unit spotted
different unit spotted
different unit spotted

Best move


next move down

different unit spotted
different unit spotted
different unit spotted
different unit spotted
different unit spotted
different unit spotted
different unit spotted
different unit spotted
different unit spotted
different unit spotted
different unit spotted
different unit spotted
Ally Pioneer spotted Enemy Furyan at dir: 6
dodge called with dir: 2

dodge
dodge1 dir: 1
order placed

next move down

different unit spotted
different unit spotted
different unit spotted
different unit spotted
different unit spotted
different unit spotted
different unit spotted
different unit spotted
different unit spotted
different unit spotted
different unit spotted
Ally Pioneer spotted Enemy Furyan at dir: 3
dodge called with dir: 7

dodge
dodge1 dir: 7
order placed

next move down

different unit spotted
different unit spotted
different unit spotted
different unit spotted
different unit spotted
different unit spotted
different unit spotted
different unit spotted
different unit spotted
different unit spotted
different unit spotted
different unit spotted
different unit spotted
different unit spotted
different unit spotted
different unit spotted
different unit spotted

Best move


next move down

different unit spotted
different unit spotted
different unit spotted
different unit spotted
different unit spotted
different unit spotted
different unit spotted
different unit spotted
different unit spotted
different unit spotted
different unit spotted
different unit spotted
different unit spotted

Best move


next move down

different unit spotted
different unit spotted
Ally Pioneer spotted Enemy Furyan at dir: 5
dodge called with dir: 1

dodge
dodge1 dir: 1
order placed

next move down

different unit spotted
different unit spotted
different unit spotted
different unit spotted
different unit spotted
different unit spotted
different unit spotted
different unit spotted
different unit spotted

Best move


next move down

different unit spotted
different unit spotted
different unit spotted
Ally Pioneer spotted Enemy Furyan at dir: 3
dodge called with dir: 7

dodge
dodge1 dir: 7
order placed

next move down

different unit spotted
different unit spotted
different unit spotted
different unit spotted
different unit spotted
different unit spotted
different unit spotted
different unit spotted
different unit spotted
different unit spotted
different unit spotted
different unit spotted
different unit spotted
different unit spotted
different unit spotted
different unit spotted
different unit spotted
different unit spotted

Best move


next move down

different unit spotted
different unit spotted
different unit spotted
different unit spotted
different unit spotted
different unit spotted
different unit spotted
different unit spotted
different unit spotted
different unit spotted
different unit spotted
different unit spotted
different unit spotted
different unit spotted
different unit spotted

Best move


next move down

different unit spotted
different unit spotted
different unit spotted
different unit spotted
different unit spotted
different unit spotted
Ally Pioneer spotted Enemy Furyan at dir: 5
dodge called with dir: 1

dodge
dodge1 dir: 1
order placed

next move down

different unit spotted
different unit spotted
different unit spotted
different unit spotted
different unit spotted
different unit spotted
different unit spotted
different unit spotted
different unit spotted
different unit spotted
different unit spotted
Ally Pioneer spotted Enemy Furyan at dir: 5
dodge called with dir: 1

dodge
dodge1 dir: 1
order placed

next move down

different unit spotted
Ally Pioneer spotted Enemy Furyan at dir: 7
dodge called with dir: 3

dodge
dodge1 dir: 3
order placed

next move down

different unit spotted
different unit spotted
different unit spotted
different unit spotted
different unit spotted

Best move


next move down

different unit spotted
different unit spotted
different unit spotted
different unit spotted
different unit spotted
different unit spotted
Ally Furian spotted Enemy unit at dir: 7
dodge called with dir: 7

dodge
dodge1 dir: 7

next move down

different unit spotted
different unit spotted
different unit spotted
different unit spotted
different unit spotted
different unit spotted
different unit spotted
different unit spotted
Hellhound spotted at dir: 5
dodge called with dir: 1

dodge
dodge1 dir: 2
order placed

next move down

different unit spotted
different unit spotted
different unit spotted
different unit spotted
different unit spotted
different unit spotted
different unit spotted
different unit spotted
different unit spotted
different unit spotted
different unit spotted
different unit spotted
different unit spotted
different unit spotted
different unit spotted
different unit spotted
different unit spotted
Ally Furian spotted Enemy unit at dir: 3
dodge called with dir: 3

dodge
dodge1 dir: 3

next move down

different unit spotted
different unit spotted
Ally Furian spotted Enemy unit at dir: 1
dodge called with dir: 1

dodge
dodge1 dir: 5
different unit spotted
different unit spotted
different unit spotted
different unit spotted
Ally Furian spotted Enemy unit at dir: 0
dodge called with dir: 0

dodge
dodge1 dir: 4
different unit spotted
different unit spotted
different unit spotted
Ally Furian spotted Enemy unit at dir: 7
dodge called with dir: 7

dodge
dodge1 dir: 3
different unit spotted
different unit spotted
Ally Furian spotted Enemy unit at dir: 6
dodge called with dir: 6

dodge
dodge1 dir: 1
different unit spotted
Ally Furian spotted Enemy unit at dir: 4
dodge called with dir: 4

dodge
dodge1 dir: 1
different unit spotted
Ally Furian spotted Enemy unit at dir: 5
dodge called with dir: 5

dodge
dodge1 dir: 1
different unit spotted
Ally Furian spotted Enemy unit at dir: 3
dodge called with dir: 3

dodge
dodge1 dir: 5
different unit spotted
different unit spotted
different unit spotted
different unit spotted
different unit spotted
different unit spotted
different unit spotted
different unit spotted
different unit spotted
different unit spotted
different unit spotted
different unit spotted
different unit spotted
different unit spotted
different unit spotted
different unit spotted
different unit spotted
Ally Furian spotted Enemy unit at dir: 5
dodge called with dir: 5

dodge
dodge1 dir: 5

next move down

different unit spotted
different unit spotted
different unit spotted
different unit spotted
different unit spotted
different unit spotted
Hellhound spotted at dir: 7
dodge called with dir: 3

dodge
dodge1 dir: 2
order placed

next move down

different unit spotted
different unit spotted
different unit spotted
different unit spotted
different unit spotted
different unit spotted
different unit spotted
Ally Furian spotted Enemy unit at dir: 0
dodge called with dir: 0

dodge
dodge1 dir: 2
dodge or chase commanded dir: 6

dodge or chase commanded dir: 2

dodge or chase commanded dir: 1

dodge or chase commanded dir: 2

dodge or chase commanded dir: 2

dodge or chase commanded dir: 1

dodge or chase commanded dir: 7

dodge or chase commanded dir: 7

dodge or chase commanded dir: 7

dodge or chase commanded dir: 1

dodge or chase commanded dir: 3

dodge or chase commanded dir: 3

dodge or chase commanded dir: 2

dodge or chase commanded dir: 4

dodge or chase commanded dir: 1

dodge or chase commanded dir: 3

dodge or chase commanded dir: 7

dodge or chase commanded dir: 1

best move (not dodge) commanded

best move (not dodge) commanded

best move (not dodge) commanded

best move (not dodge) commanded

warning: action already requested for unit 3
best move (not dodge) commanded

best move (not dodge) commanded

best move (not dodge) commanded

best move (not dodge) commanded

best move (not dodge) commanded

best move (not dodge) commanded

best move (not dodge) commanded

best move (not dodge) commanded

warning: action already requested for unit 3
best move (not dodge) commanded

warning: action already requested for unit 3
best move (not dodge) commanded

best move (not dodge) commanded

best move (not dodge) commanded

best move (not dodge) commanded

warning: action already requested for unit 3
best move (not dodge) commanded

best move (not dodge) commanded

best move (not dodge) commanded

best move (not dodge) commanded

best move (not dodge) commanded

best move (not dodge) commanded

best move (not dodge) commanded

warning: action already requested for unit 3
best move (not dodge) commanded

best move (not dodge) commanded

warning: action already requested for unit 3
best move (not dodge) commanded

best move (not dodge) commanded

best move (not dodge) commanded

warning: action already requested for unit 3
best move (not dodge) commanded

best move (not dodge) commanded

best move (not dodge) commanded

best move (not dodge) commanded

info:     end player 0
info:     start player 1
info:     end player 1
info:     start player 2
info:     end player 2
info:     start player 3
info:     end player 3
info: end round 73
info: start round 74
info:     start player 0

next move down

different unit spotted
different unit spotted
different unit spotted
different unit spotted
different unit spotted
different unit spotted
different unit spotted
different unit spotted
different unit spotted
different unit spotted
different unit spotted
different unit spotted
different unit spotted

Best move


get sun distance

get sun distance

get sun distance

get sun distance

get sun distance

get sun distance

get sun distance

get sun distance

next move down

different unit spotted
different unit spotted
different unit spotted
different unit spotted
different unit spotted
different unit spotted
different unit spotted
different unit spotted
different unit spotted
different unit spotted
different unit spotted
different unit spotted
different unit spotted
different unit spotted
different unit spotted

Best move


next move down

different unit spotted
different unit spotted
different unit spotted
different unit spotted
different unit spotted
different unit spotted
different unit spotted
different unit spotted
different unit spotted

Best move


next move down

different unit spotted
different unit spotted
different unit spotted
different unit spotted
different unit spotted
different unit spotted
different unit spotted
different unit spotted
different unit spotted
different unit spotted

Best move


next move down

different unit spotted
different unit spotted
different unit spotted
different unit spotted
different unit spotted
different unit spotted
different unit spotted
Ally Pioneer spotted Enemy Furyan at dir: 7
dodge called with dir: 3

dodge
dodge1 dir: 3
order placed

next move down

different unit spotted
different unit spotted
different unit spotted
different unit spotted

Best move


next move down

different unit spotted
Ally Pioneer spotted Enemy Furyan at dir: 3
dodge called with dir: 7

dodge
dodge1 dir: 6
order placed

next move down

different unit spotted
different unit spotted
different unit spotted

Best move


next move down

different unit spotted
different unit spotted
different unit spotted
different unit spotted
different unit spotted
different unit spotted
different unit spotted
different unit spotted
different unit spotted
different unit spotted
different unit spotted
Ally Pioneer spotted Enemy Furyan at dir: 6
dodge called with dir: 2

dodge
dodge1 dir: 3
order placed

next move down

different unit spotted
different unit spotted
different unit spotted
different unit spotted
different unit spotted
different unit spotted
different unit spotted
different unit spotted
different unit spotted

Best move


next move down

different unit spotted
different unit spotted
different unit spotted
different unit spotted
different unit spotted
different unit spotted
different unit spotted
different unit spotted

Best move


next move down

different unit spotted
different unit spotted
different unit spotted
different unit spotted
different unit spotted
different unit spotted
different unit spotted
different unit spotted
different unit spotted
Ally Pioneer spotted Enemy Furyan at dir: 7
dodge called with dir: 3

dodge
dodge1 dir: 3
order placed

next move down

different unit spotted
Ally Pioneer spotted Enemy Furyan at dir: 2
dodge called with dir: 6

dodge
dodge1 dir: 7
order placed

next move down

different unit spotted
different unit spotted
different unit spotted
different unit spotted
different unit spotted
different unit spotted
different unit spotted
different unit spotted
different unit spotted
different unit spotted
different unit spotted
different unit spotted
different unit spotted
different unit spotted
different unit spotted
different unit spotted
different unit spotted
different unit spotted
different unit spotted
different unit spotted
different unit spotted
different unit spotted
different unit spotted
different unit spotted
different unit spotted
different unit spotted
different unit spotted
Ally Pioneer spotted Enemy Furyan at dir: 7
dodge called with dir: 3

dodge
dodge1 dir: 3
order placed

next move down

different unit spotted
different unit spotted
different unit spotted
different unit spotted
different unit spotted
different unit spotted
different unit spotted
different unit spotted
different unit spotted
different unit spotted
different unit spotted
different unit spotted
different unit spotted
different unit spotted
different unit spotted
different unit spotted
different unit spotted
different unit spotted

Best move


next move down

different unit spotted
different unit spotted
different unit spotted
different unit spotted
different unit spotted
different unit spotted
different unit spotted
different unit spotted
different unit spotted
different unit spotted
different unit spotted
different unit spotted
different unit spotted
different unit spotted
different unit spotted
different unit spotted
different unit spotted
Ally Pioneer spotted Enemy Furyan at dir: 5
dodge called with dir: 1

dodge
dodge1 dir: 1
order placed

next move down

different unit spotted
different unit spotted
different unit spotted
different unit spotted
different unit spotted
different unit spotted
different unit spotted
different unit spotted
different unit spotted
different unit spotted
different unit spotted
Ally Pioneer spotted Enemy Furyan at dir: 1
dodge called with dir: 5

dodge
dodge1 dir: 5
order placed

next move down

different unit spotted
Ally Pioneer spotted Enemy Furyan at dir: 6
dodge called with dir: 2

dodge
dodge1 dir: 2
order placed

next move down

different unit spotted
different unit spotted
different unit spotted
different unit spotted
different unit spotted
different unit spotted
different unit spotted
different unit spotted
different unit spotted
different unit spotted
different unit spotted
different unit spotted
different unit spotted

Best move


next move down

different unit spotted
different unit spotted
different unit spotted
different unit spotted
different unit spotted
different unit spotted

Best move


next move down

different unit spotted
different unit spotted
different unit spotted
different unit spotted
different unit spotted
different unit spotted
different unit spotted

Best move


next move down

different unit spotted
different unit spotted
different unit spotted
different unit spotted

Best move


next move down

different unit spotted
different unit spotted
different unit spotted
different unit spotted
different unit spotted
different unit spotted
different unit spotted
different unit spotted
different unit spotted
different unit spotted
different unit spotted
different unit spotted
different unit spotted
different unit spotted
different unit spotted
different unit spotted
different unit spotted
different unit spotted
different unit spotted
different unit spotted
different unit spotted
different unit spotted
different unit spotted
different unit spotted
different unit spotted
different unit spotted

Best move


next move down

different unit spotted
different unit spotted
different unit spotted
different unit spotted
different unit spotted
different unit spotted
different unit spotted
different unit spotted
different unit spotted
different unit spotted
different unit spotted
different unit spotted
different unit spotted
different unit spotted
different unit spotted
different unit spotted
different unit spotted
different unit spotted
different unit spotted
different unit spotted
different unit spotted
different unit spotted
different unit spotted
different unit spotted
different unit spotted
different unit spotted
different unit spotted
different unit spotted
different unit spotted
different unit spotted
different unit spotted
different unit spotted
different unit spotted

Best move


next move down

different unit spotted
different unit spotted
different unit spotted
different unit spotted
different unit spotted
different unit spotted
different unit spotted
different unit spotted
different unit spotted
different unit spotted
different unit spotted
Ally Pioneer spotted Enemy Furyan at dir: 6
dodge called with dir: 2

dodge
dodge1 dir: 2
order placed

next move down

different unit spotted
different unit spotted
different unit spotted
different unit spotted
different unit spotted
different unit spotted
different unit spotted
different unit spotted
different unit spotted
different unit spotted
different unit spotted
different unit spotted
different unit spotted
different unit spotted
different unit spotted
different unit spotted

Best move


next move down

different unit spotted
different unit spotted
different unit spotted
different unit spotted
different unit spotted
different unit spotted
different unit spotted
different unit spotted
different unit spotted
different unit spotted
different unit spotted
different unit spotted
different unit spotted
different unit spotted
different unit spotted

Best move


next move down

different unit spotted
different unit spotted
different unit spotted
different unit spotted
different unit spotted
different unit spotted
different unit spotted

Best move


next move down

different unit spotted
different unit spotted
different unit spotted
different unit spotted
Ally Pioneer spotted Enemy Furyan at dir: 5
dodge called with dir: 1

dodge
dodge1 dir: 2
order placed

next move down

different unit spotted
different unit spotted
different unit spotted
different unit spotted
different unit spotted
different unit spotted
different unit spotted
different unit spotted
different unit spotted

Best move


next move down

different unit spotted
different unit spotted
different unit spotted
different unit spotted
different unit spotted
Ally Pioneer spotted Enemy Furyan at dir: 6
dodge called with dir: 2

dodge
dodge1 dir: 2
order placed

next move down

different unit spotted
different unit spotted
different unit spotted
different unit spotted
different unit spotted
different unit spotted
different unit spotted
different unit spotted
different unit spotted
different unit spotted
different unit spotted
different unit spotted
different unit spotted
different unit spotted
different unit spotted
different unit spotted
different unit spotted
different unit spotted

Best move


next move down

different unit spotted
different unit spotted
different unit spotted
different unit spotted
different unit spotted
different unit spotted
different unit spotted
different unit spotted
different unit spotted
different unit spotted
different unit spotted
different unit spotted
different unit spotted
different unit spotted

Best move


next move down

different unit spotted
different unit spotted
different unit spotted
different unit spotted
Ally Pioneer spotted Enemy Furyan at dir: 5
dodge called with dir: 1

dodge
order placed

next move down

different unit spotted
different unit spotted
different unit spotted
different unit spotted
different unit spotted
different unit spotted
different unit spotted
different unit spotted
different unit spotted
different unit spotted
different unit spotted
different unit spotted
Ally Pioneer spotted Enemy Furyan at dir: 6
dodge called with dir: 2

dodge
dodge1 dir: 2
order placed

next move down

different unit spotted
different unit spotted
different unit spotted
different unit spotted
different unit spotted
different unit spotted
different unit spotted
different unit spotted
different unit spotted
different unit spotted
Ally Pioneer spotted Enemy Furyan at dir: 7
dodge called with dir: 3

dodge
dodge1 dir: 3
order placed

next move down

different unit spotted
different unit spotted
different unit spotted
different unit spotted
different unit spotted
different unit spotted
different unit spotted

Best move


next move down

different unit spotted
different unit spotted
different unit spotted
different unit spotted
different unit spotted
Ally Furian spotted Enemy unit at dir: 7
dodge called with dir: 7

dodge
dodge1 dir: 7

next move down

different unit spotted
different unit spotted
different unit spotted
different unit spotted
different unit spotted
Hellhound spotted at dir: 5
dodge called with dir: 1

dodge
dodge1 dir: 1
order placed

next move down

different unit spotted
different unit spotted
different unit spotted
different unit spotted
different unit spotted
different unit spotted
different unit spotted
different unit spotted
different unit spotted
different unit spotted
different unit spotted
different unit spotted
Ally Furian spotted Enemy unit at dir: 4
dodge called with dir: 4

dodge
dodge1 dir: 3

next move down

different unit spotted
different unit spotted
different unit spotted
different unit spotted
different unit spotted
different unit spotted
different unit spotted
different unit spotted
different unit spotted
different unit spotted
Ally Furian spotted Enemy unit at dir: 1
dodge called with dir: 1

dodge
dodge1 dir: 5
different unit spotted
different unit spotted
different unit spotted
different unit spotted
different unit spotted
Ally Furian spotted Enemy unit at dir: 0
dodge called with dir: 0

dodge
dodge1 dir: 4
different unit spotted
different unit spotted
different unit spotted
different unit spotted
different unit spotted
different unit spotted
Ally Furian spotted Enemy unit at dir: 7
dodge called with dir: 7

dodge
dodge1 dir: 3
different unit spotted
Ally Furian spotted Enemy unit at dir: 6
dodge called with dir: 6

dodge
dodge1 dir: 2
different unit spotted
Ally Furian spotted Enemy unit at dir: 4
dodge called with dir: 4

dodge
dodge1 dir: 1
different unit spotted
Ally Furian spotted Enemy unit at dir: 5
dodge called with dir: 5

dodge
dodge1 dir: 1
different unit spotted
Ally Furian spotted Enemy unit at dir: 3
dodge called with dir: 3

dodge
dodge1 dir: 7
different unit spotted
different unit spotted
different unit spotted
different unit spotted
different unit spotted
different unit spotted
different unit spotted
different unit spotted
different unit spotted
different unit spotted
different unit spotted
different unit spotted
Ally Furian spotted Enemy unit at dir: 5
dodge called with dir: 5

dodge
dodge1 dir: 5

next move down

different unit spotted
different unit spotted
different unit spotted
different unit spotted
Hellhound spotted at dir: 7
dodge called with dir: 3

dodge
dodge1 dir: 3
order placed

next move down

different unit spotted
different unit spotted
different unit spotted
different unit spotted
different unit spotted
different unit spotted
Ally Furian spotted Enemy unit at dir: 7
dodge called with dir: 7

dodge
dodge1 dir: 6
dodge or chase commanded dir: 1

dodge or chase commanded dir: 3

dodge or chase commanded dir: 3

dodge or chase commanded dir: 2

dodge or chase commanded dir: 2

dodge or chase commanded dir: 6

dodge or chase commanded dir: 7

dodge or chase commanded dir: 3

dodge or chase commanded dir: 2

dodge or chase commanded dir: 3

dodge or chase commanded dir: 3

dodge or chase commanded dir: 1

dodge or chase commanded dir: 2

dodge or chase commanded dir: 3

dodge or chase commanded dir: 5

dodge or chase commanded dir: 10

dodge or chase commanded dir: 2

best move (not dodge) commanded

best move (not dodge) commanded

best move (not dodge) commanded

best move (not dodge) commanded

warning: action already requested for unit 3
best move (not dodge) commanded

best move (not dodge) commanded

best move (not dodge) commanded

best move (not dodge) commanded

best move (not dodge) commanded

best move (not dodge) commanded

best move (not dodge) commanded

warning: action already requested for unit 3
best move (not dodge) commanded

best move (not dodge) commanded

warning: action already requested for unit 3
best move (not dodge) commanded

warning: action already requested for unit 3
best move (not dodge) commanded

warning: action already requested for unit 3
best move (not dodge) commanded

best move (not dodge) commanded

best move (not dodge) commanded

best move (not dodge) commanded

best move (not dodge) commanded

best move (not dodge) commanded

best move (not dodge) commanded

best move (not dodge) commanded

best move (not dodge) commanded

warning: action already requested for unit 3
best move (not dodge) commanded

best move (not dodge) commanded

best move (not dodge) commanded

best move (not dodge) commanded

warning: action already requested for unit 3
best move (not dodge) commanded

best move (not dodge) commanded

best move (not dodge) commanded

best move (not dodge) commanded

best move (not dodge) commanded

info:     end player 0
info:     start player 1
info:     end player 1
info:     start player 2
info:     end player 2
info:     start player 3
info:     end player 3
info: end round 74
info: start round 75
info:     start player 0

next move down

different unit spotted
different unit spotted
different unit spotted
different unit spotted
different unit spotted
different unit spotted
different unit spotted
different unit spotted
different unit spotted

Best move


next move down

different unit spotted
different unit spotted
different unit spotted
different unit spotted
different unit spotted
different unit spotted
different unit spotted
different unit spotted
different unit spotted
different unit spotted
different unit spotted

Best move


next move down

different unit spotted
different unit spotted
different unit spotted
different unit spotted

Best move


next move down

different unit spotted
different unit spotted
different unit spotted
different unit spotted
different unit spotted
different unit spotted
different unit spotted
different unit spotted
different unit spotted
different unit spotted

Best move


next move down

different unit spotted
different unit spotted
different unit spotted
different unit spotted
different unit spotted
different unit spotted
different unit spotted

Best move


next move down

different unit spotted
different unit spotted
different unit spotted

Best move


next move down

different unit spotted
different unit spotted
different unit spotted
different unit spotted
different unit spotted

Best move


next move down

different unit spotted
different unit spotted
different unit spotted
different unit spotted
different unit spotted
different unit spotted
different unit spotted
different unit spotted
different unit spotted
different unit spotted
different unit spotted
different unit spotted
different unit spotted
different unit spotted
different unit spotted
different unit spotted
different unit spotted
different unit spotted
different unit spotted
different unit spotted
different unit spotted
different unit spotted
different unit spotted
different unit spotted
different unit spotted
different unit spotted
different unit spotted
different unit spotted
different unit spotted
different unit spotted
different unit spotted

Best move


next move down

different unit spotted
different unit spotted
different unit spotted
different unit spotted
different unit spotted
different unit spotted

Best move


next move down

different unit spotted
different unit spotted
different unit spotted
different unit spotted
different unit spotted
different unit spotted
different unit spotted
different unit spotted

Best move


next move down

different unit spotted
different unit spotted
different unit spotted
different unit spotted
different unit spotted
different unit spotted
different unit spotted
different unit spotted
different unit spotted
different unit spotted
different unit spotted
different unit spotted

Best move


next move down

different unit spotted
different unit spotted
different unit spotted
different unit spotted
different unit spotted
different unit spotted
different unit spotted
different unit spotted
different unit spotted
different unit spotted
different unit spotted
different unit spotted
different unit spotted
different unit spotted
different unit spotted
different unit spotted
different unit spotted
different unit spotted
different unit spotted
different unit spotted
different unit spotted
different unit spotted
different unit spotted
different unit spotted
different unit spotted
different unit spotted
different unit spotted
different unit spotted
different unit spotted
different unit spotted
different unit spotted
different unit spotted
different unit spotted

Best move


next move down

different unit spotted
different unit spotted
different unit spotted
different unit spotted
different unit spotted
different unit spotted
different unit spotted
different unit spotted
different unit spotted
different unit spotted
different unit spotted
different unit spotted
different unit spotted

Best move


next move down

different unit spotted
different unit spotted
different unit spotted
different unit spotted
different unit spotted
different unit spotted
different unit spotted
different unit spotted
different unit spotted
different unit spotted
different unit spotted
different unit spotted
different unit spotted
different unit spotted
different unit spotted
different unit spotted

Best move


next move down

different unit spotted
different unit spotted
different unit spotted
different unit spotted
different unit spotted
different unit spotted
different unit spotted
different unit spotted
Hellhound spotted at dir: 5
dodge called with dir: 1

dodge
dodge1 dir: 1
order placed

next move down

different unit spotted
different unit spotted
different unit spotted
different unit spotted
different unit spotted
different unit spotted
different unit spotted
different unit spotted
Ally Pioneer spotted Enemy Furyan at dir: 6
dodge called with dir: 2

dodge
dodge1 dir: 2
order placed

next move down

different unit spotted
different unit spotted
different unit spotted
different unit spotted
different unit spotted
different unit spotted
different unit spotted
different unit spotted
different unit spotted
different unit spotted
different unit spotted

Best move


next move down

different unit spotted
different unit spotted
different unit spotted
different unit spotted
different unit spotted
different unit spotted
different unit spotted
different unit spotted
different unit spotted

Best move


next move down

different unit spotted
different unit spotted
different unit spotted
different unit spotted

Best move


next move down

different unit spotted
different unit spotted
different unit spotted
different unit spotted
different unit spotted

Best move


next move down

different unit spotted
different unit spotted
different unit spotted
different unit spotted
different unit spotted
different unit spotted
different unit spotted
different unit spotted
different unit spotted
different unit spotted
different unit spotted
different unit spotted
different unit spotted
different unit spotted
different unit spotted
different unit spotted
different unit spotted
different unit spotted
different unit spotted
different unit spotted
different unit spotted
different unit spotted
different unit spotted
different unit spotted
different unit spotted
different unit spotted
different unit spotted
different unit spotted
different unit spotted
different unit spotted
different unit spotted
different unit spotted
different unit spotted

Best move


next move down

different unit spotted
different unit spotted
different unit spotted
different unit spotted
different unit spotted
different unit spotted
different unit spotted
different unit spotted
different unit spotted
different unit spotted
different unit spotted
different unit spotted
different unit spotted
different unit spotted
different unit spotted
different unit spotted
different unit spotted
different unit spotted
different unit spotted
different unit spotted
different unit spotted
different unit spotted
different unit spotted
different unit spotted
different unit spotted
different unit spotted
different unit spotted
different unit spotted
different unit spotted
different unit spotted
different unit spotted
different unit spotted
different unit spotted

Best move


next move down

different unit spotted
different unit spotted
different unit spotted
different unit spotted
different unit spotted
different unit spotted
different unit spotted
different unit spotted
different unit spotted
different unit spotted
different unit spotted
different unit spotted
different unit spotted
different unit spotted
different unit spotted
different unit spotted
different unit spotted
different unit spotted
different unit spotted
different unit spotted
different unit spotted
different unit spotted
different unit spotted
different unit spotted
different unit spotted
different unit spotted
different unit spotted
different unit spotted
different unit spotted
different unit spotted
different unit spotted
different unit spotted
different unit spotted
different unit spotted
different unit spotted

Best move


next move down

different unit spotted
different unit spotted
different unit spotted
different unit spotted
different unit spotted
different unit spotted
different unit spotted
different unit spotted
different unit spotted
Ally Pioneer spotted Enemy Furyan at dir: 3
dodge called with dir: 7

dodge
dodge1 dir: 7
order placed

next move down

different unit spotted
different unit spotted
different unit spotted
different unit spotted
different unit spotted
different unit spotted
different unit spotted
different unit spotted
different unit spotted
different unit spotted
different unit spotted

Best move


next move down

different unit spotted
different unit spotted
different unit spotted
different unit spotted
different unit spotted
different unit spotted
different unit spotted
different unit spotted
different unit spotted
different unit spotted

Best move


next move down

different unit spotted
different unit spotted
different unit spotted
different unit spotted
Ally Pioneer spotted Enemy Furyan at dir: 5
dodge called with dir: 1

dodge
dodge1 dir: 2
order placed

next move down

different unit spotted
different unit spotted
different unit spotted
different unit spotted
different unit spotted
different unit spotted
different unit spotted
different unit spotted
different unit spotted
different unit spotted

Best move


next move down

different unit spotted
different unit spotted
different unit spotted
different unit spotted
different unit spotted
Ally Pioneer spotted Enemy Furyan at dir: 6
dodge called with dir: 2

dodge
dodge1 dir: 2
order placed

next move down

different unit spotted
different unit spotted
different unit spotted
different unit spotted
different unit spotted
different unit spotted
different unit spotted
different unit spotted
different unit spotted
different unit spotted
different unit spotted
different unit spotted

Best move


next move down

different unit spotted
different unit spotted
different unit spotted
different unit spotted
different unit spotted
different unit spotted
different unit spotted
different unit spotted
different unit spotted
different unit spotted
different unit spotted
different unit spotted
different unit spotted
different unit spotted
different unit spotted
different unit spotted
different unit spotted
different unit spotted
different unit spotted
different unit spotted
different unit spotted
different unit spotted
different unit spotted
different unit spotted
different unit spotted

Best move


next move down

different unit spotted
different unit spotted
different unit spotted
different unit spotted
Ally Pioneer spotted Enemy Furyan at dir: 5
dodge called with dir: 1

dodge
order placed

next move down

different unit spotted
different unit spotted
different unit spotted
different unit spotted
different unit spotted
different unit spotted
different unit spotted
different unit spotted
different unit spotted
different unit spotted
different unit spotted
different unit spotted
different unit spotted
different unit spotted
different unit spotted
different unit spotted
different unit spotted
different unit spotted
different unit spotted
different unit spotted
different unit spotted
different unit spotted
different unit spotted
different unit spotted
different unit spotted
different unit spotted
different unit spotted
different unit spotted
different unit spotted
different unit spotted
different unit spotted

Best move


next move down

different unit spotted
different unit spotted
different unit spotted
different unit spotted
different unit spotted
different unit spotted
different unit spotted
different unit spotted
different unit spotted
different unit spotted
different unit spotted
Ally Pioneer spotted Enemy Furyan at dir: 7
dodge called with dir: 3

dodge
dodge1 dir: 3
order placed

next move down

different unit spotted
different unit spotted
different unit spotted
different unit spotted
different unit spotted
different unit spotted
different unit spotted
different unit spotted

Best move


next move down

different unit spotted
Ally Furian spotted Enemy unit at dir: 6
dodge called with dir: 6

next move down

different unit spotted
different unit spotted
different unit spotted
different unit spotted
different unit spotted
different unit spotted
different unit spotted
different unit spotted
different unit spotted
different unit spotted
Hellhound spotted at dir: 5
dodge called with dir: 1

dodge
dodge1 dir: 1
order placed

next move down

different unit spotted
different unit spotted
different unit spotted
different unit spotted
different unit spotted
different unit spotted
Ally Furian spotted Enemy unit at dir: 4
dodge called with dir: 4

dodge
dodge1 dir: 3

next move down

different unit spotted
different unit spotted
different unit spotted
different unit spotted
different unit spotted
different unit spotted
different unit spotted
different unit spotted
different unit spotted
different unit spotted
different unit spotted
different unit spotted
different unit spotted
different unit spotted
different unit spotted
different unit spotted
different unit spotted
Ally Furian spotted Enemy unit at dir: 1
dodge called with dir: 1

dodge
dodge1 dir: 5
different unit spotted
different unit spotted
different unit spotted
different unit spotted
different unit spotted
different unit spotted
different unit spotted
different unit spotted
different unit spotted
Ally Furian spotted Enemy unit at dir: 0
dodge called with dir: 0

dodge
dodge1 dir: 4
different unit spotted
Ally Furian spotted Enemy unit at dir: 2
dodge called with dir: 2

dodge
dodge1 dir: 6
different unit spotted
different unit spotted
Ally Furian spotted Enemy unit at dir: 6
dodge called with dir: 6

dodge
dodge1 dir: 6

next move down

different unit spotted
different unit spotted
different unit spotted
Hellhound spotted at dir: 6
dodge called with dir: 2

dodge
dodge1 dir: 1
order placed

next move down

different unit spotted
different unit spotted
different unit spotted
different unit spotted
different unit spotted
different unit spotted
different unit spotted
Ally Furian spotted Enemy unit at dir: 5
dodge called with dir: 5

dodge
dodge1 dir: 5
dodge or chase commanded dir: 1

dodge or chase commanded dir: 6

dodge or chase commanded dir: 1

dodge or chase commanded dir: 1

dodge or chase commanded dir: 7

dodge or chase commanded dir: 2

dodge or chase commanded dir: 2

dodge or chase commanded dir: 2

dodge or chase commanded dir: 10

dodge or chase commanded dir: 3

best move (not dodge) commanded

best move (not dodge) commanded

best move (not dodge) commanded

best move (not dodge) commanded

warning: action already requested for unit 3
best move (not dodge) commanded

best move (not dodge) commanded

best move (not dodge) commanded

best move (not dodge) commanded

best move (not dodge) commanded

best move (not dodge) commanded

best move (not dodge) commanded

best move (not dodge) commanded

warning: action already requested for unit 3
best move (not dodge) commanded

best move (not dodge) commanded

best move (not dodge) commanded

best move (not dodge) commanded

best move (not dodge) commanded

best move (not dodge) commanded

best move (not dodge) commanded

best move (not dodge) commanded

best move (not dodge) commanded

best move (not dodge) commanded

best move (not dodge) commanded

best move (not dodge) commanded

best move (not dodge) commanded

best move (not dodge) commanded

best move (not dodge) commanded

best move (not dodge) commanded

best move (not dodge) commanded

warning: action already requested for unit 3
best move (not dodge) commanded

best move (not dodge) commanded

best move (not dodge) commanded

best move (not dodge) commanded

best move (not dodge) commanded

info:     end player 0
info:     start player 1
info:     end player 1
info:     start player 2
info:     end player 2
info:     start player 3
info:     end player 3
info: end round 75
info: start round 76
info:     start player 0

next move down

different unit spotted
different unit spotted
different unit spotted
different unit spotted
different unit spotted
different unit spotted
different unit spotted
different unit spotted
different unit spotted
different unit spotted
different unit spotted
different unit spotted
different unit spotted
different unit spotted
different unit spotted
different unit spotted
different unit spotted

Best move


get sun distance

get sun distance

get sun distance

get sun distance

get sun distance

get sun distance

next move down

different unit spotted
different unit spotted
different unit spotted
different unit spotted
different unit spotted
different unit spotted
different unit spotted
different unit spotted
different unit spotted
Ally Pioneer spotted Enemy Furyan at dir: 1
dodge called with dir: 5

dodge
dodge1 dir: 5
order placed

next move down

different unit spotted
different unit spotted

Best move


next move down

different unit spotted
different unit spotted
different unit spotted
different unit spotted
different unit spotted
different unit spotted
different unit spotted
different unit spotted
different unit spotted
different unit spotted
different unit spotted
different unit spotted
different unit spotted
different unit spotted
different unit spotted

Best move


next move down

different unit spotted
different unit spotted
different unit spotted
different unit spotted
different unit spotted
different unit spotted
different unit spotted
different unit spotted
different unit spotted
different unit spotted

Best move


next move down

different unit spotted
different unit spotted
different unit spotted
different unit spotted
different unit spotted
different unit spotted
different unit spotted

Best move


next move down

different unit spotted
different unit spotted
different unit spotted
different unit spotted
different unit spotted
different unit spotted
different unit spotted
different unit spotted
different unit spotted

Best move


next move down

different unit spotted
different unit spotted
different unit spotted
different unit spotted
different unit spotted
different unit spotted
different unit spotted
different unit spotted
different unit spotted
different unit spotted
different unit spotted
different unit spotted
different unit spotted
different unit spotted
different unit spotted
different unit spotted
different unit spotted
different unit spotted
Ally Pioneer spotted Enemy Furyan at dir: 7
dodge called with dir: 3

dodge
dodge1 dir: 3
order placed

next move down

different unit spotted
different unit spotted
different unit spotted
different unit spotted
different unit spotted
different unit spotted
different unit spotted
different unit spotted
different unit spotted

Best move


next move down

different unit spotted
different unit spotted
different unit spotted
different unit spotted
different unit spotted
different unit spotted
different unit spotted
different unit spotted
different unit spotted
different unit spotted
different unit spotted
different unit spotted
different unit spotted
different unit spotted
different unit spotted
different unit spotted
different unit spotted
different unit spotted
different unit spotted

Best move


next move down

different unit spotted
different unit spotted
different unit spotted
different unit spotted
different unit spotted
different unit spotted
different unit spotted
different unit spotted

Best move


next move down

different unit spotted
different unit spotted
different unit spotted
different unit spotted
different unit spotted
different unit spotted
different unit spotted
different unit spotted
different unit spotted
different unit spotted
different unit spotted
different unit spotted
different unit spotted
different unit spotted
different unit spotted
different unit spotted
different unit spotted
different unit spotted
different unit spotted
different unit spotted
different unit spotted
different unit spotted
different unit spotted
different unit spotted
different unit spotted
different unit spotted
different unit spotted
different unit spotted
different unit spotted
different unit spotted
different unit spotted

Best move


next move down

different unit spotted
different unit spotted
different unit spotted
different unit spotted
different unit spotted
different unit spotted
different unit spotted
different unit spotted
different unit spotted
different unit spotted
different unit spotted
different unit spotted
different unit spotted
different unit spotted
different unit spotted
different unit spotted
different unit spotted
different unit spotted
different unit spotted
different unit spotted
different unit spotted
different unit spotted
different unit spotted
different unit spotted
different unit spotted
different unit spotted

Best move


next move down

different unit spotted
different unit spotted
different unit spotted
different unit spotted
different unit spotted
different unit spotted
different unit spotted
different unit spotted
different unit spotted
different unit spotted
different unit spotted
different unit spotted
different unit spotted
different unit spotted
different unit spotted

Best move


next move down

different unit spotted
different unit spotted
different unit spotted
different unit spotted
different unit spotted
different unit spotted
different unit spotted
different unit spotted
Hellhound spotted at dir: 5
dodge called with dir: 1

dodge
dodge1 dir: 1
order placed

next move down

different unit spotted
different unit spotted
different unit spotted
different unit spotted
different unit spotted
different unit spotted
different unit spotted
different unit spotted
different unit spotted
Ally Pioneer spotted Enemy Furyan at dir: 6
dodge called with dir: 2

dodge
dodge1 dir: 0
order placed

next move down

different unit spotted
different unit spotted
different unit spotted
different unit spotted
different unit spotted
different unit spotted
different unit spotted
different unit spotted
different unit spotted
different unit spotted
different unit spotted
different unit spotted
different unit spotted
different unit spotted
different unit spotted
different unit spotted
different unit spotted
different unit spotted
different unit spotted

Best move


next move down

different unit spotted
different unit spotted
different unit spotted
different unit spotted
different unit spotted
different unit spotted
different unit spotted
different unit spotted
different unit spotted
different unit spotted
different unit spotted

Best move


next move down

different unit spotted
different unit spotted
different unit spotted
different unit spotted
different unit spotted
different unit spotted
different unit spotted
different unit spotted

Best move


next move down

different unit spotted
different unit spotted
different unit spotted
different unit spotted
different unit spotted

Best move


next move down

different unit spotted
different unit spotted
different unit spotted
different unit spotted
different unit spotted
different unit spotted
different unit spotted
different unit spotted
different unit spotted
different unit spotted
different unit spotted
different unit spotted
different unit spotted
different unit spotted
different unit spotted
different unit spotted
different unit spotted
different unit spotted
different unit spotted
different unit spotted
different unit spotted
different unit spotted
different unit spotted
different unit spotted
different unit spotted
different unit spotted
different unit spotted
different unit spotted
different unit spotted
different unit spotted
different unit spotted
different unit spotted
different unit spotted
different unit spotted
different unit spotted
different unit spotted
different unit spotted
different unit spotted
different unit spotted
different unit spotted
different unit spotted

Best move


next move down

different unit spotted
different unit spotted
different unit spotted
different unit spotted
different unit spotted
different unit spotted
different unit spotted
different unit spotted
different unit spotted
different unit spotted
different unit spotted
different unit spotted
different unit spotted
different unit spotted
different unit spotted
different unit spotted
different unit spotted
different unit spotted
different unit spotted
different unit spotted
different unit spotted
different unit spotted
different unit spotted
different unit spotted
different unit spotted
different unit spotted
different unit spotted
different unit spotted
different unit spotted
different unit spotted
different unit spotted
different unit spotted
different unit spotted
different unit spotted
different unit spotted
different unit spotted
different unit spotted
different unit spotted
different unit spotted
different unit spotted
different unit spotted

Best move


next move down

different unit spotted
different unit spotted
different unit spotted
different unit spotted
different unit spotted
different unit spotted
different unit spotted
different unit spotted
different unit spotted
different unit spotted
different unit spotted
different unit spotted
different unit spotted
different unit spotted
different unit spotted
different unit spotted
different unit spotted
different unit spotted
different unit spotted
different unit spotted
different unit spotted
different unit spotted
different unit spotted
different unit spotted
different unit spotted
different unit spotted
different unit spotted
different unit spotted
different unit spotted
different unit spotted
different unit spotted
different unit spotted
different unit spotted
different unit spotted
different unit spotted
different unit spotted
Ally Pioneer spotted Enemy Furyan at dir: 6
dodge called with dir: 2

dodge
dodge1 dir: 1
order placed

next move down

different unit spotted
different unit spotted
different unit spotted
different unit spotted
different unit spotted
different unit spotted
different unit spotted
different unit spotted
different unit spotted
Ally Pioneer spotted Enemy Furyan at dir: 3
dodge called with dir: 7

dodge
dodge1 dir: 7
order placed

next move down

different unit spotted
different unit spotted
different unit spotted
different unit spotted
different unit spotted
different unit spotted
different unit spotted
different unit spotted
different unit spotted
different unit spotted
different unit spotted
different unit spotted
different unit spotted
different unit spotted
different unit spotted
different unit spotted
different unit spotted
different unit spotted

Best move


next move down

different unit spotted
different unit spotted
different unit spotted
different unit spotted
different unit spotted
different unit spotted
different unit spotted

Best move


next move down

different unit spotted
different unit spotted
different unit spotted
different unit spotted
Ally Pioneer spotted Enemy Furyan at dir: 5
dodge called with dir: 1

dodge
dodge1 dir: 3
order placed

next move down

different unit spotted
different unit spotted
different unit spotted
different unit spotted
different unit spotted
different unit spotted
different unit spotted
different unit spotted
different unit spotted
Hellhound spotted at dir: 7
dodge called with dir: 3

dodge
dodge1 dir: 3
order placed

next move down

different unit spotted
different unit spotted
different unit spotted
different unit spotted
different unit spotted
different unit spotted
Ally Pioneer spotted Enemy Furyan at dir: 5
dodge called with dir: 1

dodge
dodge1 dir: 1
order placed

next move down

different unit spotted
different unit spotted
different unit spotted
different unit spotted
different unit spotted
different unit spotted
different unit spotted
different unit spotted
different unit spotted
different unit spotted
different unit spotted
different unit spotted
different unit spotted
different unit spotted
different unit spotted
different unit spotted
different unit spotted
different unit spotted

Best move


next move down

different unit spotted
different unit spotted
different unit spotted
different unit spotted
different unit spotted
different unit spotted
different unit spotted
different unit spotted
different unit spotted
different unit spotted
different unit spotted
different unit spotted
different unit spotted
different unit spotted
different unit spotted
different unit spotted
different unit spotted
different unit spotted
different unit spotted
different unit spotted
different unit spotted
different unit spotted
different unit spotted
different unit spotted
different unit spotted
different unit spotted

Best move


next move down

different unit spotted
different unit spotted
different unit spotted
Ally Pioneer spotted Enemy Furyan at dir: 4
dodge called with dir: 0

dodge
order placed

next move down

different unit spotted
different unit spotted
different unit spotted
different unit spotted
different unit spotted
different unit spotted
different unit spotted
different unit spotted
different unit spotted
different unit spotted
different unit spotted
different unit spotted
different unit spotted
different unit spotted
different unit spotted
different unit spotted
different unit spotted
different unit spotted
different unit spotted
different unit spotted
different unit spotted
different unit spotted
different unit spotted
different unit spotted
different unit spotted
different unit spotted
different unit spotted
different unit spotted
different unit spotted
different unit spotted
Ally Pioneer spotted Enemy Furyan at dir: 5
dodge called with dir: 1

dodge
dodge1 dir: 1
order placed

next move down

different unit spotted
different unit spotted
different unit spotted
different unit spotted
different unit spotted
different unit spotted
different unit spotted
different unit spotted
different unit spotted
different unit spotted
different unit spotted
Ally Pioneer spotted Enemy Furyan at dir: 7
dodge called with dir: 3

dodge
dodge1 dir: 3
order placed

next move down

different unit spotted
different unit spotted
different unit spotted
different unit spotted
different unit spotted
different unit spotted
different unit spotted
different unit spotted

Best move


next move down

different unit spotted
different unit spotted
different unit spotted
different unit spotted
Ally Furian spotted Enemy unit at dir: 6
dodge called with dir: 6

dodge
dodge1 dir: 6

next move down

different unit spotted
different unit spotted
different unit spotted
different unit spotted
different unit spotted
different unit spotted
Ally Furian spotted Enemy unit at dir: 1
dodge called with dir: 1

dodge
dodge1 dir: 5
different unit spotted
different unit spotted
different unit spotted
different unit spotted
different unit spotted
different unit spotted
Hellhound spotted at dir: 5
dodge called with dir: 1

dodge
dodge1 dir: 1
order placed

next move down

different unit spotted
different unit spotted
different unit spotted
different unit spotted
different unit spotted
different unit spotted
different unit spotted
Ally Furian spotted Enemy unit at dir: 3
dodge called with dir: 3

dodge
dodge1 dir: 2

next move down

different unit spotted
different unit spotted
different unit spotted
different unit spotted
different unit spotted
different unit spotted
different unit spotted
different unit spotted
different unit spotted
different unit spotted
different unit spotted
different unit spotted
different unit spotted
different unit spotted
different unit spotted
different unit spotted
different unit spotted
different unit spotted
different unit spotted
different unit spotted
different unit spotted
Ally Furian spotted Enemy unit at dir: 1
dodge called with dir: 1

dodge
dodge1 dir: 4
different unit spotted
different unit spotted
different unit spotted
different unit spotted
different unit spotted
different unit spotted
different unit spotted
different unit spotted
Ally Furian spotted Enemy unit at dir: 0
dodge called with dir: 0

dodge
dodge1 dir: 4
different unit spotted
different unit spotted
different unit spotted
different unit spotted
Ally Furian spotted Enemy unit at dir: 7
dodge called with dir: 7

dodge
dodge1 dir: 3
different unit spotted
Ally Furian spotted Enemy unit at dir: 6
dodge called with dir: 6

dodge
dodge1 dir: 2
different unit spotted
Ally Furian spotted Enemy unit at dir: 4
dodge called with dir: 4

dodge
dodge1 dir: 0
different unit spotted
Ally Furian spotted Enemy unit at dir: 5
dodge called with dir: 5

dodge
dodge1 dir: 1
different unit spotted
Ally Furian spotted Enemy unit at dir: 3
dodge called with dir: 3

dodge
dodge1 dir: 6
different unit spotted
different unit spotted
different unit spotted
Ally Furian spotted Enemy unit at dir: 6
dodge called with dir: 6

dodge
dodge1 dir: 6

next move down

different unit spotted
different unit spotted
different unit spotted
different unit spotted
Hellhound spotted at dir: 6
dodge called with dir: 2

dodge
dodge1 dir: 2
order placed

next move down

different unit spotted
Ally Furian spotted Enemy unit at dir: 6
dodge called with dir: 6
dodge or chase commanded dir: 1

dodge or chase commanded dir: 3

dodge or chase commanded dir: 2

dodge or chase commanded dir: 6

dodge or chase commanded dir: 1

dodge or chase commanded dir: 5

dodge or chase commanded dir: 1

dodge or chase commanded dir: 3

dodge or chase commanded dir: 7

dodge or chase commanded dir: 1

dodge or chase commanded dir: 3

dodge or chase commanded dir: 0

dodge or chase commanded dir: 10

dodge or chase commanded dir: 3

dodge or chase commanded dir: 1

best move (not dodge) commanded

best move (not dodge) commanded

best move (not dodge) commanded

best move (not dodge) commanded

warning: action already requested for unit 3
best move (not dodge) commanded

best move (not dodge) commanded

best move (not dodge) commanded

warning: action already requested for unit 3
best move (not dodge) commanded

best move (not dodge) commanded

best move (not dodge) commanded

warning: action already requested for unit 3
best move (not dodge) commanded

best move (not dodge) commanded

warning: action already requested for unit 3
best move (not dodge) commanded

best move (not dodge) commanded

warning: action already requested for unit 3
best move (not dodge) commanded

best move (not dodge) commanded

best move (not dodge) commanded

best move (not dodge) commanded

best move (not dodge) commanded

best move (not dodge) commanded

warning: action already requested for unit 1
best move (not dodge) commanded

best move (not dodge) commanded

warning: action already requested for unit 3
best move (not dodge) commanded

best move (not dodge) commanded

best move (not dodge) commanded

best move (not dodge) commanded

best move (not dodge) commanded

warning: action already requested for unit 3
best move (not dodge) commanded

best move (not dodge) commanded

best move (not dodge) commanded

best move (not dodge) commanded

best move (not dodge) commanded

best move (not dodge) commanded

best move (not dodge) commanded

info:     end player 0
info:     start player 1
info:     end player 1
info:     start player 2
info:     end player 2
info:     start player 3
info:     end player 3
info: end round 76
info: start round 77
info:     start player 0

next move down

different unit spotted
different unit spotted
different unit spotted
different unit spotted
different unit spotted
different unit spotted
different unit spotted
different unit spotted
different unit spotted
different unit spotted
different unit spotted
different unit spotted
different unit spotted
different unit spotted
different unit spotted
different unit spotted
different unit spotted
different unit spotted
different unit spotted
different unit spotted
different unit spotted
different unit spotted

Best move


next move down

different unit spotted
different unit spotted
different unit spotted
different unit spotted
different unit spotted
different unit spotted
different unit spotted
different unit spotted
Ally Pioneer spotted Enemy Furyan at dir: 1
dodge called with dir: 5

dodge
dodge1 dir: 4
order placed

next move down

different unit spotted
different unit spotted
different unit spotted
different unit spotted
different unit spotted
different unit spotted

Best move


get sun distance

get sun distance

get sun distance

get sun distance

get sun distance

get sun distance

get sun distance

get sun distance

next move down

different unit spotted
different unit spotted
different unit spotted
different unit spotted
different unit spotted
different unit spotted
different unit spotted
different unit spotted
different unit spotted
different unit spotted
different unit spotted
Ally Pioneer spotted Enemy Furyan at dir: 1
dodge called with dir: 5

dodge
dodge1 dir: 5
order placed

next move down

different unit spotted
different unit spotted
different unit spotted
different unit spotted
different unit spotted
different unit spotted
different unit spotted
different unit spotted
Ally Pioneer spotted Enemy Furyan at dir: 7
dodge called with dir: 3

dodge
dodge1 dir: 3
order placed

next move down

different unit spotted
different unit spotted
different unit spotted
different unit spotted

Best move


next move down

different unit spotted
different unit spotted
different unit spotted
different unit spotted
different unit spotted
different unit spotted
different unit spotted
different unit spotted
different unit spotted
different unit spotted
different unit spotted
different unit spotted

Best move


next move down

different unit spotted
different unit spotted
different unit spotted
different unit spotted
different unit spotted
different unit spotted
different unit spotted
different unit spotted
different unit spotted
different unit spotted
different unit spotted
different unit spotted
different unit spotted
different unit spotted
different unit spotted

Best move


next move down

different unit spotted
different unit spotted
different unit spotted
different unit spotted
different unit spotted
different unit spotted
different unit spotted
different unit spotted
different unit spotted
different unit spotted
different unit spotted
different unit spotted
different unit spotted
different unit spotted

Best move


next move down

different unit spotted
different unit spotted
different unit spotted
different unit spotted
different unit spotted
different unit spotted
different unit spotted
different unit spotted
different unit spotted
different unit spotted
different unit spotted
different unit spotted
different unit spotted
different unit spotted
different unit spotted
different unit spotted
different unit spotted
different unit spotted
different unit spotted
different unit spotted
different unit spotted
different unit spotted
different unit spotted
different unit spotted

Best move


next move down

different unit spotted
different unit spotted
different unit spotted
different unit spotted
different unit spotted
different unit spotted
Ally Pioneer spotted Enemy Furyan at dir: 7
dodge called with dir: 3

dodge
dodge1 dir: 3
order placed

next move down

different unit spotted
different unit spotted
different unit spotted
different unit spotted
different unit spotted
different unit spotted
different unit spotted
different unit spotted
different unit spotted
different unit spotted
different unit spotted
different unit spotted
different unit spotted
different unit spotted
different unit spotted
different unit spotted
different unit spotted
different unit spotted
different unit spotted
different unit spotted
different unit spotted
different unit spotted
different unit spotted
different unit spotted
different unit spotted
different unit spotted
different unit spotted
different unit spotted
different unit spotted
different unit spotted
different unit spotted
different unit spotted
different unit spotted
different unit spotted
different unit spotted
different unit spotted

Best move


next move down

different unit spotted
different unit spotted
different unit spotted
different unit spotted
different unit spotted
different unit spotted
different unit spotted
different unit spotted
different unit spotted
different unit spotted
different unit spotted
different unit spotted
different unit spotted
different unit spotted
different unit spotted
different unit spotted

Best move


next move down

different unit spotted
different unit spotted
different unit spotted
different unit spotted
different unit spotted
different unit spotted
different unit spotted
different unit spotted
different unit spotted
different unit spotted
different unit spotted
different unit spotted
different unit spotted
different unit spotted
different unit spotted
different unit spotted
different unit spotted
different unit spotted
different unit spotted

Best move


next move down

different unit spotted
different unit spotted
different unit spotted
different unit spotted
different unit spotted
different unit spotted
different unit spotted
different unit spotted
different unit spotted
Ally Pioneer spotted Enemy Furyan at dir: 1
dodge called with dir: 5

dodge
dodge1 dir: 5
order placed

next move down

different unit spotted
different unit spotted
Ally Pioneer spotted Enemy Furyan at dir: 6
dodge called with dir: 2

dodge
dodge1 dir: 4
order placed

next move down

different unit spotted
different unit spotted
different unit spotted
different unit spotted
different unit spotted
different unit spotted
different unit spotted
different unit spotted
different unit spotted
different unit spotted
different unit spotted
different unit spotted
different unit spotted
different unit spotted
different unit spotted
different unit spotted

Best move


next move down

different unit spotted
different unit spotted
different unit spotted
different unit spotted
different unit spotted
different unit spotted
different unit spotted
different unit spotted
different unit spotted
different unit spotted
different unit spotted
different unit spotted
different unit spotted
different unit spotted
different unit spotted
different unit spotted
different unit spotted

Best move


next move down

different unit spotted
different unit spotted
different unit spotted
different unit spotted
different unit spotted
different unit spotted
different unit spotted

Best move


next move down

different unit spotted
different unit spotted
different unit spotted
different unit spotted
different unit spotted

Best move


next move down

different unit spotted
different unit spotted
different unit spotted
different unit spotted
different unit spotted
different unit spotted
different unit spotted
different unit spotted
different unit spotted
different unit spotted
different unit spotted
different unit spotted
different unit spotted
different unit spotted
different unit spotted
different unit spotted
different unit spotted
different unit spotted
different unit spotted
different unit spotted
different unit spotted
different unit spotted
different unit spotted
different unit spotted
different unit spotted
different unit spotted
different unit spotted
different unit spotted
different unit spotted
different unit spotted
different unit spotted
different unit spotted
different unit spotted
different unit spotted
different unit spotted
different unit spotted
different unit spotted
different unit spotted
different unit spotted
different unit spotted
different unit spotted

Best move


next move down

different unit spotted
different unit spotted
different unit spotted
different unit spotted
different unit spotted
different unit spotted
different unit spotted
different unit spotted
different unit spotted
different unit spotted
different unit spotted
different unit spotted
different unit spotted
different unit spotted
different unit spotted
different unit spotted
different unit spotted
different unit spotted
different unit spotted
different unit spotted
different unit spotted
different unit spotted
different unit spotted
different unit spotted
different unit spotted
different unit spotted
different unit spotted
different unit spotted
different unit spotted
different unit spotted
Ally Pioneer spotted Enemy Furyan at dir: 7
dodge called with dir: 3

dodge
dodge1 dir: 3
order placed

next move down

different unit spotted
different unit spotted
different unit spotted
different unit spotted
different unit spotted
different unit spotted
different unit spotted
different unit spotted
different unit spotted
different unit spotted
different unit spotted
different unit spotted
different unit spotted
different unit spotted
different unit spotted
different unit spotted
different unit spotted
different unit spotted
different unit spotted
different unit spotted
different unit spotted
different unit spotted
different unit spotted
different unit spotted
different unit spotted
different unit spotted
different unit spotted
different unit spotted
different unit spotted
different unit spotted
different unit spotted
different unit spotted
different unit spotted
different unit spotted
different unit spotted
different unit spotted
different unit spotted
different unit spotted
different unit spotted

Best move


next move down

different unit spotted
different unit spotted
different unit spotted
different unit spotted
different unit spotted
different unit spotted
different unit spotted
different unit spotted
different unit spotted
different unit spotted
different unit spotted
different unit spotted
different unit spotted
different unit spotted
different unit spotted
different unit spotted

Best move


next move down

different unit spotted
different unit spotted
different unit spotted
different unit spotted
different unit spotted
different unit spotted
different unit spotted
different unit spotted
different unit spotted
different unit spotted
different unit spotted
different unit spotted
different unit spotted
different unit spotted
different unit spotted
different unit spotted
different unit spotted
different unit spotted
different unit spotted
different unit spotted
different unit spotted
different unit spotted

Best move


next move down

different unit spotted
different unit spotted
different unit spotted
different unit spotted
different unit spotted
different unit spotted
different unit spotted

Best move


next move down

different unit spotted
different unit spotted
different unit spotted
different unit spotted
different unit spotted
different unit spotted
different unit spotted
different unit spotted
Ally Pioneer spotted Enemy Furyan at dir: 7
dodge called with dir: 3

dodge
dodge1 dir: 3
order placed

next move down

different unit spotted
different unit spotted
different unit spotted
different unit spotted
different unit spotted
different unit spotted
different unit spotted
different unit spotted

Best move


next move down

different unit spotted
different unit spotted
different unit spotted
different unit spotted
different unit spotted
different unit spotted
different unit spotted
different unit spotted
different unit spotted
different unit spotted
different unit spotted
different unit spotted
different unit spotted
different unit spotted
different unit spotted

Best move


next move down

different unit spotted
different unit spotted
different unit spotted
different unit spotted
different unit spotted
different unit spotted
different unit spotted
different unit spotted
different unit spotted
different unit spotted
different unit spotted
different unit spotted
different unit spotted
different unit spotted
different unit spotted

Best move


next move down

different unit spotted
different unit spotted
different unit spotted
different unit spotted
different unit spotted
different unit spotted
different unit spotted
different unit spotted
different unit spotted
different unit spotted

Best move


next move down

different unit spotted
different unit spotted
different unit spotted
Ally Pioneer spotted Enemy Furyan at dir: 4
dodge called with dir: 0

dodge
order placed

next move down

different unit spotted
different unit spotted
different unit spotted
different unit spotted
different unit spotted
different unit spotted
different unit spotted
different unit spotted
different unit spotted
different unit spotted
different unit spotted
different unit spotted
different unit spotted
different unit spotted
different unit spotted
different unit spotted
different unit spotted
different unit spotted
different unit spotted
different unit spotted
different unit spotted
different unit spotted
different unit spotted
different unit spotted
different unit spotted
different unit spotted
different unit spotted
different unit spotted

Best move


next move down

different unit spotted
different unit spotted
different unit spotted
different unit spotted
different unit spotted
different unit spotted
different unit spotted
different unit spotted
different unit spotted
different unit spotted
different unit spotted
different unit spotted

Best move


next move down

different unit spotted
different unit spotted
different unit spotted
different unit spotted
different unit spotted
different unit spotted
different unit spotted
different unit spotted
different unit spotted
different unit spotted
different unit spotted
different unit spotted
different unit spotted
different unit spotted
different unit spotted
different unit spotted
different unit spotted
different unit spotted

Best move


next move down

different unit spotted
Ally Furian spotted Enemy unit at dir: 5
dodge called with dir: 5

next move down

different unit spotted
different unit spotted
different unit spotted
different unit spotted
Ally Furian spotted Enemy unit at dir: 1
dodge called with dir: 1

dodge
dodge1 dir: 5
different unit spotted
different unit spotted
different unit spotted
different unit spotted
different unit spotted
Ally Furian spotted Enemy unit at dir: 2
dodge called with dir: 2

dodge
dodge1 dir: 6
different unit spotted
different unit spotted
different unit spotted
different unit spotted
different unit spotted
different unit spotted
different unit spotted
Ally Furian spotted Enemy unit at dir: 3
dodge called with dir: 3

dodge
dodge1 dir: 7
different unit spotted
Ally Furian spotted Enemy unit at dir: 0
dodge called with dir: 0

dodge
dodge1 dir: 3
different unit spotted
different unit spotted
Ally Furian spotted Enemy unit at dir: 3
dodge called with dir: 3

dodge
dodge1 dir: 7
different unit spotted
different unit spotted
different unit spotted
Hellhound spotted at dir: 5
dodge called with dir: 1

dodge
dodge1 dir: 1
order placed

next move down

different unit spotted
different unit spotted
different unit spotted
different unit spotted
different unit spotted
different unit spotted
different unit spotted
different unit spotted
different unit spotted
different unit spotted
Ally Furian spotted Enemy unit at dir: 2
dodge called with dir: 2

dodge
dodge1 dir: 2

next move down

different unit spotted
different unit spotted
different unit spotted
different unit spotted
different unit spotted
different unit spotted
different unit spotted
different unit spotted
different unit spotted
different unit spotted
different unit spotted
different unit spotted
different unit spotted
Ally Furian spotted Enemy unit at dir: 1
dodge called with dir: 1

dodge
dodge1 dir: 5
different unit spotted
different unit spotted
different unit spotted
different unit spotted
different unit spotted
different unit spotted
different unit spotted
different unit spotted
different unit spotted
Ally Furian spotted Enemy unit at dir: 6
dodge called with dir: 6

dodge
dodge1 dir: 2
different unit spotted
Ally Furian spotted Enemy unit at dir: 5
dodge called with dir: 5

dodge
dodge1 dir: 0
different unit spotted
different unit spotted
different unit spotted
different unit spotted
different unit spotted
different unit spotted
different unit spotted
different unit spotted
different unit spotted
different unit spotted
different unit spotted
different unit spotted
Ally Furian spotted Enemy unit at dir: 7
dodge called with dir: 7

dodge
dodge1 dir: 3
different unit spotted
Ally Furian spotted Enemy unit at dir: 6
dodge called with dir: 6

dodge
dodge1 dir: 2
different unit spotted
different unit spotted
Ally Furian spotted Enemy unit at dir: 0
dodge called with dir: 0

dodge
dodge1 dir: 4
different unit spotted
Ally Furian spotted Enemy unit at dir: 4
dodge called with dir: 4

dodge
dodge1 dir: 0
different unit spotted
Ally Furian spotted Enemy unit at dir: 1
dodge called with dir: 1

dodge
dodge1 dir: 5
different unit spotted
Ally Furian spotted Enemy unit at dir: 2
dodge called with dir: 2

dodge
dodge1 dir: 6
different unit spotted
different unit spotted
Ally Furian spotted Enemy unit at dir: 5
dodge called with dir: 5

dodge
dodge1 dir: 5

next move down

different unit spotted
different unit spotted
different unit spotted
Hellhound spotted at dir: 7
dodge called with dir: 3

dodge
dodge1 dir: 1
order placed

next move down

different unit spotted
different unit spotted
different unit spotted
different unit spotted
Ally Furian spotted Enemy unit at dir: 7
dodge called with dir: 7

dodge
dodge1 dir: 6

next move down

different unit spotted
Ally Furian spotted Enemy unit at dir: 6
dodge called with dir: 6
dodge or chase commanded dir: 5

dodge or chase commanded dir: 1

dodge or chase commanded dir: 6

dodge or chase commanded dir: 1

dodge or chase commanded dir: 5

dodge or chase commanded dir: 3

dodge or chase commanded dir: 4

dodge or chase commanded dir: 3

dodge or chase commanded dir: 3

dodge or chase commanded dir: 3

dodge or chase commanded dir: 5

dodge or chase commanded dir: 4

dodge or chase commanded dir: 10

best move (not dodge) commanded

best move (not dodge) commanded

best move (not dodge) commanded

best move (not dodge) commanded

best move (not dodge) commanded

warning: action already requested for unit 3
best move (not dodge) commanded

warning: action already requested for unit 3
best move (not dodge) commanded

best move (not dodge) commanded

warning: action already requested for unit 1
best move (not dodge) commanded

warning: action already requested for unit 1
best move (not dodge) commanded

warning: action already requested for unit 3
best move (not dodge) commanded

warning: action already requested for unit 1
best move (not dodge) commanded

warning: action already requested for unit 1
best move (not dodge) commanded

best move (not dodge) commanded

warning: action already requested for unit 3
best move (not dodge) commanded

best move (not dodge) commanded

best move (not dodge) commanded

best move (not dodge) commanded

best move (not dodge) commanded

best move (not dodge) commanded

best move (not dodge) commanded

warning: action already requested for unit 3
best move (not dodge) commanded

best move (not dodge) commanded

best move (not dodge) commanded

best move (not dodge) commanded

best move (not dodge) commanded

warning: action already requested for unit 3
best move (not dodge) commanded

best move (not dodge) commanded

best move (not dodge) commanded

warning: action already requested for unit 3
best move (not dodge) commanded

best move (not dodge) commanded

best move (not dodge) commanded

best move (not dodge) commanded

best move (not dodge) commanded

best move (not dodge) commanded

best move (not dodge) commanded

warning: action already requested for unit 3
best move (not dodge) commanded

best move (not dodge) commanded

warning: action already requested for unit 1
best move (not dodge) commanded

best move (not dodge) commanded

best move (not dodge) commanded

warning: action already requested for unit 3
best move (not dodge) commanded

best move (not dodge) commanded

info:     end player 0
info:     start player 1
info:     end player 1
info:     start player 2
info:     end player 2
info:     start player 3
info:     end player 3
info: end round 77
info: start round 78
info:     start player 0

next move down

different unit spotted
different unit spotted
different unit spotted
different unit spotted
different unit spotted
different unit spotted
different unit spotted
different unit spotted
different unit spotted
different unit spotted
different unit spotted
different unit spotted
different unit spotted
different unit spotted
different unit spotted
different unit spotted
different unit spotted
different unit spotted
different unit spotted
different unit spotted
different unit spotted
different unit spotted
different unit spotted
different unit spotted
different unit spotted

Best move


next move down

different unit spotted
different unit spotted
different unit spotted
Ally Pioneer spotted Enemy Furyan at dir: 1
dodge called with dir: 5

dodge
dodge1 dir: 7
order placed

next move down

different unit spotted
different unit spotted
different unit spotted
different unit spotted
different unit spotted
different unit spotted
different unit spotted
different unit spotted
different unit spotted
different unit spotted

Best move


next move down

different unit spotted
different unit spotted
different unit spotted
different unit spotted
different unit spotted
different unit spotted
different unit spotted
different unit spotted
different unit spotted
Ally Pioneer spotted Enemy Furyan at dir: 1
dodge called with dir: 5

dodge
dodge1 dir: 5
order placed

next move down

different unit spotted
different unit spotted
different unit spotted
different unit spotted
different unit spotted
different unit spotted
different unit spotted
different unit spotted
different unit spotted
different unit spotted
different unit spotted
Ally Pioneer spotted Enemy Furyan at dir: 7
dodge called with dir: 3

dodge
dodge1 dir: 3
order placed

next move down

different unit spotted
different unit spotted
different unit spotted
different unit spotted
different unit spotted
different unit spotted

Best move


next move down

different unit spotted
different unit spotted
different unit spotted
different unit spotted
different unit spotted
different unit spotted

Best move


get sun distance

get sun distance

get sun distance

get sun distance

get sun distance

get sun distance

get sun distance

get sun distance

next move down

different unit spotted
different unit spotted
different unit spotted
different unit spotted
different unit spotted
different unit spotted
different unit spotted
different unit spotted
different unit spotted
different unit spotted
different unit spotted
Ally Pioneer spotted Enemy Furyan at dir: 7
dodge called with dir: 3

dodge
dodge1 dir: 3
order placed

next move down

different unit spotted
different unit spotted
different unit spotted
different unit spotted
different unit spotted
different unit spotted
different unit spotted
different unit spotted
different unit spotted
different unit spotted
different unit spotted
different unit spotted
different unit spotted
different unit spotted
different unit spotted

Best move


next move down

different unit spotted
different unit spotted
different unit spotted
different unit spotted
different unit spotted
different unit spotted
different unit spotted
different unit spotted
different unit spotted
different unit spotted
different unit spotted
different unit spotted
different unit spotted
different unit spotted
different unit spotted
different unit spotted
different unit spotted
different unit spotted
different unit spotted
different unit spotted
different unit spotted
different unit spotted
different unit spotted
different unit spotted
different unit spotted
different unit spotted
different unit spotted
different unit spotted

Best move


next move down

different unit spotted
different unit spotted
different unit spotted
different unit spotted
different unit spotted
different unit spotted
different unit spotted
different unit spotted

Best move


next move down

different unit spotted
different unit spotted
different unit spotted
different unit spotted
different unit spotted
different unit spotted
different unit spotted
different unit spotted
different unit spotted
different unit spotted
different unit spotted
different unit spotted
different unit spotted
different unit spotted
different unit spotted
different unit spotted
different unit spotted
different unit spotted
different unit spotted
different unit spotted
different unit spotted
different unit spotted
different unit spotted
different unit spotted
different unit spotted
different unit spotted
different unit spotted
different unit spotted
different unit spotted
different unit spotted
different unit spotted
different unit spotted
Ally Pioneer spotted Enemy Furyan at dir: 6
dodge called with dir: 2

dodge
dodge1 dir: 3
order placed

next move down

different unit spotted
different unit spotted
different unit spotted
different unit spotted
different unit spotted
different unit spotted
different unit spotted
different unit spotted
different unit spotted
different unit spotted
different unit spotted
different unit spotted
different unit spotted
different unit spotted
different unit spotted
different unit spotted
different unit spotted
different unit spotted
different unit spotted

Best move


next move down

different unit spotted
different unit spotted
different unit spotted
different unit spotted
different unit spotted
different unit spotted
different unit spotted
different unit spotted
different unit spotted
different unit spotted
different unit spotted
different unit spotted
different unit spotted
different unit spotted
different unit spotted
different unit spotted
different unit spotted

Best move


next move down

different unit spotted
Ally Pioneer spotted Enemy Furyan at dir: 6
dodge called with dir: 2

dodge
dodge1 dir: 3
order placed

next move down

different unit spotted
different unit spotted
different unit spotted
different unit spotted
different unit spotted
different unit spotted
different unit spotted
different unit spotted
different unit spotted
different unit spotted
different unit spotted
different unit spotted

Best move


next move down

different unit spotted
different unit spotted
different unit spotted
different unit spotted
different unit spotted
different unit spotted
different unit spotted
different unit spotted
different unit spotted
different unit spotted
different unit spotted
different unit spotted
different unit spotted
different unit spotted

Best move


get sun distance

get sun distance

get sun distance

get sun distance

get sun distance

get sun distance

get sun distance

get sun distance

next move down

different unit spotted
different unit spotted
different unit spotted
different unit spotted
different unit spotted
different unit spotted
different unit spotted
different unit spotted
different unit spotted

Best move


next move down

different unit spotted
different unit spotted
different unit spotted
different unit spotted
different unit spotted
different unit spotted
different unit spotted
Hellhound spotted at dir: 7
dodge called with dir: 3

dodge
dodge1 dir: 2
order placed

next move down

different unit spotted
different unit spotted
different unit spotted
different unit spotted
different unit spotted
different unit spotted
different unit spotted
different unit spotted
different unit spotted
different unit spotted
different unit spotted
Ally Pioneer spotted Enemy Furyan at dir: 6
dodge called with dir: 2

dodge
dodge1 dir: 1
order placed

next move down

different unit spotted
different unit spotted
different unit spotted
different unit spotted
different unit spotted
different unit spotted
different unit spotted
different unit spotted
different unit spotted
different unit spotted
different unit spotted
different unit spotted
different unit spotted
different unit spotted
different unit spotted
different unit spotted
different unit spotted
different unit spotted
different unit spotted
different unit spotted
different unit spotted
different unit spotted
different unit spotted
Ally Pioneer spotted Enemy Furyan at dir: 7
dodge called with dir: 3

dodge
dodge1 dir: 3
order placed

next move down

different unit spotted
different unit spotted
different unit spotted
different unit spotted
different unit spotted
different unit spotted
different unit spotted
different unit spotted
different unit spotted
different unit spotted
different unit spotted
different unit spotted
different unit spotted
different unit spotted
different unit spotted
different unit spotted
different unit spotted
different unit spotted
different unit spotted
different unit spotted
different unit spotted
different unit spotted
different unit spotted
different unit spotted
different unit spotted
different unit spotted
different unit spotted
different unit spotted
different unit spotted
different unit spotted
different unit spotted
different unit spotted
different unit spotted
different unit spotted
different unit spotted
different unit spotted
different unit spotted
different unit spotted

Best move


next move down

different unit spotted
different unit spotted
different unit spotted
different unit spotted
different unit spotted
different unit spotted
different unit spotted
different unit spotted
different unit spotted

Best move


next move down

different unit spotted
different unit spotted
different unit spotted
different unit spotted
different unit spotted
different unit spotted
different unit spotted
different unit spotted
different unit spotted
different unit spotted
different unit spotted
different unit spotted
different unit spotted
different unit spotted
different unit spotted
different unit spotted
different unit spotted
different unit spotted

Best move


next move down

different unit spotted
different unit spotted
different unit spotted
different unit spotted
different unit spotted
different unit spotted
different unit spotted
different unit spotted
different unit spotted
different unit spotted
different unit spotted

Best move


next move down

different unit spotted
different unit spotted
different unit spotted
different unit spotted
different unit spotted
different unit spotted
different unit spotted
different unit spotted
different unit spotted
different unit spotted
different unit spotted
Ally Pioneer spotted Enemy Furyan at dir: 7
dodge called with dir: 3

dodge
dodge1 dir: 3
order placed

next move down

different unit spotted
different unit spotted
different unit spotted
different unit spotted
different unit spotted
different unit spotted

Best move


next move down

different unit spotted
different unit spotted
different unit spotted
different unit spotted
different unit spotted
Ally Pioneer spotted Enemy Furyan at dir: 6
dodge called with dir: 2

dodge
dodge1 dir: 2
order placed

next move down

different unit spotted
different unit spotted
different unit spotted
different unit spotted
different unit spotted
different unit spotted
different unit spotted
different unit spotted
different unit spotted
different unit spotted

Best move


next move down

different unit spotted
different unit spotted
different unit spotted
different unit spotted

Best move


next move down

different unit spotted
different unit spotted
different unit spotted
different unit spotted
different unit spotted
different unit spotted
different unit spotted
different unit spotted
different unit spotted
different unit spotted
different unit spotted
different unit spotted
different unit spotted
different unit spotted
different unit spotted
different unit spotted
different unit spotted
different unit spotted
different unit spotted
different unit spotted
different unit spotted
different unit spotted

Best move


next move down

different unit spotted
different unit spotted
different unit spotted
different unit spotted
different unit spotted
different unit spotted
Ally Pioneer spotted Enemy Furyan at dir: 3
dodge called with dir: 7

dodge
dodge1 dir: 6
order placed

next move down

different unit spotted
different unit spotted

Best move


next move down

different unit spotted
different unit spotted
different unit spotted
different unit spotted
different unit spotted
different unit spotted
different unit spotted
different unit spotted
different unit spotted
different unit spotted
different unit spotted
different unit spotted
different unit spotted
different unit spotted
different unit spotted
different unit spotted
different unit spotted
different unit spotted
different unit spotted
different unit spotted
different unit spotted
different unit spotted
different unit spotted
different unit spotted
different unit spotted
different unit spotted
different unit spotted
different unit spotted
different unit spotted
different unit spotted
different unit spotted
different unit spotted
different unit spotted
different unit spotted
different unit spotted
different unit spotted

Best move


next move down

different unit spotted
different unit spotted
different unit spotted
different unit spotted
different unit spotted
different unit spotted
different unit spotted

Best move


next move down

different unit spotted
different unit spotted
different unit spotted
different unit spotted
different unit spotted
different unit spotted
different unit spotted
different unit spotted
Ally Pioneer spotted Enemy Furyan at dir: 6
dodge called with dir: 2

dodge
dodge1 dir: 2
order placed

next move down

different unit spotted
different unit spotted
different unit spotted
different unit spotted
different unit spotted
different unit spotted
different unit spotted
Ally Furian spotted Enemy unit at dir: 1
dodge called with dir: 1

dodge
dodge1 dir: 1

next move down

different unit spotted
different unit spotted
Ally Furian spotted Enemy unit at dir: 7
dodge called with dir: 7

dodge
dodge1 dir: 7

next move down

different unit spotted
different unit spotted
different unit spotted
different unit spotted
different unit spotted
different unit spotted
different unit spotted
different unit spotted
different unit spotted
different unit spotted
Ally Furian spotted Enemy unit at dir: 3
dodge called with dir: 3

dodge
dodge1 dir: 3

next move down

different unit spotted
different unit spotted
different unit spotted
different unit spotted
different unit spotted
different unit spotted
different unit spotted
different unit spotted
different unit spotted
different unit spotted
different unit spotted
Ally Furian spotted Enemy unit at dir: 1
dodge called with dir: 1

dodge
dodge1 dir: 4
different unit spotted
different unit spotted
different unit spotted
different unit spotted
different unit spotted
different unit spotted
different unit spotted
Ally Furian spotted Enemy unit at dir: 0
dodge called with dir: 0

dodge
dodge1 dir: 4
different unit spotted
different unit spotted
different unit spotted
different unit spotted
different unit spotted
different unit spotted
Ally Furian spotted Enemy unit at dir: 7
dodge called with dir: 7

dodge
dodge1 dir: 3
different unit spotted
Ally Furian spotted Enemy unit at dir: 5
dodge called with dir: 5

dodge
dodge1 dir: 1
different unit spotted
different unit spotted
different unit spotted
different unit spotted
different unit spotted
different unit spotted
different unit spotted
different unit spotted
different unit spotted
different unit spotted
different unit spotted
Ally Furian spotted Enemy unit at dir: 7
dodge called with dir: 7

dodge
dodge1 dir: 3
different unit spotted
different unit spotted
Ally Furian spotted Enemy unit at dir: 6
dodge called with dir: 6

dodge
dodge1 dir: 2
different unit spotted
different unit spotted
Ally Furian spotted Enemy unit at dir: 0
dodge called with dir: 0

dodge
dodge1 dir: 4
different unit spotted
different unit spotted
different unit spotted
different unit spotted
Ally Furian spotted Enemy unit at dir: 5
dodge called with dir: 5

dodge
dodge1 dir: 1
different unit spotted
Ally Furian spotted Enemy unit at dir: 1
dodge called with dir: 1

dodge
dodge1 dir: 4
different unit spotted
Ally Furian spotted Enemy unit at dir: 2
dodge called with dir: 2

dodge
dodge1 dir: 7
different unit spotted
Ally Furian spotted Enemy unit at dir: 3
dodge called with dir: 3

dodge
dodge1 dir: 7
different unit spotted
Ally Furian spotted Enemy unit at dir: 1
dodge called with dir: 1

dodge
dodge1 dir: 1

next move down

different unit spotted
different unit spotted
Hellhound spotted at dir: 7
dodge called with dir: 3

dodge
dodge1 dir: 3
order placed

next move down

different unit spotted
Ally Furian spotted Enemy unit at dir: 6
dodge called with dir: 6

next move down

different unit spotted
different unit spotted
different unit spotted
different unit spotted
different unit spotted
different unit spotted
different unit spotted
different unit spotted
different unit spotted
different unit spotted
different unit spotted
different unit spotted
different unit spotted
Ally Furian spotted Enemy unit at dir: 6
dodge called with dir: 6

dodge
dodge1 dir: 6
dodge or chase commanded dir: 2

dodge or chase commanded dir: 3

dodge or chase commanded dir: 6

dodge or chase commanded dir: 3

dodge or chase commanded dir: 2

dodge or chase commanded dir: 3

dodge or chase commanded dir: 3

dodge or chase commanded dir: 7

dodge or chase commanded dir: 3

dodge or chase commanded dir: 1

dodge or chase commanded dir: 3

dodge or chase commanded dir: 5

dodge or chase commanded dir: 3

dodge or chase commanded dir: 2

dodge or chase commanded dir: 6

best move (not dodge) commanded

best move (not dodge) commanded

best move (not dodge) commanded

best move (not dodge) commanded

best move (not dodge) commanded

warning: action already requested for unit 3
best move (not dodge) commanded

warning: action already requested for unit 3
best move (not dodge) commanded

best move (not dodge) commanded

warning: action already requested for unit 3
best move (not dodge) commanded

best move (not dodge) commanded

warning: action already requested for unit 3
best move (not dodge) commanded

best move (not dodge) commanded

best move (not dodge) commanded

best move (not dodge) commanded

best move (not dodge) commanded

best move (not dodge) commanded

best move (not dodge) commanded

warning: action already requested for unit 3
best move (not dodge) commanded

best move (not dodge) commanded

best move (not dodge) commanded

best move (not dodge) commanded

warning: action already requested for unit 3
best move (not dodge) commanded

best move (not dodge) commanded

warning: action already requested for unit 3
best move (not dodge) commanded

best move (not dodge) commanded

warning: action already requested for unit 3
best move (not dodge) commanded

best move (not dodge) commanded

best move (not dodge) commanded

best move (not dodge) commanded

best move (not dodge) commanded

warning: action already requested for unit 3
best move (not dodge) commanded

best move (not dodge) commanded

warning: action already requested for unit 3
best move (not dodge) commanded

warning: action already requested for unit 3
best move (not dodge) commanded

best move (not dodge) commanded

best move (not dodge) commanded

best move (not dodge) commanded

best move (not dodge) commanded

best move (not dodge) commanded

info:     end player 0
info:     start player 1
info:     end player 1
info:     start player 2
info:     end player 2
info:     start player 3
info:     end player 3
info: end round 78
info: start round 79
info:     start player 0

next move down

different unit spotted
different unit spotted
different unit spotted
different unit spotted
different unit spotted
different unit spotted
different unit spotted
different unit spotted
different unit spotted
different unit spotted
different unit spotted
Ally Pioneer spotted Enemy Furyan at dir: 1
dodge called with dir: 5

dodge
dodge1 dir: 4
order placed

next move down

different unit spotted
different unit spotted
different unit spotted
different unit spotted
Ally Pioneer spotted Enemy Furyan at dir: 2
dodge called with dir: 6

dodge
dodge1 dir: 0
order placed

next move down

different unit spotted
different unit spotted
different unit spotted
different unit spotted
different unit spotted
different unit spotted
Ally Pioneer spotted Enemy Furyan at dir: 2
dodge called with dir: 6

dodge
dodge1 dir: 6
order placed

next move down

different unit spotted
different unit spotted
different unit spotted
different unit spotted
different unit spotted
different unit spotted
different unit spotted
different unit spotted
different unit spotted
different unit spotted
Ally Pioneer spotted Enemy Furyan at dir: 1
dodge called with dir: 5

dodge
dodge1 dir: 5
order placed

next move down

different unit spotted
different unit spotted
different unit spotted
different unit spotted
different unit spotted
different unit spotted
different unit spotted
different unit spotted
different unit spotted
different unit spotted
Ally Pioneer spotted Enemy Furyan at dir: 7
dodge called with dir: 3

dodge
dodge1 dir: 3
order placed

next move down

different unit spotted
different unit spotted
different unit spotted

Best move


next move down

different unit spotted
different unit spotted
different unit spotted
different unit spotted
different unit spotted
different unit spotted
different unit spotted
different unit spotted
different unit spotted
different unit spotted
different unit spotted
different unit spotted
different unit spotted
different unit spotted
different unit spotted

Best move


next move down

different unit spotted
different unit spotted
different unit spotted
different unit spotted
different unit spotted
different unit spotted
different unit spotted
different unit spotted
different unit spotted
different unit spotted
Ally Pioneer spotted Enemy Furyan at dir: 7
dodge called with dir: 3

dodge
dodge1 dir: 1
order placed

next move down

different unit spotted
different unit spotted
different unit spotted
different unit spotted
different unit spotted
different unit spotted
different unit spotted
different unit spotted
different unit spotted
different unit spotted
different unit spotted
different unit spotted
different unit spotted
different unit spotted
different unit spotted
different unit spotted

Best move


next move down

different unit spotted
different unit spotted
different unit spotted
different unit spotted
different unit spotted
different unit spotted
different unit spotted
different unit spotted
different unit spotted
different unit spotted
different unit spotted
different unit spotted
different unit spotted
different unit spotted
different unit spotted
different unit spotted
different unit spotted
different unit spotted
different unit spotted
different unit spotted
different unit spotted
different unit spotted

Best move


next move down

different unit spotted
different unit spotted
different unit spotted
different unit spotted
different unit spotted
different unit spotted
different unit spotted
different unit spotted
different unit spotted

Best move


next move down

different unit spotted
different unit spotted
different unit spotted
different unit spotted
different unit spotted
different unit spotted
different unit spotted
different unit spotted
different unit spotted
different unit spotted
different unit spotted
different unit spotted
different unit spotted
different unit spotted
different unit spotted
different unit spotted
different unit spotted
different unit spotted
different unit spotted
different unit spotted
different unit spotted
different unit spotted
different unit spotted
different unit spotted
different unit spotted
different unit spotted
different unit spotted
Ally Pioneer spotted Enemy Furyan at dir: 6
dodge called with dir: 2

dodge
dodge1 dir: 2
order placed

next move down

different unit spotted
different unit spotted
different unit spotted
different unit spotted
different unit spotted
different unit spotted
different unit spotted
different unit spotted
different unit spotted
different unit spotted
different unit spotted
different unit spotted
different unit spotted
different unit spotted
different unit spotted
different unit spotted
different unit spotted
different unit spotted
different unit spotted
different unit spotted
different unit spotted
different unit spotted
different unit spotted
different unit spotted
different unit spotted

Best move


next move down

different unit spotted
different unit spotted
different unit spotted
different unit spotted
different unit spotted
different unit spotted
different unit spotted
different unit spotted
different unit spotted
different unit spotted
different unit spotted
different unit spotted
different unit spotted
Ally Pioneer spotted Enemy Furyan at dir: 3
dodge called with dir: 7

dodge
dodge1 dir: 6
order placed

next move down

different unit spotted
Ally Pioneer spotted Enemy Furyan at dir: 7
dodge called with dir: 3

dodge
dodge1 dir: 3
order placed

next move down

different unit spotted
different unit spotted
different unit spotted
different unit spotted
different unit spotted
different unit spotted
different unit spotted
different unit spotted
different unit spotted
different unit spotted
different unit spotted
different unit spotted
different unit spotted
different unit spotted
different unit spotted

Best move


next move down

different unit spotted
different unit spotted
different unit spotted
different unit spotted
different unit spotted
different unit spotted
different unit spotted
different unit spotted
different unit spotted
different unit spotted
different unit spotted

Best move


next move down

different unit spotted
different unit spotted
different unit spotted
different unit spotted
different unit spotted
different unit spotted
different unit spotted

Best move


next move down

different unit spotted
different unit spotted
different unit spotted
different unit spotted
different unit spotted
different unit spotted
different unit spotted
Hellhound spotted at dir: 6
dodge called with dir: 2

dodge
dodge1 dir: 3
order placed

next move down

different unit spotted
different unit spotted
different unit spotted
different unit spotted
different unit spotted
different unit spotted
different unit spotted
different unit spotted
different unit spotted
different unit spotted
different unit spotted
different unit spotted
different unit spotted
different unit spotted
different unit spotted
different unit spotted
Ally Pioneer spotted Enemy Furyan at dir: 5
dodge called with dir: 1

dodge
dodge1 dir: 0
order placed

next move down

different unit spotted
different unit spotted
different unit spotted
different unit spotted
different unit spotted
different unit spotted
different unit spotted
different unit spotted
different unit spotted
different unit spotted
different unit spotted
different unit spotted
different unit spotted
different unit spotted
different unit spotted
different unit spotted
Ally Pioneer spotted Enemy Furyan at dir: 7
dodge called with dir: 3

dodge
dodge1 dir: 2
order placed

next move down

different unit spotted
different unit spotted
different unit spotted
different unit spotted
different unit spotted
different unit spotted
different unit spotted
different unit spotted
different unit spotted
different unit spotted
different unit spotted
Ally Pioneer spotted Enemy Furyan at dir: 6
dodge called with dir: 2

dodge
dodge1 dir: 1
order placed

next move down

different unit spotted
different unit spotted
different unit spotted
different unit spotted
different unit spotted
different unit spotted

Best move


next move down

different unit spotted
different unit spotted
different unit spotted
different unit spotted
different unit spotted
different unit spotted
different unit spotted
different unit spotted
different unit spotted
different unit spotted
different unit spotted
different unit spotted
different unit spotted
different unit spotted
different unit spotted

Best move


next move down

different unit spotted
different unit spotted
different unit spotted
different unit spotted
different unit spotted
different unit spotted
different unit spotted
different unit spotted
different unit spotted
different unit spotted
different unit spotted
different unit spotted
different unit spotted
different unit spotted
different unit spotted
different unit spotted
different unit spotted

Best move


next move down

different unit spotted
different unit spotted
different unit spotted
different unit spotted
different unit spotted
different unit spotted
Ally Pioneer spotted Enemy Furyan at dir: 7
dodge called with dir: 3

dodge
dodge1 dir: 3
order placed

next move down

different unit spotted
different unit spotted
different unit spotted
different unit spotted
different unit spotted
different unit spotted
different unit spotted
different unit spotted
different unit spotted
different unit spotted
different unit spotted
different unit spotted
different unit spotted

Best move


next move down

different unit spotted
different unit spotted
different unit spotted
different unit spotted
Ally Pioneer spotted Enemy Furyan at dir: 7
dodge called with dir: 3

dodge
dodge1 dir: 2
order placed

next move down

different unit spotted
different unit spotted
different unit spotted
different unit spotted
different unit spotted
different unit spotted
different unit spotted
different unit spotted
different unit spotted
different unit spotted
different unit spotted
different unit spotted
different unit spotted
different unit spotted
different unit spotted
different unit spotted
different unit spotted
different unit spotted
different unit spotted

Best move


next move down

different unit spotted
different unit spotted

Best move


next move down

different unit spotted
different unit spotted
different unit spotted
different unit spotted
different unit spotted
different unit spotted
different unit spotted
different unit spotted
different unit spotted
different unit spotted
different unit spotted
different unit spotted
different unit spotted
different unit spotted
Ally Pioneer spotted Enemy Furyan at dir: 7
dodge called with dir: 3

dodge
dodge1 dir: 3
order placed

next move down

different unit spotted
different unit spotted
different unit spotted
different unit spotted
different unit spotted
different unit spotted
different unit spotted
different unit spotted
different unit spotted
different unit spotted
different unit spotted
different unit spotted
different unit spotted
different unit spotted
different unit spotted
different unit spotted
different unit spotted

Best move


next move down

different unit spotted
different unit spotted
different unit spotted
different unit spotted
different unit spotted
different unit spotted

Best move


next move down

different unit spotted
different unit spotted
different unit spotted
different unit spotted
different unit spotted
different unit spotted
different unit spotted
different unit spotted
different unit spotted
different unit spotted
different unit spotted
different unit spotted
different unit spotted
different unit spotted
different unit spotted
different unit spotted
different unit spotted
different unit spotted
different unit spotted
different unit spotted
different unit spotted
Ally Pioneer spotted Enemy Furyan at dir: 5
dodge called with dir: 1

dodge
dodge1 dir: 3
order placed

next move down

different unit spotted
different unit spotted
different unit spotted
different unit spotted
different unit spotted
different unit spotted
different unit spotted
different unit spotted
different unit spotted
different unit spotted
different unit spotted
Ally Pioneer spotted Enemy Furyan at dir: 7
dodge called with dir: 3

dodge
dodge1 dir: 3
order placed

next move down

different unit spotted
different unit spotted
different unit spotted
different unit spotted
different unit spotted
different unit spotted
different unit spotted
different unit spotted
different unit spotted
different unit spotted
different unit spotted
different unit spotted
different unit spotted
different unit spotted
different unit spotted
different unit spotted
different unit spotted
different unit spotted

Best move


next move down

different unit spotted
different unit spotted
different unit spotted
different unit spotted
different unit spotted
different unit spotted
different unit spotted
different unit spotted
Ally Furian spotted Enemy unit at dir: 7
dodge called with dir: 7

dodge
dodge1 dir: 7

next move down

different unit spotted
Ally Furian spotted Enemy unit at dir: 0
dodge called with dir: 0

dodge
dodge1 dir: 0

next move down

different unit spotted
different unit spotted
Ally Furian spotted Enemy unit at dir: 2
dodge called with dir: 2

dodge
dodge1 dir: 2

next move down

different unit spotted
different unit spotted
different unit spotted
different unit spotted
different unit spotted
different unit spotted
different unit spotted
different unit spotted
different unit spotted
different unit spotted
different unit spotted
Ally Furian spotted Enemy unit at dir: 2
dodge called with dir: 2

dodge
dodge1 dir: 5
different unit spotted
Ally Furian spotted Enemy unit at dir: 1
dodge called with dir: 1

dodge
dodge1 dir: 5
different unit spotted
different unit spotted
different unit spotted
different unit spotted
different unit spotted
different unit spotted
different unit spotted
different unit spotted
different unit spotted
different unit spotted
different unit spotted
different unit spotted
different unit spotted
Ally Furian spotted Enemy unit at dir: 4
dodge called with dir: 4

dodge
dodge1 dir: 1
different unit spotted
Ally Furian spotted Enemy unit at dir: 0
dodge called with dir: 0

dodge
dodge1 dir: 3
different unit spotted
different unit spotted
different unit spotted
Ally Furian spotted Enemy unit at dir: 7
dodge called with dir: 7

dodge
dodge1 dir: 3
different unit spotted
different unit spotted
different unit spotted
different unit spotted
different unit spotted
Ally Furian spotted Enemy unit at dir: 6
dodge called with dir: 6

dodge
dodge1 dir: 2
different unit spotted
Ally Furian spotted Enemy unit at dir: 7
dodge called with dir: 7

dodge
dodge1 dir: 3
different unit spotted
different unit spotted
different unit spotted
Ally Furian spotted Enemy unit at dir: 0
dodge called with dir: 0

dodge
dodge1 dir: 3
different unit spotted
different unit spotted
different unit spotted
different unit spotted
different unit spotted
Ally Furian spotted Enemy unit at dir: 1
dodge called with dir: 1

dodge
dodge1 dir: 5
different unit spotted
Ally Furian spotted Enemy unit at dir: 2
dodge called with dir: 2

dodge
dodge1 dir: 5
different unit spotted
Ally Furian spotted Enemy unit at dir: 4
dodge called with dir: 4

dodge
dodge1 dir: 1
different unit spotted
Ally Furian spotted Enemy unit at dir: 7
dodge called with dir: 7

dodge
dodge1 dir: 5

next move down

different unit spotted
different unit spotted
different unit spotted
different unit spotted
different unit spotted
Hellhound spotted at dir: 6
dodge called with dir: 2

dodge
dodge1 dir: 4
order placed

next move down

different unit spotted
Ally Furian spotted Enemy unit at dir: 6
dodge called with dir: 6

next move down

different unit spotted
different unit spotted
different unit spotted
different unit spotted
different unit spotted
different unit spotted
different unit spotted
Ally Furian spotted Enemy unit at dir: 7
dodge called with dir: 7

dodge
dodge1 dir: 0
dodge or chase commanded dir: 3

dodge or chase commanded dir: 4

dodge or chase commanded dir: 6

dodge or chase commanded dir: 6

dodge or chase commanded dir: 3

dodge or chase commanded dir: 3

dodge or chase commanded dir: 2

dodge or chase commanded dir: 6

dodge or chase commanded dir: 2

dodge or chase commanded dir: 3

dodge or chase commanded dir: 4

dodge or chase commanded dir: 3

dodge or chase commanded dir: 1

dodge or chase commanded dir: 0

dodge or chase commanded dir: 2

dodge or chase commanded dir: 0

dodge or chase commanded dir: 5

dodge or chase commanded dir: 1

dodge or chase commanded dir: 3

dodge or chase commanded dir: 3

best move (not dodge) commanded

best move (not dodge) commanded

best move (not dodge) commanded

best move (not dodge) commanded

warning: action already requested for unit 3
best move (not dodge) commanded

best move (not dodge) commanded

best move (not dodge) commanded

best move (not dodge) commanded

best move (not dodge) commanded

best move (not dodge) commanded

warning: action already requested for unit 3
best move (not dodge) commanded

best move (not dodge) commanded

warning: action already requested for unit 3
best move (not dodge) commanded

warning: action already requested for unit 3
best move (not dodge) commanded

best move (not dodge) commanded

best move (not dodge) commanded

best move (not dodge) commanded

best move (not dodge) commanded

warning: action already requested for unit 3
best move (not dodge) commanded

best move (not dodge) commanded

best move (not dodge) commanded

best move (not dodge) commanded

warning: action already requested for unit 3
best move (not dodge) commanded

best move (not dodge) commanded

best move (not dodge) commanded

warning: action already requested for unit 3
best move (not dodge) commanded

best move (not dodge) commanded

warning: action already requested for unit 3
best move (not dodge) commanded

warning: action already requested for unit 3
best move (not dodge) commanded

best move (not dodge) commanded

best move (not dodge) commanded

warning: action already requested for unit 3
best move (not dodge) commanded

warning: action already requested for unit 3
best move (not dodge) commanded

best move (not dodge) commanded

info:     end player 0
info:     start player 1
info:     end player 1
info:     start player 2
info:     end player 2
info:     start player 3
info:     end player 3
info: end round 79
info: start round 80
info:     start player 0

next move down

different unit spotted
different unit spotted
different unit spotted
different unit spotted
different unit spotted
different unit spotted
different unit spotted
different unit spotted
Ally Pioneer spotted Enemy Furyan at dir: 1
dodge called with dir: 5

dodge
dodge1 dir: 3
order placed

next move down

different unit spotted
Ally Pioneer spotted Enemy Furyan at dir: 2
dodge called with dir: 6

dodge
dodge1 dir: 5
order placed

next move down

different unit spotted
different unit spotted
different unit spotted
different unit spotted
different unit spotted
different unit spotted
different unit spotted
different unit spotted
different unit spotted
different unit spotted
different unit spotted
different unit spotted

Best move


next move down

different unit spotted
different unit spotted
different unit spotted
different unit spotted
different unit spotted
different unit spotted
different unit spotted
Ally Pioneer spotted Enemy Furyan at dir: 1
dodge called with dir: 5

dodge
dodge1 dir: 6
order placed

next move down

different unit spotted
different unit spotted
different unit spotted
different unit spotted
different unit spotted
different unit spotted
different unit spotted
different unit spotted
different unit spotted

Best move


next move down

different unit spotted
different unit spotted
different unit spotted
different unit spotted
different unit spotted
different unit spotted
different unit spotted
different unit spotted
different unit spotted
Hellhound spotted at dir: 7
dodge called with dir: 3

dodge
dodge1 dir: 3
order placed

next move down

different unit spotted
different unit spotted
different unit spotted
different unit spotted
different unit spotted
different unit spotted
different unit spotted
different unit spotted
different unit spotted
different unit spotted

Best move


next move down

different unit spotted
different unit spotted
different unit spotted
different unit spotted
different unit spotted
different unit spotted
different unit spotted
different unit spotted
different unit spotted
different unit spotted
different unit spotted
different unit spotted
different unit spotted
different unit spotted
different unit spotted
different unit spotted
different unit spotted

Best move


next move down

different unit spotted
different unit spotted
different unit spotted
different unit spotted
different unit spotted
different unit spotted
different unit spotted
different unit spotted
different unit spotted
Ally Pioneer spotted Enemy Furyan at dir: 7
dodge called with dir: 3

dodge
dodge1 dir: 2
order placed

next move down

different unit spotted
different unit spotted
different unit spotted
different unit spotted
different unit spotted
different unit spotted
different unit spotted
different unit spotted
different unit spotted
different unit spotted
different unit spotted
different unit spotted
different unit spotted
different unit spotted
different unit spotted
different unit spotted
different unit spotted
different unit spotted
different unit spotted
different unit spotted
different unit spotted

Best move


next move down

different unit spotted
different unit spotted
different unit spotted
different unit spotted
different unit spotted
different unit spotted
different unit spotted
different unit spotted
different unit spotted
different unit spotted
different unit spotted
different unit spotted
different unit spotted
different unit spotted
different unit spotted
different unit spotted
different unit spotted
different unit spotted
different unit spotted
different unit spotted
different unit spotted
different unit spotted
different unit spotted
different unit spotted
different unit spotted

Best move


next move down

different unit spotted
different unit spotted
different unit spotted
different unit spotted
different unit spotted

Best move


next move down

different unit spotted
different unit spotted
different unit spotted
different unit spotted
different unit spotted
different unit spotted
different unit spotted
different unit spotted
different unit spotted
different unit spotted
different unit spotted
different unit spotted
different unit spotted
different unit spotted
different unit spotted
different unit spotted
different unit spotted
different unit spotted
different unit spotted
different unit spotted
different unit spotted
different unit spotted
different unit spotted
different unit spotted
different unit spotted
different unit spotted
different unit spotted
different unit spotted
different unit spotted
different unit spotted

Best move


next move down

different unit spotted
different unit spotted
different unit spotted
different unit spotted
different unit spotted
different unit spotted
different unit spotted
different unit spotted
different unit spotted
different unit spotted
different unit spotted
different unit spotted
different unit spotted
different unit spotted
different unit spotted
different unit spotted
different unit spotted
different unit spotted
different unit spotted
different unit spotted
different unit spotted
different unit spotted

Best move


next move down

different unit spotted
different unit spotted
different unit spotted
different unit spotted
different unit spotted
different unit spotted
different unit spotted
different unit spotted
different unit spotted
different unit spotted
different unit spotted
different unit spotted
different unit spotted
different unit spotted
different unit spotted
different unit spotted
different unit spotted
different unit spotted
different unit spotted
different unit spotted
different unit spotted
different unit spotted
different unit spotted
different unit spotted
different unit spotted
different unit spotted
different unit spotted
different unit spotted
different unit spotted
different unit spotted
different unit spotted
different unit spotted
different unit spotted
different unit spotted

Best move


next move down

different unit spotted
different unit spotted
Ally Pioneer spotted Enemy Furyan at dir: 7
dodge called with dir: 3

dodge
dodge1 dir: 4
order placed

get sun distance

get sun distance

get sun distance

get sun distance

get sun distance

get sun distance

get sun distance

get sun distance

next move down

different unit spotted
different unit spotted
different unit spotted
different unit spotted
different unit spotted
different unit spotted
different unit spotted
different unit spotted
different unit spotted
different unit spotted
different unit spotted

Best move


next move down

different unit spotted
different unit spotted
different unit spotted
different unit spotted
different unit spotted
different unit spotted
different unit spotted
different unit spotted
different unit spotted
different unit spotted
different unit spotted
different unit spotted

Best move


get sun distance

get sun distance

get sun distance

get sun distance

get sun distance

get sun distance

get sun distance

get sun distance

next move down

different unit spotted
different unit spotted
different unit spotted
different unit spotted
different unit spotted
different unit spotted
different unit spotted
different unit spotted
different unit spotted

Best move


next move down

different unit spotted
different unit spotted
different unit spotted
different unit spotted
different unit spotted
different unit spotted
different unit spotted
different unit spotted
Hellhound spotted at dir: 7
dodge called with dir: 3

dodge
order placed

next move down

different unit spotted
different unit spotted
different unit spotted
different unit spotted
different unit spotted
different unit spotted
different unit spotted
different unit spotted
different unit spotted
different unit spotted
different unit spotted
different unit spotted
different unit spotted
different unit spotted
different unit spotted
different unit spotted
different unit spotted
different unit spotted
different unit spotted
different unit spotted
different unit spotted

Best move


next move down

different unit spotted
different unit spotted
different unit spotted
different unit spotted
different unit spotted
different unit spotted
different unit spotted
different unit spotted
different unit spotted
different unit spotted
different unit spotted
different unit spotted
different unit spotted
different unit spotted
different unit spotted
different unit spotted
different unit spotted
different unit spotted
different unit spotted
different unit spotted
different unit spotted
different unit spotted
different unit spotted

Best move


next move down

different unit spotted
different unit spotted
different unit spotted
different unit spotted
different unit spotted
different unit spotted
different unit spotted
different unit spotted
different unit spotted
different unit spotted
different unit spotted
different unit spotted
different unit spotted
different unit spotted
different unit spotted
different unit spotted
different unit spotted
different unit spotted
different unit spotted
different unit spotted
different unit spotted
different unit spotted
different unit spotted
different unit spotted
different unit spotted
different unit spotted
different unit spotted
different unit spotted
different unit spotted
different unit spotted

Best move


next move down

different unit spotted
different unit spotted
different unit spotted
different unit spotted
different unit spotted
different unit spotted
different unit spotted
different unit spotted
different unit spotted

Best move


next move down

different unit spotted
different unit spotted
different unit spotted
different unit spotted
different unit spotted
different unit spotted
different unit spotted
different unit spotted
different unit spotted
different unit spotted
different unit spotted
different unit spotted
different unit spotted
different unit spotted
different unit spotted

Best move


next move down

different unit spotted
different unit spotted
different unit spotted
different unit spotted
different unit spotted
different unit spotted
different unit spotted
different unit spotted
different unit spotted
different unit spotted

Best move


next move down

different unit spotted
different unit spotted
different unit spotted
different unit spotted
different unit spotted
different unit spotted
different unit spotted
different unit spotted
different unit spotted
Ally Pioneer spotted Enemy Furyan at dir: 7
dodge called with dir: 3

dodge
dodge1 dir: 4
order placed

next move down

different unit spotted
different unit spotted
different unit spotted
different unit spotted
different unit spotted
different unit spotted
different unit spotted
different unit spotted
different unit spotted
different unit spotted
different unit spotted
different unit spotted
different unit spotted
different unit spotted
different unit spotted

Best move


next move down

different unit spotted
different unit spotted
different unit spotted
different unit spotted
Ally Pioneer spotted Enemy Furyan at dir: 6
dodge called with dir: 2

dodge
dodge1 dir: 2
order placed

next move down

different unit spotted
different unit spotted
different unit spotted
different unit spotted
different unit spotted
different unit spotted
different unit spotted
different unit spotted
different unit spotted
different unit spotted
different unit spotted
different unit spotted
different unit spotted
different unit spotted
different unit spotted
different unit spotted
different unit spotted
different unit spotted
different unit spotted

Best move


next move down

different unit spotted
different unit spotted
different unit spotted

Best move


next move down

different unit spotted
different unit spotted
different unit spotted
different unit spotted
different unit spotted
different unit spotted
different unit spotted
different unit spotted
different unit spotted
different unit spotted
different unit spotted
different unit spotted
different unit spotted
different unit spotted
Ally Pioneer spotted Enemy Furyan at dir: 6
dodge called with dir: 2

dodge
dodge1 dir: 1
order placed

next move down

different unit spotted
different unit spotted
different unit spotted
different unit spotted
different unit spotted
different unit spotted
different unit spotted
different unit spotted
different unit spotted
different unit spotted
different unit spotted
different unit spotted
different unit spotted
different unit spotted
different unit spotted
different unit spotted
different unit spotted
different unit spotted
different unit spotted

Best move


next move down

different unit spotted
different unit spotted
different unit spotted
different unit spotted
different unit spotted
different unit spotted
different unit spotted

Best move


next move down

different unit spotted
different unit spotted
different unit spotted
different unit spotted
different unit spotted
different unit spotted
different unit spotted
different unit spotted
different unit spotted
different unit spotted
different unit spotted
different unit spotted
different unit spotted
different unit spotted
different unit spotted
different unit spotted
different unit spotted
different unit spotted
different unit spotted
different unit spotted
different unit spotted
different unit spotted
different unit spotted
different unit spotted
different unit spotted
different unit spotted
different unit spotted
different unit spotted

Best move


next move down

different unit spotted
different unit spotted
different unit spotted
different unit spotted
different unit spotted
different unit spotted
different unit spotted
different unit spotted
different unit spotted
different unit spotted
Ally Pioneer spotted Enemy Furyan at dir: 7
dodge called with dir: 3

dodge
dodge1 dir: 2
order placed

next move down

different unit spotted
different unit spotted
different unit spotted
different unit spotted
different unit spotted
different unit spotted
different unit spotted
different unit spotted
different unit spotted
different unit spotted
different unit spotted
different unit spotted
different unit spotted
different unit spotted
different unit spotted
different unit spotted
different unit spotted
different unit spotted
different unit spotted
different unit spotted
different unit spotted
different unit spotted
different unit spotted
different unit spotted
different unit spotted

Best move


next move down

different unit spotted
Ally Furian spotted Enemy unit at dir: 0
dodge called with dir: 0

next move down

different unit spotted
different unit spotted
different unit spotted
different unit spotted
Ally Furian spotted Enemy unit at dir: 1
dodge called with dir: 1

dodge
dodge1 dir: 1

next move down

different unit spotted
different unit spotted
different unit spotted
different unit spotted
different unit spotted
Ally Furian spotted Enemy unit at dir: 1
dodge called with dir: 1

dodge
dodge1 dir: 0

next move down

different unit spotted
different unit spotted
different unit spotted
different unit spotted
Ally Furian spotted Enemy unit at dir: 3
dodge called with dir: 3

dodge
dodge1 dir: 5
different unit spotted
different unit spotted
different unit spotted
different unit spotted
different unit spotted
Ally Furian spotted Enemy unit at dir: 2
dodge called with dir: 2

dodge
dodge1 dir: 5
different unit spotted
Ally Furian spotted Enemy unit at dir: 4
dodge called with dir: 4

dodge
dodge1 dir: 3
different unit spotted
different unit spotted
different unit spotted
Ally Furian spotted Enemy unit at dir: 1
dodge called with dir: 1

dodge
dodge1 dir: 5
different unit spotted
different unit spotted
Ally Furian spotted Enemy unit at dir: 0
dodge called with dir: 0

dodge
dodge1 dir: 4
different unit spotted
Ally Furian spotted Enemy unit at dir: 5
dodge called with dir: 5

dodge
dodge1 dir: 3
different unit spotted
Ally Furian spotted Enemy unit at dir: 6
dodge called with dir: 6

dodge
dodge1 dir: 3
different unit spotted
Ally Furian spotted Enemy unit at dir: 7
dodge called with dir: 7

dodge
dodge1 dir: 3
different unit spotted
Ally Furian spotted Enemy unit at dir: 5
dodge called with dir: 5

dodge
dodge1 dir: 3
different unit spotted
different unit spotted
different unit spotted
different unit spotted
different unit spotted
Ally Furian spotted Enemy unit at dir: 6
dodge called with dir: 6

dodge
dodge1 dir: 3
different unit spotted
different unit spotted
different unit spotted
different unit spotted
different unit spotted
different unit spotted
different unit spotted
different unit spotted
different unit spotted
different unit spotted
Ally Furian spotted Enemy unit at dir: 7
dodge called with dir: 7

dodge
dodge1 dir: 3
different unit spotted
Ally Furian spotted Enemy unit at dir: 0
dodge called with dir: 0

dodge
dodge1 dir: 4
different unit spotted
different unit spotted
different unit spotted
different unit spotted
different unit spotted
Ally Furian spotted Enemy unit at dir: 2
dodge called with dir: 2

dodge
dodge1 dir: 5
different unit spotted
Ally Furian spotted Enemy unit at dir: 1
dodge called with dir: 1

dodge
dodge1 dir: 5
different unit spotted
Ally Furian spotted Enemy unit at dir: 3
dodge called with dir: 3

dodge
dodge1 dir: 5
different unit spotted
different unit spotted
Ally Furian spotted Enemy unit at dir: 7
dodge called with dir: 7

dodge
dodge1 dir: 5

next move down

different unit spotted
different unit spotted
Hellhound spotted at dir: 7
dodge called with dir: 3

dodge
dodge1 dir: 2
order placed

next move down

different unit spotted
different unit spotted
different unit spotted
different unit spotted
different unit spotted
different unit spotted
Ally Furian spotted Enemy unit at dir: 1
dodge called with dir: 1

dodge
dodge1 dir: 5
different unit spotted
Ally Furian spotted Enemy unit at dir: 2
dodge called with dir: 2

dodge
dodge1 dir: 6
different unit spotted
Ally Furian spotted Enemy unit at dir: 4
dodge called with dir: 4

dodge
dodge1 dir: 5

next move down

different unit spotted
different unit spotted
different unit spotted
different unit spotted
different unit spotted
different unit spotted
different unit spotted
different unit spotted
Ally Furian spotted Enemy unit at dir: 7
dodge called with dir: 7

dodge
dodge1 dir: 0
dodge or chase commanded dir: 3

dodge or chase commanded dir: 2

dodge or chase commanded dir: 10

dodge or chase commanded dir: 0

dodge or chase commanded dir: 3

dodge or chase commanded dir: 2

dodge or chase commanded dir: 4

dodge or chase commanded dir: 5

dodge or chase commanded dir: 6

dodge or chase commanded dir: 2

dodge or chase commanded dir: 2

dodge or chase commanded dir: 4

dodge or chase commanded dir: 1

best move (not dodge) commanded

best move (not dodge) commanded

best move (not dodge) commanded

best move (not dodge) commanded

best move (not dodge) commanded

warning: action already requested for unit 3
best move (not dodge) commanded

warning: action already requested for unit 3
best move (not dodge) commanded

warning: action already requested for unit 3
best move (not dodge) commanded

warning: action already requested for unit 3
best move (not dodge) commanded

warning: action already requested for unit 3
best move (not dodge) commanded

warning: action already requested for unit 3
best move (not dodge) commanded

warning: action already requested for unit 3
best move (not dodge) commanded

warning: action already requested for unit 3
best move (not dodge) commanded

warning: action already requested for unit 3
best move (not dodge) commanded

best move (not dodge) commanded

warning: action already requested for unit 3
best move (not dodge) commanded

best move (not dodge) commanded

best move (not dodge) commanded

best move (not dodge) commanded

warning: action already requested for unit 3
best move (not dodge) commanded

best move (not dodge) commanded

warning: action already requested for unit 3
best move (not dodge) commanded

best move (not dodge) commanded

best move (not dodge) commanded

warning: action already requested for unit 44
best move (not dodge) commanded

best move (not dodge) commanded

warning: action already requested for unit 3
best move (not dodge) commanded

best move (not dodge) commanded

best move (not dodge) commanded

best move (not dodge) commanded

best move (not dodge) commanded

best move (not dodge) commanded

best move (not dodge) commanded

best move (not dodge) commanded

warning: action already requested for unit 3
best move (not dodge) commanded

best move (not dodge) commanded

best move (not dodge) commanded

best move (not dodge) commanded

best move (not dodge) commanded

best move (not dodge) commanded

best move (not dodge) commanded

warning: action already requested for unit 3
best move (not dodge) commanded

best move (not dodge) commanded

warning: action already requested for unit 44
best move (not dodge) commanded

best move (not dodge) commanded

best move (not dodge) commanded

best move (not dodge) commanded

best move (not dodge) commanded

info:     end player 0
info:     start player 1
info:     end player 1
info:     start player 2
info:     end player 2
info:     start player 3
info:     end player 3
info: end round 80
info: start round 81
info:     start player 0

next move down

different unit spotted
different unit spotted
Ally Pioneer spotted Enemy Furyan at dir: 1
dodge called with dir: 5

dodge
dodge1 dir: 5
order placed

next move down

different unit spotted
different unit spotted
different unit spotted
different unit spotted
different unit spotted
Ally Pioneer spotted Enemy Furyan at dir: 1
dodge called with dir: 5

dodge
dodge1 dir: 2
order placed

next move down

different unit spotted
different unit spotted
different unit spotted
different unit spotted
different unit spotted
different unit spotted
different unit spotted
different unit spotted

Best move


next move down

different unit spotted
different unit spotted
different unit spotted
different unit spotted
different unit spotted
different unit spotted
different unit spotted
different unit spotted
different unit spotted
different unit spotted
different unit spotted
different unit spotted
different unit spotted
different unit spotted
different unit spotted
different unit spotted
different unit spotted
different unit spotted
different unit spotted

Best move


next move down

different unit spotted
different unit spotted
different unit spotted
different unit spotted
different unit spotted
different unit spotted
different unit spotted
different unit spotted

Best move


next move down

different unit spotted
different unit spotted
different unit spotted
different unit spotted
different unit spotted
different unit spotted
different unit spotted
Hellhound spotted at dir: 7
dodge called with dir: 3

dodge
dodge1 dir: 3
order placed

next move down

different unit spotted
different unit spotted
different unit spotted
different unit spotted
different unit spotted
different unit spotted
different unit spotted
different unit spotted
different unit spotted
different unit spotted
different unit spotted
Ally Pioneer spotted Enemy Furyan at dir: 7
dodge called with dir: 3

dodge
dodge1 dir: 2
order placed

next move down

different unit spotted
different unit spotted
different unit spotted
different unit spotted
different unit spotted
different unit spotted
different unit spotted
different unit spotted
different unit spotted
different unit spotted
different unit spotted
different unit spotted

Best move


next move down

different unit spotted
different unit spotted
different unit spotted
different unit spotted
different unit spotted
different unit spotted
different unit spotted
Ally Pioneer spotted Enemy Furyan at dir: 7
dodge called with dir: 3

dodge
dodge1 dir: 0
order placed

next move down

different unit spotted
different unit spotted
different unit spotted
different unit spotted
different unit spotted
different unit spotted
different unit spotted
different unit spotted
different unit spotted
different unit spotted
different unit spotted
different unit spotted
different unit spotted
different unit spotted
different unit spotted
different unit spotted
different unit spotted
different unit spotted
different unit spotted
different unit spotted
different unit spotted
different unit spotted
different unit spotted

Best move


next move down

different unit spotted
different unit spotted
different unit spotted
different unit spotted
different unit spotted
different unit spotted
different unit spotted
different unit spotted
different unit spotted
different unit spotted
different unit spotted
different unit spotted
different unit spotted
different unit spotted
different unit spotted
different unit spotted
different unit spotted
different unit spotted
different unit spotted
different unit spotted
different unit spotted
different unit spotted

Best move


next move down

different unit spotted
different unit spotted
different unit spotted
different unit spotted

Best move


next move down

different unit spotted
different unit spotted
different unit spotted
different unit spotted
different unit spotted
different unit spotted
different unit spotted
different unit spotted
different unit spotted
different unit spotted
different unit spotted
different unit spotted
different unit spotted
different unit spotted
different unit spotted
different unit spotted
different unit spotted
different unit spotted
different unit spotted
different unit spotted
different unit spotted
different unit spotted
different unit spotted

Best move


next move down

different unit spotted
different unit spotted
different unit spotted
different unit spotted
different unit spotted
different unit spotted
different unit spotted
different unit spotted
different unit spotted
different unit spotted
different unit spotted
different unit spotted
different unit spotted
different unit spotted
different unit spotted
different unit spotted
different unit spotted
different unit spotted
different unit spotted
different unit spotted

Best move


next move down

different unit spotted
different unit spotted
different unit spotted
different unit spotted
different unit spotted
different unit spotted
different unit spotted
different unit spotted
different unit spotted
different unit spotted
different unit spotted
different unit spotted
different unit spotted
different unit spotted
different unit spotted
different unit spotted
different unit spotted
different unit spotted
different unit spotted
Ally Pioneer spotted Enemy Furyan at dir: 3
dodge called with dir: 7

dodge
dodge1 dir: 7
order placed

next move down

different unit spotted
different unit spotted
different unit spotted
different unit spotted

Best move


next move down

different unit spotted
different unit spotted
different unit spotted
different unit spotted
different unit spotted
different unit spotted
different unit spotted
Hellhound spotted at dir: 1
dodge called with dir: 5

dodge
dodge1 dir: 5
order placed

next move down

different unit spotted
different unit spotted
different unit spotted
different unit spotted
different unit spotted
different unit spotted
different unit spotted
different unit spotted
different unit spotted
different unit spotted
different unit spotted
different unit spotted
different unit spotted
different unit spotted
different unit spotted
different unit spotted

Best move


next move down

different unit spotted
different unit spotted
different unit spotted
different unit spotted
different unit spotted
different unit spotted

Best move


next move down

different unit spotted
different unit spotted
different unit spotted
different unit spotted
Hellhound spotted at dir: 7
dodge called with dir: 3

dodge
dodge1 dir: 3
order placed

next move down

different unit spotted
different unit spotted
different unit spotted
different unit spotted
different unit spotted
different unit spotted
different unit spotted
different unit spotted
different unit spotted
different unit spotted
different unit spotted
different unit spotted
different unit spotted
Ally Pioneer spotted Enemy Furyan at dir: 5
dodge called with dir: 1

dodge
dodge1 dir: 0
order placed

next move down

different unit spotted
different unit spotted
different unit spotted
different unit spotted
different unit spotted
different unit spotted
different unit spotted
different unit spotted
different unit spotted
Ally Pioneer spotted Enemy Furyan at dir: 7
dodge called with dir: 3

dodge
dodge1 dir: 3
order placed

next move down

different unit spotted
different unit spotted
different unit spotted
different unit spotted
different unit spotted
different unit spotted
different unit spotted
different unit spotted
different unit spotted
different unit spotted
different unit spotted
different unit spotted
different unit spotted
different unit spotted
different unit spotted
different unit spotted
different unit spotted
different unit spotted
different unit spotted
Ally Pioneer spotted Enemy Furyan at dir: 5
dodge called with dir: 1

dodge
dodge1 dir: 3
order placed

next move down

different unit spotted
different unit spotted
different unit spotted
different unit spotted

Best move


next move down

different unit spotted
different unit spotted
different unit spotted
different unit spotted
different unit spotted
different unit spotted
different unit spotted
different unit spotted
different unit spotted
different unit spotted
different unit spotted
different unit spotted
different unit spotted
different unit spotted
different unit spotted
different unit spotted
different unit spotted
different unit spotted
different unit spotted
different unit spotted

Best move


next move down

different unit spotted
different unit spotted
different unit spotted
different unit spotted
different unit spotted
different unit spotted
different unit spotted

Best move


next move down

different unit spotted
different unit spotted
different unit spotted
different unit spotted
different unit spotted
different unit spotted
different unit spotted
different unit spotted

Best move


next move down

different unit spotted
different unit spotted
different unit spotted
different unit spotted
different unit spotted
different unit spotted
different unit spotted
different unit spotted
different unit spotted
different unit spotted
different unit spotted
different unit spotted
different unit spotted
different unit spotted
different unit spotted
different unit spotted

Best move


next move down

different unit spotted
different unit spotted
different unit spotted
different unit spotted
different unit spotted
different unit spotted
different unit spotted
different unit spotted
different unit spotted
different unit spotted
different unit spotted
different unit spotted
different unit spotted
different unit spotted
different unit spotted
different unit spotted
different unit spotted
different unit spotted
different unit spotted
different unit spotted

Best move


next move down

different unit spotted
different unit spotted
different unit spotted
different unit spotted
different unit spotted
different unit spotted
different unit spotted
different unit spotted
different unit spotted
different unit spotted
different unit spotted
different unit spotted
different unit spotted
different unit spotted
different unit spotted
different unit spotted
different unit spotted
different unit spotted
different unit spotted
different unit spotted
different unit spotted
different unit spotted
different unit spotted
different unit spotted
different unit spotted
different unit spotted
different unit spotted
different unit spotted
different unit spotted
different unit spotted
different unit spotted
different unit spotted
different unit spotted
different unit spotted

Best move


next move down

different unit spotted
different unit spotted

Best move


next move down

different unit spotted
different unit spotted
different unit spotted
different unit spotted
different unit spotted
different unit spotted
different unit spotted
different unit spotted
different unit spotted
different unit spotted
Ally Pioneer spotted Enemy Furyan at dir: 2
dodge called with dir: 6

dodge
dodge1 dir: 5
order placed

next move down

different unit spotted
different unit spotted
different unit spotted
different unit spotted
different unit spotted
different unit spotted
different unit spotted
different unit spotted
different unit spotted
different unit spotted
different unit spotted
different unit spotted
different unit spotted
different unit spotted
different unit spotted
different unit spotted

Best move


next move down

different unit spotted
different unit spotted
Ally Pioneer spotted Enemy Furyan at dir: 1
dodge called with dir: 5

dodge
dodge1 dir: 5
order placed

next move down

different unit spotted
different unit spotted
different unit spotted
different unit spotted
different unit spotted
different unit spotted
different unit spotted
different unit spotted
different unit spotted
different unit spotted
different unit spotted
different unit spotted
different unit spotted
different unit spotted
different unit spotted
different unit spotted
different unit spotted
different unit spotted
different unit spotted
different unit spotted
different unit spotted
Ally Pioneer spotted Enemy Furyan at dir: 6
dodge called with dir: 2

dodge
dodge1 dir: 2
order placed

next move down

different unit spotted
different unit spotted
different unit spotted
different unit spotted
different unit spotted
different unit spotted
different unit spotted
different unit spotted
different unit spotted
different unit spotted
different unit spotted
Ally Pioneer spotted Enemy Furyan at dir: 7
dodge called with dir: 3

dodge
dodge1 dir: 3
order placed

next move down

different unit spotted
different unit spotted
different unit spotted
different unit spotted
different unit spotted
different unit spotted
different unit spotted
different unit spotted
different unit spotted
different unit spotted
different unit spotted
different unit spotted
different unit spotted
different unit spotted
different unit spotted
different unit spotted
different unit spotted
different unit spotted
different unit spotted
different unit spotted
different unit spotted
different unit spotted
different unit spotted
different unit spotted

Best move


next move down

different unit spotted
different unit spotted
different unit spotted
different unit spotted
different unit spotted
different unit spotted
different unit spotted
different unit spotted
different unit spotted
different unit spotted
different unit spotted
different unit spotted
different unit spotted
different unit spotted
different unit spotted
different unit spotted
different unit spotted
different unit spotted
different unit spotted
different unit spotted
different unit spotted
different unit spotted
different unit spotted
Ally Furian spotted Enemy unit at dir: 7
dodge called with dir: 7

dodge
dodge1 dir: 7

next move down

different unit spotted
Ally Furian spotted Enemy unit at dir: 0
dodge called with dir: 0

dodge
dodge1 dir: 0

next move down

different unit spotted
different unit spotted
different unit spotted
Ally Furian spotted Enemy unit at dir: 2
dodge called with dir: 2

dodge
dodge1 dir: 1

next move down

different unit spotted
different unit spotted
different unit spotted
different unit spotted
different unit spotted
different unit spotted
different unit spotted
Ally Furian spotted Enemy unit at dir: 3
dodge called with dir: 3

dodge
dodge1 dir: 5
different unit spotted
different unit spotted
Ally Furian spotted Enemy unit at dir: 2
dodge called with dir: 2

dodge
dodge1 dir: 5
different unit spotted
Ally Furian spotted Enemy unit at dir: 4
dodge called with dir: 4

dodge
dodge1 dir: 1
different unit spotted
different unit spotted
different unit spotted
different unit spotted
Ally Furian spotted Enemy unit at dir: 1
dodge called with dir: 1

dodge
dodge1 dir: 5
different unit spotted
Ally Furian spotted Enemy unit at dir: 0
dodge called with dir: 0

dodge
dodge1 dir: 3
different unit spotted
different unit spotted
different unit spotted
different unit spotted
Ally Furian spotted Enemy unit at dir: 5
dodge called with dir: 5

dodge
dodge1 dir: 1
different unit spotted
different unit spotted
Ally Furian spotted Enemy unit at dir: 6
dodge called with dir: 6

dodge
dodge1 dir: 2
different unit spotted
Ally Furian spotted Enemy unit at dir: 5
dodge called with dir: 5

dodge
dodge1 dir: 1
different unit spotted
Ally Furian spotted Enemy unit at dir: 6
dodge called with dir: 6

dodge
dodge1 dir: 2
different unit spotted
Ally Furian spotted Enemy unit at dir: 7
dodge called with dir: 7

dodge
dodge1 dir: 3
different unit spotted
different unit spotted
different unit spotted
different unit spotted
Ally Furian spotted Enemy unit at dir: 7
dodge called with dir: 7

dodge
dodge1 dir: 3
different unit spotted
Ally Furian spotted Enemy unit at dir: 0
dodge called with dir: 0

dodge
dodge1 dir: 3
different unit spotted
different unit spotted
different unit spotted
different unit spotted
different unit spotted
Ally Furian spotted Enemy unit at dir: 2
dodge called with dir: 2

dodge
dodge1 dir: 5
different unit spotted
Ally Furian spotted Enemy unit at dir: 1
dodge called with dir: 1

dodge
dodge1 dir: 5
different unit spotted
Ally Furian spotted Enemy unit at dir: 3
dodge called with dir: 3

dodge
dodge1 dir: 5
different unit spotted
Ally Furian spotted Enemy unit at dir: 1
dodge called with dir: 1

dodge
dodge1 dir: 1

next move down

different unit spotted
different unit spotted
different unit spotted
different unit spotted
different unit spotted
different unit spotted
different unit spotted
different unit spotted
different unit spotted
Ally Furian spotted Enemy unit at dir: 0
dodge called with dir: 0

dodge
dodge1 dir: 0

next move down

different unit spotted
different unit spotted
different unit spotted
different unit spotted
different unit spotted
different unit spotted
different unit spotted
different unit spotted
Ally Furian spotted Enemy unit at dir: 5
dodge called with dir: 5

dodge
dodge1 dir: 4
dodge or chase commanded dir: 3

dodge or chase commanded dir: 5

dodge or chase commanded dir: 3

dodge or chase commanded dir: 5

dodge or chase commanded dir: 2

dodge or chase commanded dir: 7

dodge or chase commanded dir: 3

dodge or chase commanded dir: 3

dodge or chase commanded dir: 0

dodge or chase commanded dir: 2

dodge or chase commanded dir: 3

dodge or chase commanded dir: 0

dodge or chase commanded dir: 5

dodge or chase commanded dir: 2

dodge or chase commanded dir: 5

best move (not dodge) commanded

best move (not dodge) commanded

best move (not dodge) commanded

warning: action already requested for unit 3
best move (not dodge) commanded

warning: action already requested for unit 3
best move (not dodge) commanded

warning: action already requested for unit 3
best move (not dodge) commanded

warning: action already requested for unit 3
best move (not dodge) commanded

warning: action already requested for unit 3
best move (not dodge) commanded

warning: action already requested for unit 3
best move (not dodge) commanded

best move (not dodge) commanded

warning: action already requested for unit 3
best move (not dodge) commanded

best move (not dodge) commanded

best move (not dodge) commanded

best move (not dodge) commanded

warning: action already requested for unit 3
best move (not dodge) commanded

best move (not dodge) commanded

warning: action already requested for unit 3
best move (not dodge) commanded

best move (not dodge) commanded

best move (not dodge) commanded

best move (not dodge) commanded

best move (not dodge) commanded

best move (not dodge) commanded

best move (not dodge) commanded

best move (not dodge) commanded

best move (not dodge) commanded

warning: action already requested for unit 3
best move (not dodge) commanded

best move (not dodge) commanded

warning: action already requested for unit 3
best move (not dodge) commanded

best move (not dodge) commanded

warning: action already requested for unit 3
best move (not dodge) commanded

best move (not dodge) commanded

warning: action already requested for unit 3
best move (not dodge) commanded

best move (not dodge) commanded

best move (not dodge) commanded

best move (not dodge) commanded

best move (not dodge) commanded

best move (not dodge) commanded

best move (not dodge) commanded

best move (not dodge) commanded

best move (not dodge) commanded

warning: action already requested for unit 3
best move (not dodge) commanded

best move (not dodge) commanded

warning: action already requested for unit 3
best move (not dodge) commanded

info:     end player 0
info:     start player 1
info:     end player 1
info:     start player 2
info:     end player 2
info:     start player 3
info:     end player 3
info: end round 81
info: start round 82
info:     start player 0

next move down

different unit spotted
different unit spotted
different unit spotted
different unit spotted
different unit spotted
different unit spotted
different unit spotted
different unit spotted
different unit spotted
different unit spotted
different unit spotted
different unit spotted
different unit spotted
different unit spotted
different unit spotted

Best move


next move down

different unit spotted
different unit spotted
Ally Pioneer spotted Enemy Furyan at dir: 1
dodge called with dir: 5

dodge
dodge1 dir: 6
order placed

next move down

different unit spotted
different unit spotted
different unit spotted
different unit spotted
different unit spotted
different unit spotted
different unit spotted
different unit spotted

Best move


next move down

different unit spotted
different unit spotted
different unit spotted
different unit spotted
different unit spotted
different unit spotted
different unit spotted
different unit spotted
different unit spotted
Ally Pioneer spotted Enemy Furyan at dir: 7
dodge called with dir: 3

dodge
order placed

next move down

different unit spotted
different unit spotted
different unit spotted
different unit spotted
different unit spotted
different unit spotted
different unit spotted
different unit spotted
different unit spotted

Best move


next move down

different unit spotted
different unit spotted
different unit spotted
different unit spotted
different unit spotted
different unit spotted
different unit spotted
different unit spotted
different unit spotted
Hellhound spotted at dir: 7
dodge called with dir: 3

dodge
order placed

next move down

different unit spotted
different unit spotted
different unit spotted
different unit spotted
different unit spotted
different unit spotted
different unit spotted
different unit spotted
different unit spotted
Ally Pioneer spotted Enemy Furyan at dir: 7
dodge called with dir: 3

dodge
dodge1 dir: 0
order placed

next move down

different unit spotted
different unit spotted
different unit spotted
different unit spotted
different unit spotted

Best move


next move down

different unit spotted
different unit spotted
different unit spotted
different unit spotted
different unit spotted
Ally Pioneer spotted Enemy Furyan at dir: 7
dodge called with dir: 3

dodge
dodge1 dir: 4
order placed

next move down

different unit spotted
different unit spotted
different unit spotted
different unit spotted
different unit spotted
different unit spotted
different unit spotted
different unit spotted
different unit spotted
different unit spotted
different unit spotted
different unit spotted
different unit spotted
different unit spotted
different unit spotted

Best move


next move down

different unit spotted
different unit spotted
different unit spotted
different unit spotted
different unit spotted
different unit spotted
different unit spotted
different unit spotted
different unit spotted
different unit spotted
different unit spotted
different unit spotted
different unit spotted
different unit spotted
different unit spotted
different unit spotted
different unit spotted
different unit spotted

Best move


next move down

different unit spotted
different unit spotted
different unit spotted
different unit spotted
different unit spotted
different unit spotted
different unit spotted
different unit spotted
different unit spotted
different unit spotted
different unit spotted

Best move


next move down

different unit spotted
different unit spotted
different unit spotted
different unit spotted
different unit spotted
different unit spotted
different unit spotted
different unit spotted
different unit spotted
different unit spotted
different unit spotted
different unit spotted
different unit spotted
different unit spotted
different unit spotted
different unit spotted
different unit spotted
different unit spotted
different unit spotted
different unit spotted

Best move


next move down

different unit spotted
different unit spotted
different unit spotted
different unit spotted
different unit spotted
different unit spotted
different unit spotted
different unit spotted
different unit spotted
different unit spotted
different unit spotted
different unit spotted
different unit spotted
different unit spotted
different unit spotted
different unit spotted
different unit spotted
different unit spotted
different unit spotted
different unit spotted

Best move


next move down

different unit spotted
different unit spotted
different unit spotted
different unit spotted
different unit spotted
different unit spotted
different unit spotted
different unit spotted
different unit spotted
different unit spotted
different unit spotted
different unit spotted
different unit spotted
different unit spotted
different unit spotted
different unit spotted
different unit spotted
different unit spotted
different unit spotted
different unit spotted
different unit spotted
different unit spotted
different unit spotted
different unit spotted
different unit spotted
Ally Pioneer spotted Enemy Furyan at dir: 3
dodge called with dir: 7

dodge
dodge1 dir: 7
order placed

get sun distance

get sun distance

get sun distance

get sun distance

get sun distance

get sun distance

get sun distance

get sun distance

next move down

different unit spotted
different unit spotted
different unit spotted
different unit spotted
different unit spotted
different unit spotted
different unit spotted
different unit spotted

Best move


next move down

different unit spotted
different unit spotted
different unit spotted
different unit spotted

Best move


next move down

different unit spotted
different unit spotted
different unit spotted
different unit spotted
different unit spotted
different unit spotted
different unit spotted
different unit spotted
different unit spotted
different unit spotted
different unit spotted
different unit spotted
different unit spotted
different unit spotted
different unit spotted
different unit spotted
different unit spotted
different unit spotted
different unit spotted
different unit spotted
different unit spotted
different unit spotted

Best move


get sun distance

get sun distance

get sun distance

get sun distance

get sun distance

get sun distance

get sun distance

get sun distance

next move down

different unit spotted
different unit spotted
different unit spotted
different unit spotted
Ally Pioneer spotted Enemy Furyan at dir: 5
dodge called with dir: 1

dodge
dodge1 dir: 1
order placed

next move down

different unit spotted
different unit spotted
different unit spotted
different unit spotted
different unit spotted
Hellhound spotted at dir: 7
dodge called with dir: 3

dodge
dodge1 dir: 3
order placed

next move down

different unit spotted
different unit spotted
Ally Pioneer spotted Enemy Furyan at dir: 5
dodge called with dir: 1

dodge
dodge1 dir: 3
order placed

next move down

different unit spotted
different unit spotted
different unit spotted
different unit spotted
different unit spotted
different unit spotted
different unit spotted
different unit spotted
different unit spotted

Best move


next move down

different unit spotted
different unit spotted
different unit spotted
different unit spotted
different unit spotted
different unit spotted
different unit spotted
different unit spotted
different unit spotted
different unit spotted
different unit spotted
different unit spotted
different unit spotted
different unit spotted
different unit spotted
different unit spotted
different unit spotted
Ally Pioneer spotted Enemy Furyan at dir: 6
dodge called with dir: 2

dodge
dodge1 dir: 5
order placed

next move down

different unit spotted
different unit spotted
different unit spotted
different unit spotted
different unit spotted
different unit spotted
different unit spotted
different unit spotted
different unit spotted
different unit spotted
different unit spotted
different unit spotted

Best move


next move down

different unit spotted
different unit spotted
different unit spotted
different unit spotted
different unit spotted
different unit spotted
different unit spotted
different unit spotted
different unit spotted
different unit spotted
different unit spotted
different unit spotted
different unit spotted
different unit spotted
different unit spotted
different unit spotted
different unit spotted
different unit spotted
different unit spotted
different unit spotted

Best move


next move down

different unit spotted
different unit spotted
different unit spotted
different unit spotted
different unit spotted
different unit spotted
different unit spotted

Best move


next move down

different unit spotted
different unit spotted
different unit spotted
different unit spotted
different unit spotted
different unit spotted
different unit spotted
different unit spotted
different unit spotted
Ally Pioneer spotted Enemy Furyan at dir: 7
dodge called with dir: 3

dodge
dodge1 dir: 4
order placed

next move down

different unit spotted
different unit spotted
different unit spotted
different unit spotted
different unit spotted
different unit spotted
different unit spotted
different unit spotted
different unit spotted
different unit spotted
different unit spotted
different unit spotted
different unit spotted
different unit spotted
different unit spotted
different unit spotted
different unit spotted
different unit spotted
different unit spotted
different unit spotted

Best move


next move down

different unit spotted
different unit spotted
different unit spotted
different unit spotted
different unit spotted
different unit spotted
different unit spotted
different unit spotted
different unit spotted
different unit spotted
different unit spotted
different unit spotted
Ally Pioneer spotted Enemy Furyan at dir: 5
dodge called with dir: 1

dodge
dodge1 dir: 0
order placed

next move down

different unit spotted
different unit spotted
different unit spotted
different unit spotted
different unit spotted
different unit spotted
different unit spotted
different unit spotted
different unit spotted
different unit spotted
different unit spotted
different unit spotted
different unit spotted
different unit spotted
different unit spotted
different unit spotted
different unit spotted
different unit spotted
different unit spotted
different unit spotted
different unit spotted
different unit spotted
different unit spotted
different unit spotted
different unit spotted
different unit spotted
different unit spotted
different unit spotted
different unit spotted
different unit spotted
different unit spotted
different unit spotted
different unit spotted

Best move


next move down

different unit spotted
different unit spotted
different unit spotted

Best move


next move down

different unit spotted
different unit spotted
different unit spotted
Ally Pioneer spotted Enemy Furyan at dir: 1
dodge called with dir: 5

dodge
dodge1 dir: 3
order placed

next move down

different unit spotted
different unit spotted
different unit spotted
different unit spotted
different unit spotted
different unit spotted
different unit spotted
different unit spotted
different unit spotted
different unit spotted
different unit spotted
different unit spotted
different unit spotted
different unit spotted
different unit spotted
different unit spotted
different unit spotted
different unit spotted
different unit spotted
different unit spotted
different unit spotted

Best move


next move down

different unit spotted
different unit spotted
different unit spotted
different unit spotted
different unit spotted
different unit spotted
different unit spotted
different unit spotted
different unit spotted
Ally Pioneer spotted Enemy Furyan at dir: 1
dodge called with dir: 5

dodge
dodge1 dir: 5
order placed

next move down

different unit spotted
different unit spotted
different unit spotted
different unit spotted
different unit spotted
different unit spotted
different unit spotted
different unit spotted
different unit spotted
different unit spotted
different unit spotted
different unit spotted
different unit spotted
different unit spotted
different unit spotted
different unit spotted
Ally Pioneer spotted Enemy Furyan at dir: 7
dodge called with dir: 3

dodge
dodge1 dir: 3
order placed

next move down

different unit spotted
different unit spotted
different unit spotted
different unit spotted
different unit spotted
different unit spotted
different unit spotted
Ally Pioneer spotted Enemy Furyan at dir: 7
dodge called with dir: 3

dodge
dodge1 dir: 2
order placed

next move down

different unit spotted
different unit spotted
different unit spotted
different unit spotted
different unit spotted
different unit spotted
different unit spotted
different unit spotted
different unit spotted
different unit spotted
different unit spotted
different unit spotted
different unit spotted
different unit spotted
different unit spotted
different unit spotted
different unit spotted
different unit spotted
different unit spotted
different unit spotted
different unit spotted
different unit spotted
different unit spotted
different unit spotted
different unit spotted
different unit spotted
different unit spotted

Best move


next move down

different unit spotted
different unit spotted
different unit spotted
different unit spotted
different unit spotted
different unit spotted
different unit spotted
different unit spotted
different unit spotted
different unit spotted
different unit spotted
different unit spotted
Ally Furian spotted Enemy unit at dir: 7
dodge called with dir: 7

dodge
dodge1 dir: 7

next move down

different unit spotted
Ally Furian spotted Enemy unit at dir: 2
dodge called with dir: 2

next move down

different unit spotted
different unit spotted
different unit spotted
different unit spotted
different unit spotted
different unit spotted
different unit spotted
different unit spotted
Ally Furian spotted Enemy unit at dir: 3
dodge called with dir: 3

dodge
dodge1 dir: 2

next move down

different unit spotted
different unit spotted
Ally Furian spotted Enemy unit at dir: 3
dodge called with dir: 3

dodge
dodge1 dir: 5
different unit spotted
Ally Furian spotted Enemy unit at dir: 4
dodge called with dir: 4

dodge
dodge1 dir: 3
different unit spotted
different unit spotted
different unit spotted
Ally Furian spotted Enemy unit at dir: 2
dodge called with dir: 2

dodge
dodge1 dir: 5
different unit spotted
different unit spotted
Ally Furian spotted Enemy unit at dir: 6
dodge called with dir: 6

dodge
dodge1 dir: 3
different unit spotted
different unit spotted
different unit spotted
Ally Furian spotted Enemy unit at dir: 1
dodge called with dir: 1

dodge
dodge1 dir: 5
different unit spotted
Ally Furian spotted Enemy unit at dir: 0
dodge called with dir: 0

dodge
dodge1 dir: 4
different unit spotted
different unit spotted
Ally Furian spotted Enemy unit at dir: 7
dodge called with dir: 7

dodge
dodge1 dir: 3
different unit spotted
Ally Furian spotted Enemy unit at dir: 5
dodge called with dir: 5

dodge
dodge1 dir: 3
different unit spotted
Ally Furian spotted Enemy unit at dir: 6
dodge called with dir: 6

dodge
dodge1 dir: 3
different unit spotted
different unit spotted
different unit spotted
different unit spotted
Ally Furian spotted Enemy unit at dir: 4
dodge called with dir: 4

dodge
dodge1 dir: 3
different unit spotted
different unit spotted
Ally Furian spotted Enemy unit at dir: 7
dodge called with dir: 7

dodge
dodge1 dir: 3
different unit spotted
Ally Furian spotted Enemy unit at dir: 0
dodge called with dir: 0

dodge
dodge1 dir: 4
different unit spotted
different unit spotted
different unit spotted
different unit spotted
different unit spotted
Ally Furian spotted Enemy unit at dir: 1
dodge called with dir: 1

dodge
dodge1 dir: 5
different unit spotted
different unit spotted
different unit spotted
Ally Furian spotted Enemy unit at dir: 1
dodge called with dir: 1

dodge
dodge1 dir: 3

next move down

different unit spotted
different unit spotted
different unit spotted
different unit spotted
different unit spotted
different unit spotted
Ally Furian spotted Enemy unit at dir: 7
dodge called with dir: 7

dodge
dodge1 dir: 7

next move down

different unit spotted
different unit spotted
different unit spotted
different unit spotted
different unit spotted
different unit spotted
different unit spotted
different unit spotted
different unit spotted
different unit spotted
different unit spotted
Ally Furian spotted Enemy unit at dir: 5
dodge called with dir: 5

dodge
dodge1 dir: 4
dodge or chase commanded dir: 10

dodge or chase commanded dir: 3

dodge or chase commanded dir: 2

dodge or chase commanded dir: 6

dodge or chase commanded dir: 0

dodge or chase commanded dir: 7

dodge or chase commanded dir: 0

dodge or chase commanded dir: 4

dodge or chase commanded dir: 10

dodge or chase commanded dir: 5

dodge or chase commanded dir: 3

dodge or chase commanded dir: 4

dodge or chase commanded dir: 1

dodge or chase commanded dir: 2

dodge or chase commanded dir: 3

dodge or chase commanded dir: 5

dodge or chase commanded dir: 3

best move (not dodge) commanded

best move (not dodge) commanded

best move (not dodge) commanded

warning: action already requested for unit 3
best move (not dodge) commanded

warning: action already requested for unit 3
best move (not dodge) commanded

best move (not dodge) commanded

warning: action already requested for unit 3
best move (not dodge) commanded

best move (not dodge) commanded

warning: action already requested for unit 3
best move (not dodge) commanded

best move (not dodge) commanded

warning: action already requested for unit 3
best move (not dodge) commanded

best move (not dodge) commanded

best move (not dodge) commanded

best move (not dodge) commanded

best move (not dodge) commanded

warning: action already requested for unit 3
best move (not dodge) commanded

best move (not dodge) commanded

warning: action already requested for unit 3
best move (not dodge) commanded

best move (not dodge) commanded

best move (not dodge) commanded

best move (not dodge) commanded

warning: action already requested for unit 3
best move (not dodge) commanded

best move (not dodge) commanded

warning: action already requested for unit 3
best move (not dodge) commanded

best move (not dodge) commanded

warning: action already requested for unit 3
best move (not dodge) commanded

best move (not dodge) commanded

warning: action already requested for unit 3
best move (not dodge) commanded

best move (not dodge) commanded

best move (not dodge) commanded

best move (not dodge) commanded

best move (not dodge) commanded

best move (not dodge) commanded

best move (not dodge) commanded

best move (not dodge) commanded

best move (not dodge) commanded

warning: action already requested for unit 3
best move (not dodge) commanded

warning: action already requested for unit 3
best move (not dodge) commanded

best move (not dodge) commanded

info:     end player 0
info:     start player 1
info:     end player 1
info:     start player 2
info:     end player 2
info:     start player 3
info:     end player 3
info: end round 82
info: start round 83
info:     start player 0

next move down

different unit spotted
different unit spotted
different unit spotted
different unit spotted
Ally Pioneer spotted Enemy Furyan at dir: 7
dodge called with dir: 3

dodge
dodge1 dir: 3
order placed

next move down

different unit spotted
different unit spotted
different unit spotted
Ally Pioneer spotted Enemy Furyan at dir: 1
dodge called with dir: 5

dodge
dodge1 dir: 2
order placed

next move down

different unit spotted
different unit spotted
different unit spotted
different unit spotted
different unit spotted
different unit spotted
Ally Pioneer spotted Enemy Furyan at dir: 1
dodge called with dir: 5

dodge
dodge1 dir: 6
order placed

next move down

different unit spotted
different unit spotted
different unit spotted
different unit spotted
different unit spotted
different unit spotted
different unit spotted
Ally Pioneer spotted Enemy Furyan at dir: 7
dodge called with dir: 3

dodge
dodge1 dir: 2
order placed

next move down

different unit spotted
different unit spotted
different unit spotted
different unit spotted
different unit spotted
different unit spotted
different unit spotted
different unit spotted
different unit spotted
different unit spotted
different unit spotted

Best move


next move down

different unit spotted
different unit spotted
different unit spotted
different unit spotted
different unit spotted
different unit spotted
different unit spotted
Hellhound spotted at dir: 7
dodge called with dir: 3

dodge
dodge1 dir: 2
order placed

next move down

different unit spotted
different unit spotted
different unit spotted
different unit spotted
different unit spotted
different unit spotted
different unit spotted
different unit spotted
different unit spotted
different unit spotted
Ally Pioneer spotted Enemy Furyan at dir: 6
dodge called with dir: 2

dodge
dodge1 dir: 0
order placed

next move down

different unit spotted
different unit spotted
different unit spotted
different unit spotted

Best move


next move down

different unit spotted
different unit spotted
different unit spotted
Ally Pioneer spotted Enemy Furyan at dir: 7
dodge called with dir: 3

dodge
dodge1 dir: 0
order placed

next move down

different unit spotted
different unit spotted
different unit spotted
different unit spotted
different unit spotted
different unit spotted
different unit spotted
different unit spotted
different unit spotted
different unit spotted
different unit spotted
different unit spotted
different unit spotted
different unit spotted
different unit spotted
different unit spotted
different unit spotted
different unit spotted
different unit spotted

Best move


next move down

different unit spotted
different unit spotted
different unit spotted
different unit spotted
different unit spotted
different unit spotted
different unit spotted
different unit spotted
different unit spotted
different unit spotted
different unit spotted
different unit spotted
different unit spotted
different unit spotted
different unit spotted
different unit spotted

Best move


next move down

different unit spotted
different unit spotted
different unit spotted
different unit spotted
different unit spotted
different unit spotted
different unit spotted
different unit spotted
different unit spotted
different unit spotted
different unit spotted
different unit spotted
different unit spotted
different unit spotted
different unit spotted
different unit spotted
different unit spotted

Best move


next move down

different unit spotted
different unit spotted
different unit spotted
different unit spotted
different unit spotted
different unit spotted
different unit spotted
different unit spotted
different unit spotted
different unit spotted
different unit spotted

Best move


next move down

different unit spotted
different unit spotted
different unit spotted
different unit spotted
different unit spotted
different unit spotted
different unit spotted
different unit spotted
different unit spotted
different unit spotted
different unit spotted
different unit spotted
different unit spotted
different unit spotted
different unit spotted
different unit spotted
different unit spotted

Best move


next move down

different unit spotted
different unit spotted
different unit spotted
different unit spotted
different unit spotted
different unit spotted
different unit spotted
different unit spotted
different unit spotted
different unit spotted
different unit spotted
different unit spotted
different unit spotted
different unit spotted
different unit spotted
different unit spotted
different unit spotted
different unit spotted
different unit spotted
different unit spotted
different unit spotted
different unit spotted
different unit spotted
different unit spotted
different unit spotted
different unit spotted
different unit spotted
different unit spotted
different unit spotted

Best move


next move down

different unit spotted
different unit spotted
different unit spotted
different unit spotted
different unit spotted
different unit spotted
different unit spotted
different unit spotted

Best move


next move down

different unit spotted
different unit spotted
different unit spotted
different unit spotted
different unit spotted
different unit spotted
different unit spotted

Best move


next move down

different unit spotted
different unit spotted
different unit spotted
different unit spotted
different unit spotted
different unit spotted
different unit spotted
different unit spotted
different unit spotted
different unit spotted
different unit spotted
different unit spotted
different unit spotted
different unit spotted
different unit spotted
different unit spotted
different unit spotted
different unit spotted
different unit spotted
different unit spotted
different unit spotted
different unit spotted
different unit spotted
different unit spotted
different unit spotted
different unit spotted
different unit spotted

Best move


next move down

different unit spotted
different unit spotted
different unit spotted
different unit spotted
different unit spotted
different unit spotted
different unit spotted
different unit spotted
Ally Pioneer spotted Enemy Furyan at dir: 5
dodge called with dir: 1

dodge
dodge1 dir: 1
order placed

next move down

different unit spotted
different unit spotted
different unit spotted
different unit spotted
Hellhound spotted at dir: 7
dodge called with dir: 3

dodge
order placed

next move down

different unit spotted
different unit spotted
different unit spotted
different unit spotted
Ally Pioneer spotted Enemy Furyan at dir: 6
dodge called with dir: 2

dodge
dodge1 dir: 3
order placed

next move down

different unit spotted
different unit spotted
different unit spotted
different unit spotted
different unit spotted
different unit spotted
different unit spotted
different unit spotted
different unit spotted
different unit spotted
different unit spotted

Best move


next move down

different unit spotted
different unit spotted
different unit spotted
different unit spotted
different unit spotted
different unit spotted
different unit spotted
different unit spotted
different unit spotted
different unit spotted
different unit spotted
different unit spotted
different unit spotted
different unit spotted
Ally Pioneer spotted Enemy Furyan at dir: 7
dodge called with dir: 3

dodge
dodge1 dir: 3
order placed

next move down

different unit spotted
different unit spotted
different unit spotted
different unit spotted
different unit spotted
different unit spotted
different unit spotted
different unit spotted
different unit spotted
different unit spotted
different unit spotted
different unit spotted
different unit spotted
different unit spotted
different unit spotted
different unit spotted
different unit spotted
different unit spotted
different unit spotted
different unit spotted

Best move


next move down

different unit spotted
different unit spotted
different unit spotted
different unit spotted
different unit spotted
different unit spotted
different unit spotted
different unit spotted
different unit spotted
different unit spotted
different unit spotted
different unit spotted
different unit spotted
different unit spotted
different unit spotted
different unit spotted

Best move


next move down

different unit spotted
different unit spotted
different unit spotted
different unit spotted
different unit spotted
different unit spotted
different unit spotted

Best move


next move down

different unit spotted
different unit spotted
different unit spotted
different unit spotted
different unit spotted
different unit spotted
Ally Pioneer spotted Enemy Furyan at dir: 7
dodge called with dir: 3

dodge
dodge1 dir: 0
order placed

next move down

different unit spotted
different unit spotted
different unit spotted
different unit spotted
different unit spotted
different unit spotted
different unit spotted
different unit spotted
different unit spotted
different unit spotted
different unit spotted
different unit spotted
different unit spotted
different unit spotted
different unit spotted
different unit spotted
different unit spotted
different unit spotted
Hellhound spotted at dir: 5
dodge called with dir: 1

dodge
dodge1 dir: 0
order placed

next move down

different unit spotted
different unit spotted
different unit spotted
different unit spotted
different unit spotted
different unit spotted
different unit spotted
Ally Pioneer spotted Enemy Furyan at dir: 5
dodge called with dir: 1

dodge
dodge1 dir: 3
order placed

next move down

different unit spotted
different unit spotted
different unit spotted
different unit spotted
different unit spotted
different unit spotted
different unit spotted
different unit spotted
different unit spotted
different unit spotted
different unit spotted
different unit spotted
different unit spotted
different unit spotted
different unit spotted
different unit spotted
different unit spotted
different unit spotted
different unit spotted
different unit spotted
different unit spotted
different unit spotted
different unit spotted
different unit spotted

Best move


next move down

different unit spotted
different unit spotted
different unit spotted

Best move


next move down

different unit spotted
Ally Pioneer spotted Enemy Furyan at dir: 0
dodge called with dir: 4

dodge
dodge1 dir: 2
order placed

next move down

different unit spotted
different unit spotted
different unit spotted
different unit spotted
different unit spotted
different unit spotted
different unit spotted
different unit spotted
different unit spotted
different unit spotted
different unit spotted
different unit spotted
different unit spotted
different unit spotted
different unit spotted
different unit spotted
different unit spotted
different unit spotted
different unit spotted
different unit spotted

Best move


next move down

different unit spotted
different unit spotted
different unit spotted
different unit spotted
different unit spotted
different unit spotted
different unit spotted
different unit spotted
different unit spotted
Ally Pioneer spotted Enemy Furyan at dir: 1
dodge called with dir: 5

dodge
dodge1 dir: 5
order placed

next move down

different unit spotted
different unit spotted
different unit spotted
different unit spotted
different unit spotted
different unit spotted
different unit spotted
different unit spotted
different unit spotted
different unit spotted
different unit spotted
different unit spotted
different unit spotted
different unit spotted
different unit spotted
different unit spotted
different unit spotted
different unit spotted
different unit spotted
different unit spotted
different unit spotted
different unit spotted

Best move


next move down

different unit spotted
different unit spotted
different unit spotted
different unit spotted
different unit spotted
different unit spotted
Ally Pioneer spotted Enemy Furyan at dir: 6
dodge called with dir: 2

dodge
dodge1 dir: 1
order placed

next move down

different unit spotted
different unit spotted
different unit spotted
different unit spotted
different unit spotted
different unit spotted
different unit spotted
different unit spotted
different unit spotted
different unit spotted
different unit spotted
different unit spotted
different unit spotted
different unit spotted
different unit spotted
different unit spotted
different unit spotted
different unit spotted
different unit spotted
different unit spotted
different unit spotted

Best move


next move down

different unit spotted
different unit spotted
different unit spotted
different unit spotted
different unit spotted
different unit spotted
different unit spotted
different unit spotted
different unit spotted
different unit spotted
different unit spotted
different unit spotted
different unit spotted
Ally Furian spotted Enemy unit at dir: 5
dodge called with dir: 5

dodge
dodge1 dir: 4

next move down

different unit spotted
different unit spotted
different unit spotted
different unit spotted
Ally Furian spotted Enemy unit at dir: 3
dodge called with dir: 3

dodge
dodge1 dir: 7
different unit spotted
different unit spotted
different unit spotted
different unit spotted
different unit spotted
Ally Furian spotted Enemy unit at dir: 2
dodge called with dir: 2

dodge
dodge1 dir: 5
different unit spotted
different unit spotted
different unit spotted
different unit spotted
different unit spotted
different unit spotted
different unit spotted
different unit spotted
different unit spotted
Ally Furian spotted Enemy unit at dir: 4
dodge called with dir: 4

dodge
dodge1 dir: 1
different unit spotted
Ally Furian spotted Enemy unit at dir: 1
dodge called with dir: 1

dodge
dodge1 dir: 5
different unit spotted
Ally Furian spotted Enemy unit at dir: 0
dodge called with dir: 0

dodge
dodge1 dir: 4
different unit spotted
different unit spotted
different unit spotted
different unit spotted
different unit spotted
different unit spotted
Ally Furian spotted Enemy unit at dir: 5
dodge called with dir: 5

dodge
dodge1 dir: 1
different unit spotted
Ally Furian spotted Enemy unit at dir: 6
dodge called with dir: 6

dodge
dodge1 dir: 2
different unit spotted
Ally Furian spotted Enemy unit at dir: 7
dodge called with dir: 7

dodge
dodge1 dir: 3
different unit spotted
different unit spotted
different unit spotted
different unit spotted
different unit spotted
different unit spotted
different unit spotted
different unit spotted
different unit spotted
different unit spotted
different unit spotted
different unit spotted
different unit spotted
different unit spotted
Ally Furian spotted Enemy unit at dir: 3
dodge called with dir: 3

dodge
dodge1 dir: 3

next move down

different unit spotted
different unit spotted
different unit spotted
different unit spotted
different unit spotted
different unit spotted
different unit spotted
different unit spotted
different unit spotted
different unit spotted
Ally Furian spotted Enemy unit at dir: 3
dodge called with dir: 3

dodge
dodge1 dir: 7
different unit spotted
different unit spotted
different unit spotted
different unit spotted
different unit spotted
different unit spotted
different unit spotted
different unit spotted
Ally Furian spotted Enemy unit at dir: 4
dodge called with dir: 4

dodge
dodge1 dir: 0
different unit spotted
different unit spotted
Ally Furian spotted Enemy unit at dir: 2
dodge called with dir: 2

dodge
dodge1 dir: 6
different unit spotted
different unit spotted
different unit spotted
different unit spotted
different unit spotted
different unit spotted
different unit spotted
different unit spotted
different unit spotted
different unit spotted
Ally Furian spotted Enemy unit at dir: 5
dodge called with dir: 5

dodge
dodge1 dir: 0
different unit spotted
Ally Furian spotted Enemy unit at dir: 6
dodge called with dir: 6

dodge
dodge1 dir: 2
different unit spotted
Ally Furian spotted Enemy unit at dir: 1
dodge called with dir: 1

dodge
dodge1 dir: 6
different unit spotted
Ally Furian spotted Enemy unit at dir: 0
dodge called with dir: 0

dodge
dodge1 dir: 3
different unit spotted
Ally Furian spotted Enemy unit at dir: 7
dodge called with dir: 7

dodge
dodge1 dir: 3
different unit spotted
different unit spotted
different unit spotted
different unit spotted
different unit spotted
different unit spotted
different unit spotted
different unit spotted
different unit spotted
Ally Furian spotted Enemy unit at dir: 4
dodge called with dir: 4

dodge
dodge1 dir: 0
different unit spotted
Ally Furian spotted Enemy unit at dir: 3
dodge called with dir: 3

dodge
dodge1 dir: 3

next move down

different unit spotted
different unit spotted
Ally Furian spotted Enemy unit at dir: 5
dodge called with dir: 5

dodge
dodge1 dir: 3
different unit spotted
different unit spotted
different unit spotted
Ally Furian spotted Enemy unit at dir: 4
dodge called with dir: 4

dodge
dodge1 dir: 3
different unit spotted
different unit spotted
different unit spotted
Ally Furian spotted Enemy unit at dir: 6
dodge called with dir: 6

dodge
dodge1 dir: 3
different unit spotted
different unit spotted
different unit spotted
Ally Furian spotted Enemy unit at dir: 2
dodge called with dir: 2

dodge
dodge1 dir: 6
different unit spotted
different unit spotted
different unit spotted
different unit spotted
Ally Furian spotted Enemy unit at dir: 7
dodge called with dir: 7

dodge
dodge1 dir: 3
different unit spotted
different unit spotted
Ally Furian spotted Enemy unit at dir: 0
dodge called with dir: 0

dodge
dodge1 dir: 4
different unit spotted
different unit spotted
Ally Furian spotted Enemy unit at dir: 5
dodge called with dir: 5

dodge
dodge1 dir: 3
different unit spotted
different unit spotted
Ally Furian spotted Enemy unit at dir: 7
dodge called with dir: 7

dodge
dodge1 dir: 3
different unit spotted
different unit spotted
different unit spotted
Ally Furian spotted Enemy unit at dir: 4
dodge called with dir: 4

dodge
dodge1 dir: 3
different unit spotted
different unit spotted
Ally Furian spotted Enemy unit at dir: 0
dodge called with dir: 0

dodge
dodge1 dir: 4
different unit spotted
different unit spotted
different unit spotted
different unit spotted
different unit spotted
different unit spotted
Ally Furian spotted Enemy unit at dir: 3
dodge called with dir: 3

dodge
dodge1 dir: 7
different unit spotted
Ally Furian spotted Enemy unit at dir: 2
dodge called with dir: 2

dodge
dodge1 dir: 6
different unit spotted
Ally Furian spotted Enemy unit at dir: 1
dodge called with dir: 1

dodge
dodge1 dir: 5
different unit spotted
different unit spotted
Ally Furian spotted Enemy unit at dir: 1
dodge called with dir: 1

dodge
dodge1 dir: 3

next move down

different unit spotted
Ally Furian spotted Enemy unit at dir: 2
dodge called with dir: 2

dodge
dodge1 dir: 3
different unit spotted
different unit spotted
different unit spotted
different unit spotted
Ally Furian spotted Enemy unit at dir: 1
dodge called with dir: 1

dodge
dodge1 dir: 3
different unit spotted
Ally Furian spotted Enemy unit at dir: 4
dodge called with dir: 4

dodge
dodge1 dir: 3
different unit spotted
Ally Furian spotted Enemy unit at dir: 0
dodge called with dir: 0

dodge
dodge1 dir: 3
different unit spotted
different unit spotted
Ally Furian spotted Enemy unit at dir: 6
dodge called with dir: 6

dodge
dodge1 dir: 3
different unit spotted
Ally Furian spotted Enemy unit at dir: 5
dodge called with dir: 5

dodge
dodge1 dir: 3
different unit spotted
Ally Furian spotted Enemy unit at dir: 7
dodge called with dir: 7

dodge
dodge1 dir: 3
different unit spotted
different unit spotted
different unit spotted
different unit spotted
different unit spotted
different unit spotted
different unit spotted
different unit spotted
different unit spotted
Ally Furian spotted Enemy unit at dir: 7
dodge called with dir: 7

dodge
dodge1 dir: 3

next move down

different unit spotted
Ally Furian spotted Enemy unit at dir: 0
dodge called with dir: 0

next move down

different unit spotted
different unit spotted
different unit spotted
different unit spotted
different unit spotted
different unit spotted
different unit spotted
different unit spotted
different unit spotted
different unit spotted
different unit spotted
different unit spotted
Ally Furian spotted Enemy unit at dir: 7
dodge called with dir: 7

dodge
dodge1 dir: 0
dodge or chase commanded dir: 2

dodge or chase commanded dir: 0

dodge or chase commanded dir: 10

dodge or chase commanded dir: 0

dodge or chase commanded dir: 3

dodge or chase commanded dir: 0

dodge or chase commanded dir: 3

dodge or chase commanded dir: 6

dodge or chase commanded dir: 0

dodge or chase commanded dir: 3

dodge or chase commanded dir: 2

dodge or chase commanded dir: 3

dodge or chase commanded dir: 2

dodge or chase commanded dir: 0

dodge or chase commanded dir: 1

dodge or chase commanded dir: 1

dodge or chase commanded dir: 2

dodge or chase commanded dir: 5

best move (not dodge) commanded

best move (not dodge) commanded

best move (not dodge) commanded

best move (not dodge) commanded

best move (not dodge) commanded

warning: action already requested for unit 20
best move (not dodge) commanded

warning: action already requested for unit 3
best move (not dodge) commanded

warning: action already requested for unit 3
best move (not dodge) commanded

warning: action already requested for unit 3
best move (not dodge) commanded

warning: action already requested for unit 3
best move (not dodge) commanded

warning: action already requested for unit 20
best move (not dodge) commanded

warning: action already requested for unit 3
best move (not dodge) commanded

best move (not dodge) commanded

warning: action already requested for unit 2
best move (not dodge) commanded

warning: action already requested for unit 20
best move (not dodge) commanded

warning: action already requested for unit 2
best move (not dodge) commanded

warning: action already requested for unit 2
best move (not dodge) commanded

warning: action already requested for unit 2
best move (not dodge) commanded

warning: action already requested for unit 2
best move (not dodge) commanded

warning: action already requested for unit 2
best move (not dodge) commanded

warning: action already requested for unit 2
best move (not dodge) commanded

warning: action already requested for unit 2
best move (not dodge) commanded

warning: action already requested for unit 3
best move (not dodge) commanded

best move (not dodge) commanded

warning: action already requested for unit 1
best move (not dodge) commanded

warning: action already requested for unit 1
best move (not dodge) commanded

warning: action already requested for unit 20
best move (not dodge) commanded

warning: action already requested for unit 1
best move (not dodge) commanded

warning: action already requested for unit 20
best move (not dodge) commanded

best move (not dodge) commanded

warning: action already requested for unit 3
best move (not dodge) commanded

best move (not dodge) commanded

warning: action already requested for unit 3
best move (not dodge) commanded

best move (not dodge) commanded

warning: action already requested for unit 3
best move (not dodge) commanded

best move (not dodge) commanded

best move (not dodge) commanded

best move (not dodge) commanded

best move (not dodge) commanded

best move (not dodge) commanded

best move (not dodge) commanded

warning: action already requested for unit 20
best move (not dodge) commanded

best move (not dodge) commanded

best move (not dodge) commanded

best move (not dodge) commanded

warning: action already requested for unit 20
best move (not dodge) commanded

best move (not dodge) commanded

warning: action already requested for unit 1
best move (not dodge) commanded

warning: action already requested for unit 1
best move (not dodge) commanded

warning: action already requested for unit 3
best move (not dodge) commanded

best move (not dodge) commanded

warning: action already requested for unit 3
best move (not dodge) commanded

warning: action already requested for unit 3
best move (not dodge) commanded

best move (not dodge) commanded

warning: action already requested for unit 2
best move (not dodge) commanded

best move (not dodge) commanded

warning: action already requested for unit 1
best move (not dodge) commanded

best move (not dodge) commanded

warning: action already requested for unit 3
best move (not dodge) commanded

best move (not dodge) commanded

best move (not dodge) commanded

warning: action already requested for unit 1
best move (not dodge) commanded

best move (not dodge) commanded

warning: action already requested for unit 1
info:     end player 0
info:     start player 1
info:     end player 1
info:     start player 2
info:     end player 2
info:     start player 3
info:     end player 3
info: end round 83
info: start round 84
info:     start player 0

next move down

different unit spotted
different unit spotted
different unit spotted
different unit spotted
different unit spotted
different unit spotted
different unit spotted
Ally Pioneer spotted Enemy Furyan at dir: 7
dodge called with dir: 3

dodge
dodge1 dir: 0
order placed

next move down

different unit spotted
Ally Pioneer spotted Enemy Furyan at dir: 2
dodge called with dir: 6

dodge
order placed

next move down

different unit spotted
different unit spotted
different unit spotted
Ally Pioneer spotted Enemy Furyan at dir: 2
dodge called with dir: 6

dodge
order placed

next move down

different unit spotted
different unit spotted
different unit spotted
different unit spotted
different unit spotted
different unit spotted
Ally Pioneer spotted Enemy Furyan at dir: 0
dodge called with dir: 4

dodge
dodge1 dir: 6
order placed

next move down

different unit spotted
different unit spotted
Ally Pioneer spotted Enemy Furyan at dir: 7
dodge called with dir: 3

dodge
dodge1 dir: 3
order placed

next move down

different unit spotted
different unit spotted
different unit spotted
different unit spotted
different unit spotted
Ally Pioneer spotted Enemy Furyan at dir: 2
dodge called with dir: 6

dodge
dodge1 dir: 6
order placed

next move down

different unit spotted
different unit spotted
different unit spotted
different unit spotted
different unit spotted
different unit spotted
different unit spotted
different unit spotted
different unit spotted
different unit spotted
different unit spotted

Best move


next move down

different unit spotted
different unit spotted
different unit spotted

Best move


next move down

different unit spotted
Ally Pioneer spotted Enemy Furyan at dir: 0
dodge called with dir: 4

dodge
dodge1 dir: 3
order placed

next move down

different unit spotted
different unit spotted
different unit spotted
different unit spotted
different unit spotted
different unit spotted
different unit spotted
different unit spotted
different unit spotted
different unit spotted
different unit spotted
different unit spotted
different unit spotted
different unit spotted
different unit spotted
different unit spotted
different unit spotted
different unit spotted
different unit spotted
different unit spotted
different unit spotted
different unit spotted
different unit spotted
different unit spotted

Best move


next move down

different unit spotted
different unit spotted
different unit spotted
different unit spotted
different unit spotted
different unit spotted
different unit spotted
different unit spotted
different unit spotted
different unit spotted
different unit spotted
different unit spotted
different unit spotted
different unit spotted
different unit spotted
different unit spotted
different unit spotted
different unit spotted

Best move


next move down

different unit spotted
different unit spotted
different unit spotted
different unit spotted
different unit spotted
different unit spotted
different unit spotted
different unit spotted
different unit spotted
different unit spotted
different unit spotted
different unit spotted
different unit spotted
different unit spotted
different unit spotted

Best move


next move down

different unit spotted
different unit spotted
different unit spotted
different unit spotted
different unit spotted
different unit spotted
different unit spotted

Best move


next move down

different unit spotted
different unit spotted
different unit spotted
different unit spotted
different unit spotted
different unit spotted
different unit spotted
different unit spotted
different unit spotted
different unit spotted
different unit spotted
different unit spotted
different unit spotted
different unit spotted
different unit spotted
different unit spotted
different unit spotted
different unit spotted

Best move


next move down

different unit spotted
different unit spotted
different unit spotted
different unit spotted
different unit spotted
different unit spotted
Ally Pioneer spotted Enemy Furyan at dir: 3
dodge called with dir: 7

dodge
dodge1 dir: 7
order placed

next move down

different unit spotted
different unit spotted
different unit spotted
different unit spotted
different unit spotted
different unit spotted
different unit spotted

Best move


next move down

different unit spotted
different unit spotted
different unit spotted
different unit spotted
different unit spotted
different unit spotted
different unit spotted
different unit spotted

Best move


next move down

different unit spotted
different unit spotted
different unit spotted
different unit spotted
different unit spotted
different unit spotted
different unit spotted
different unit spotted
different unit spotted
different unit spotted
different unit spotted
different unit spotted
different unit spotted
different unit spotted
different unit spotted
different unit spotted
different unit spotted
different unit spotted
different unit spotted
different unit spotted
different unit spotted
different unit spotted
different unit spotted
different unit spotted
different unit spotted
different unit spotted
different unit spotted
different unit spotted
different unit spotted
different unit spotted
different unit spotted

Best move


next move down

different unit spotted
different unit spotted
different unit spotted
different unit spotted
different unit spotted
different unit spotted
different unit spotted
different unit spotted
different unit spotted
Ally Pioneer spotted Enemy Furyan at dir: 5
dodge called with dir: 1

dodge
dodge1 dir: 2
order placed

next move down

different unit spotted
different unit spotted
different unit spotted
different unit spotted
different unit spotted
Ally Pioneer spotted Enemy Furyan at dir: 7
dodge called with dir: 3

dodge
dodge1 dir: 2
order placed

next move down

different unit spotted
different unit spotted
different unit spotted
different unit spotted
different unit spotted
different unit spotted
different unit spotted
different unit spotted
different unit spotted
different unit spotted

Best move


next move down

different unit spotted
different unit spotted
different unit spotted
different unit spotted
different unit spotted
different unit spotted
different unit spotted
different unit spotted
different unit spotted
different unit spotted
different unit spotted
different unit spotted
different unit spotted
different unit spotted
different unit spotted
Ally Pioneer spotted Enemy Furyan at dir: 7
dodge called with dir: 3

dodge
dodge1 dir: 2
order placed

next move down

different unit spotted
different unit spotted
different unit spotted
different unit spotted
different unit spotted
Ally Pioneer spotted Enemy Furyan at dir: 1
dodge called with dir: 5

dodge
dodge1 dir: 3
order placed

next move down

different unit spotted
different unit spotted
different unit spotted
different unit spotted
different unit spotted
different unit spotted
different unit spotted
different unit spotted
different unit spotted
different unit spotted
different unit spotted
different unit spotted
different unit spotted
different unit spotted
different unit spotted
different unit spotted
different unit spotted

Best move


next move down

different unit spotted
different unit spotted
different unit spotted
different unit spotted
different unit spotted

Best move


next move down

different unit spotted
different unit spotted
different unit spotted
different unit spotted
different unit spotted
different unit spotted
different unit spotted
different unit spotted
different unit spotted
Ally Pioneer spotted Enemy Furyan at dir: 7
dodge called with dir: 3

dodge
dodge1 dir: 4
order placed

next move down

different unit spotted
different unit spotted
different unit spotted
different unit spotted
different unit spotted
different unit spotted
different unit spotted
different unit spotted
different unit spotted
different unit spotted
different unit spotted
different unit spotted
different unit spotted
different unit spotted
different unit spotted
different unit spotted
Hellhound spotted at dir: 4
dodge called with dir: 0

dodge
dodge1 dir: 1
order placed

next move down

different unit spotted
different unit spotted
different unit spotted
Ally Pioneer spotted Enemy Furyan at dir: 5
dodge called with dir: 1

dodge
dodge1 dir: 1
order placed

next move down

different unit spotted
different unit spotted
different unit spotted
different unit spotted
different unit spotted
different unit spotted
different unit spotted
different unit spotted
different unit spotted
different unit spotted
different unit spotted
different unit spotted
different unit spotted
different unit spotted
different unit spotted
different unit spotted
different unit spotted
different unit spotted
different unit spotted
different unit spotted
different unit spotted
different unit spotted
different unit spotted

Best move


next move down

different unit spotted
different unit spotted
different unit spotted
different unit spotted

Best move


next move down

different unit spotted
Ally Pioneer spotted Enemy Furyan at dir: 7
dodge called with dir: 3

dodge
dodge1 dir: 3
order placed

next move down

different unit spotted
different unit spotted
different unit spotted
different unit spotted
different unit spotted
different unit spotted
different unit spotted
different unit spotted
different unit spotted
different unit spotted
different unit spotted
different unit spotted
different unit spotted
different unit spotted
different unit spotted
different unit spotted
different unit spotted
different unit spotted
different unit spotted
different unit spotted
different unit spotted
different unit spotted
different unit spotted
different unit spotted

Best move


next move down

different unit spotted
different unit spotted
different unit spotted
different unit spotted
different unit spotted
different unit spotted
different unit spotted
different unit spotted
different unit spotted
Ally Pioneer spotted Enemy Furyan at dir: 1
dodge called with dir: 5

dodge
dodge1 dir: 5
order placed

next move down

different unit spotted
different unit spotted
different unit spotted
different unit spotted
different unit spotted
different unit spotted
different unit spotted
different unit spotted
different unit spotted
different unit spotted
different unit spotted
different unit spotted
different unit spotted
different unit spotted
different unit spotted
different unit spotted
different unit spotted
different unit spotted
different unit spotted
different unit spotted
different unit spotted
different unit spotted

Best move


next move down

different unit spotted
different unit spotted
different unit spotted
different unit spotted
different unit spotted
different unit spotted
different unit spotted
different unit spotted
different unit spotted
Ally Pioneer spotted Enemy Furyan at dir: 6
dodge called with dir: 2

dodge
dodge1 dir: 2
order placed

next move down

different unit spotted
different unit spotted
different unit spotted
different unit spotted
different unit spotted
different unit spotted
different unit spotted
different unit spotted
different unit spotted
different unit spotted
different unit spotted
different unit spotted
different unit spotted
different unit spotted

Best move


next move down

different unit spotted
different unit spotted
different unit spotted
different unit spotted
different unit spotted
different unit spotted
different unit spotted
different unit spotted
Ally Furian spotted Enemy unit at dir: 7
dodge called with dir: 7

dodge
dodge1 dir: 6

next move down

different unit spotted
Ally Furian spotted Enemy unit at dir: 0
dodge called with dir: 0

next move down

different unit spotted
different unit spotted
Ally Furian spotted Enemy unit at dir: 3
dodge called with dir: 3

next move down

different unit spotted
Ally Furian spotted Enemy unit at dir: 5
dodge called with dir: 5

dodge
dodge1 dir: 0
different unit spotted
different unit spotted
different unit spotted
different unit spotted
different unit spotted
Ally Furian spotted Enemy unit at dir: 6
dodge called with dir: 6

dodge
dodge1 dir: 2
different unit spotted
different unit spotted
Ally Furian spotted Enemy unit at dir: 4
dodge called with dir: 4

dodge
dodge1 dir: 0
different unit spotted
different unit spotted
different unit spotted
different unit spotted
different unit spotted
different unit spotted
Ally Furian spotted Enemy unit at dir: 7
dodge called with dir: 7

dodge
dodge1 dir: 3
different unit spotted
different unit spotted
Ally Furian spotted Enemy unit at dir: 0
dodge called with dir: 0

dodge
dodge1 dir: 4
different unit spotted
different unit spotted
Ally Furian spotted Enemy unit at dir: 2
dodge called with dir: 2

dodge
dodge1 dir: 6
different unit spotted
Ally Furian spotted Enemy unit at dir: 5
dodge called with dir: 5

dodge
dodge1 dir: 0
different unit spotted
different unit spotted
different unit spotted
different unit spotted
different unit spotted
different unit spotted
different unit spotted
Ally Furian spotted Enemy unit at dir: 0
dodge called with dir: 0

dodge
dodge1 dir: 4
different unit spotted
Ally Furian spotted Enemy unit at dir: 2
dodge called with dir: 2

dodge
dodge1 dir: 6
different unit spotted
different unit spotted
different unit spotted
Ally Furian spotted Enemy unit at dir: 1
dodge called with dir: 1

dodge
dodge1 dir: 4
different unit spotted
Ally Furian spotted Enemy unit at dir: 3
dodge called with dir: 3

dodge
dodge1 dir: 7
different unit spotted
Ally Furian spotted Enemy unit at dir: 1
dodge called with dir: 1

dodge
dodge1 dir: 0

next move down

different unit spotted
Ally Furian spotted Enemy unit at dir: 4
dodge called with dir: 4

dodge
dodge1 dir: 1
different unit spotted
different unit spotted
different unit spotted
Ally Furian spotted Enemy unit at dir: 5
dodge called with dir: 5

dodge
dodge1 dir: 1
different unit spotted
different unit spotted
different unit spotted
different unit spotted
Ally Furian spotted Enemy unit at dir: 6
dodge called with dir: 6

dodge
dodge1 dir: 2
different unit spotted
different unit spotted
Ally Furian spotted Enemy unit at dir: 2
dodge called with dir: 2

dodge
dodge1 dir: 7
different unit spotted
different unit spotted
different unit spotted
different unit spotted
Ally Furian spotted Enemy unit at dir: 7
dodge called with dir: 7

dodge
dodge1 dir: 3
different unit spotted
different unit spotted
different unit spotted
different unit spotted
different unit spotted
Ally Furian spotted Enemy unit at dir: 7
dodge called with dir: 7

dodge
dodge1 dir: 7

next move down

different unit spotted
Ally Furian spotted Enemy unit at dir: 0
dodge called with dir: 0

dodge
dodge1 dir: 0

next move down

different unit spotted
different unit spotted
different unit spotted
different unit spotted
different unit spotted
different unit spotted
different unit spotted
different unit spotted
different unit spotted
Ally Furian spotted Enemy unit at dir: 0
dodge called with dir: 0

dodge
dodge1 dir: 0
dodge or chase commanded dir: 1

dodge or chase commanded dir: 1

dodge or chase commanded dir: 3

warning: action already requested for unit 20
dodge or chase commanded dir: 1

warning: action already requested for unit 20
dodge or chase commanded dir: 2

warning: action already requested for unit 20
dodge or chase commanded dir: 7

warning: action already requested for unit 20
dodge or chase commanded dir: 0

dodge or chase commanded dir: 0

dodge or chase commanded dir: 4

warning: action already requested for unit 3
dodge or chase commanded dir: 6

warning: action already requested for unit 3
dodge or chase commanded dir: 2

warning: action already requested for unit 3
dodge or chase commanded dir: 0

warning: action already requested for unit 3
dodge or chase commanded dir: 3

warning: action already requested for unit 3
dodge or chase commanded dir: 3

dodge or chase commanded dir: 3

dodge or chase commanded dir: 7

dodge or chase commanded dir: 1

dodge or chase commanded dir: 0

dodge or chase commanded dir: 4

dodge or chase commanded dir: 10

dodge or chase commanded dir: 3

dodge or chase commanded dir: 6

dodge or chase commanded dir: 2

dodge or chase commanded dir: 3

dodge or chase commanded dir: 2

dodge or chase commanded dir: 2

dodge or chase commanded dir: 10

dodge or chase commanded dir: 6

dodge or chase commanded dir: 3

dodge or chase commanded dir: 5

dodge or chase commanded dir: 2

best move (not dodge) commanded

best move (not dodge) commanded

best move (not dodge) commanded

warning: action already requested for unit 3
best move (not dodge) commanded

warning: action already requested for unit 3
best move (not dodge) commanded

best move (not dodge) commanded

best move (not dodge) commanded

best move (not dodge) commanded

best move (not dodge) commanded

best move (not dodge) commanded

best move (not dodge) commanded

warning: action already requested for unit 20
best move (not dodge) commanded

best move (not dodge) commanded

warning: action already requested for unit 3
best move (not dodge) commanded

warning: action already requested for unit 3
best move (not dodge) commanded

best move (not dodge) commanded

best move (not dodge) commanded

best move (not dodge) commanded

best move (not dodge) commanded

warning: action already requested for unit 3
best move (not dodge) commanded

best move (not dodge) commanded

best move (not dodge) commanded

best move (not dodge) commanded

best move (not dodge) commanded

best move (not dodge) commanded

best move (not dodge) commanded

best move (not dodge) commanded

warning: action already requested for unit 3
best move (not dodge) commanded

info:     end player 0
info:     start player 1
info:     end player 1
info:     start player 2
info:     end player 2
info:     start player 3
info:     end player 3
info: end round 84
info: start round 85
info:     start player 0

next move down

different unit spotted
different unit spotted
different unit spotted
different unit spotted
different unit spotted
different unit spotted
Ally Pioneer spotted Enemy Furyan at dir: 7
dodge called with dir: 3

dodge
dodge1 dir: 4
order placed

next move down

different unit spotted
Ally Pioneer spotted Enemy Furyan at dir: 2
dodge called with dir: 6

dodge
dodge1 dir: 1
order placed

next move down

different unit spotted
different unit spotted
Ally Pioneer spotted Enemy Furyan at dir: 2
dodge called with dir: 6

dodge
dodge1 dir: 6
order placed

next move down

different unit spotted
different unit spotted
different unit spotted
Ally Pioneer spotted Enemy Furyan at dir: 0
dodge called with dir: 4

dodge
dodge1 dir: 2
order placed

next move down

different unit spotted
different unit spotted
different unit spotted
different unit spotted
different unit spotted
different unit spotted
different unit spotted
different unit spotted
different unit spotted
different unit spotted
different unit spotted

Best move


next move down

different unit spotted
different unit spotted
different unit spotted
different unit spotted
different unit spotted
different unit spotted
different unit spotted
different unit spotted

Best move


next move down

different unit spotted
different unit spotted
different unit spotted
different unit spotted
different unit spotted

Best move


next move down

different unit spotted
Ally Pioneer spotted Enemy Furyan at dir: 0
dodge called with dir: 4

dodge
dodge1 dir: 6
order placed

next move down

different unit spotted
different unit spotted
different unit spotted
different unit spotted
different unit spotted
different unit spotted
different unit spotted
different unit spotted
different unit spotted
different unit spotted
different unit spotted
different unit spotted
different unit spotted
different unit spotted
different unit spotted
different unit spotted
different unit spotted
different unit spotted
different unit spotted
different unit spotted
different unit spotted
different unit spotted
different unit spotted

Best move


next move down

different unit spotted
different unit spotted
different unit spotted
different unit spotted
different unit spotted
different unit spotted
different unit spotted
different unit spotted
different unit spotted
different unit spotted
different unit spotted
different unit spotted
different unit spotted
different unit spotted
different unit spotted
different unit spotted

Best move


next move down

different unit spotted
different unit spotted
different unit spotted
different unit spotted
different unit spotted
different unit spotted
different unit spotted
different unit spotted
different unit spotted
different unit spotted
different unit spotted
different unit spotted
different unit spotted
different unit spotted
different unit spotted
different unit spotted

Best move


next move down

different unit spotted
different unit spotted
different unit spotted
different unit spotted
different unit spotted
different unit spotted
different unit spotted

Best move


next move down

different unit spotted
different unit spotted
different unit spotted
different unit spotted
different unit spotted
different unit spotted
different unit spotted
different unit spotted
different unit spotted
different unit spotted
different unit spotted
different unit spotted
different unit spotted
different unit spotted
different unit spotted
different unit spotted
different unit spotted

Best move


next move down

different unit spotted
different unit spotted
different unit spotted
different unit spotted
different unit spotted
different unit spotted
different unit spotted
different unit spotted
different unit spotted
different unit spotted
different unit spotted
different unit spotted
different unit spotted
different unit spotted
different unit spotted
different unit spotted
different unit spotted
different unit spotted
different unit spotted
different unit spotted
different unit spotted
different unit spotted
different unit spotted
different unit spotted
different unit spotted
different unit spotted
different unit spotted
different unit spotted

Best move


next move down

different unit spotted
different unit spotted
different unit spotted
different unit spotted
different unit spotted
different unit spotted

Best move


next move down

different unit spotted
different unit spotted
different unit spotted
different unit spotted
different unit spotted
different unit spotted
different unit spotted

Best move


next move down

different unit spotted
different unit spotted
different unit spotted
different unit spotted
different unit spotted
different unit spotted
different unit spotted
different unit spotted
different unit spotted
different unit spotted
different unit spotted
different unit spotted
different unit spotted
different unit spotted
different unit spotted
different unit spotted
different unit spotted
different unit spotted
different unit spotted
different unit spotted
different unit spotted
Ally Pioneer spotted Enemy Furyan at dir: 6
dodge called with dir: 2

dodge
dodge1 dir: 2
order placed

next move down

different unit spotted
different unit spotted
different unit spotted
different unit spotted
different unit spotted
different unit spotted
different unit spotted
different unit spotted
different unit spotted
different unit spotted
different unit spotted
different unit spotted

Best move


next move down

different unit spotted
different unit spotted
Ally Pioneer spotted Enemy Furyan at dir: 6
dodge called with dir: 2

dodge
dodge1 dir: 1
order placed

next move down

different unit spotted
different unit spotted
different unit spotted
different unit spotted
different unit spotted
different unit spotted
different unit spotted
different unit spotted
different unit spotted
different unit spotted
different unit spotted
different unit spotted

Best move


next move down

different unit spotted
different unit spotted
different unit spotted
different unit spotted
different unit spotted
different unit spotted
different unit spotted
different unit spotted
different unit spotted
different unit spotted
Ally Pioneer spotted Enemy Furyan at dir: 7
dodge called with dir: 3

dodge
dodge1 dir: 3
order placed

next move down

different unit spotted
different unit spotted
different unit spotted
different unit spotted
different unit spotted
Ally Pioneer spotted Enemy Furyan at dir: 1
dodge called with dir: 5

dodge
dodge1 dir: 3
order placed

next move down

different unit spotted
different unit spotted
different unit spotted
different unit spotted
different unit spotted
different unit spotted
different unit spotted
different unit spotted
different unit spotted
different unit spotted
different unit spotted
different unit spotted
different unit spotted
different unit spotted
different unit spotted
different unit spotted
different unit spotted

Best move


next move down

different unit spotted
different unit spotted
different unit spotted
different unit spotted
different unit spotted

Best move


next move down

different unit spotted
different unit spotted
different unit spotted
different unit spotted
different unit spotted
different unit spotted
Ally Pioneer spotted Enemy Furyan at dir: 7
dodge called with dir: 3

dodge
dodge1 dir: 0
order placed

next move down

different unit spotted
different unit spotted
different unit spotted
different unit spotted
different unit spotted
different unit spotted
different unit spotted
different unit spotted
different unit spotted
different unit spotted
different unit spotted
different unit spotted
different unit spotted
different unit spotted
different unit spotted
Hellhound spotted at dir: 5
dodge called with dir: 1

dodge
dodge1 dir: 1
order placed

next move down

different unit spotted
different unit spotted
different unit spotted
different unit spotted
different unit spotted
different unit spotted
different unit spotted
different unit spotted
different unit spotted
different unit spotted
Ally Pioneer spotted Enemy Furyan at dir: 5
dodge called with dir: 1

dodge
dodge1 dir: 3
order placed

next move down

different unit spotted
different unit spotted
different unit spotted
different unit spotted
different unit spotted
different unit spotted
different unit spotted
different unit spotted
different unit spotted
different unit spotted
different unit spotted
different unit spotted
different unit spotted
different unit spotted
different unit spotted
different unit spotted
different unit spotted
different unit spotted
different unit spotted
different unit spotted
different unit spotted
different unit spotted
different unit spotted

Best move


next move down

different unit spotted
different unit spotted
different unit spotted
different unit spotted

Best move


next move down

different unit spotted
different unit spotted
different unit spotted
different unit spotted
different unit spotted
different unit spotted
different unit spotted
different unit spotted
different unit spotted
different unit spotted
different unit spotted
different unit spotted
different unit spotted
different unit spotted
different unit spotted
different unit spotted
different unit spotted

Best move


next move down

different unit spotted
different unit spotted
different unit spotted
different unit spotted
different unit spotted
different unit spotted
different unit spotted
different unit spotted

Best move


next move down

different unit spotted
different unit spotted
different unit spotted
different unit spotted
different unit spotted
different unit spotted
different unit spotted
different unit spotted
different unit spotted
different unit spotted
different unit spotted
different unit spotted
different unit spotted
Ally Pioneer spotted Enemy Furyan at dir: 7
dodge called with dir: 3

dodge
dodge1 dir: 3
order placed

next move down

different unit spotted
different unit spotted
different unit spotted
different unit spotted
different unit spotted
different unit spotted
different unit spotted
different unit spotted

Best move


next move down

different unit spotted
different unit spotted
different unit spotted
different unit spotted
different unit spotted
different unit spotted
different unit spotted
different unit spotted
different unit spotted
different unit spotted
different unit spotted
different unit spotted
different unit spotted
different unit spotted

Best move


next move down

different unit spotted
different unit spotted
different unit spotted
Ally Furian spotted Enemy unit at dir: 7
dodge called with dir: 7

dodge
dodge1 dir: 7

next move down

different unit spotted
different unit spotted
different unit spotted
different unit spotted
different unit spotted
different unit spotted
different unit spotted
different unit spotted
different unit spotted
different unit spotted
different unit spotted
different unit spotted
different unit spotted
different unit spotted
different unit spotted
different unit spotted
different unit spotted
different unit spotted
different unit spotted
different unit spotted
different unit spotted
different unit spotted
different unit spotted
different unit spotted
Ally Furian spotted Enemy unit at dir: 5
dodge called with dir: 5

dodge
dodge1 dir: 5

next move down

different unit spotted
different unit spotted
different unit spotted
different unit spotted
different unit spotted
different unit spotted
different unit spotted
different unit spotted
different unit spotted
different unit spotted
different unit spotted
different unit spotted
different unit spotted
different unit spotted
different unit spotted
different unit spotted
different unit spotted
different unit spotted
different unit spotted
different unit spotted
different unit spotted
different unit spotted
different unit spotted
different unit spotted
different unit spotted
different unit spotted
different unit spotted
different unit spotted
different unit spotted
different unit spotted
different unit spotted
different unit spotted
different unit spotted
different unit spotted
Ally Furian spotted Enemy unit at dir: 5
dodge called with dir: 5

dodge
dodge1 dir: 4

next move down

different unit spotted
different unit spotted
Ally Furian spotted Enemy unit at dir: 5
dodge called with dir: 5

dodge
dodge1 dir: 3
different unit spotted
different unit spotted
different unit spotted
Ally Furian spotted Enemy unit at dir: 4
dodge called with dir: 4

dodge
dodge1 dir: 3
different unit spotted
different unit spotted
different unit spotted
Ally Furian spotted Enemy unit at dir: 6
dodge called with dir: 6

dodge
dodge1 dir: 3
different unit spotted
Ally Furian spotted Enemy unit at dir: 2
dodge called with dir: 2

dodge
dodge1 dir: 6
different unit spotted
Ally Furian spotted Enemy unit at dir: 5
dodge called with dir: 5

dodge
dodge1 dir: 3
different unit spotted
different unit spotted
Ally Furian spotted Enemy unit at dir: 7
dodge called with dir: 7

dodge
dodge1 dir: 3
different unit spotted
different unit spotted
Ally Furian spotted Enemy unit at dir: 0
dodge called with dir: 0

dodge
dodge1 dir: 4
different unit spotted
different unit spotted
different unit spotted
different unit spotted
Ally Furian spotted Enemy unit at dir: 3
dodge called with dir: 3

dodge
dodge1 dir: 7
different unit spotted
Ally Furian spotted Enemy unit at dir: 0
dodge called with dir: 0

dodge
dodge1 dir: 3

next move down

different unit spotted
different unit spotted
different unit spotted
Ally Furian spotted Enemy unit at dir: 5
dodge called with dir: 5

dodge
dodge1 dir: 1
different unit spotted
different unit spotted
different unit spotted
Ally Furian spotted Enemy unit at dir: 4
dodge called with dir: 4

dodge
dodge1 dir: 1
different unit spotted
different unit spotted
different unit spotted
Ally Furian spotted Enemy unit at dir: 6
dodge called with dir: 6

dodge
dodge1 dir: 2
different unit spotted
different unit spotted
Ally Furian spotted Enemy unit at dir: 2
dodge called with dir: 2

dodge
dodge1 dir: 5
different unit spotted
different unit spotted
Ally Furian spotted Enemy unit at dir: 7
dodge called with dir: 7

dodge
dodge1 dir: 3
different unit spotted
different unit spotted
different unit spotted
different unit spotted
different unit spotted
different unit spotted
different unit spotted
different unit spotted
Ally Furian spotted Enemy unit at dir: 7
dodge called with dir: 7

dodge
dodge1 dir: 5

next move down

different unit spotted
different unit spotted
different unit spotted
different unit spotted
different unit spotted
different unit spotted
different unit spotted
different unit spotted
different unit spotted
different unit spotted
different unit spotted
different unit spotted
different unit spotted
different unit spotted
different unit spotted
Ally Furian spotted Enemy unit at dir: 7
dodge called with dir: 7

dodge
dodge1 dir: 7

next move down

different unit spotted
Ally Furian spotted Enemy unit at dir: 0
dodge called with dir: 0

dodge
dodge1 dir: 0

next move down

different unit spotted
different unit spotted
different unit spotted
different unit spotted
different unit spotted
different unit spotted
different unit spotted
different unit spotted
different unit spotted
different unit spotted
Ally Furian spotted Enemy unit at dir: 7
dodge called with dir: 7

dodge
dodge1 dir: 7
dodge or chase commanded dir: 1

dodge or chase commanded dir: 4

dodge or chase commanded dir: 6

dodge or chase commanded dir: 0

dodge or chase commanded dir: 3

dodge or chase commanded dir: 1

dodge or chase commanded dir: 3

dodge or chase commanded dir: 3

dodge or chase commanded dir: 2

dodge or chase commanded dir: 1

dodge or chase commanded dir: 6

dodge or chase commanded dir: 2

dodge or chase commanded dir: 3

best move (not dodge) commanded

best move (not dodge) commanded

best move (not dodge) commanded

best move (not dodge) commanded

best move (not dodge) commanded

best move (not dodge) commanded

warning: action already requested for unit 3
best move (not dodge) commanded

warning: action already requested for unit 3
best move (not dodge) commanded

warning: action already requested for unit 3
best move (not dodge) commanded

warning: action already requested for unit 3
best move (not dodge) commanded

warning: action already requested for unit 3
best move (not dodge) commanded

best move (not dodge) commanded

best move (not dodge) commanded

warning: action already requested for unit 3
best move (not dodge) commanded

best move (not dodge) commanded

warning: action already requested for unit 20
best move (not dodge) commanded

best move (not dodge) commanded

best move (not dodge) commanded

best move (not dodge) commanded

best move (not dodge) commanded

best move (not dodge) commanded

best move (not dodge) commanded

best move (not dodge) commanded

best move (not dodge) commanded

warning: action already requested for unit 3
best move (not dodge) commanded

best move (not dodge) commanded

best move (not dodge) commanded

best move (not dodge) commanded

warning: action already requested for unit 20
best move (not dodge) commanded

best move (not dodge) commanded

warning: action already requested for unit 20
best move (not dodge) commanded

best move (not dodge) commanded

best move (not dodge) commanded

best move (not dodge) commanded

best move (not dodge) commanded

warning: action already requested for unit 20
best move (not dodge) commanded

best move (not dodge) commanded

warning: action already requested for unit 3
best move (not dodge) commanded

best move (not dodge) commanded

best move (not dodge) commanded

warning: action already requested for unit 20
best move (not dodge) commanded

best move (not dodge) commanded

info:     end player 0
info:     start player 1
info:     end player 1
info:     start player 2
info:     end player 2
info:     start player 3
info:     end player 3
info: end round 85
info: start round 86
info:     start player 0

next move down

different unit spotted
different unit spotted
Ally Pioneer spotted Enemy Furyan at dir: 7
dodge called with dir: 3

dodge
dodge1 dir: 0
order placed

next move down

different unit spotted
different unit spotted
Ally Pioneer spotted Enemy Furyan at dir: 0
dodge called with dir: 4

dodge
dodge1 dir: 6
order placed

next move down

different unit spotted
different unit spotted
different unit spotted
different unit spotted
different unit spotted
different unit spotted

Best move


next move down

different unit spotted
different unit spotted
different unit spotted
different unit spotted
different unit spotted
different unit spotted

Best move


next move down

different unit spotted
different unit spotted
different unit spotted
different unit spotted

Best move


next move down

different unit spotted
different unit spotted
different unit spotted
different unit spotted
different unit spotted
different unit spotted
different unit spotted
different unit spotted
different unit spotted
different unit spotted
different unit spotted
different unit spotted
different unit spotted

Best move


next move down

different unit spotted
different unit spotted
different unit spotted
different unit spotted
different unit spotted
different unit spotted
different unit spotted
different unit spotted
different unit spotted
different unit spotted
different unit spotted
different unit spotted
different unit spotted
different unit spotted
different unit spotted
different unit spotted
different unit spotted
different unit spotted

Best move


next move down

different unit spotted
different unit spotted
different unit spotted
different unit spotted
different unit spotted
different unit spotted
different unit spotted
different unit spotted
different unit spotted
different unit spotted
different unit spotted
different unit spotted
different unit spotted
different unit spotted
different unit spotted
Ally Pioneer spotted Enemy Furyan at dir: 1
dodge called with dir: 5

dodge
dodge1 dir: 5
order placed

next move down

different unit spotted
different unit spotted
different unit spotted
different unit spotted
different unit spotted
different unit spotted
different unit spotted
different unit spotted
different unit spotted
different unit spotted
different unit spotted
different unit spotted
different unit spotted

Best move


next move down

different unit spotted
different unit spotted
different unit spotted
different unit spotted
different unit spotted
different unit spotted
different unit spotted
different unit spotted
different unit spotted
different unit spotted
different unit spotted
different unit spotted
different unit spotted
different unit spotted
different unit spotted
different unit spotted

Best move


next move down

different unit spotted
different unit spotted
different unit spotted
different unit spotted
different unit spotted
different unit spotted
different unit spotted
different unit spotted
different unit spotted
different unit spotted
different unit spotted
different unit spotted
different unit spotted
different unit spotted
different unit spotted
different unit spotted

Best move


next move down

different unit spotted
different unit spotted
different unit spotted

Best move


next move down

different unit spotted
different unit spotted
different unit spotted
different unit spotted
different unit spotted
different unit spotted
different unit spotted
different unit spotted
different unit spotted
different unit spotted

Best move


next move down

different unit spotted
different unit spotted
different unit spotted
different unit spotted
different unit spotted
different unit spotted
different unit spotted
different unit spotted
different unit spotted
different unit spotted
different unit spotted
different unit spotted
different unit spotted
different unit spotted
different unit spotted
different unit spotted
different unit spotted
Ally Pioneer spotted Enemy Furyan at dir: 5
dodge called with dir: 1

dodge
dodge1 dir: 1
order placed

next move down

different unit spotted
different unit spotted
different unit spotted
different unit spotted
different unit spotted
different unit spotted
different unit spotted
different unit spotted
different unit spotted
different unit spotted
different unit spotted

Best move


next move down

different unit spotted
different unit spotted
Ally Pioneer spotted Enemy Furyan at dir: 6
dodge called with dir: 2

dodge
dodge1 dir: 2
order placed

next move down

different unit spotted
different unit spotted
different unit spotted
different unit spotted
different unit spotted
different unit spotted
different unit spotted
different unit spotted
different unit spotted
different unit spotted
different unit spotted
different unit spotted

Best move


next move down

different unit spotted
different unit spotted
different unit spotted
different unit spotted
different unit spotted
different unit spotted
different unit spotted
different unit spotted
different unit spotted
different unit spotted
different unit spotted
different unit spotted
different unit spotted
different unit spotted
Ally Pioneer spotted Enemy Furyan at dir: 0
dodge called with dir: 4

dodge
dodge1 dir: 4
order placed

next move down

different unit spotted
different unit spotted
different unit spotted
different unit spotted
different unit spotted
different unit spotted
Ally Pioneer spotted Enemy Furyan at dir: 1
dodge called with dir: 5

dodge
dodge1 dir: 5
order placed

next move down

different unit spotted
different unit spotted
different unit spotted
different unit spotted
different unit spotted
different unit spotted
different unit spotted
different unit spotted
different unit spotted
different unit spotted
different unit spotted
different unit spotted
different unit spotted
different unit spotted
different unit spotted
different unit spotted

Best move


next move down

different unit spotted
different unit spotted
different unit spotted
different unit spotted
different unit spotted
different unit spotted

Best move


next move down

different unit spotted
different unit spotted
different unit spotted
different unit spotted
Ally Pioneer spotted Enemy Furyan at dir: 6
dodge called with dir: 2

dodge
dodge1 dir: 1
order placed

next move down

different unit spotted
different unit spotted
different unit spotted
different unit spotted
different unit spotted
different unit spotted
different unit spotted
different unit spotted
different unit spotted
Hellhound spotted at dir: 6
dodge called with dir: 2

dodge
dodge1 dir: 1
order placed

next move down

different unit spotted
different unit spotted
different unit spotted
different unit spotted
different unit spotted
different unit spotted
different unit spotted
different unit spotted
different unit spotted
different unit spotted
different unit spotted
different unit spotted
different unit spotted
different unit spotted
Ally Pioneer spotted Enemy Furyan at dir: 5
dodge called with dir: 1

dodge
dodge1 dir: 1
order placed

next move down

different unit spotted
different unit spotted
different unit spotted
different unit spotted
different unit spotted
different unit spotted
different unit spotted
different unit spotted
different unit spotted
different unit spotted
different unit spotted
different unit spotted
different unit spotted

Best move


next move down

different unit spotted
different unit spotted
different unit spotted
different unit spotted
different unit spotted
Ally Pioneer spotted Enemy Furyan at dir: 5
dodge called with dir: 1

dodge
dodge1 dir: 1
order placed

next move down

different unit spotted
different unit spotted
different unit spotted
different unit spotted
different unit spotted
different unit spotted
different unit spotted
different unit spotted
different unit spotted
different unit spotted
different unit spotted

Best move


next move down

different unit spotted
different unit spotted
different unit spotted
different unit spotted
different unit spotted
different unit spotted

Best move


next move down

different unit spotted
different unit spotted
different unit spotted
different unit spotted
different unit spotted
different unit spotted
different unit spotted
different unit spotted
different unit spotted
different unit spotted
different unit spotted
different unit spotted
different unit spotted
different unit spotted
different unit spotted
different unit spotted
different unit spotted
different unit spotted

Best move


next move down

different unit spotted
different unit spotted
different unit spotted
different unit spotted
different unit spotted
different unit spotted
different unit spotted
different unit spotted
different unit spotted

Best move


next move down

different unit spotted
different unit spotted
Ally Pioneer spotted Enemy Furyan at dir: 2
dodge called with dir: 6

dodge
dodge1 dir: 6
order placed

next move down

different unit spotted
different unit spotted
different unit spotted
different unit spotted
different unit spotted
different unit spotted
different unit spotted
different unit spotted
different unit spotted
different unit spotted
different unit spotted
different unit spotted
different unit spotted
different unit spotted
different unit spotted
different unit spotted
Ally Furian spotted Enemy unit at dir: 5
dodge called with dir: 5

dodge
dodge1 dir: 5

next move down

different unit spotted
different unit spotted
different unit spotted
different unit spotted
different unit spotted
different unit spotted
different unit spotted
different unit spotted
different unit spotted
different unit spotted
different unit spotted
different unit spotted
different unit spotted
different unit spotted
different unit spotted
different unit spotted
different unit spotted
different unit spotted
different unit spotted
different unit spotted
different unit spotted
different unit spotted
different unit spotted
different unit spotted
different unit spotted
different unit spotted
different unit spotted
different unit spotted
different unit spotted
Ally Furian spotted Enemy unit at dir: 5
dodge called with dir: 5

dodge
dodge1 dir: 5

next move down

different unit spotted
different unit spotted
different unit spotted
Ally Furian spotted Enemy unit at dir: 5
dodge called with dir: 5

dodge
dodge1 dir: 1
different unit spotted
different unit spotted
different unit spotted
different unit spotted
Ally Furian spotted Enemy unit at dir: 4
dodge called with dir: 4

dodge
dodge1 dir: 1
different unit spotted
different unit spotted
different unit spotted
Ally Furian spotted Enemy unit at dir: 3
dodge called with dir: 3

dodge
dodge1 dir: 3

next move down

different unit spotted
Ally Furian spotted Enemy unit at dir: 4
dodge called with dir: 4

dodge
dodge1 dir: 1
different unit spotted
different unit spotted
Ally Furian spotted Enemy unit at dir: 5
dodge called with dir: 5

dodge
dodge1 dir: 1
different unit spotted
different unit spotted
different unit spotted
Ally Furian spotted Enemy unit at dir: 6
dodge called with dir: 6

dodge
dodge1 dir: 2
different unit spotted
different unit spotted
Ally Furian spotted Enemy unit at dir: 2
dodge called with dir: 2

dodge
dodge1 dir: 5
different unit spotted
different unit spotted
different unit spotted
Ally Furian spotted Enemy unit at dir: 7
dodge called with dir: 7

dodge
dodge1 dir: 3
different unit spotted
Hellhound spotted at dir: 6
dodge called with dir: 2

dodge
dodge1 dir: 2
order placed

next move down

different unit spotted
different unit spotted
different unit spotted
different unit spotted
different unit spotted
different unit spotted
different unit spotted
Ally Furian spotted Enemy unit at dir: 7
dodge called with dir: 7

dodge
dodge1 dir: 5

next move down

different unit spotted
different unit spotted
Ally Furian spotted Enemy unit at dir: 7
dodge called with dir: 7

dodge
dodge1 dir: 7

next move down

different unit spotted
Ally Furian spotted Enemy unit at dir: 0
dodge called with dir: 0
dodge or chase commanded dir: 1

dodge or chase commanded dir: 1

dodge or chase commanded dir: 5

warning: action already requested for unit 20
dodge or chase commanded dir: 0

dodge or chase commanded dir: 3

warning: action already requested for unit 20
dodge or chase commanded dir: 2

warning: action already requested for unit 20
dodge or chase commanded dir: 1

warning: action already requested for unit 20
dodge or chase commanded dir: 2

warning: action already requested for unit 20
dodge or chase commanded dir: 1

dodge or chase commanded dir: 6

dodge or chase commanded dir: 1

dodge or chase commanded dir: 1

dodge or chase commanded dir: 1

dodge or chase commanded dir: 6

dodge or chase commanded dir: 0

dodge or chase commanded dir: 5

dodge or chase commanded dir: 5

dodge or chase commanded dir: 4

dodge or chase commanded dir: 2

best move (not dodge) commanded

best move (not dodge) commanded

best move (not dodge) commanded

best move (not dodge) commanded

best move (not dodge) commanded

best move (not dodge) commanded

best move (not dodge) commanded

best move (not dodge) commanded

best move (not dodge) commanded

best move (not dodge) commanded

best move (not dodge) commanded

best move (not dodge) commanded

best move (not dodge) commanded

best move (not dodge) commanded

best move (not dodge) commanded

best move (not dodge) commanded

best move (not dodge) commanded

best move (not dodge) commanded

best move (not dodge) commanded

warning: action already requested for unit 3
best move (not dodge) commanded

best move (not dodge) commanded

warning: action already requested for unit 3
best move (not dodge) commanded

best move (not dodge) commanded

best move (not dodge) commanded

best move (not dodge) commanded

best move (not dodge) commanded

info:     end player 0
info:     start player 1
info:     end player 1
info:     start player 2
info:     end player 2
info:     start player 3
info:     end player 3
info: end round 86
info: start round 87
info:     start player 0

next move down

different unit spotted
Ally Pioneer spotted Enemy Furyan at dir: 6
dodge called with dir: 2

dodge
dodge1 dir: 1
order placed

next move down

different unit spotted
Ally Pioneer spotted Enemy Furyan at dir: 7
dodge called with dir: 3

dodge
dodge1 dir: 2
order placed

next move down

different unit spotted
different unit spotted

Best move


next move down

different unit spotted
different unit spotted
different unit spotted
different unit spotted
different unit spotted
different unit spotted
different unit spotted
different unit spotted

Best move


next move down

different unit spotted
different unit spotted
different unit spotted
different unit spotted
different unit spotted
different unit spotted

Best move


next move down

different unit spotted
different unit spotted
different unit spotted
different unit spotted
different unit spotted
different unit spotted
different unit spotted
different unit spotted
different unit spotted
different unit spotted
different unit spotted
different unit spotted
different unit spotted
different unit spotted
different unit spotted
different unit spotted

Best move


next move down

different unit spotted
different unit spotted
different unit spotted
different unit spotted
different unit spotted
different unit spotted
different unit spotted
different unit spotted
different unit spotted
different unit spotted
different unit spotted
different unit spotted
different unit spotted
different unit spotted

Best move


next move down

different unit spotted
different unit spotted
different unit spotted
different unit spotted
different unit spotted
different unit spotted
different unit spotted
different unit spotted
different unit spotted
different unit spotted
different unit spotted
different unit spotted
different unit spotted
different unit spotted
different unit spotted
different unit spotted
different unit spotted
different unit spotted

Best move


next move down

different unit spotted
different unit spotted
different unit spotted
different unit spotted
different unit spotted
different unit spotted
different unit spotted
different unit spotted
different unit spotted
different unit spotted
different unit spotted
different unit spotted
different unit spotted
different unit spotted
different unit spotted
different unit spotted

Best move


next move down

different unit spotted
different unit spotted
different unit spotted
different unit spotted
different unit spotted
different unit spotted
different unit spotted
different unit spotted
different unit spotted
different unit spotted
different unit spotted
different unit spotted
different unit spotted
different unit spotted
different unit spotted
different unit spotted
different unit spotted
different unit spotted
different unit spotted
different unit spotted

Best move


next move down

different unit spotted
different unit spotted
different unit spotted
different unit spotted
different unit spotted
different unit spotted
different unit spotted
different unit spotted
different unit spotted
different unit spotted
different unit spotted
different unit spotted
different unit spotted
different unit spotted
different unit spotted
different unit spotted

Best move


next move down

different unit spotted
different unit spotted
different unit spotted
different unit spotted
different unit spotted

Best move


next move down

different unit spotted
different unit spotted
different unit spotted
different unit spotted
different unit spotted
different unit spotted
different unit spotted
different unit spotted
different unit spotted
different unit spotted
different unit spotted

Best move


next move down

different unit spotted
different unit spotted
different unit spotted
different unit spotted
different unit spotted
different unit spotted
different unit spotted
different unit spotted
different unit spotted
different unit spotted
different unit spotted
different unit spotted
different unit spotted
different unit spotted
different unit spotted
different unit spotted
Ally Pioneer spotted Enemy Furyan at dir: 5
dodge called with dir: 1

dodge
dodge1 dir: 1
order placed

next move down

different unit spotted
different unit spotted
different unit spotted
different unit spotted
different unit spotted
different unit spotted
different unit spotted
different unit spotted
different unit spotted
different unit spotted
different unit spotted

Best move


next move down

different unit spotted
different unit spotted
different unit spotted
Ally Pioneer spotted Enemy Furyan at dir: 5
dodge called with dir: 1

dodge
dodge1 dir: 1
order placed

next move down

different unit spotted
different unit spotted
different unit spotted
different unit spotted
different unit spotted
different unit spotted
different unit spotted
different unit spotted
different unit spotted
different unit spotted
different unit spotted
different unit spotted
different unit spotted

Best move


next move down

different unit spotted
different unit spotted
different unit spotted
different unit spotted
different unit spotted
different unit spotted
different unit spotted
different unit spotted
different unit spotted
different unit spotted
different unit spotted
different unit spotted
different unit spotted
different unit spotted
different unit spotted
different unit spotted

Best move


next move down

different unit spotted
different unit spotted
different unit spotted
different unit spotted
different unit spotted
different unit spotted
different unit spotted
different unit spotted
different unit spotted
different unit spotted
different unit spotted
different unit spotted
different unit spotted
different unit spotted
different unit spotted

Best move


next move down

different unit spotted
different unit spotted
different unit spotted
different unit spotted
different unit spotted
different unit spotted
different unit spotted
different unit spotted
different unit spotted
different unit spotted
different unit spotted
different unit spotted
different unit spotted
different unit spotted
different unit spotted
different unit spotted
different unit spotted
different unit spotted
different unit spotted
different unit spotted

Best move


next move down

different unit spotted
different unit spotted
different unit spotted
different unit spotted
different unit spotted
different unit spotted
different unit spotted
different unit spotted

Best move


next move down

different unit spotted
different unit spotted
different unit spotted
different unit spotted
different unit spotted
Ally Pioneer spotted Enemy Furyan at dir: 7
dodge called with dir: 3

dodge
dodge1 dir: 2
order placed

next move down

different unit spotted
different unit spotted
different unit spotted
different unit spotted
different unit spotted
different unit spotted
different unit spotted
different unit spotted
different unit spotted
different unit spotted
different unit spotted
different unit spotted

Best move


next move down

different unit spotted
different unit spotted
different unit spotted
different unit spotted
different unit spotted
different unit spotted
different unit spotted
different unit spotted
different unit spotted
different unit spotted
different unit spotted
different unit spotted
Ally Pioneer spotted Enemy Furyan at dir: 5
dodge called with dir: 1

dodge
dodge1 dir: 1
order placed

get sun distance

get sun distance

get sun distance

get sun distance

get sun distance

get sun distance

get sun distance

get sun distance

next move down

different unit spotted
different unit spotted
different unit spotted
different unit spotted
different unit spotted
different unit spotted
different unit spotted
different unit spotted
different unit spotted
different unit spotted
different unit spotted
different unit spotted
different unit spotted
different unit spotted
different unit spotted
different unit spotted

Best move


next move down

different unit spotted
different unit spotted
different unit spotted
different unit spotted
Ally Pioneer spotted Enemy Furyan at dir: 7
dodge called with dir: 3

dodge
dodge1 dir: 1
order placed

next move down

different unit spotted
different unit spotted
different unit spotted
different unit spotted
different unit spotted
different unit spotted
different unit spotted
different unit spotted
different unit spotted
different unit spotted

Best move


next move down

different unit spotted
different unit spotted
different unit spotted
different unit spotted
different unit spotted
different unit spotted
different unit spotted

Best move


next move down

different unit spotted
different unit spotted
different unit spotted
different unit spotted
different unit spotted
different unit spotted
different unit spotted
different unit spotted
different unit spotted
different unit spotted
different unit spotted
different unit spotted
different unit spotted
different unit spotted
different unit spotted
different unit spotted

Best move


next move down

different unit spotted
different unit spotted
different unit spotted
different unit spotted
different unit spotted
different unit spotted
different unit spotted
Ally Pioneer spotted Enemy Furyan at dir: 7
dodge called with dir: 3

dodge
dodge1 dir: 3
order placed

next move down

different unit spotted
different unit spotted
different unit spotted
different unit spotted
different unit spotted
different unit spotted
different unit spotted
different unit spotted
different unit spotted
different unit spotted
different unit spotted
different unit spotted
different unit spotted
different unit spotted
different unit spotted
different unit spotted
different unit spotted
different unit spotted
different unit spotted
different unit spotted

Best move


next move down

different unit spotted
different unit spotted
different unit spotted
different unit spotted
different unit spotted
different unit spotted
different unit spotted
different unit spotted
different unit spotted
different unit spotted
different unit spotted
different unit spotted
different unit spotted
different unit spotted
Ally Furian spotted Enemy unit at dir: 5
dodge called with dir: 5

dodge
dodge1 dir: 5

next move down

different unit spotted
different unit spotted
different unit spotted
different unit spotted
different unit spotted
different unit spotted
different unit spotted
different unit spotted
different unit spotted
different unit spotted
different unit spotted
different unit spotted
different unit spotted
different unit spotted
different unit spotted
different unit spotted
Ally Furian spotted Enemy unit at dir: 5
dodge called with dir: 5

dodge
dodge1 dir: 5

next move down

different unit spotted
different unit spotted
different unit spotted
different unit spotted
different unit spotted
different unit spotted
different unit spotted
different unit spotted
different unit spotted
different unit spotted
Ally Furian spotted Enemy unit at dir: 5
dodge called with dir: 5

dodge
dodge1 dir: 1
different unit spotted
different unit spotted
Ally Furian spotted Enemy unit at dir: 1
dodge called with dir: 1

dodge
dodge1 dir: 1

next move down

different unit spotted
Ally Furian spotted Enemy unit at dir: 5
dodge called with dir: 5

dodge
dodge1 dir: 1
different unit spotted
different unit spotted
different unit spotted
Ally Furian spotted Enemy unit at dir: 6
dodge called with dir: 6

dodge
dodge1 dir: 2
different unit spotted
different unit spotted
different unit spotted
different unit spotted
Ally Furian spotted Enemy unit at dir: 7
dodge called with dir: 7

dodge
dodge1 dir: 3
different unit spotted
Ally Furian spotted Enemy unit at dir: 0
dodge called with dir: 0

dodge
dodge1 dir: 4
different unit spotted
Ally Furian spotted Enemy unit at dir: 1
dodge called with dir: 1

dodge
dodge1 dir: 4
different unit spotted
Ally Furian spotted Enemy unit at dir: 3
dodge called with dir: 3

dodge
dodge1 dir: 1
different unit spotted
Hellhound spotted at dir: 6
dodge called with dir: 2

dodge
dodge1 dir: 2
order placed

next move down

different unit spotted
different unit spotted
different unit spotted
different unit spotted
different unit spotted
different unit spotted
different unit spotted
different unit spotted
different unit spotted
different unit spotted
different unit spotted
Ally Furian spotted Enemy unit at dir: 3
dodge called with dir: 3

dodge
dodge1 dir: 3

next move down

different unit spotted
different unit spotted
Ally Furian spotted Enemy unit at dir: 1
dodge called with dir: 1

dodge
dodge1 dir: 0

next move down

different unit spotted
Ally Furian spotted Enemy unit at dir: 0
dodge called with dir: 0

dodge
dodge1 dir: 0
dodge or chase commanded dir: 1

dodge or chase commanded dir: 2

warning: action already requested for unit 20
dodge or chase commanded dir: 4

warning: action already requested for unit 20
dodge or chase commanded dir: 1

warning: action already requested for unit 20
dodge or chase commanded dir: 2

warning: action already requested for unit 20
dodge or chase commanded dir: 3

warning: action already requested for unit 20
dodge or chase commanded dir: 4

warning: action already requested for unit 20
dodge or chase commanded dir: 1

dodge or chase commanded dir: 3

dodge or chase commanded dir: 1

dodge or chase commanded dir: 1

dodge or chase commanded dir: 2

dodge or chase commanded dir: 1

dodge or chase commanded dir: 2

dodge or chase commanded dir: 1

best move (not dodge) commanded

best move (not dodge) commanded

best move (not dodge) commanded

best move (not dodge) commanded

best move (not dodge) commanded

best move (not dodge) commanded

best move (not dodge) commanded

best move (not dodge) commanded

best move (not dodge) commanded

best move (not dodge) commanded

best move (not dodge) commanded

best move (not dodge) commanded

best move (not dodge) commanded

best move (not dodge) commanded

best move (not dodge) commanded

best move (not dodge) commanded

best move (not dodge) commanded

best move (not dodge) commanded

best move (not dodge) commanded

best move (not dodge) commanded

best move (not dodge) commanded

best move (not dodge) commanded

best move (not dodge) commanded

best move (not dodge) commanded

best move (not dodge) commanded

warning: action already requested for unit 3
best move (not dodge) commanded

best move (not dodge) commanded

best move (not dodge) commanded

best move (not dodge) commanded

best move (not dodge) commanded

info:     end player 0
info:     start player 1
info:     end player 1
info:     start player 2
info:     end player 2
info:     start player 3
info:     end player 3
info: end round 87
info: start round 88
info:     start player 0

next move down

different unit spotted
different unit spotted
different unit spotted
different unit spotted
different unit spotted
different unit spotted
Ally Pioneer spotted Enemy Furyan at dir: 5
dodge called with dir: 1

dodge
dodge1 dir: 1
order placed

next move down

different unit spotted
Ally Pioneer spotted Enemy Furyan at dir: 1
dodge called with dir: 5

dodge
dodge1 dir: 6
order placed

next move down

different unit spotted
different unit spotted

Best move


next move down

different unit spotted
different unit spotted
different unit spotted
different unit spotted
different unit spotted
different unit spotted
different unit spotted

Best move


next move down

different unit spotted
different unit spotted
different unit spotted
different unit spotted
different unit spotted

Best move


next move down

different unit spotted
different unit spotted
different unit spotted
different unit spotted
different unit spotted
different unit spotted
different unit spotted
different unit spotted
different unit spotted
different unit spotted
different unit spotted
different unit spotted
different unit spotted
different unit spotted
different unit spotted
different unit spotted
different unit spotted

Best move


next move down

different unit spotted
different unit spotted
different unit spotted
different unit spotted
different unit spotted
different unit spotted
different unit spotted
different unit spotted
different unit spotted
different unit spotted
different unit spotted
different unit spotted
different unit spotted
different unit spotted
different unit spotted

Best move


next move down

different unit spotted
different unit spotted
different unit spotted
different unit spotted
different unit spotted
different unit spotted
different unit spotted
different unit spotted
different unit spotted
different unit spotted
different unit spotted
different unit spotted
different unit spotted
different unit spotted

Best move


next move down

different unit spotted
different unit spotted
different unit spotted
different unit spotted
different unit spotted
different unit spotted
different unit spotted
different unit spotted
different unit spotted
different unit spotted
different unit spotted
different unit spotted
different unit spotted

Best move


next move down

different unit spotted
different unit spotted
different unit spotted
different unit spotted
different unit spotted
different unit spotted
different unit spotted
different unit spotted
different unit spotted
different unit spotted
different unit spotted
different unit spotted
different unit spotted
different unit spotted
different unit spotted
different unit spotted
different unit spotted
different unit spotted
different unit spotted
different unit spotted
different unit spotted

Best move


next move down

different unit spotted
different unit spotted
different unit spotted
different unit spotted
different unit spotted
different unit spotted
different unit spotted
different unit spotted
different unit spotted
different unit spotted
different unit spotted
different unit spotted
different unit spotted
different unit spotted
different unit spotted
different unit spotted
different unit spotted

Best move


next move down

different unit spotted
different unit spotted
different unit spotted
different unit spotted
different unit spotted
different unit spotted

Best move


next move down

different unit spotted
different unit spotted
different unit spotted
different unit spotted
different unit spotted
different unit spotted
different unit spotted
different unit spotted
different unit spotted

Best move


next move down

different unit spotted
different unit spotted
different unit spotted
different unit spotted
different unit spotted
different unit spotted
different unit spotted
different unit spotted
different unit spotted
different unit spotted
different unit spotted
different unit spotted

Best move


next move down

different unit spotted
different unit spotted
different unit spotted
different unit spotted
different unit spotted
different unit spotted
different unit spotted
different unit spotted
different unit spotted
different unit spotted
different unit spotted

Best move


next move down

different unit spotted
different unit spotted
different unit spotted
different unit spotted
Ally Pioneer spotted Enemy Furyan at dir: 6
dodge called with dir: 2

dodge
dodge1 dir: 2
order placed

next move down

different unit spotted
different unit spotted
different unit spotted
different unit spotted
different unit spotted
different unit spotted
different unit spotted
different unit spotted
different unit spotted
different unit spotted
different unit spotted

Best move


next move down

different unit spotted
different unit spotted
different unit spotted
different unit spotted
different unit spotted
different unit spotted
different unit spotted
different unit spotted
different unit spotted
different unit spotted
different unit spotted
different unit spotted
different unit spotted
different unit spotted
different unit spotted

Best move


next move down

different unit spotted
different unit spotted
different unit spotted
different unit spotted
different unit spotted
different unit spotted
different unit spotted
different unit spotted
different unit spotted
different unit spotted
different unit spotted

Best move


next move down

different unit spotted
different unit spotted
different unit spotted
different unit spotted
different unit spotted
different unit spotted
different unit spotted
different unit spotted
different unit spotted
different unit spotted
different unit spotted
different unit spotted
different unit spotted
different unit spotted
different unit spotted
different unit spotted
different unit spotted
different unit spotted
different unit spotted
different unit spotted
different unit spotted
different unit spotted

Best move


next move down

different unit spotted
different unit spotted
different unit spotted
different unit spotted
different unit spotted
different unit spotted
different unit spotted

Best move


next move down

different unit spotted
different unit spotted
different unit spotted
different unit spotted
Ally Pioneer spotted Enemy Furyan at dir: 5
dodge called with dir: 1

dodge
dodge1 dir: 1
order placed

next move down

different unit spotted
different unit spotted
different unit spotted
different unit spotted
different unit spotted
different unit spotted
different unit spotted
different unit spotted

Best move


next move down

different unit spotted
different unit spotted
different unit spotted
different unit spotted
different unit spotted
different unit spotted
different unit spotted
different unit spotted
different unit spotted
different unit spotted
different unit spotted
different unit spotted
different unit spotted
different unit spotted
different unit spotted
different unit spotted
different unit spotted
different unit spotted

Best move


next move down

different unit spotted
different unit spotted
different unit spotted
different unit spotted
different unit spotted
different unit spotted
different unit spotted
different unit spotted
different unit spotted
different unit spotted
different unit spotted
different unit spotted
different unit spotted
different unit spotted
different unit spotted
different unit spotted
different unit spotted

Best move


next move down

different unit spotted
different unit spotted
different unit spotted
different unit spotted
Ally Pioneer spotted Enemy Furyan at dir: 5
dodge called with dir: 1

dodge
dodge1 dir: 2
order placed

next move down

different unit spotted
different unit spotted
different unit spotted
different unit spotted
different unit spotted
different unit spotted
different unit spotted
different unit spotted
different unit spotted

Best move


next move down

different unit spotted
different unit spotted
different unit spotted
different unit spotted
different unit spotted
different unit spotted
different unit spotted
different unit spotted
different unit spotted
different unit spotted

Best move


next move down

different unit spotted
different unit spotted
different unit spotted
different unit spotted
different unit spotted
different unit spotted
different unit spotted
different unit spotted
different unit spotted
different unit spotted
different unit spotted
different unit spotted
different unit spotted
different unit spotted
different unit spotted

Best move


next move down

different unit spotted
different unit spotted
different unit spotted
different unit spotted
different unit spotted

Best move


next move down

different unit spotted
different unit spotted
different unit spotted
different unit spotted
different unit spotted
different unit spotted
different unit spotted
different unit spotted
different unit spotted
different unit spotted
Ally Pioneer spotted Enemy Furyan at dir: 2
dodge called with dir: 6

dodge
dodge1 dir: 5
order placed

next move down

different unit spotted
Ally Furian spotted Enemy unit at dir: 3
dodge called with dir: 3

next move down

different unit spotted
different unit spotted
different unit spotted
different unit spotted
different unit spotted
different unit spotted
different unit spotted
different unit spotted
different unit spotted
Ally Furian spotted Enemy unit at dir: 3
dodge called with dir: 3

dodge
dodge1 dir: 3

next move down

different unit spotted
Ally Furian spotted Enemy unit at dir: 7
dodge called with dir: 7

next move down

different unit spotted
Ally Furian spotted Enemy unit at dir: 5
dodge called with dir: 5

dodge
dodge1 dir: 1
different unit spotted
different unit spotted
different unit spotted
different unit spotted
Ally Furian spotted Enemy unit at dir: 6
dodge called with dir: 6

dodge
dodge1 dir: 2
different unit spotted
different unit spotted
different unit spotted
different unit spotted
different unit spotted
Ally Furian spotted Enemy unit at dir: 7
dodge called with dir: 7

dodge
dodge1 dir: 3
different unit spotted
Ally Furian spotted Enemy unit at dir: 0
dodge called with dir: 0

dodge
dodge1 dir: 4
different unit spotted
Ally Furian spotted Enemy unit at dir: 1
dodge called with dir: 1

dodge
dodge1 dir: 4
different unit spotted
Hellhound spotted at dir: 6
dodge called with dir: 2

dodge
dodge1 dir: 2
order placed

next move down

different unit spotted
different unit spotted
different unit spotted
different unit spotted
different unit spotted
different unit spotted
different unit spotted
different unit spotted
different unit spotted
different unit spotted
Ally Furian spotted Enemy unit at dir: 3
dodge called with dir: 3

dodge
dodge1 dir: 4

next move down

different unit spotted
different unit spotted
different unit spotted
Ally Furian spotted Enemy unit at dir: 2
dodge called with dir: 2

dodge
dodge1 dir: 1

next move down

different unit spotted
Ally Furian spotted Enemy unit at dir: 7
dodge called with dir: 7
dodge or chase commanded dir: 3

dodge or chase commanded dir: 7

dodge or chase commanded dir: 2

dodge or chase commanded dir: 7

dodge or chase commanded dir: 1

warning: action already requested for unit 20
dodge or chase commanded dir: 2

warning: action already requested for unit 20
dodge or chase commanded dir: 4

warning: action already requested for unit 20
dodge or chase commanded dir: 4

warning: action already requested for unit 20
dodge or chase commanded dir: 3

warning: action already requested for unit 20
dodge or chase commanded dir: 2

dodge or chase commanded dir: 5

dodge or chase commanded dir: 1

dodge or chase commanded dir: 1

dodge or chase commanded dir: 6

dodge or chase commanded dir: 2

best move (not dodge) commanded

best move (not dodge) commanded

best move (not dodge) commanded

best move (not dodge) commanded

best move (not dodge) commanded

best move (not dodge) commanded

best move (not dodge) commanded

best move (not dodge) commanded

best move (not dodge) commanded

best move (not dodge) commanded

best move (not dodge) commanded

best move (not dodge) commanded

best move (not dodge) commanded

best move (not dodge) commanded

best move (not dodge) commanded

best move (not dodge) commanded

best move (not dodge) commanded

best move (not dodge) commanded

best move (not dodge) commanded

best move (not dodge) commanded

best move (not dodge) commanded

best move (not dodge) commanded

best move (not dodge) commanded

best move (not dodge) commanded

best move (not dodge) commanded

best move (not dodge) commanded

best move (not dodge) commanded

best move (not dodge) commanded

info:     end player 0
info:     start player 1
info:     end player 1
info:     start player 2
info:     end player 2
info:     start player 3
info:     end player 3
info: end round 88
info: start round 89
info:     start player 0

next move down

different unit spotted
different unit spotted
different unit spotted
different unit spotted
different unit spotted
different unit spotted
different unit spotted
different unit spotted
different unit spotted
different unit spotted
different unit spotted
different unit spotted
different unit spotted
different unit spotted
different unit spotted
different unit spotted
different unit spotted
different unit spotted
different unit spotted
different unit spotted
Ally Pioneer spotted Enemy Furyan at dir: 5
dodge called with dir: 1

dodge
dodge1 dir: 2
order placed

next move down

different unit spotted
different unit spotted

Best move


next move down

different unit spotted
different unit spotted
different unit spotted
different unit spotted
different unit spotted
different unit spotted
different unit spotted

Best move


next move down

different unit spotted
different unit spotted
different unit spotted
different unit spotted
different unit spotted
different unit spotted

Best move


next move down

different unit spotted
different unit spotted
different unit spotted
different unit spotted
different unit spotted
different unit spotted
different unit spotted
different unit spotted
different unit spotted
different unit spotted
different unit spotted
different unit spotted
different unit spotted
different unit spotted
different unit spotted
different unit spotted
different unit spotted
different unit spotted
different unit spotted
different unit spotted
different unit spotted
different unit spotted

Best move


next move down

different unit spotted
different unit spotted
different unit spotted
different unit spotted
different unit spotted
different unit spotted
different unit spotted
different unit spotted
different unit spotted
different unit spotted
different unit spotted
different unit spotted
different unit spotted
different unit spotted
different unit spotted
different unit spotted
different unit spotted
different unit spotted
different unit spotted
different unit spotted

Best move


next move down

different unit spotted
different unit spotted
different unit spotted
different unit spotted
different unit spotted
different unit spotted
different unit spotted
different unit spotted
different unit spotted

Best move


next move down

different unit spotted
different unit spotted
different unit spotted
different unit spotted
different unit spotted
different unit spotted
different unit spotted
different unit spotted
different unit spotted
different unit spotted
different unit spotted
different unit spotted
different unit spotted
different unit spotted
different unit spotted
different unit spotted
different unit spotted
different unit spotted
different unit spotted

Best move


next move down

different unit spotted
different unit spotted
different unit spotted
different unit spotted
different unit spotted
different unit spotted
different unit spotted
different unit spotted
different unit spotted
different unit spotted
different unit spotted
different unit spotted
different unit spotted
different unit spotted
different unit spotted
different unit spotted
different unit spotted
different unit spotted
different unit spotted

Best move


next move down

different unit spotted
different unit spotted
different unit spotted
different unit spotted
different unit spotted
different unit spotted
different unit spotted
different unit spotted
different unit spotted
different unit spotted
different unit spotted
different unit spotted
different unit spotted
different unit spotted
different unit spotted
different unit spotted
different unit spotted
different unit spotted
different unit spotted
different unit spotted
different unit spotted
different unit spotted
different unit spotted

Best move


next move down

different unit spotted
different unit spotted
different unit spotted
different unit spotted
different unit spotted
different unit spotted
different unit spotted
different unit spotted
different unit spotted
different unit spotted
different unit spotted
different unit spotted
different unit spotted
different unit spotted
different unit spotted
different unit spotted
different unit spotted
different unit spotted
different unit spotted
different unit spotted

Best move


next move down

different unit spotted
different unit spotted
different unit spotted
different unit spotted
different unit spotted

Best move


next move down

different unit spotted
different unit spotted
different unit spotted
different unit spotted
different unit spotted
different unit spotted
different unit spotted
different unit spotted

Best move


next move down

different unit spotted
different unit spotted
different unit spotted
different unit spotted
different unit spotted
different unit spotted
different unit spotted
different unit spotted
different unit spotted
different unit spotted
different unit spotted
different unit spotted
different unit spotted
different unit spotted
different unit spotted
different unit spotted
different unit spotted
different unit spotted

Best move


next move down

different unit spotted
different unit spotted
different unit spotted
different unit spotted
different unit spotted
different unit spotted
different unit spotted
different unit spotted
different unit spotted
different unit spotted
different unit spotted
different unit spotted

Best move


next move down

different unit spotted
different unit spotted
different unit spotted
different unit spotted
Ally Pioneer spotted Enemy Furyan at dir: 5
dodge called with dir: 1

dodge
dodge1 dir: 3
order placed

next move down

different unit spotted
different unit spotted
different unit spotted
different unit spotted
different unit spotted
different unit spotted
different unit spotted
different unit spotted
different unit spotted
different unit spotted
different unit spotted

Best move


next move down

different unit spotted
different unit spotted
different unit spotted
different unit spotted
different unit spotted
different unit spotted
different unit spotted
different unit spotted
different unit spotted
different unit spotted
different unit spotted
different unit spotted
different unit spotted
different unit spotted
different unit spotted

Best move


next move down

different unit spotted
different unit spotted
different unit spotted
different unit spotted
different unit spotted
different unit spotted
different unit spotted
different unit spotted
different unit spotted
different unit spotted
different unit spotted
different unit spotted
different unit spotted

Best move


next move down

different unit spotted
different unit spotted
different unit spotted
different unit spotted
different unit spotted
different unit spotted
different unit spotted
different unit spotted
different unit spotted
different unit spotted
different unit spotted
different unit spotted
different unit spotted
different unit spotted
different unit spotted
different unit spotted
different unit spotted
different unit spotted
different unit spotted
different unit spotted
different unit spotted
different unit spotted
different unit spotted

Best move


next move down

different unit spotted
different unit spotted
different unit spotted
different unit spotted
different unit spotted
different unit spotted
different unit spotted
different unit spotted

Best move


next move down

different unit spotted
different unit spotted
different unit spotted
different unit spotted
different unit spotted
different unit spotted
different unit spotted
different unit spotted
different unit spotted
Ally Pioneer spotted Enemy Furyan at dir: 5
dodge called with dir: 1

dodge
dodge1 dir: 1
order placed

next move down

different unit spotted
different unit spotted
different unit spotted
different unit spotted
different unit spotted
different unit spotted
different unit spotted

Best move


next move down

different unit spotted
different unit spotted
different unit spotted
different unit spotted
different unit spotted
different unit spotted
different unit spotted
different unit spotted
different unit spotted
different unit spotted
different unit spotted
different unit spotted
different unit spotted
different unit spotted

Best move


get sun distance

get sun distance

get sun distance

get sun distance

get sun distance

get sun distance

get sun distance

get sun distance

next move down

different unit spotted
different unit spotted
different unit spotted
different unit spotted
different unit spotted
different unit spotted
different unit spotted
different unit spotted
different unit spotted
different unit spotted
different unit spotted
different unit spotted
different unit spotted
different unit spotted
different unit spotted
different unit spotted
different unit spotted
different unit spotted
different unit spotted
different unit spotted

Best move


next move down

different unit spotted
different unit spotted
different unit spotted
different unit spotted
Ally Pioneer spotted Enemy Furyan at dir: 6
dodge called with dir: 2

dodge
dodge1 dir: 2
order placed

next move down

different unit spotted
different unit spotted
different unit spotted
different unit spotted
different unit spotted
different unit spotted
different unit spotted
different unit spotted
different unit spotted
different unit spotted
different unit spotted
different unit spotted
different unit spotted
different unit spotted
different unit spotted

Best move


next move down

different unit spotted
different unit spotted
different unit spotted
different unit spotted
different unit spotted
different unit spotted
different unit spotted
different unit spotted
different unit spotted
different unit spotted
different unit spotted

Best move


next move down

different unit spotted
different unit spotted
different unit spotted
different unit spotted
different unit spotted
different unit spotted
different unit spotted
different unit spotted
different unit spotted
different unit spotted
different unit spotted
different unit spotted

Best move


next move down

different unit spotted
different unit spotted
different unit spotted
different unit spotted
different unit spotted
different unit spotted
different unit spotted
Ally Pioneer spotted Enemy Furyan at dir: 7
dodge called with dir: 3

dodge
dodge1 dir: 3
order placed

next move down

different unit spotted
different unit spotted
different unit spotted
different unit spotted
different unit spotted
different unit spotted
different unit spotted
different unit spotted
different unit spotted
different unit spotted
different unit spotted
Ally Pioneer spotted Enemy Furyan at dir: 2
dodge called with dir: 6

dodge
dodge1 dir: 6
order placed

next move down

different unit spotted
different unit spotted
different unit spotted
different unit spotted
different unit spotted
different unit spotted
different unit spotted
different unit spotted
Ally Furian spotted Enemy unit at dir: 3
dodge called with dir: 3

dodge
dodge1 dir: 3

next move down

different unit spotted
different unit spotted
different unit spotted
different unit spotted
different unit spotted
different unit spotted
different unit spotted
different unit spotted
different unit spotted
different unit spotted
different unit spotted
different unit spotted
Ally Furian spotted Enemy unit at dir: 3
dodge called with dir: 3

dodge
dodge1 dir: 3

next move down

different unit spotted
different unit spotted
Ally Furian spotted Enemy unit at dir: 7
dodge called with dir: 7

next move down

different unit spotted
Ally Furian spotted Enemy unit at dir: 6
dodge called with dir: 6

dodge
dodge1 dir: 2
different unit spotted
different unit spotted
Ally Furian spotted Enemy unit at dir: 5
dodge called with dir: 5

dodge
dodge1 dir: 1
different unit spotted
different unit spotted
different unit spotted
Ally Furian spotted Enemy unit at dir: 7
dodge called with dir: 7

dodge
dodge1 dir: 3
different unit spotted
different unit spotted
different unit spotted
different unit spotted
Ally Furian spotted Enemy unit at dir: 0
dodge called with dir: 0

dodge
dodge1 dir: 4
different unit spotted
different unit spotted
Ally Furian spotted Enemy unit at dir: 4
dodge called with dir: 4

dodge
dodge1 dir: 0
different unit spotted
different unit spotted
Ally Furian spotted Enemy unit at dir: 1
dodge called with dir: 1

dodge
dodge1 dir: 5
different unit spotted
Ally Furian spotted Enemy unit at dir: 3
dodge called with dir: 3

dodge
dodge1 dir: 7
different unit spotted
different unit spotted
different unit spotted
Hellhound spotted at dir: 5
dodge called with dir: 1

dodge
dodge1 dir: 1
order placed

next move down

different unit spotted
different unit spotted
different unit spotted
different unit spotted
different unit spotted
different unit spotted
Ally Furian spotted Enemy unit at dir: 3
dodge called with dir: 3

dodge
dodge1 dir: 3

next move down

different unit spotted
Ally Furian spotted Enemy unit at dir: 2
dodge called with dir: 2

dodge
dodge1 dir: 2

next move down

different unit spotted
different unit spotted
different unit spotted
different unit spotted
different unit spotted
different unit spotted
different unit spotted
different unit spotted
Ally Furian spotted Enemy unit at dir: 7
dodge called with dir: 7

dodge
dodge1 dir: 7
dodge or chase commanded dir: 7

dodge or chase commanded dir: 2

dodge or chase commanded dir: 5

warning: action already requested for unit 20
dodge or chase commanded dir: 7

warning: action already requested for unit 20
dodge or chase commanded dir: 1

warning: action already requested for unit 20
dodge or chase commanded dir: 1

warning: action already requested for unit 20
dodge or chase commanded dir: 3

warning: action already requested for unit 20
dodge or chase commanded dir: 4

warning: action already requested for unit 20
dodge or chase commanded dir: 0

warning: action already requested for unit 20
dodge or chase commanded dir: 2

dodge or chase commanded dir: 3

dodge or chase commanded dir: 6

dodge or chase commanded dir: 1

dodge or chase commanded dir: 2

dodge or chase commanded dir: 3

best move (not dodge) commanded

best move (not dodge) commanded

best move (not dodge) commanded

best move (not dodge) commanded

best move (not dodge) commanded

best move (not dodge) commanded

best move (not dodge) commanded

best move (not dodge) commanded

best move (not dodge) commanded

best move (not dodge) commanded

best move (not dodge) commanded

best move (not dodge) commanded

best move (not dodge) commanded

best move (not dodge) commanded

best move (not dodge) commanded

best move (not dodge) commanded

best move (not dodge) commanded

best move (not dodge) commanded

best move (not dodge) commanded

best move (not dodge) commanded

best move (not dodge) commanded

best move (not dodge) commanded

best move (not dodge) commanded

best move (not dodge) commanded

best move (not dodge) commanded

best move (not dodge) commanded

best move (not dodge) commanded

best move (not dodge) commanded

best move (not dodge) commanded

best move (not dodge) commanded

info:     end player 0
info:     start player 1
info:     end player 1
info:     start player 2
info:     end player 2
info:     start player 3
info:     end player 3
info: end round 89
info: start round 90
info:     start player 0

next move down

different unit spotted
different unit spotted
different unit spotted
different unit spotted
different unit spotted
different unit spotted
different unit spotted
different unit spotted
different unit spotted
different unit spotted
different unit spotted
different unit spotted
different unit spotted
different unit spotted
Ally Pioneer spotted Enemy Furyan at dir: 5
dodge called with dir: 1

dodge
dodge1 dir: 1
order placed

next move down

different unit spotted
different unit spotted
different unit spotted

Best move


next move down

different unit spotted
different unit spotted
different unit spotted
different unit spotted
different unit spotted
different unit spotted
different unit spotted

Best move


next move down

different unit spotted
different unit spotted
different unit spotted
different unit spotted

Best move


next move down

different unit spotted
different unit spotted
different unit spotted
different unit spotted
different unit spotted
different unit spotted
different unit spotted
different unit spotted
different unit spotted
different unit spotted
different unit spotted
different unit spotted
different unit spotted
different unit spotted
different unit spotted
different unit spotted
different unit spotted
different unit spotted
different unit spotted
different unit spotted
different unit spotted
different unit spotted
different unit spotted
different unit spotted
different unit spotted
different unit spotted
different unit spotted
different unit spotted

Best move


next move down

different unit spotted
different unit spotted
different unit spotted
different unit spotted
different unit spotted
different unit spotted
different unit spotted
different unit spotted
different unit spotted
different unit spotted
different unit spotted
different unit spotted
different unit spotted
different unit spotted

Best move


next move down

different unit spotted
different unit spotted
different unit spotted
different unit spotted
different unit spotted
different unit spotted
different unit spotted
different unit spotted
different unit spotted
different unit spotted
different unit spotted
different unit spotted

Best move


next move down

different unit spotted
different unit spotted
different unit spotted
different unit spotted
different unit spotted
different unit spotted
Ally Pioneer spotted Enemy Furyan at dir: 1
dodge called with dir: 5

dodge
dodge1 dir: 5
order placed

next move down

different unit spotted
different unit spotted
different unit spotted
different unit spotted
different unit spotted
different unit spotted
different unit spotted
different unit spotted
different unit spotted
different unit spotted
different unit spotted
different unit spotted
different unit spotted
different unit spotted
different unit spotted
different unit spotted
different unit spotted
different unit spotted
different unit spotted
different unit spotted

Best move


next move down

different unit spotted
different unit spotted
different unit spotted
different unit spotted
different unit spotted
different unit spotted
different unit spotted
different unit spotted
different unit spotted
different unit spotted
different unit spotted
different unit spotted
different unit spotted
different unit spotted
different unit spotted
different unit spotted

Best move


next move down

different unit spotted
different unit spotted
different unit spotted
different unit spotted
different unit spotted
different unit spotted
different unit spotted
different unit spotted
different unit spotted
different unit spotted
different unit spotted
different unit spotted
different unit spotted
different unit spotted

Best move


next move down

different unit spotted
different unit spotted
different unit spotted

Best move


next move down

different unit spotted
different unit spotted
different unit spotted
different unit spotted
different unit spotted
different unit spotted
different unit spotted
different unit spotted

Best move


next move down

different unit spotted
different unit spotted
different unit spotted
different unit spotted
different unit spotted
different unit spotted
different unit spotted
different unit spotted
different unit spotted
different unit spotted
different unit spotted
different unit spotted

Best move


next move down

different unit spotted
different unit spotted
different unit spotted
different unit spotted
different unit spotted
different unit spotted
different unit spotted
different unit spotted
different unit spotted
different unit spotted
different unit spotted
different unit spotted
different unit spotted

Best move


next move down

different unit spotted
different unit spotted
different unit spotted
different unit spotted
different unit spotted
different unit spotted
different unit spotted
Ally Pioneer spotted Enemy Furyan at dir: 6
dodge called with dir: 2

dodge
dodge1 dir: 2
order placed

next move down

different unit spotted
different unit spotted
different unit spotted
different unit spotted
different unit spotted
different unit spotted
different unit spotted
different unit spotted
different unit spotted
different unit spotted
different unit spotted
different unit spotted
different unit spotted
different unit spotted

Best move


next move down

different unit spotted
different unit spotted
different unit spotted
different unit spotted
different unit spotted
different unit spotted
different unit spotted
different unit spotted
different unit spotted
different unit spotted

Best move


next move down

different unit spotted
different unit spotted
different unit spotted
different unit spotted
different unit spotted
different unit spotted
different unit spotted
different unit spotted
different unit spotted
different unit spotted
different unit spotted
different unit spotted
different unit spotted

Best move


next move down

different unit spotted
different unit spotted
different unit spotted
different unit spotted
different unit spotted
different unit spotted
different unit spotted
different unit spotted
different unit spotted
different unit spotted
different unit spotted
different unit spotted
different unit spotted
different unit spotted
different unit spotted
different unit spotted
different unit spotted
different unit spotted
different unit spotted

Best move


next move down

different unit spotted
different unit spotted
different unit spotted
different unit spotted
different unit spotted
different unit spotted
different unit spotted

Best move


next move down

different unit spotted
different unit spotted
different unit spotted
different unit spotted
different unit spotted
different unit spotted
different unit spotted
different unit spotted
different unit spotted
different unit spotted
different unit spotted
Ally Pioneer spotted Enemy Furyan at dir: 5
dodge called with dir: 1

dodge
dodge1 dir: 1
order placed

next move down

different unit spotted
different unit spotted
different unit spotted
different unit spotted
different unit spotted
different unit spotted
different unit spotted
different unit spotted
different unit spotted
Hellhound spotted at dir: 5
dodge called with dir: 1

dodge
dodge1 dir: 3
order placed

next move down

different unit spotted
different unit spotted
different unit spotted
different unit spotted
different unit spotted
different unit spotted
different unit spotted
different unit spotted
different unit spotted
different unit spotted
different unit spotted
different unit spotted
different unit spotted
different unit spotted
different unit spotted
different unit spotted
different unit spotted
different unit spotted
different unit spotted
different unit spotted
different unit spotted

Best move


next move down

different unit spotted
different unit spotted
different unit spotted
different unit spotted
different unit spotted
different unit spotted
different unit spotted
different unit spotted
different unit spotted
different unit spotted
different unit spotted
different unit spotted
different unit spotted
different unit spotted

Best move


next move down

different unit spotted
different unit spotted
different unit spotted
different unit spotted
Ally Pioneer spotted Enemy Furyan at dir: 5
dodge called with dir: 1

dodge
dodge1 dir: 3
order placed

next move down

different unit spotted
different unit spotted
different unit spotted
different unit spotted
different unit spotted
different unit spotted

Best move


next move down

different unit spotted
different unit spotted
different unit spotted
different unit spotted
different unit spotted
different unit spotted
different unit spotted
different unit spotted
different unit spotted
different unit spotted
different unit spotted
different unit spotted
different unit spotted
different unit spotted

Best move


next move down

different unit spotted
Ally Pioneer spotted Enemy Furyan at dir: 0
dodge called with dir: 4

dodge
dodge1 dir: 4
order placed

next move down

different unit spotted
different unit spotted
different unit spotted
different unit spotted
different unit spotted
different unit spotted
different unit spotted
different unit spotted

Best move


next move down

different unit spotted
different unit spotted
different unit spotted
different unit spotted
Ally Pioneer spotted Enemy Furyan at dir: 7
dodge called with dir: 3

dodge
dodge1 dir: 0
order placed

next move down

different unit spotted
different unit spotted
different unit spotted
different unit spotted
different unit spotted
different unit spotted
different unit spotted
different unit spotted
different unit spotted
Ally Pioneer spotted Enemy Furyan at dir: 2
dodge called with dir: 6

dodge
dodge1 dir: 6
order placed

next move down

different unit spotted
different unit spotted
different unit spotted
different unit spotted
different unit spotted
different unit spotted
Ally Furian spotted Enemy unit at dir: 2
dodge called with dir: 2

dodge
dodge1 dir: 2

next move down

different unit spotted
Ally Furian spotted Enemy unit at dir: 3
dodge called with dir: 3

next move down

different unit spotted
different unit spotted
Ally Furian spotted Enemy unit at dir: 5
dodge called with dir: 5

next move down

different unit spotted
Ally Furian spotted Enemy unit at dir: 6
dodge called with dir: 6

dodge
dodge1 dir: 2
different unit spotted
different unit spotted
Ally Furian spotted Enemy unit at dir: 5
dodge called with dir: 5

dodge
dodge1 dir: 1
different unit spotted
different unit spotted
different unit spotted
Ally Furian spotted Enemy unit at dir: 7
dodge called with dir: 7

dodge
dodge1 dir: 3
different unit spotted
different unit spotted
different unit spotted
different unit spotted
Ally Furian spotted Enemy unit at dir: 0
dodge called with dir: 0

dodge
dodge1 dir: 4
different unit spotted
different unit spotted
Ally Furian spotted Enemy unit at dir: 4
dodge called with dir: 4

dodge
dodge1 dir: 0
different unit spotted
different unit spotted
Ally Furian spotted Enemy unit at dir: 2
dodge called with dir: 2

dodge
dodge1 dir: 5
different unit spotted
Ally Furian spotted Enemy unit at dir: 1
dodge called with dir: 1

dodge
dodge1 dir: 5
different unit spotted
Ally Furian spotted Enemy unit at dir: 3
dodge called with dir: 3

dodge
dodge1 dir: 7
different unit spotted
Hellhound spotted at dir: 5
dodge called with dir: 1

dodge
dodge1 dir: 1
order placed

next move down

different unit spotted
different unit spotted
Ally Furian spotted Enemy unit at dir: 3
dodge called with dir: 3

next move down

different unit spotted
different unit spotted
different unit spotted
Ally Furian spotted Enemy unit at dir: 3
dodge called with dir: 3

dodge
dodge1 dir: 2

next move down

different unit spotted
different unit spotted
different unit spotted
different unit spotted
different unit spotted
different unit spotted
different unit spotted
different unit spotted
different unit spotted
Ally Furian spotted Enemy unit at dir: 7
dodge called with dir: 7

dodge
dodge1 dir: 7
dodge or chase commanded dir: 3

dodge or chase commanded dir: 3

dodge or chase commanded dir: 0

dodge or chase commanded dir: 1

warning: action already requested for unit 20
dodge or chase commanded dir: 3

dodge or chase commanded dir: 5

warning: action already requested for unit 20
dodge or chase commanded dir: 5

warning: action already requested for unit 20
dodge or chase commanded dir: 7

warning: action already requested for unit 20
dodge or chase commanded dir: 5

dodge or chase commanded dir: 2

warning: action already requested for unit 20
dodge or chase commanded dir: 3

warning: action already requested for unit 20
dodge or chase commanded dir: 4

warning: action already requested for unit 20
dodge or chase commanded dir: 1

warning: action already requested for unit 20
dodge or chase commanded dir: 3

dodge or chase commanded dir: 4

dodge or chase commanded dir: 0

dodge or chase commanded dir: 1

dodge or chase commanded dir: 5

dodge or chase commanded dir: 1

dodge or chase commanded dir: 2

dodge or chase commanded dir: 6

best move (not dodge) commanded

best move (not dodge) commanded

best move (not dodge) commanded

best move (not dodge) commanded

best move (not dodge) commanded

best move (not dodge) commanded

best move (not dodge) commanded

best move (not dodge) commanded

best move (not dodge) commanded

best move (not dodge) commanded

best move (not dodge) commanded

best move (not dodge) commanded

best move (not dodge) commanded

best move (not dodge) commanded

best move (not dodge) commanded

best move (not dodge) commanded

best move (not dodge) commanded

best move (not dodge) commanded

best move (not dodge) commanded

best move (not dodge) commanded

best move (not dodge) commanded

best move (not dodge) commanded

best move (not dodge) commanded

best move (not dodge) commanded

best move (not dodge) commanded

best move (not dodge) commanded

info:     end player 0
info:     start player 1
info:     end player 1
info:     start player 2
info:     end player 2
info:     start player 3
info:     end player 3
info: end round 90
info: start round 91
info:     start player 0

next move down

different unit spotted
different unit spotted
different unit spotted
different unit spotted
different unit spotted
different unit spotted
different unit spotted
different unit spotted
different unit spotted
different unit spotted
different unit spotted

Best move


next move down

different unit spotted
different unit spotted
different unit spotted
different unit spotted

Best move


next move down

different unit spotted
different unit spotted
different unit spotted
different unit spotted
different unit spotted
different unit spotted
different unit spotted
different unit spotted
different unit spotted
different unit spotted

Best move


next move down

different unit spotted
different unit spotted
different unit spotted
different unit spotted
different unit spotted
different unit spotted
different unit spotted
different unit spotted
different unit spotted
different unit spotted
different unit spotted

Best move


get sun distance

get sun distance

next move down

different unit spotted
different unit spotted
different unit spotted
different unit spotted
different unit spotted
different unit spotted
different unit spotted
different unit spotted

Best move


next move down

different unit spotted
different unit spotted
different unit spotted
different unit spotted
different unit spotted
different unit spotted
different unit spotted
different unit spotted
different unit spotted
different unit spotted
different unit spotted
different unit spotted
different unit spotted
different unit spotted
different unit spotted
different unit spotted
different unit spotted
different unit spotted
different unit spotted
different unit spotted
different unit spotted
different unit spotted

Best move


next move down

different unit spotted
different unit spotted
different unit spotted
different unit spotted
different unit spotted
different unit spotted
different unit spotted
different unit spotted
different unit spotted
different unit spotted
different unit spotted
different unit spotted
different unit spotted
different unit spotted
different unit spotted
different unit spotted

Best move


next move down

different unit spotted
different unit spotted
different unit spotted
different unit spotted
different unit spotted
different unit spotted
different unit spotted
different unit spotted
different unit spotted
different unit spotted
different unit spotted
different unit spotted
different unit spotted
different unit spotted
different unit spotted

Best move


next move down

different unit spotted
different unit spotted
different unit spotted
different unit spotted
different unit spotted
different unit spotted
different unit spotted
different unit spotted
different unit spotted
different unit spotted
different unit spotted
different unit spotted
different unit spotted
different unit spotted
different unit spotted
different unit spotted
different unit spotted
different unit spotted
different unit spotted
different unit spotted
different unit spotted
different unit spotted
different unit spotted

Best move


next move down

different unit spotted
different unit spotted
different unit spotted
different unit spotted
different unit spotted
different unit spotted
different unit spotted
different unit spotted
different unit spotted
different unit spotted

Best move


next move down

different unit spotted
different unit spotted
different unit spotted
different unit spotted
different unit spotted
different unit spotted
different unit spotted
different unit spotted
different unit spotted
different unit spotted
different unit spotted
different unit spotted

Best move


next move down

different unit spotted
different unit spotted
different unit spotted
different unit spotted
different unit spotted
different unit spotted
different unit spotted
different unit spotted
different unit spotted
different unit spotted
different unit spotted
different unit spotted
different unit spotted
different unit spotted
different unit spotted
different unit spotted

Best move


next move down

different unit spotted
different unit spotted
different unit spotted
different unit spotted
different unit spotted
different unit spotted
different unit spotted
different unit spotted
different unit spotted
different unit spotted
Ally Pioneer spotted Enemy Furyan at dir: 5
dodge called with dir: 1

dodge
dodge1 dir: 1
order placed

next move down

different unit spotted
different unit spotted

Best move


next move down

different unit spotted
different unit spotted
different unit spotted
different unit spotted
different unit spotted
different unit spotted
different unit spotted

Best move


next move down

different unit spotted
different unit spotted
different unit spotted
different unit spotted
different unit spotted
different unit spotted
different unit spotted
different unit spotted
different unit spotted
different unit spotted
different unit spotted
different unit spotted

Best move


next move down

different unit spotted
different unit spotted
different unit spotted
different unit spotted
different unit spotted
different unit spotted
different unit spotted
different unit spotted
different unit spotted
different unit spotted
different unit spotted
different unit spotted
different unit spotted
different unit spotted
different unit spotted
different unit spotted

Best move


next move down

different unit spotted
different unit spotted
different unit spotted
different unit spotted
different unit spotted
different unit spotted
different unit spotted
different unit spotted
different unit spotted
different unit spotted
different unit spotted
Ally Pioneer spotted Enemy Furyan at dir: 7
dodge called with dir: 3

dodge
dodge1 dir: 3
order placed

next move down

different unit spotted
different unit spotted
different unit spotted
different unit spotted
different unit spotted
different unit spotted
different unit spotted
different unit spotted
different unit spotted
different unit spotted
different unit spotted
different unit spotted
different unit spotted
different unit spotted
different unit spotted
different unit spotted
different unit spotted
different unit spotted
different unit spotted
different unit spotted
different unit spotted

Best move


next move down

different unit spotted
different unit spotted
different unit spotted
different unit spotted
different unit spotted
different unit spotted
different unit spotted
different unit spotted
different unit spotted

Best move


next move down

different unit spotted
different unit spotted
different unit spotted
different unit spotted
different unit spotted
different unit spotted
different unit spotted
different unit spotted
different unit spotted
different unit spotted
different unit spotted
different unit spotted
different unit spotted
different unit spotted
different unit spotted

Best move


next move down

different unit spotted
different unit spotted
different unit spotted
different unit spotted
different unit spotted
different unit spotted
different unit spotted
different unit spotted
different unit spotted
different unit spotted
different unit spotted
different unit spotted
different unit spotted
different unit spotted
different unit spotted
different unit spotted

Best move


next move down

different unit spotted
different unit spotted
different unit spotted
different unit spotted
different unit spotted
different unit spotted
different unit spotted
different unit spotted
different unit spotted
different unit spotted
different unit spotted

Best move


next move down

different unit spotted
different unit spotted
different unit spotted
different unit spotted
different unit spotted
different unit spotted
different unit spotted
different unit spotted
different unit spotted
different unit spotted
different unit spotted
different unit spotted
Ally Pioneer spotted Enemy Furyan at dir: 5
dodge called with dir: 1

dodge
dodge1 dir: 1
order placed

next move down

different unit spotted
different unit spotted
different unit spotted
different unit spotted
different unit spotted
different unit spotted
different unit spotted
Hellhound spotted at dir: 7
dodge called with dir: 3

dodge
dodge1 dir: 2
order placed

next move down

different unit spotted
different unit spotted
different unit spotted
different unit spotted
different unit spotted
different unit spotted
different unit spotted
different unit spotted
different unit spotted
different unit spotted
different unit spotted
different unit spotted
different unit spotted
different unit spotted
different unit spotted
different unit spotted
different unit spotted
different unit spotted
different unit spotted
different unit spotted
different unit spotted

Best move


get sun distance

get sun distance

get sun distance

get sun distance

get sun distance

get sun distance

get sun distance

get sun distance

next move down

different unit spotted
different unit spotted
different unit spotted
different unit spotted
different unit spotted
different unit spotted
different unit spotted
different unit spotted
different unit spotted
different unit spotted
different unit spotted
different unit spotted
different unit spotted
different unit spotted
different unit spotted
different unit spotted

Best move


next move down

different unit spotted
different unit spotted
different unit spotted
different unit spotted
different unit spotted
Ally Pioneer spotted Enemy Furyan at dir: 7
dodge called with dir: 3

dodge
dodge1 dir: 3
order placed

next move down

different unit spotted
different unit spotted
different unit spotted
different unit spotted
different unit spotted
different unit spotted
different unit spotted
different unit spotted

Best move


next move down

different unit spotted
different unit spotted
different unit spotted
different unit spotted
different unit spotted
different unit spotted
different unit spotted
different unit spotted
different unit spotted
different unit spotted
different unit spotted

Best move


next move down

different unit spotted
different unit spotted
Ally Pioneer spotted Enemy Furyan at dir: 1
dodge called with dir: 5

dodge
dodge1 dir: 5
order placed

next move down

different unit spotted
different unit spotted
different unit spotted
different unit spotted
different unit spotted
different unit spotted
different unit spotted
different unit spotted
different unit spotted
different unit spotted

Best move


next move down

different unit spotted
Ally Pioneer spotted Enemy Furyan at dir: 6
dodge called with dir: 2

dodge
dodge1 dir: 0
order placed

next move down

different unit spotted
different unit spotted
different unit spotted
different unit spotted
different unit spotted
different unit spotted
different unit spotted
different unit spotted
different unit spotted
different unit spotted

Best move


next move down

different unit spotted
different unit spotted
different unit spotted
different unit spotted
different unit spotted
different unit spotted
different unit spotted
different unit spotted
different unit spotted
different unit spotted
different unit spotted
different unit spotted
different unit spotted
different unit spotted
different unit spotted
different unit spotted
different unit spotted
different unit spotted
different unit spotted
different unit spotted
different unit spotted
different unit spotted
different unit spotted
Ally Furian spotted Enemy unit at dir: 5
dodge called with dir: 5

dodge
dodge1 dir: 5

next move down

different unit spotted
different unit spotted
different unit spotted
different unit spotted
different unit spotted
different unit spotted
different unit spotted
different unit spotted
different unit spotted
different unit spotted
different unit spotted
different unit spotted
different unit spotted
different unit spotted
different unit spotted
different unit spotted
different unit spotted
different unit spotted
different unit spotted
different unit spotted
different unit spotted
different unit spotted
different unit spotted
different unit spotted
different unit spotted
different unit spotted
different unit spotted
different unit spotted
Ally Furian spotted Enemy unit at dir: 5
dodge called with dir: 5

dodge
dodge1 dir: 5

next move down

different unit spotted
different unit spotted
different unit spotted
different unit spotted
different unit spotted
different unit spotted
Ally Furian spotted Enemy unit at dir: 5
dodge called with dir: 5

dodge
dodge1 dir: 3
different unit spotted
different unit spotted
Ally Furian spotted Enemy unit at dir: 6
dodge called with dir: 6

dodge
dodge1 dir: 3
different unit spotted
Ally Furian spotted Enemy unit at dir: 4
dodge called with dir: 4

dodge
dodge1 dir: 3
different unit spotted
different unit spotted
Ally Furian spotted Enemy unit at dir: 0
dodge called with dir: 0

dodge
dodge1 dir: 4
different unit spotted
Ally Furian spotted Enemy unit at dir: 3
dodge called with dir: 3

dodge
dodge1 dir: 7
different unit spotted
Ally Furian spotted Enemy unit at dir: 2
dodge called with dir: 2

dodge
dodge1 dir: 6
different unit spotted
different unit spotted
different unit spotted
Ally Furian spotted Enemy unit at dir: 1
dodge called with dir: 1

dodge
dodge1 dir: 5
different unit spotted
Ally Furian spotted Enemy unit at dir: 5
dodge called with dir: 5

dodge
dodge1 dir: 3
different unit spotted
Ally Furian spotted Enemy unit at dir: 6
dodge called with dir: 6

dodge
dodge1 dir: 3
different unit spotted
Ally Furian spotted Enemy unit at dir: 7
dodge called with dir: 7

dodge
dodge1 dir: 3
different unit spotted
Ally Furian spotted Enemy unit at dir: 1
dodge called with dir: 1

dodge
dodge1 dir: 5
different unit spotted
Ally Furian spotted Enemy unit at dir: 3
dodge called with dir: 3

dodge
dodge1 dir: 7
different unit spotted
Ally Furian spotted Enemy unit at dir: 2
dodge called with dir: 2

dodge
dodge1 dir: 3

next move down

different unit spotted
Ally Furian spotted Enemy unit at dir: 4
dodge called with dir: 4

dodge
dodge1 dir: 0
different unit spotted
different unit spotted
different unit spotted
different unit spotted
Ally Furian spotted Enemy unit at dir: 5
dodge called with dir: 5

dodge
dodge1 dir: 1
different unit spotted
different unit spotted
different unit spotted
Ally Furian spotted Enemy unit at dir: 3
dodge called with dir: 3

dodge
dodge1 dir: 7
different unit spotted
different unit spotted
different unit spotted
Ally Furian spotted Enemy unit at dir: 6
dodge called with dir: 6

dodge
dodge1 dir: 2
different unit spotted
different unit spotted
Ally Furian spotted Enemy unit at dir: 2
dodge called with dir: 2

dodge
dodge1 dir: 6
different unit spotted
different unit spotted
different unit spotted
different unit spotted
different unit spotted
Ally Furian spotted Enemy unit at dir: 0
dodge called with dir: 0

dodge
dodge1 dir: 3
different unit spotted
Ally Furian spotted Enemy unit at dir: 7
dodge called with dir: 7

dodge
dodge1 dir: 3
different unit spotted
Ally Furian spotted Enemy unit at dir: 1
dodge called with dir: 1

dodge
dodge1 dir: 5
different unit spotted
different unit spotted
Hellhound spotted at dir: 5
dodge called with dir: 1

dodge
dodge1 dir: 1
order placed

next move down

different unit spotted
different unit spotted
different unit spotted
different unit spotted
different unit spotted
different unit spotted
different unit spotted
different unit spotted
different unit spotted
different unit spotted
different unit spotted
different unit spotted
different unit spotted
Ally Furian spotted Enemy unit at dir: 3
dodge called with dir: 3

dodge
dodge1 dir: 3

next move down

different unit spotted
different unit spotted
different unit spotted
different unit spotted
Ally Furian spotted Enemy unit at dir: 2
dodge called with dir: 2

dodge
dodge1 dir: 1

next move down

different unit spotted
Ally Furian spotted Enemy unit at dir: 7
dodge called with dir: 7
dodge or chase commanded dir: 2

dodge or chase commanded dir: 0

dodge or chase commanded dir: 3

warning: action already requested for unit 20
dodge or chase commanded dir: 7

dodge or chase commanded dir: 5

warning: action already requested for unit 20
dodge or chase commanded dir: 1

warning: action already requested for unit 20
dodge or chase commanded dir: 1

warning: action already requested for unit 20
dodge or chase commanded dir: 7

warning: action already requested for unit 20
dodge or chase commanded dir: 6

warning: action already requested for unit 20
dodge or chase commanded dir: 3

warning: action already requested for unit 20
dodge or chase commanded dir: 2

warning: action already requested for unit 20
dodge or chase commanded dir: 5

dodge or chase commanded dir: 3

dodge or chase commanded dir: 1

dodge or chase commanded dir: 1

dodge or chase commanded dir: 3

dodge or chase commanded dir: 0

best move (not dodge) commanded

best move (not dodge) commanded

best move (not dodge) commanded

best move (not dodge) commanded

best move (not dodge) commanded

warning: action already requested for unit 3
best move (not dodge) commanded

warning: action already requested for unit 3
best move (not dodge) commanded

warning: action already requested for unit 3
best move (not dodge) commanded

warning: action already requested for unit 3
best move (not dodge) commanded

warning: action already requested for unit 3
best move (not dodge) commanded

warning: action already requested for unit 3
best move (not dodge) commanded

warning: action already requested for unit 3
best move (not dodge) commanded

warning: action already requested for unit 3
best move (not dodge) commanded

warning: action already requested for unit 3
best move (not dodge) commanded

best move (not dodge) commanded

best move (not dodge) commanded

best move (not dodge) commanded

best move (not dodge) commanded

best move (not dodge) commanded

best move (not dodge) commanded

best move (not dodge) commanded

best move (not dodge) commanded

warning: action already requested for unit 3
best move (not dodge) commanded

best move (not dodge) commanded

best move (not dodge) commanded

best move (not dodge) commanded

warning: action already requested for unit 3
best move (not dodge) commanded

best move (not dodge) commanded

best move (not dodge) commanded

best move (not dodge) commanded

warning: action already requested for unit 3
best move (not dodge) commanded

best move (not dodge) commanded

best move (not dodge) commanded

best move (not dodge) commanded

best move (not dodge) commanded

best move (not dodge) commanded

best move (not dodge) commanded

best move (not dodge) commanded

best move (not dodge) commanded

best move (not dodge) commanded

best move (not dodge) commanded

best move (not dodge) commanded

best move (not dodge) commanded

best move (not dodge) commanded

info:     end player 0
info:     start player 1
info:     end player 1
info:     start player 2
info:     end player 2
info:     start player 3
info:     end player 3
info: end round 91
info: start round 92
info:     start player 0

next move down

different unit spotted
different unit spotted
different unit spotted
different unit spotted
different unit spotted
different unit spotted
different unit spotted
different unit spotted
different unit spotted
different unit spotted
different unit spotted

Best move


next move down

different unit spotted
different unit spotted
different unit spotted

Best move


next move down

different unit spotted
different unit spotted
different unit spotted
different unit spotted
different unit spotted
different unit spotted
different unit spotted
different unit spotted
different unit spotted
different unit spotted

Best move


next move down

different unit spotted
different unit spotted
different unit spotted
different unit spotted
different unit spotted
different unit spotted
different unit spotted

Best move


next move down

different unit spotted
different unit spotted
different unit spotted
different unit spotted
different unit spotted

Best move


next move down

different unit spotted
different unit spotted
different unit spotted
different unit spotted
different unit spotted
different unit spotted
different unit spotted
different unit spotted
different unit spotted
different unit spotted
different unit spotted
different unit spotted
different unit spotted
different unit spotted
different unit spotted
different unit spotted
different unit spotted
different unit spotted
different unit spotted
different unit spotted
different unit spotted
different unit spotted

Best move


next move down

different unit spotted
different unit spotted
different unit spotted
different unit spotted
different unit spotted
different unit spotted
different unit spotted
different unit spotted
different unit spotted
different unit spotted
different unit spotted
different unit spotted
different unit spotted

Best move


next move down

different unit spotted
different unit spotted
different unit spotted
different unit spotted
different unit spotted
different unit spotted
different unit spotted
different unit spotted
different unit spotted
different unit spotted
different unit spotted
different unit spotted
different unit spotted
different unit spotted
different unit spotted
different unit spotted

Best move


next move down

different unit spotted
different unit spotted
different unit spotted
different unit spotted
different unit spotted
different unit spotted
different unit spotted
different unit spotted
different unit spotted
different unit spotted
different unit spotted
different unit spotted
different unit spotted
different unit spotted
different unit spotted
different unit spotted

Best move


next move down

different unit spotted
different unit spotted
different unit spotted
different unit spotted
different unit spotted
different unit spotted
different unit spotted
different unit spotted
different unit spotted

Best move


next move down

different unit spotted
different unit spotted
different unit spotted
different unit spotted
different unit spotted
different unit spotted
different unit spotted
different unit spotted
different unit spotted
different unit spotted
different unit spotted
different unit spotted
different unit spotted

Best move


next move down

different unit spotted
different unit spotted
different unit spotted
different unit spotted
different unit spotted
different unit spotted
different unit spotted
different unit spotted
different unit spotted
different unit spotted
different unit spotted
different unit spotted
different unit spotted

Best move


next move down

different unit spotted
different unit spotted
different unit spotted
different unit spotted
different unit spotted
different unit spotted
different unit spotted
different unit spotted
different unit spotted
different unit spotted
different unit spotted
Ally Pioneer spotted Enemy Furyan at dir: 5
dodge called with dir: 1

dodge
dodge1 dir: 1
order placed

next move down

different unit spotted
different unit spotted
different unit spotted

Best move


next move down

different unit spotted
different unit spotted
different unit spotted
different unit spotted
different unit spotted

Best move


next move down

different unit spotted
different unit spotted
different unit spotted
different unit spotted
different unit spotted
different unit spotted
different unit spotted
different unit spotted
different unit spotted
different unit spotted
different unit spotted
different unit spotted
different unit spotted
different unit spotted
different unit spotted

Best move


next move down

different unit spotted
different unit spotted
different unit spotted
different unit spotted
different unit spotted
different unit spotted
different unit spotted
different unit spotted
different unit spotted
different unit spotted
different unit spotted
different unit spotted
different unit spotted
different unit spotted
different unit spotted
different unit spotted

Best move


next move down

different unit spotted
different unit spotted
different unit spotted
different unit spotted
different unit spotted
different unit spotted
different unit spotted
different unit spotted
different unit spotted
Ally Pioneer spotted Enemy Furyan at dir: 7
dodge called with dir: 3

dodge
dodge1 dir: 3
order placed

next move down

different unit spotted
different unit spotted
different unit spotted
different unit spotted
different unit spotted
different unit spotted
different unit spotted
different unit spotted
different unit spotted
different unit spotted
different unit spotted
different unit spotted
different unit spotted
different unit spotted
different unit spotted
different unit spotted
different unit spotted
Ally Pioneer spotted Enemy Furyan at dir: 5
dodge called with dir: 1

dodge
dodge1 dir: 0
order placed

next move down

different unit spotted
different unit spotted
different unit spotted
different unit spotted
different unit spotted
different unit spotted
different unit spotted
different unit spotted
different unit spotted
different unit spotted
different unit spotted
different unit spotted
different unit spotted
different unit spotted

Best move


next move down

different unit spotted
different unit spotted
different unit spotted
different unit spotted
different unit spotted
different unit spotted
different unit spotted
different unit spotted
different unit spotted
different unit spotted
different unit spotted
different unit spotted
different unit spotted
different unit spotted
different unit spotted
different unit spotted
different unit spotted

Best move


next move down

different unit spotted
different unit spotted
different unit spotted
different unit spotted
different unit spotted
different unit spotted
different unit spotted
different unit spotted
different unit spotted
different unit spotted
different unit spotted
different unit spotted
different unit spotted
different unit spotted

Best move


next move down

different unit spotted
different unit spotted
different unit spotted
different unit spotted
different unit spotted
different unit spotted

Best move


next move down

different unit spotted
different unit spotted
different unit spotted
different unit spotted
different unit spotted
different unit spotted
different unit spotted
different unit spotted
different unit spotted
different unit spotted
different unit spotted
different unit spotted
different unit spotted
different unit spotted
different unit spotted
different unit spotted
different unit spotted
different unit spotted
different unit spotted
different unit spotted

Best move


next move down

different unit spotted
different unit spotted
different unit spotted
different unit spotted
different unit spotted
different unit spotted
Hellhound spotted at dir: 7
dodge called with dir: 3

dodge
dodge1 dir: 3
order placed

next move down

different unit spotted
different unit spotted
different unit spotted
different unit spotted
different unit spotted
different unit spotted
different unit spotted
different unit spotted
different unit spotted
different unit spotted
different unit spotted
different unit spotted
different unit spotted
different unit spotted
different unit spotted
different unit spotted
different unit spotted
different unit spotted

Best move


next move down

different unit spotted
different unit spotted
different unit spotted
different unit spotted
different unit spotted
different unit spotted
different unit spotted
different unit spotted
different unit spotted
different unit spotted
different unit spotted
different unit spotted
different unit spotted

Best move


next move down

different unit spotted
different unit spotted
different unit spotted
different unit spotted
different unit spotted
different unit spotted
different unit spotted
different unit spotted
different unit spotted

Best move


next move down

different unit spotted
different unit spotted
different unit spotted
different unit spotted
different unit spotted
different unit spotted
different unit spotted
different unit spotted
different unit spotted
different unit spotted
different unit spotted
different unit spotted
different unit spotted
different unit spotted
different unit spotted
different unit spotted

Best move


next move down

different unit spotted
different unit spotted
different unit spotted
different unit spotted
different unit spotted
different unit spotted
different unit spotted
different unit spotted
different unit spotted
different unit spotted
different unit spotted

Best move


next move down

different unit spotted
different unit spotted
different unit spotted
different unit spotted
different unit spotted
Ally Pioneer spotted Enemy Furyan at dir: 1
dodge called with dir: 5

dodge
dodge1 dir: 5
order placed

next move down

different unit spotted
different unit spotted
different unit spotted
different unit spotted
different unit spotted
different unit spotted
different unit spotted
different unit spotted
different unit spotted
different unit spotted
different unit spotted

Best move


next move down

different unit spotted
Ally Pioneer spotted Enemy Furyan at dir: 5
dodge called with dir: 1

dodge
dodge1 dir: 1
order placed

next move down

different unit spotted
different unit spotted
different unit spotted
different unit spotted
different unit spotted
different unit spotted
different unit spotted

Best move


next move down

different unit spotted
different unit spotted
different unit spotted
different unit spotted
different unit spotted
different unit spotted
different unit spotted
different unit spotted
different unit spotted
different unit spotted
different unit spotted
different unit spotted
different unit spotted
different unit spotted
different unit spotted
different unit spotted
different unit spotted
different unit spotted
different unit spotted
different unit spotted
different unit spotted
different unit spotted
different unit spotted
Ally Furian spotted Enemy unit at dir: 7
dodge called with dir: 7

dodge
dodge1 dir: 6

next move down

different unit spotted
different unit spotted
different unit spotted
different unit spotted
different unit spotted
different unit spotted
different unit spotted
different unit spotted
different unit spotted
different unit spotted
different unit spotted
different unit spotted
different unit spotted
different unit spotted
different unit spotted
different unit spotted
different unit spotted
different unit spotted
different unit spotted
different unit spotted
different unit spotted
different unit spotted
different unit spotted
Ally Furian spotted Enemy unit at dir: 7
dodge called with dir: 7

dodge
dodge1 dir: 7

next move down

different unit spotted
different unit spotted
Ally Furian spotted Enemy unit at dir: 4
dodge called with dir: 4

dodge
dodge1 dir: 1
different unit spotted
different unit spotted
Ally Furian spotted Enemy unit at dir: 5
dodge called with dir: 5

dodge
dodge1 dir: 1
different unit spotted
different unit spotted
different unit spotted
Ally Furian spotted Enemy unit at dir: 3
dodge called with dir: 3

dodge
dodge1 dir: 5
different unit spotted
Ally Furian spotted Enemy unit at dir: 6
dodge called with dir: 6

dodge
dodge1 dir: 1
different unit spotted
Ally Furian spotted Enemy unit at dir: 2
dodge called with dir: 2

dodge
dodge1 dir: 5
different unit spotted
Ally Furian spotted Enemy unit at dir: 5
dodge called with dir: 5

dodge
dodge1 dir: 1
different unit spotted
Ally Furian spotted Enemy unit at dir: 0
dodge called with dir: 0

dodge
dodge1 dir: 4
different unit spotted
Ally Furian spotted Enemy unit at dir: 7
dodge called with dir: 7

dodge
dodge1 dir: 3
different unit spotted
Ally Furian spotted Enemy unit at dir: 1
dodge called with dir: 1

dodge
dodge1 dir: 5
different unit spotted
Ally Furian spotted Enemy unit at dir: 6
dodge called with dir: 6

dodge
dodge1 dir: 1
different unit spotted
different unit spotted
different unit spotted
different unit spotted
Ally Furian spotted Enemy unit at dir: 4
dodge called with dir: 4

dodge
dodge1 dir: 1
different unit spotted
Ally Furian spotted Enemy unit at dir: 7
dodge called with dir: 7

dodge
dodge1 dir: 3
different unit spotted
different unit spotted
Ally Furian spotted Enemy unit at dir: 3
dodge called with dir: 3

dodge
dodge1 dir: 5
different unit spotted
different unit spotted
different unit spotted
different unit spotted
Ally Furian spotted Enemy unit at dir: 2
dodge called with dir: 2

dodge
dodge1 dir: 1

next move down

different unit spotted
Ally Furian spotted Enemy unit at dir: 4
dodge called with dir: 4

dodge
dodge1 dir: 0
different unit spotted
different unit spotted
different unit spotted
Ally Furian spotted Enemy unit at dir: 5
dodge called with dir: 5

dodge
dodge1 dir: 1
different unit spotted
different unit spotted
different unit spotted
Ally Furian spotted Enemy unit at dir: 3
dodge called with dir: 3

dodge
dodge1 dir: 7
different unit spotted
different unit spotted
Ally Furian spotted Enemy unit at dir: 6
dodge called with dir: 6

dodge
dodge1 dir: 2
different unit spotted
different unit spotted
Ally Furian spotted Enemy unit at dir: 2
dodge called with dir: 2

dodge
dodge1 dir: 6
different unit spotted
different unit spotted
different unit spotted
different unit spotted
different unit spotted
Ally Furian spotted Enemy unit at dir: 0
dodge called with dir: 0

dodge
dodge1 dir: 3
different unit spotted
Ally Furian spotted Enemy unit at dir: 7
dodge called with dir: 7

dodge
dodge1 dir: 3
different unit spotted
Ally Furian spotted Enemy unit at dir: 1
dodge called with dir: 1

dodge
dodge1 dir: 5
different unit spotted
Hellhound spotted at dir: 5
dodge called with dir: 1

dodge
dodge1 dir: 1
order placed

next move down

different unit spotted
different unit spotted
different unit spotted
different unit spotted
different unit spotted
different unit spotted
different unit spotted
different unit spotted
different unit spotted
Ally Furian spotted Enemy unit at dir: 2
dodge called with dir: 2

dodge
dodge1 dir: 2

next move down

different unit spotted
Ally Furian spotted Enemy unit at dir: 3
dodge called with dir: 3

next move down

different unit spotted
different unit spotted
different unit spotted
different unit spotted
different unit spotted
different unit spotted
different unit spotted
different unit spotted
Ally Furian spotted Enemy unit at dir: 7
dodge called with dir: 7

dodge
dodge1 dir: 7
dodge or chase commanded dir: 3

dodge or chase commanded dir: 0

dodge or chase commanded dir: 3

warning: action already requested for unit 20
dodge or chase commanded dir: 3

dodge or chase commanded dir: 3

warning: action already requested for unit 20
dodge or chase commanded dir: 5

warning: action already requested for unit 20
dodge or chase commanded dir: 1

warning: action already requested for unit 20
dodge or chase commanded dir: 1

warning: action already requested for unit 20
dodge or chase commanded dir: 7

warning: action already requested for unit 20
dodge or chase commanded dir: 2

warning: action already requested for unit 20
dodge or chase commanded dir: 6

warning: action already requested for unit 20
dodge or chase commanded dir: 5

dodge or chase commanded dir: 1

dodge or chase commanded dir: 3

dodge or chase commanded dir: 0

dodge or chase commanded dir: 1

best move (not dodge) commanded

best move (not dodge) commanded

best move (not dodge) commanded

best move (not dodge) commanded

best move (not dodge) commanded

best move (not dodge) commanded

warning: action already requested for unit 3
best move (not dodge) commanded

warning: action already requested for unit 3
best move (not dodge) commanded

warning: action already requested for unit 3
best move (not dodge) commanded

warning: action already requested for unit 3
best move (not dodge) commanded

warning: action already requested for unit 3
best move (not dodge) commanded

warning: action already requested for unit 3
best move (not dodge) commanded

warning: action already requested for unit 3
best move (not dodge) commanded

warning: action already requested for unit 3
best move (not dodge) commanded

warning: action already requested for unit 3
best move (not dodge) commanded

warning: action already requested for unit 3
best move (not dodge) commanded

best move (not dodge) commanded

warning: action already requested for unit 3
best move (not dodge) commanded

best move (not dodge) commanded

best move (not dodge) commanded

best move (not dodge) commanded

best move (not dodge) commanded

best move (not dodge) commanded

best move (not dodge) commanded

best move (not dodge) commanded

best move (not dodge) commanded

best move (not dodge) commanded

best move (not dodge) commanded

warning: action already requested for unit 3
best move (not dodge) commanded

best move (not dodge) commanded

best move (not dodge) commanded

best move (not dodge) commanded

warning: action already requested for unit 3
best move (not dodge) commanded

best move (not dodge) commanded

best move (not dodge) commanded

best move (not dodge) commanded

best move (not dodge) commanded

best move (not dodge) commanded

best move (not dodge) commanded

best move (not dodge) commanded

best move (not dodge) commanded

best move (not dodge) commanded

best move (not dodge) commanded

best move (not dodge) commanded

best move (not dodge) commanded

best move (not dodge) commanded

info:     end player 0
info:     start player 1
info:     end player 1
info:     start player 2
info:     end player 2
info:     start player 3
info:     end player 3
info: end round 92
info: start round 93
info:     start player 0

next move down

different unit spotted
different unit spotted
different unit spotted
different unit spotted
different unit spotted
Ally Pioneer spotted Enemy Furyan at dir: 7
dodge called with dir: 3

dodge
dodge1 dir: 3
order placed

next move down

different unit spotted
different unit spotted
different unit spotted
different unit spotted

Best move


next move down

different unit spotted
different unit spotted
different unit spotted
different unit spotted
different unit spotted
different unit spotted
different unit spotted
different unit spotted
different unit spotted
different unit spotted

Best move


next move down

different unit spotted
different unit spotted
different unit spotted
different unit spotted
different unit spotted
different unit spotted
different unit spotted
different unit spotted

Best move


next move down

different unit spotted
different unit spotted
different unit spotted
different unit spotted
different unit spotted
different unit spotted
different unit spotted

Best move


next move down

different unit spotted
different unit spotted
different unit spotted
different unit spotted
different unit spotted
different unit spotted
different unit spotted
different unit spotted
different unit spotted
different unit spotted
different unit spotted
different unit spotted
different unit spotted
different unit spotted
different unit spotted
different unit spotted
different unit spotted
different unit spotted
different unit spotted
different unit spotted

Best move


next move down

different unit spotted
different unit spotted
different unit spotted
different unit spotted
different unit spotted
different unit spotted
different unit spotted
different unit spotted
different unit spotted
different unit spotted
different unit spotted
different unit spotted
different unit spotted
different unit spotted
different unit spotted
different unit spotted

Best move


next move down

different unit spotted
different unit spotted
different unit spotted
different unit spotted
different unit spotted
different unit spotted
different unit spotted
different unit spotted
different unit spotted
different unit spotted
different unit spotted
Ally Pioneer spotted Enemy Furyan at dir: 7
dodge called with dir: 3

dodge
dodge1 dir: 3
order placed

next move down

different unit spotted
different unit spotted
different unit spotted
different unit spotted
different unit spotted
different unit spotted
different unit spotted
different unit spotted
different unit spotted
different unit spotted
different unit spotted
different unit spotted
different unit spotted
different unit spotted
different unit spotted
different unit spotted
different unit spotted

Best move


next move down

different unit spotted
different unit spotted
different unit spotted
different unit spotted
different unit spotted

Best move


next move down

different unit spotted
different unit spotted
different unit spotted
different unit spotted
different unit spotted
different unit spotted
different unit spotted
different unit spotted
different unit spotted

Best move


get sun distance

get sun distance

get sun distance

get sun distance

get sun distance

get sun distance

get sun distance

get sun distance

next move down

different unit spotted
different unit spotted
different unit spotted
different unit spotted
different unit spotted
different unit spotted
different unit spotted
different unit spotted
different unit spotted
different unit spotted
different unit spotted
different unit spotted
different unit spotted
different unit spotted
different unit spotted
different unit spotted

Best move


next move down

different unit spotted
different unit spotted
different unit spotted
different unit spotted
different unit spotted
different unit spotted
different unit spotted
different unit spotted
different unit spotted
different unit spotted
different unit spotted
different unit spotted
different unit spotted
different unit spotted
different unit spotted
different unit spotted
different unit spotted
different unit spotted
different unit spotted

Best move


next move down

different unit spotted
different unit spotted

Best move


next move down

different unit spotted
different unit spotted
different unit spotted
different unit spotted
different unit spotted
different unit spotted

Best move


next move down

different unit spotted
different unit spotted
different unit spotted
different unit spotted
different unit spotted
different unit spotted
different unit spotted
different unit spotted
different unit spotted
different unit spotted
different unit spotted
different unit spotted
different unit spotted
different unit spotted
different unit spotted

Best move


next move down

different unit spotted
different unit spotted
different unit spotted
different unit spotted
different unit spotted
different unit spotted
different unit spotted
different unit spotted
different unit spotted
different unit spotted
different unit spotted
different unit spotted
different unit spotted
different unit spotted
different unit spotted

Best move


next move down

different unit spotted
different unit spotted
different unit spotted
Ally Pioneer spotted Enemy Furyan at dir: 7
dodge called with dir: 3

dodge
order placed

next move down

different unit spotted
different unit spotted
different unit spotted
different unit spotted
different unit spotted
different unit spotted
different unit spotted
different unit spotted
different unit spotted
different unit spotted
different unit spotted
different unit spotted
Ally Pioneer spotted Enemy Furyan at dir: 5
dodge called with dir: 1

dodge
dodge1 dir: 1
order placed

next move down

different unit spotted
different unit spotted
different unit spotted
different unit spotted
different unit spotted
different unit spotted
different unit spotted
different unit spotted
different unit spotted
different unit spotted
different unit spotted
different unit spotted
different unit spotted
different unit spotted
different unit spotted
different unit spotted

Best move


next move down

different unit spotted
different unit spotted
different unit spotted
different unit spotted
different unit spotted
different unit spotted
different unit spotted
different unit spotted
different unit spotted
different unit spotted
Ally Pioneer spotted Enemy Furyan at dir: 3
dodge called with dir: 7

dodge
dodge1 dir: 7
order placed

next move down

different unit spotted
different unit spotted
different unit spotted
different unit spotted
different unit spotted
different unit spotted
different unit spotted
different unit spotted
different unit spotted

Best move


next move down

different unit spotted
different unit spotted
different unit spotted
different unit spotted
different unit spotted
different unit spotted
different unit spotted
different unit spotted

Best move


next move down

different unit spotted
different unit spotted
different unit spotted
different unit spotted
different unit spotted
different unit spotted
different unit spotted
different unit spotted
different unit spotted
Ally Pioneer spotted Enemy Furyan at dir: 1
dodge called with dir: 5

dodge
dodge1 dir: 5
order placed

next move down

different unit spotted
different unit spotted
different unit spotted
different unit spotted
different unit spotted
different unit spotted
different unit spotted
Hellhound spotted at dir: 7
dodge called with dir: 3

dodge
dodge1 dir: 2
order placed

next move down

different unit spotted
different unit spotted
different unit spotted
different unit spotted
different unit spotted
different unit spotted
different unit spotted
different unit spotted
different unit spotted
different unit spotted
different unit spotted
different unit spotted
different unit spotted
different unit spotted
different unit spotted
different unit spotted
different unit spotted
different unit spotted
different unit spotted
different unit spotted
different unit spotted
different unit spotted
different unit spotted
different unit spotted

Best move


next move down

different unit spotted
different unit spotted
different unit spotted
different unit spotted
different unit spotted
different unit spotted
different unit spotted
different unit spotted
different unit spotted
different unit spotted
different unit spotted
different unit spotted
different unit spotted
different unit spotted
different unit spotted
different unit spotted

Best move


next move down

different unit spotted
different unit spotted
different unit spotted
different unit spotted
different unit spotted
different unit spotted
Ally Pioneer spotted Enemy Furyan at dir: 7
dodge called with dir: 3

dodge
dodge1 dir: 2
order placed

next move down

different unit spotted
different unit spotted
different unit spotted
different unit spotted
different unit spotted
different unit spotted
different unit spotted
different unit spotted
different unit spotted
different unit spotted
different unit spotted
different unit spotted
different unit spotted
different unit spotted
different unit spotted
different unit spotted
different unit spotted
different unit spotted
different unit spotted
different unit spotted

Best move


next move down

different unit spotted
different unit spotted
different unit spotted
different unit spotted
different unit spotted

Best move


next move down

different unit spotted
different unit spotted
different unit spotted
different unit spotted
different unit spotted
Ally Pioneer spotted Enemy Furyan at dir: 1
dodge called with dir: 5

dodge
dodge1 dir: 4
order placed

next move down

different unit spotted
different unit spotted
different unit spotted
different unit spotted
different unit spotted
different unit spotted
different unit spotted
different unit spotted
different unit spotted
different unit spotted
different unit spotted
different unit spotted
different unit spotted
different unit spotted

Best move


next move down

different unit spotted
different unit spotted
different unit spotted
different unit spotted
different unit spotted

Best move


next move down

different unit spotted
different unit spotted
different unit spotted
different unit spotted
different unit spotted
different unit spotted
different unit spotted
different unit spotted
different unit spotted
different unit spotted
different unit spotted
different unit spotted
different unit spotted
different unit spotted
different unit spotted
different unit spotted
different unit spotted
different unit spotted
different unit spotted
different unit spotted
Ally Furian spotted Enemy unit at dir: 6
dodge called with dir: 6

dodge
dodge1 dir: 5

next move down

different unit spotted
different unit spotted
different unit spotted
different unit spotted
different unit spotted
different unit spotted
different unit spotted
different unit spotted
different unit spotted
different unit spotted
different unit spotted
different unit spotted
different unit spotted
different unit spotted
different unit spotted
different unit spotted
different unit spotted
different unit spotted
different unit spotted
different unit spotted
Ally Furian spotted Enemy unit at dir: 6
dodge called with dir: 6

dodge
dodge1 dir: 5

next move down

different unit spotted
Ally Furian spotted Enemy unit at dir: 4
dodge called with dir: 4

dodge
dodge1 dir: 3
different unit spotted
different unit spotted
different unit spotted
Ally Furian spotted Enemy unit at dir: 3
dodge called with dir: 3

dodge
dodge1 dir: 7
different unit spotted
Ally Furian spotted Enemy unit at dir: 6
dodge called with dir: 6

dodge
dodge1 dir: 3
different unit spotted
different unit spotted
different unit spotted
Ally Furian spotted Enemy unit at dir: 2
dodge called with dir: 2

dodge
dodge1 dir: 6
different unit spotted
different unit spotted
different unit spotted
Ally Furian spotted Enemy unit at dir: 0
dodge called with dir: 0

dodge
dodge1 dir: 3
different unit spotted
different unit spotted
Ally Furian spotted Enemy unit at dir: 7
dodge called with dir: 7

dodge
dodge1 dir: 3
different unit spotted
Ally Furian spotted Enemy unit at dir: 1
dodge called with dir: 1

dodge
dodge1 dir: 5
different unit spotted
different unit spotted
Ally Furian spotted Enemy unit at dir: 5
dodge called with dir: 5

dodge
dodge1 dir: 3
different unit spotted
different unit spotted
Ally Furian spotted Enemy unit at dir: 6
dodge called with dir: 6

dodge
dodge1 dir: 3
different unit spotted
Ally Furian spotted Enemy unit at dir: 4
dodge called with dir: 4

dodge
dodge1 dir: 3
different unit spotted
different unit spotted
different unit spotted
different unit spotted
Ally Furian spotted Enemy unit at dir: 7
dodge called with dir: 7

dodge
dodge1 dir: 3
different unit spotted
Ally Furian spotted Enemy unit at dir: 3
dodge called with dir: 3

dodge
dodge1 dir: 7
different unit spotted
Ally Furian spotted Enemy unit at dir: 1
dodge called with dir: 1

dodge
dodge1 dir: 5
different unit spotted
Ally Furian spotted Enemy unit at dir: 5
dodge called with dir: 5

dodge
dodge1 dir: 5

next move down

different unit spotted
Ally Furian spotted Enemy unit at dir: 4
dodge called with dir: 4

dodge
dodge1 dir: 0
different unit spotted
different unit spotted
different unit spotted
Ally Furian spotted Enemy unit at dir: 5
dodge called with dir: 5

dodge
dodge1 dir: 1
different unit spotted
different unit spotted
different unit spotted
Ally Furian spotted Enemy unit at dir: 3
dodge called with dir: 3

dodge
dodge1 dir: 7
different unit spotted
different unit spotted
Ally Furian spotted Enemy unit at dir: 6
dodge called with dir: 6

dodge
dodge1 dir: 2
different unit spotted
different unit spotted
Ally Furian spotted Enemy unit at dir: 2
dodge called with dir: 2

dodge
dodge1 dir: 6
different unit spotted
different unit spotted
different unit spotted
Ally Furian spotted Enemy unit at dir: 0
dodge called with dir: 0

dodge
dodge1 dir: 3
different unit spotted
Hellhound spotted at dir: 5
dodge called with dir: 1

dodge
dodge1 dir: 1
order placed

next move down

different unit spotted
different unit spotted
different unit spotted
different unit spotted
Ally Furian spotted Enemy unit at dir: 3
dodge called with dir: 3

dodge
dodge1 dir: 4

next move down

different unit spotted
different unit spotted
different unit spotted
different unit spotted
different unit spotted
different unit spotted
different unit spotted
Ally Furian spotted Enemy unit at dir: 3
dodge called with dir: 3

dodge
dodge1 dir: 3

next move down

different unit spotted
Ally Furian spotted Enemy unit at dir: 6
dodge called with dir: 6
dodge or chase commanded dir: 2

dodge or chase commanded dir: 0

dodge or chase commanded dir: 1

warning: action already requested for unit 20
dodge or chase commanded dir: 6

dodge or chase commanded dir: 1

warning: action already requested for unit 20
dodge or chase commanded dir: 7

warning: action already requested for unit 20
dodge or chase commanded dir: 6

warning: action already requested for unit 20
dodge or chase commanded dir: 3

warning: action already requested for unit 20
dodge or chase commanded dir: 2

warning: action already requested for unit 20
dodge or chase commanded dir: 3

dodge or chase commanded dir: 3

warning: action already requested for unit 3
dodge or chase commanded dir: 3

warning: action already requested for unit 3
dodge or chase commanded dir: 5

warning: action already requested for unit 3
dodge or chase commanded dir: 7

warning: action already requested for unit 3
dodge or chase commanded dir: 3

warning: action already requested for unit 3
dodge or chase commanded dir: 6

warning: action already requested for unit 3
dodge or chase commanded dir: 4

dodge or chase commanded dir: 2

dodge or chase commanded dir: 3

dodge or chase commanded dir: 5

dodge or chase commanded dir: 7

dodge or chase commanded dir: 3

dodge or chase commanded dir: 10

dodge or chase commanded dir: 1

best move (not dodge) commanded

best move (not dodge) commanded

best move (not dodge) commanded

warning: action already requested for unit 3
best move (not dodge) commanded

best move (not dodge) commanded

best move (not dodge) commanded

best move (not dodge) commanded

best move (not dodge) commanded

best move (not dodge) commanded

best move (not dodge) commanded

best move (not dodge) commanded

best move (not dodge) commanded

best move (not dodge) commanded

best move (not dodge) commanded

best move (not dodge) commanded

warning: action already requested for unit 3
best move (not dodge) commanded

best move (not dodge) commanded

best move (not dodge) commanded

best move (not dodge) commanded

best move (not dodge) commanded

best move (not dodge) commanded

warning: action already requested for unit 3
best move (not dodge) commanded

warning: action already requested for unit 3
best move (not dodge) commanded

best move (not dodge) commanded

best move (not dodge) commanded

best move (not dodge) commanded

best move (not dodge) commanded

best move (not dodge) commanded

warning: action already requested for unit 3
best move (not dodge) commanded

warning: action already requested for unit 3
best move (not dodge) commanded

best move (not dodge) commanded

best move (not dodge) commanded

best move (not dodge) commanded

best move (not dodge) commanded

best move (not dodge) commanded

warning: action already requested for unit 3
info:     end player 0
info:     start player 1
info:     end player 1
info:     start player 2
info:     end player 2
info:     start player 3
info:     end player 3
info: end round 93
info: start round 94
info:     start player 0

next move down

different unit spotted
different unit spotted
different unit spotted
different unit spotted
different unit spotted
different unit spotted
different unit spotted
different unit spotted
Ally Pioneer spotted Enemy Furyan at dir: 7
dodge called with dir: 3

dodge
dodge1 dir: 1
order placed

next move down

different unit spotted
different unit spotted
different unit spotted
different unit spotted

Best move


next move down

different unit spotted
different unit spotted
different unit spotted
different unit spotted
different unit spotted
different unit spotted
different unit spotted
different unit spotted
different unit spotted
different unit spotted
different unit spotted
different unit spotted
different unit spotted
different unit spotted

Best move


next move down

different unit spotted
different unit spotted
different unit spotted
different unit spotted
different unit spotted
different unit spotted
different unit spotted
different unit spotted
different unit spotted
different unit spotted

Best move


next move down

different unit spotted
different unit spotted
different unit spotted
different unit spotted
different unit spotted
different unit spotted
different unit spotted
different unit spotted

Best move


next move down

different unit spotted
different unit spotted
different unit spotted
different unit spotted
different unit spotted
different unit spotted
different unit spotted
different unit spotted
different unit spotted
different unit spotted
different unit spotted
different unit spotted
different unit spotted
different unit spotted
different unit spotted
different unit spotted
different unit spotted
different unit spotted
different unit spotted
different unit spotted

Best move


next move down

different unit spotted
different unit spotted
different unit spotted
different unit spotted
different unit spotted
different unit spotted
different unit spotted
different unit spotted
different unit spotted
different unit spotted
different unit spotted
different unit spotted
different unit spotted
different unit spotted

Best move


next move down

different unit spotted
different unit spotted
different unit spotted
different unit spotted
different unit spotted
different unit spotted
different unit spotted
different unit spotted
different unit spotted
different unit spotted
different unit spotted
different unit spotted
different unit spotted

Best move


next move down

different unit spotted
different unit spotted
different unit spotted
different unit spotted
different unit spotted
different unit spotted
different unit spotted
different unit spotted
different unit spotted
different unit spotted
different unit spotted

Best move


next move down

different unit spotted
different unit spotted
different unit spotted
different unit spotted
different unit spotted
different unit spotted
different unit spotted
different unit spotted
Ally Pioneer spotted Enemy Furyan at dir: 1
dodge called with dir: 5

dodge
dodge1 dir: 5
order placed

next move down

different unit spotted
different unit spotted
different unit spotted
different unit spotted

Best move


next move down

different unit spotted
different unit spotted
different unit spotted
different unit spotted
different unit spotted
different unit spotted
different unit spotted
different unit spotted
different unit spotted
different unit spotted
different unit spotted

Best move


next move down

different unit spotted
different unit spotted
different unit spotted
different unit spotted
different unit spotted
different unit spotted
different unit spotted
different unit spotted
different unit spotted
different unit spotted
different unit spotted
different unit spotted
different unit spotted

Best move


next move down

different unit spotted
different unit spotted
different unit spotted
different unit spotted
different unit spotted
different unit spotted
different unit spotted
different unit spotted
different unit spotted
different unit spotted
different unit spotted
different unit spotted
different unit spotted
different unit spotted
different unit spotted
different unit spotted
different unit spotted
different unit spotted
different unit spotted

Best move


next move down

different unit spotted
different unit spotted
different unit spotted

Best move


next move down

different unit spotted
different unit spotted
different unit spotted
different unit spotted
different unit spotted
different unit spotted

Best move


next move down

different unit spotted
different unit spotted
different unit spotted
different unit spotted
different unit spotted
different unit spotted
different unit spotted
different unit spotted
different unit spotted
Ally Pioneer spotted Enemy Furyan at dir: 3
dodge called with dir: 7

dodge
dodge1 dir: 5
order placed

next move down

different unit spotted
different unit spotted
different unit spotted
different unit spotted
different unit spotted
different unit spotted
different unit spotted
different unit spotted
different unit spotted
different unit spotted
different unit spotted
different unit spotted
different unit spotted
different unit spotted
different unit spotted

Best move


next move down

different unit spotted
different unit spotted
different unit spotted
Ally Pioneer spotted Enemy Furyan at dir: 7
dodge called with dir: 3

dodge
order placed

next move down

different unit spotted
different unit spotted
different unit spotted
different unit spotted
different unit spotted
different unit spotted
different unit spotted
different unit spotted
different unit spotted
different unit spotted
different unit spotted
different unit spotted
different unit spotted
different unit spotted
different unit spotted
different unit spotted
different unit spotted
Ally Pioneer spotted Enemy Furyan at dir: 5
dodge called with dir: 1

dodge
dodge1 dir: 1
order placed

next move down

different unit spotted
different unit spotted
different unit spotted
different unit spotted
different unit spotted
different unit spotted
different unit spotted
different unit spotted
different unit spotted
different unit spotted
different unit spotted
different unit spotted
different unit spotted
different unit spotted
different unit spotted
different unit spotted
Ally Pioneer spotted Enemy Furyan at dir: 5
dodge called with dir: 1

dodge
dodge1 dir: 1
order placed

next move down

different unit spotted
different unit spotted
different unit spotted
different unit spotted
different unit spotted
different unit spotted
different unit spotted
different unit spotted
different unit spotted
different unit spotted
different unit spotted
different unit spotted
Hellhound spotted at dir: 3
dodge called with dir: 7

dodge
dodge1 dir: 7
order placed

next move down

different unit spotted
different unit spotted
different unit spotted
different unit spotted
different unit spotted
different unit spotted
different unit spotted
different unit spotted
different unit spotted
different unit spotted
different unit spotted

Best move


next move down

different unit spotted
different unit spotted
different unit spotted
different unit spotted
different unit spotted
different unit spotted

Best move


next move down

different unit spotted
different unit spotted
different unit spotted
different unit spotted
different unit spotted
different unit spotted
different unit spotted
different unit spotted
different unit spotted
different unit spotted
different unit spotted
different unit spotted
Ally Pioneer spotted Enemy Furyan at dir: 1
dodge called with dir: 5

dodge
dodge1 dir: 5
order placed

next move down

different unit spotted
different unit spotted
different unit spotted
different unit spotted
different unit spotted
different unit spotted
different unit spotted
Ally Pioneer spotted Enemy Furyan at dir: 2
dodge called with dir: 6

dodge
dodge1 dir: 6
order placed

next move down

different unit spotted
different unit spotted
different unit spotted
different unit spotted
different unit spotted
different unit spotted
different unit spotted
different unit spotted
different unit spotted
different unit spotted
different unit spotted
different unit spotted
different unit spotted
different unit spotted
different unit spotted
different unit spotted
different unit spotted
different unit spotted
different unit spotted
different unit spotted
different unit spotted
different unit spotted
different unit spotted
different unit spotted
different unit spotted
different unit spotted

Best move


next move down

different unit spotted
different unit spotted
different unit spotted
different unit spotted
different unit spotted
different unit spotted
different unit spotted
different unit spotted
different unit spotted
different unit spotted
different unit spotted
different unit spotted
different unit spotted

Best move


next move down

different unit spotted
different unit spotted
different unit spotted
different unit spotted
different unit spotted
Ally Pioneer spotted Enemy Furyan at dir: 7
dodge called with dir: 3

dodge
dodge1 dir: 3
order placed

next move down

different unit spotted
different unit spotted
different unit spotted
different unit spotted
different unit spotted
different unit spotted
different unit spotted
different unit spotted
different unit spotted
different unit spotted
different unit spotted
Hellhound spotted at dir: 5
dodge called with dir: 1

dodge
dodge1 dir: 1
order placed

next move down

different unit spotted
different unit spotted
different unit spotted
different unit spotted
different unit spotted
different unit spotted
different unit spotted

Best move


next move down

different unit spotted
different unit spotted
Ally Pioneer spotted Enemy Furyan at dir: 1
dodge called with dir: 5

dodge
dodge1 dir: 5
order placed

next move down

different unit spotted
different unit spotted
different unit spotted
different unit spotted
different unit spotted

Best move


next move down

different unit spotted
different unit spotted
different unit spotted
different unit spotted
different unit spotted
different unit spotted
different unit spotted

Best move


next move down

different unit spotted
different unit spotted
different unit spotted
different unit spotted
different unit spotted
different unit spotted
different unit spotted
different unit spotted
different unit spotted
different unit spotted
different unit spotted
different unit spotted
different unit spotted
different unit spotted
different unit spotted
different unit spotted
different unit spotted
different unit spotted
different unit spotted
different unit spotted
different unit spotted
Ally Furian spotted Enemy unit at dir: 7
dodge called with dir: 7

dodge
dodge1 dir: 7

next move down

different unit spotted
different unit spotted
different unit spotted
different unit spotted
different unit spotted
different unit spotted
different unit spotted
different unit spotted
different unit spotted
different unit spotted
different unit spotted
different unit spotted
different unit spotted
different unit spotted
different unit spotted
different unit spotted
different unit spotted
different unit spotted
Ally Furian spotted Enemy unit at dir: 7
dodge called with dir: 7

dodge
dodge1 dir: 7

next move down

different unit spotted
Ally Furian spotted Enemy unit at dir: 7
dodge called with dir: 7

dodge
dodge1 dir: 3
different unit spotted
different unit spotted
different unit spotted
Ally Furian spotted Enemy unit at dir: 0
dodge called with dir: 0

dodge
dodge1 dir: 4
different unit spotted
different unit spotted
different unit spotted
different unit spotted
different unit spotted
different unit spotted
different unit spotted
different unit spotted
different unit spotted
Ally Furian spotted Enemy unit at dir: 1
dodge called with dir: 1

dodge
dodge1 dir: 5
different unit spotted
Ally Furian spotted Enemy unit at dir: 5
dodge called with dir: 5

dodge
dodge1 dir: 1
different unit spotted
Ally Furian spotted Enemy unit at dir: 2
dodge called with dir: 2

dodge
dodge1 dir: 6
different unit spotted
Ally Furian spotted Enemy unit at dir: 3
dodge called with dir: 3

dodge
dodge1 dir: 6
different unit spotted
different unit spotted
Ally Furian spotted Enemy unit at dir: 4
dodge called with dir: 4

dodge
dodge1 dir: 1
different unit spotted
Ally Furian spotted Enemy unit at dir: 3
dodge called with dir: 3

dodge
dodge1 dir: 6
different unit spotted
Ally Furian spotted Enemy unit at dir: 2
dodge called with dir: 2

dodge
dodge1 dir: 6
different unit spotted
Ally Furian spotted Enemy unit at dir: 0
dodge called with dir: 0

dodge
dodge1 dir: 4
different unit spotted
Ally Furian spotted Enemy unit at dir: 0
dodge called with dir: 0

dodge
dodge1 dir: 1

next move down

different unit spotted
Ally Furian spotted Enemy unit at dir: 4
dodge called with dir: 4

dodge
dodge1 dir: 1
different unit spotted
different unit spotted
Ally Furian spotted Enemy unit at dir: 5
dodge called with dir: 5

dodge
dodge1 dir: 1
different unit spotted
different unit spotted
different unit spotted
Ally Furian spotted Enemy unit at dir: 3
dodge called with dir: 3

dodge
dodge1 dir: 7
different unit spotted
different unit spotted
Ally Furian spotted Enemy unit at dir: 6
dodge called with dir: 6

dodge
dodge1 dir: 2
different unit spotted
different unit spotted
Ally Furian spotted Enemy unit at dir: 2
dodge called with dir: 2

dodge
dodge1 dir: 6
different unit spotted
different unit spotted
different unit spotted
Ally Furian spotted Enemy unit at dir: 0
dodge called with dir: 0

dodge
dodge1 dir: 3
different unit spotted
Hellhound spotted at dir: 5
dodge called with dir: 1

dodge
dodge1 dir: 1
order placed

next move down

different unit spotted
different unit spotted
different unit spotted
different unit spotted
different unit spotted
Ally Furian spotted Enemy unit at dir: 4
dodge called with dir: 4

dodge
dodge1 dir: 3

next move down

different unit spotted
different unit spotted
Ally Furian spotted Enemy unit at dir: 2
dodge called with dir: 2

dodge
dodge1 dir: 2

next move down

different unit spotted
different unit spotted
different unit spotted
different unit spotted
different unit spotted
different unit spotted
different unit spotted
different unit spotted
different unit spotted
Ally Furian spotted Enemy unit at dir: 7
dodge called with dir: 7

dodge
dodge1 dir: 7
dodge or chase commanded dir: 7

dodge or chase commanded dir: 1

dodge or chase commanded dir: 1

dodge or chase commanded dir: 6

warning: action already requested for unit 20
dodge or chase commanded dir: 1

warning: action already requested for unit 20
dodge or chase commanded dir: 3

warning: action already requested for unit 20
dodge or chase commanded dir: 1

warning: action already requested for unit 20
dodge or chase commanded dir: 7

warning: action already requested for unit 20
dodge or chase commanded dir: 2

warning: action already requested for unit 20
dodge or chase commanded dir: 3

dodge or chase commanded dir: 6

warning: action already requested for unit 3
dodge or chase commanded dir: 6

warning: action already requested for unit 3
dodge or chase commanded dir: 4

warning: action already requested for unit 3
dodge or chase commanded dir: 5

warning: action already requested for unit 3
dodge or chase commanded dir: 5

dodge or chase commanded dir: 3

dodge or chase commanded dir: 6

dodge or chase commanded dir: 1

dodge or chase commanded dir: 5

dodge or chase commanded dir: 1

dodge or chase commanded dir: 1

dodge or chase commanded dir: 5

dodge or chase commanded dir: 10

dodge or chase commanded dir: 5

best move (not dodge) commanded

best move (not dodge) commanded

best move (not dodge) commanded

warning: action already requested for unit 3
best move (not dodge) commanded

best move (not dodge) commanded

best move (not dodge) commanded

best move (not dodge) commanded

best move (not dodge) commanded

best move (not dodge) commanded

best move (not dodge) commanded

best move (not dodge) commanded

best move (not dodge) commanded

best move (not dodge) commanded

best move (not dodge) commanded

best move (not dodge) commanded

warning: action already requested for unit 3
best move (not dodge) commanded

best move (not dodge) commanded

warning: action already requested for unit 3
best move (not dodge) commanded

best move (not dodge) commanded

best move (not dodge) commanded

best move (not dodge) commanded

best move (not dodge) commanded

best move (not dodge) commanded

best move (not dodge) commanded

best move (not dodge) commanded

best move (not dodge) commanded

warning: action already requested for unit 3
best move (not dodge) commanded

warning: action already requested for unit 3
best move (not dodge) commanded

best move (not dodge) commanded

best move (not dodge) commanded

best move (not dodge) commanded

warning: action already requested for unit 3
best move (not dodge) commanded

best move (not dodge) commanded

info:     end player 0
info:     start player 1
info:     end player 1
info:     start player 2
info:     end player 2
info:     start player 3
info:     end player 3
info: end round 94
info: start round 95
info:     start player 0

next move down

different unit spotted
different unit spotted
different unit spotted
different unit spotted
different unit spotted
different unit spotted
different unit spotted
different unit spotted
different unit spotted
different unit spotted
Ally Pioneer spotted Enemy Furyan at dir: 7
dodge called with dir: 3

dodge
dodge1 dir: 2
order placed

next move down

different unit spotted
different unit spotted
different unit spotted

Best move


next move down

different unit spotted
different unit spotted
different unit spotted
different unit spotted
different unit spotted
different unit spotted
different unit spotted
different unit spotted
different unit spotted
different unit spotted

Best move


next move down

different unit spotted
different unit spotted
different unit spotted
different unit spotted
different unit spotted
different unit spotted
different unit spotted
different unit spotted
different unit spotted

Best move


next move down

different unit spotted
different unit spotted
different unit spotted
different unit spotted
different unit spotted

Best move


next move down

different unit spotted
different unit spotted
different unit spotted
different unit spotted
different unit spotted
different unit spotted
different unit spotted
different unit spotted
different unit spotted
different unit spotted
different unit spotted

Best move


next move down

different unit spotted
different unit spotted
different unit spotted
different unit spotted
different unit spotted

Best move


next move down

different unit spotted
different unit spotted
different unit spotted
different unit spotted
different unit spotted
different unit spotted
different unit spotted
different unit spotted
different unit spotted

Best move


next move down

different unit spotted
different unit spotted
different unit spotted
different unit spotted
different unit spotted
different unit spotted
different unit spotted
different unit spotted
different unit spotted
different unit spotted
different unit spotted
different unit spotted
different unit spotted
different unit spotted
different unit spotted
different unit spotted

Best move


next move down

different unit spotted
different unit spotted
different unit spotted
different unit spotted
different unit spotted
different unit spotted
different unit spotted
different unit spotted
different unit spotted
different unit spotted
different unit spotted
different unit spotted
different unit spotted

Best move


next move down

different unit spotted
different unit spotted
different unit spotted
different unit spotted
different unit spotted
different unit spotted
different unit spotted
different unit spotted
different unit spotted
Ally Pioneer spotted Enemy Furyan at dir: 1
dodge called with dir: 5

dodge
dodge1 dir: 5
order placed

next move down

different unit spotted
different unit spotted
different unit spotted
different unit spotted

Best move


next move down

different unit spotted
different unit spotted
different unit spotted
different unit spotted
different unit spotted
different unit spotted
different unit spotted
different unit spotted
different unit spotted
different unit spotted
different unit spotted
different unit spotted

Best move


next move down

different unit spotted
different unit spotted
different unit spotted
different unit spotted
different unit spotted
different unit spotted
different unit spotted
different unit spotted
different unit spotted
different unit spotted
different unit spotted
different unit spotted
different unit spotted
different unit spotted
different unit spotted
different unit spotted

Best move


next move down

different unit spotted
different unit spotted
different unit spotted
different unit spotted
different unit spotted
different unit spotted
different unit spotted
different unit spotted
different unit spotted
different unit spotted
different unit spotted
different unit spotted
different unit spotted
different unit spotted
different unit spotted
different unit spotted
different unit spotted
different unit spotted
Hellhound spotted at dir: 5
dodge called with dir: 1

dodge
dodge1 dir: 0
order placed

next move down

different unit spotted
different unit spotted

Best move


next move down

different unit spotted
different unit spotted
different unit spotted
different unit spotted
different unit spotted
different unit spotted
different unit spotted
different unit spotted

Best move


next move down

different unit spotted
different unit spotted
different unit spotted
different unit spotted
different unit spotted
different unit spotted
different unit spotted
different unit spotted
different unit spotted
different unit spotted
different unit spotted
different unit spotted
different unit spotted
different unit spotted
different unit spotted

Best move


next move down

different unit spotted
different unit spotted
different unit spotted
different unit spotted
different unit spotted
different unit spotted
different unit spotted
different unit spotted
different unit spotted
different unit spotted
different unit spotted
different unit spotted
different unit spotted
different unit spotted
different unit spotted
different unit spotted
different unit spotted

Best move


next move down

different unit spotted
different unit spotted
Ally Pioneer spotted Enemy Furyan at dir: 7
dodge called with dir: 3

dodge
order placed

next move down

different unit spotted
different unit spotted
different unit spotted
different unit spotted
different unit spotted
different unit spotted
different unit spotted
different unit spotted
different unit spotted
different unit spotted
different unit spotted
different unit spotted
different unit spotted
different unit spotted
different unit spotted
different unit spotted

Best move


next move down

different unit spotted
different unit spotted
different unit spotted
different unit spotted
different unit spotted
different unit spotted
different unit spotted
different unit spotted
different unit spotted
different unit spotted
different unit spotted
different unit spotted
different unit spotted
Ally Pioneer spotted Enemy Furyan at dir: 5
dodge called with dir: 1

dodge
dodge1 dir: 1
order placed

next move down

different unit spotted
different unit spotted
different unit spotted
different unit spotted
different unit spotted
different unit spotted
different unit spotted
different unit spotted
different unit spotted
different unit spotted
different unit spotted
different unit spotted
different unit spotted

Best move


next move down

different unit spotted
different unit spotted
different unit spotted
different unit spotted
different unit spotted
different unit spotted
different unit spotted
different unit spotted
different unit spotted

Best move


next move down

different unit spotted
different unit spotted
different unit spotted
different unit spotted
different unit spotted
different unit spotted
different unit spotted

Best move


next move down

different unit spotted
different unit spotted
different unit spotted
different unit spotted
different unit spotted
different unit spotted
Ally Pioneer spotted Enemy Furyan at dir: 5
dodge called with dir: 1

dodge
dodge1 dir: 1
order placed

next move down

different unit spotted
different unit spotted
different unit spotted
different unit spotted
different unit spotted
different unit spotted
different unit spotted
Ally Pioneer spotted Enemy Furyan at dir: 2
dodge called with dir: 6

dodge
dodge1 dir: 5
order placed

next move down

different unit spotted
different unit spotted
different unit spotted
different unit spotted
different unit spotted
different unit spotted
different unit spotted
different unit spotted
different unit spotted
different unit spotted
different unit spotted
different unit spotted
different unit spotted
different unit spotted
different unit spotted
different unit spotted
different unit spotted
different unit spotted
different unit spotted
different unit spotted
different unit spotted
different unit spotted
different unit spotted
different unit spotted

Best move


get sun distance

get sun distance

get sun distance

get sun distance

get sun distance

get sun distance

get sun distance

get sun distance

next move down

different unit spotted
different unit spotted
different unit spotted
different unit spotted
different unit spotted
different unit spotted
different unit spotted
different unit spotted
different unit spotted
different unit spotted
different unit spotted
different unit spotted
different unit spotted
different unit spotted
different unit spotted
different unit spotted

Best move


next move down

different unit spotted
different unit spotted
different unit spotted
different unit spotted
different unit spotted
Ally Pioneer spotted Enemy Furyan at dir: 1
dodge called with dir: 5

dodge
dodge1 dir: 5
order placed

next move down

different unit spotted
different unit spotted
different unit spotted
different unit spotted
different unit spotted
different unit spotted
different unit spotted
different unit spotted
different unit spotted
different unit spotted
different unit spotted
different unit spotted
different unit spotted
different unit spotted
different unit spotted
different unit spotted
different unit spotted
different unit spotted
different unit spotted

Best move


next move down

different unit spotted
different unit spotted
different unit spotted
different unit spotted
different unit spotted
different unit spotted
different unit spotted

Best move


next move down

different unit spotted
Ally Pioneer spotted Enemy Furyan at dir: 1
dodge called with dir: 5

dodge
dodge1 dir: 1
order placed

next move down

different unit spotted
different unit spotted
different unit spotted
different unit spotted
different unit spotted
different unit spotted

Best move


next move down

different unit spotted
different unit spotted
different unit spotted
different unit spotted
different unit spotted
different unit spotted
different unit spotted
different unit spotted
different unit spotted
different unit spotted
different unit spotted
different unit spotted
Ally Pioneer spotted Enemy Furyan at dir: 3
dodge called with dir: 7

dodge
dodge1 dir: 7
order placed

next move down

different unit spotted
different unit spotted
different unit spotted
different unit spotted
different unit spotted
different unit spotted
different unit spotted
different unit spotted
different unit spotted
different unit spotted
different unit spotted
Ally Furian spotted Enemy unit at dir: 5
dodge called with dir: 5

dodge
dodge1 dir: 6

next move down

different unit spotted
different unit spotted
different unit spotted
different unit spotted
different unit spotted
different unit spotted
different unit spotted
different unit spotted
Ally Furian spotted Enemy unit at dir: 5
dodge called with dir: 5

dodge
dodge1 dir: 4

next move down

different unit spotted
Ally Furian spotted Enemy unit at dir: 7
dodge called with dir: 7

dodge
dodge1 dir: 3
different unit spotted
different unit spotted
Ally Furian spotted Enemy unit at dir: 6
dodge called with dir: 6

dodge
dodge1 dir: 2
different unit spotted
different unit spotted
different unit spotted
different unit spotted
Ally Furian spotted Enemy unit at dir: 0
dodge called with dir: 0

dodge
dodge1 dir: 4
different unit spotted
different unit spotted
different unit spotted
different unit spotted
different unit spotted
different unit spotted
different unit spotted
Ally Furian spotted Enemy unit at dir: 5
dodge called with dir: 5

dodge
dodge1 dir: 1
different unit spotted
different unit spotted
Ally Furian spotted Enemy unit at dir: 6
dodge called with dir: 6

dodge
dodge1 dir: 2
different unit spotted
Ally Furian spotted Enemy unit at dir: 1
dodge called with dir: 1

dodge
dodge1 dir: 4
different unit spotted
Ally Furian spotted Enemy unit at dir: 2
dodge called with dir: 2

dodge
dodge1 dir: 6
different unit spotted
Ally Furian spotted Enemy unit at dir: 5
dodge called with dir: 5

dodge
dodge1 dir: 1
different unit spotted
Ally Furian spotted Enemy unit at dir: 3
dodge called with dir: 3

dodge
dodge1 dir: 6
different unit spotted
different unit spotted
different unit spotted
Ally Furian spotted Enemy unit at dir: 4
dodge called with dir: 4

dodge
dodge1 dir: 0
different unit spotted
Ally Furian spotted Enemy unit at dir: 2
dodge called with dir: 2

dodge
dodge1 dir: 6
different unit spotted
Ally Furian spotted Enemy unit at dir: 1
dodge called with dir: 1

dodge
dodge1 dir: 4
different unit spotted
Ally Furian spotted Enemy unit at dir: 3
dodge called with dir: 3

dodge
dodge1 dir: 6
different unit spotted
different unit spotted
different unit spotted
Ally Furian spotted Enemy unit at dir: 1
dodge called with dir: 1

dodge
dodge1 dir: 1

next move down

different unit spotted
Ally Furian spotted Enemy unit at dir: 5
dodge called with dir: 5

dodge
dodge1 dir: 2
different unit spotted
different unit spotted
different unit spotted
Ally Furian spotted Enemy unit at dir: 6
dodge called with dir: 6

dodge
dodge1 dir: 2
different unit spotted
different unit spotted
different unit spotted
different unit spotted
different unit spotted
Hellhound spotted at dir: 5
dodge called with dir: 1

dodge
dodge1 dir: 2
order placed

next move down

different unit spotted
Ally Furian spotted Enemy unit at dir: 5
dodge called with dir: 5

dodge
dodge1 dir: 3

next move down

different unit spotted
Ally Furian spotted Enemy unit at dir: 2
dodge called with dir: 2

next move down

different unit spotted
different unit spotted
Ally Furian spotted Enemy unit at dir: 1
dodge called with dir: 1

dodge
dodge1 dir: 1
dodge or chase commanded dir: 0

dodge or chase commanded dir: 2

dodge or chase commanded dir: 2

dodge or chase commanded dir: 2

warning: action already requested for unit 20
dodge or chase commanded dir: 2

warning: action already requested for unit 20
dodge or chase commanded dir: 3

dodge or chase commanded dir: 4

warning: action already requested for unit 3
dodge or chase commanded dir: 6

warning: action already requested for unit 3
dodge or chase commanded dir: 6

warning: action already requested for unit 3
dodge or chase commanded dir: 1

warning: action already requested for unit 3
dodge or chase commanded dir: 4

warning: action already requested for unit 3
dodge or chase commanded dir: 2

warning: action already requested for unit 3
dodge or chase commanded dir: 5

dodge or chase commanded dir: 2

dodge or chase commanded dir: 1

dodge or chase commanded dir: 5

dodge or chase commanded dir: 1

dodge or chase commanded dir: 10

dodge or chase commanded dir: 5

dodge or chase commanded dir: 1

dodge or chase commanded dir: 7

best move (not dodge) commanded

best move (not dodge) commanded

best move (not dodge) commanded

best move (not dodge) commanded

warning: action already requested for unit 3
best move (not dodge) commanded

best move (not dodge) commanded

best move (not dodge) commanded

best move (not dodge) commanded

best move (not dodge) commanded

best move (not dodge) commanded

best move (not dodge) commanded

best move (not dodge) commanded

best move (not dodge) commanded

best move (not dodge) commanded

best move (not dodge) commanded

best move (not dodge) commanded

best move (not dodge) commanded

best move (not dodge) commanded

warning: action already requested for unit 3
best move (not dodge) commanded

warning: action already requested for unit 3
best move (not dodge) commanded

warning: action already requested for unit 3
best move (not dodge) commanded

best move (not dodge) commanded

best move (not dodge) commanded

best move (not dodge) commanded

best move (not dodge) commanded

best move (not dodge) commanded

best move (not dodge) commanded

best move (not dodge) commanded

best move (not dodge) commanded

warning: action already requested for unit 3
best move (not dodge) commanded

best move (not dodge) commanded

warning: action already requested for unit 3
best move (not dodge) commanded

best move (not dodge) commanded

best move (not dodge) commanded

best move (not dodge) commanded

warning: action already requested for unit 3
best move (not dodge) commanded

info:     end player 0
info:     start player 1
info:     end player 1
info:     start player 2
info:     end player 2
info:     start player 3
info:     end player 3
info: end round 95
info: start round 96
info:     start player 0

next move down

different unit spotted
different unit spotted
different unit spotted
different unit spotted
different unit spotted
different unit spotted
different unit spotted
different unit spotted
Ally Pioneer spotted Enemy Furyan at dir: 6
dodge called with dir: 2

dodge
dodge1 dir: 2
order placed

next move down

different unit spotted
different unit spotted
different unit spotted
different unit spotted

Best move


next move down

different unit spotted
different unit spotted
different unit spotted
different unit spotted
different unit spotted
different unit spotted
different unit spotted

Best move


next move down

different unit spotted
different unit spotted
different unit spotted
different unit spotted
different unit spotted
different unit spotted
different unit spotted
different unit spotted
different unit spotted

Best move


next move down

different unit spotted
different unit spotted
different unit spotted
different unit spotted
different unit spotted
different unit spotted
different unit spotted
different unit spotted

Best move


next move down

different unit spotted
different unit spotted
different unit spotted
different unit spotted
different unit spotted
different unit spotted
different unit spotted
different unit spotted
different unit spotted
different unit spotted
different unit spotted
different unit spotted
different unit spotted

Best move


next move down

different unit spotted
different unit spotted
different unit spotted
different unit spotted
different unit spotted

Best move


next move down

different unit spotted
different unit spotted
different unit spotted
different unit spotted
different unit spotted
different unit spotted
different unit spotted

Best move


next move down

different unit spotted
different unit spotted
different unit spotted
different unit spotted
different unit spotted
different unit spotted
different unit spotted
different unit spotted
different unit spotted
different unit spotted
different unit spotted
different unit spotted
different unit spotted
different unit spotted
different unit spotted

Best move


next move down

different unit spotted
different unit spotted
different unit spotted
different unit spotted
different unit spotted
different unit spotted
different unit spotted
different unit spotted
different unit spotted
different unit spotted
different unit spotted
different unit spotted
different unit spotted
different unit spotted
different unit spotted
different unit spotted

Best move


next move down

different unit spotted
Ally Pioneer spotted Enemy Furyan at dir: 3
dodge called with dir: 7

dodge
dodge1 dir: 7
order placed

next move down

different unit spotted
different unit spotted
different unit spotted
different unit spotted
Ally Pioneer spotted Enemy Furyan at dir: 6
dodge called with dir: 2

dodge
dodge1 dir: 2
order placed

next move down

different unit spotted
different unit spotted
different unit spotted
different unit spotted
different unit spotted
different unit spotted
different unit spotted
different unit spotted
different unit spotted
different unit spotted
different unit spotted
different unit spotted
different unit spotted
different unit spotted
different unit spotted
different unit spotted
different unit spotted
different unit spotted
different unit spotted

Best move


next move down

different unit spotted
different unit spotted
different unit spotted
different unit spotted
different unit spotted
different unit spotted
different unit spotted
different unit spotted
different unit spotted
different unit spotted
different unit spotted
different unit spotted
different unit spotted
different unit spotted
different unit spotted
different unit spotted
different unit spotted
different unit spotted

Best move


next move down

different unit spotted
different unit spotted
different unit spotted
different unit spotted
different unit spotted
different unit spotted
different unit spotted
different unit spotted
different unit spotted
different unit spotted
different unit spotted
different unit spotted
Ally Pioneer spotted Enemy Furyan at dir: 7
dodge called with dir: 3

dodge
dodge1 dir: 3
order placed

next move down

different unit spotted
different unit spotted

Best move


next move down

different unit spotted
different unit spotted
different unit spotted
different unit spotted
different unit spotted
different unit spotted
different unit spotted
different unit spotted

Best move


next move down

different unit spotted
different unit spotted
different unit spotted
different unit spotted
different unit spotted
different unit spotted
different unit spotted
different unit spotted
different unit spotted
different unit spotted
different unit spotted
different unit spotted
different unit spotted
different unit spotted
different unit spotted
different unit spotted
different unit spotted
different unit spotted

Best move


next move down

different unit spotted
different unit spotted
different unit spotted
different unit spotted
different unit spotted
different unit spotted
different unit spotted
different unit spotted
different unit spotted
different unit spotted
different unit spotted
different unit spotted
different unit spotted
different unit spotted
different unit spotted

Best move


next move down

different unit spotted
different unit spotted
different unit spotted
different unit spotted
different unit spotted
different unit spotted
different unit spotted
different unit spotted
different unit spotted
different unit spotted
different unit spotted
different unit spotted
different unit spotted
different unit spotted
different unit spotted
different unit spotted
different unit spotted
different unit spotted
different unit spotted
different unit spotted
different unit spotted
different unit spotted
different unit spotted

Best move


next move down

different unit spotted
Ally Pioneer spotted Enemy Furyan at dir: 6
dodge called with dir: 2

dodge
order placed

next move down

different unit spotted
different unit spotted
different unit spotted
different unit spotted
different unit spotted
different unit spotted
different unit spotted
different unit spotted
different unit spotted
different unit spotted
different unit spotted
Ally Pioneer spotted Enemy Furyan at dir: 5
dodge called with dir: 1

dodge
dodge1 dir: 0
order placed

next move down

different unit spotted
different unit spotted
different unit spotted
different unit spotted
different unit spotted
different unit spotted
different unit spotted
different unit spotted
different unit spotted
different unit spotted
different unit spotted
Ally Pioneer spotted Enemy Furyan at dir: 5
dodge called with dir: 1

dodge
dodge1 dir: 4
order placed

next move down

different unit spotted
different unit spotted
different unit spotted
different unit spotted
different unit spotted
different unit spotted
different unit spotted
different unit spotted
different unit spotted
different unit spotted
different unit spotted
different unit spotted
different unit spotted
different unit spotted
different unit spotted
different unit spotted
different unit spotted
different unit spotted
different unit spotted

Best move


next move down

different unit spotted
different unit spotted
different unit spotted
different unit spotted
different unit spotted
different unit spotted
different unit spotted
different unit spotted
different unit spotted
different unit spotted
different unit spotted
different unit spotted
different unit spotted
different unit spotted
different unit spotted
different unit spotted

Best move


next move down

different unit spotted
different unit spotted
different unit spotted
different unit spotted

Best move


next move down

different unit spotted
Ally Pioneer spotted Enemy Furyan at dir: 7
dodge called with dir: 3

dodge
dodge1 dir: 2
order placed

next move down

different unit spotted
different unit spotted
different unit spotted
different unit spotted
different unit spotted

Best move


next move down

different unit spotted
different unit spotted
different unit spotted
different unit spotted
different unit spotted
different unit spotted
different unit spotted
different unit spotted
Hellhound spotted at dir: 4
dodge called with dir: 0

dodge
dodge1 dir: 1
order placed

next move down

different unit spotted
different unit spotted
different unit spotted
different unit spotted
different unit spotted
different unit spotted
different unit spotted
different unit spotted
different unit spotted
different unit spotted
different unit spotted
different unit spotted
different unit spotted
different unit spotted
different unit spotted
different unit spotted
different unit spotted
different unit spotted

Best move


next move down

different unit spotted
different unit spotted
different unit spotted
different unit spotted
different unit spotted
different unit spotted
Ally Pioneer spotted Enemy Furyan at dir: 0
dodge called with dir: 4

dodge
dodge1 dir: 4
order placed

next move down

different unit spotted
different unit spotted
different unit spotted
different unit spotted
different unit spotted
different unit spotted
different unit spotted
different unit spotted
different unit spotted
different unit spotted
different unit spotted
different unit spotted
different unit spotted
different unit spotted

Best move


next move down

different unit spotted
different unit spotted
different unit spotted
different unit spotted
different unit spotted
different unit spotted

Best move


next move down

different unit spotted
Ally Pioneer spotted Enemy Furyan at dir: 1
dodge called with dir: 5

dodge
order placed

next move down

different unit spotted
different unit spotted
different unit spotted
different unit spotted
different unit spotted
different unit spotted
different unit spotted
different unit spotted
different unit spotted
different unit spotted
different unit spotted
different unit spotted
different unit spotted
different unit spotted

Best move


next move down

different unit spotted
different unit spotted
different unit spotted
different unit spotted
different unit spotted
different unit spotted
different unit spotted
different unit spotted
Ally Pioneer spotted Enemy Furyan at dir: 3
dodge called with dir: 7

dodge
dodge1 dir: 0
order placed

next move down

different unit spotted
different unit spotted
different unit spotted
different unit spotted
different unit spotted
different unit spotted
different unit spotted
different unit spotted
different unit spotted
different unit spotted
different unit spotted
different unit spotted
different unit spotted
different unit spotted
different unit spotted
different unit spotted
Ally Furian spotted Enemy unit at dir: 0
dodge called with dir: 0

dodge
dodge1 dir: 2

next move down

different unit spotted
different unit spotted
different unit spotted
different unit spotted
different unit spotted
different unit spotted
different unit spotted
different unit spotted
different unit spotted
different unit spotted
different unit spotted
different unit spotted
different unit spotted
different unit spotted
different unit spotted
different unit spotted
different unit spotted
different unit spotted
different unit spotted
Ally Furian spotted Enemy unit at dir: 6
dodge called with dir: 6

dodge
dodge1 dir: 7

next move down

different unit spotted
Ally Furian spotted Enemy unit at dir: 7
dodge called with dir: 7

dodge
dodge1 dir: 1
different unit spotted
different unit spotted
Ally Furian spotted Enemy unit at dir: 6
dodge called with dir: 6

dodge
dodge1 dir: 1
different unit spotted
Ally Furian spotted Enemy unit at dir: 0
dodge called with dir: 0

dodge
dodge1 dir: 6
different unit spotted
different unit spotted
different unit spotted
different unit spotted
different unit spotted
Ally Furian spotted Enemy unit at dir: 5
dodge called with dir: 5

dodge
dodge1 dir: 1
different unit spotted
different unit spotted
Ally Furian spotted Enemy unit at dir: 4
dodge called with dir: 4

dodge
dodge1 dir: 0
different unit spotted
Ally Furian spotted Enemy unit at dir: 2
dodge called with dir: 2

dodge
dodge1 dir: 6
different unit spotted
different unit spotted
Ally Furian spotted Enemy unit at dir: 3
dodge called with dir: 3

dodge
dodge1 dir: 6
different unit spotted
Ally Furian spotted Enemy unit at dir: 6
dodge called with dir: 6

dodge
dodge1 dir: 1
different unit spotted
Ally Furian spotted Enemy unit at dir: 5
dodge called with dir: 5

dodge
dodge1 dir: 1
different unit spotted
different unit spotted
different unit spotted
Ally Furian spotted Enemy unit at dir: 4
dodge called with dir: 4

dodge
dodge1 dir: 0
different unit spotted
Ally Furian spotted Enemy unit at dir: 2
dodge called with dir: 2

dodge
dodge1 dir: 6
different unit spotted
Ally Furian spotted Enemy unit at dir: 1
dodge called with dir: 1

dodge
dodge1 dir: 6
different unit spotted
Ally Furian spotted Enemy unit at dir: 3
dodge called with dir: 3

dodge
dodge1 dir: 6
different unit spotted
different unit spotted
different unit spotted
different unit spotted
different unit spotted
different unit spotted
different unit spotted
different unit spotted
Ally Furian spotted Enemy unit at dir: 1
dodge called with dir: 1

dodge
dodge1 dir: 1

next move down

different unit spotted
Ally Furian spotted Enemy unit at dir: 6
dodge called with dir: 6

dodge
dodge1 dir: 1
different unit spotted
different unit spotted
Ally Furian spotted Enemy unit at dir: 7
dodge called with dir: 7

dodge
dodge1 dir: 3
different unit spotted
different unit spotted
different unit spotted
different unit spotted
different unit spotted
Ally Furian spotted Enemy unit at dir: 0
dodge called with dir: 0

dodge
dodge1 dir: 4
different unit spotted
different unit spotted
Hellhound spotted at dir: 5
dodge called with dir: 1

dodge
dodge1 dir: 1
order placed

next move down

different unit spotted
different unit spotted
different unit spotted
different unit spotted
different unit spotted
Ally Furian spotted Enemy unit at dir: 5
dodge called with dir: 5

dodge
dodge1 dir: 5

next move down

different unit spotted
different unit spotted
different unit spotted
different unit spotted
different unit spotted
different unit spotted
different unit spotted
different unit spotted
different unit spotted
different unit spotted
different unit spotted
different unit spotted
different unit spotted
different unit spotted
Ally Furian spotted Enemy unit at dir: 7
dodge called with dir: 7

dodge
dodge1 dir: 3
different unit spotted
Ally Furian spotted Enemy unit at dir: 3
dodge called with dir: 3

dodge
dodge1 dir: 7
different unit spotted
Ally Furian spotted Enemy unit at dir: 4
dodge called with dir: 4

dodge
dodge1 dir: 0
different unit spotted
Ally Furian spotted Enemy unit at dir: 2
dodge called with dir: 2

dodge
dodge1 dir: 5
different unit spotted
Ally Furian spotted Enemy unit at dir: 6
dodge called with dir: 6

dodge
dodge1 dir: 5

next move down

different unit spotted
Ally Furian spotted Enemy unit at dir: 1
dodge called with dir: 1
dodge or chase commanded dir: 1

dodge or chase commanded dir: 1

dodge or chase commanded dir: 1

warning: action already requested for unit 20
dodge or chase commanded dir: 1

dodge or chase commanded dir: 3

warning: action already requested for unit 20
dodge or chase commanded dir: 4

warning: action already requested for unit 20
dodge or chase commanded dir: 1

dodge or chase commanded dir: 1

warning: action already requested for unit 3
dodge or chase commanded dir: 6

warning: action already requested for unit 3
dodge or chase commanded dir: 6

warning: action already requested for unit 3
dodge or chase commanded dir: 6

warning: action already requested for unit 3
dodge or chase commanded dir: 1

warning: action already requested for unit 3
dodge or chase commanded dir: 0

warning: action already requested for unit 3
dodge or chase commanded dir: 4

dodge or chase commanded dir: 2

dodge or chase commanded dir: 3

dodge or chase commanded dir: 2

dodge or chase commanded dir: 2

dodge or chase commanded dir: 4

dodge or chase commanded dir: 0

dodge or chase commanded dir: 10

dodge or chase commanded dir: 7

dodge or chase commanded dir: 10

dodge or chase commanded dir: 0

best move (not dodge) commanded

best move (not dodge) commanded

best move (not dodge) commanded

warning: action already requested for unit 3
best move (not dodge) commanded

warning: action already requested for unit 3
best move (not dodge) commanded

best move (not dodge) commanded

best move (not dodge) commanded

best move (not dodge) commanded

best move (not dodge) commanded

best move (not dodge) commanded

best move (not dodge) commanded

best move (not dodge) commanded

best move (not dodge) commanded

best move (not dodge) commanded

best move (not dodge) commanded

warning: action already requested for unit 3
best move (not dodge) commanded

best move (not dodge) commanded

warning: action already requested for unit 3
best move (not dodge) commanded

best move (not dodge) commanded

best move (not dodge) commanded

best move (not dodge) commanded

best move (not dodge) commanded

warning: action already requested for unit 44
best move (not dodge) commanded

warning: action already requested for unit 44
best move (not dodge) commanded

best move (not dodge) commanded

warning: action already requested for unit 3
best move (not dodge) commanded

best move (not dodge) commanded

best move (not dodge) commanded

best move (not dodge) commanded

best move (not dodge) commanded

warning: action already requested for unit 3
best move (not dodge) commanded

best move (not dodge) commanded

best move (not dodge) commanded

best move (not dodge) commanded

best move (not dodge) commanded

warning: action already requested for unit 44
best move (not dodge) commanded

best move (not dodge) commanded

warning: action already requested for unit 44
best move (not dodge) commanded

warning: action already requested for unit 3
best move (not dodge) commanded

info:     end player 0
info:     start player 1
info:     end player 1
info:     start player 2
info:     end player 2
info:     start player 3
info:     end player 3
info: end round 96
info: start round 97
info:     start player 0

next move down

different unit spotted
different unit spotted
different unit spotted
different unit spotted
different unit spotted
different unit spotted
different unit spotted
Ally Pioneer spotted Enemy Furyan at dir: 5
dodge called with dir: 1

dodge
dodge1 dir: 1
order placed

next move down

different unit spotted
different unit spotted
different unit spotted

Best move


next move down

different unit spotted
different unit spotted
different unit spotted
different unit spotted
different unit spotted
different unit spotted
different unit spotted

Best move


next move down

different unit spotted
different unit spotted
different unit spotted
different unit spotted
different unit spotted
different unit spotted
different unit spotted
different unit spotted
different unit spotted
different unit spotted

Best move


next move down

different unit spotted
different unit spotted
different unit spotted

Best move


next move down

different unit spotted
different unit spotted
different unit spotted
different unit spotted
different unit spotted
different unit spotted
different unit spotted
different unit spotted
different unit spotted
different unit spotted
different unit spotted
different unit spotted
different unit spotted
different unit spotted
different unit spotted

Best move


next move down

different unit spotted
different unit spotted
different unit spotted
different unit spotted
different unit spotted

Best move


next move down

different unit spotted
different unit spotted
different unit spotted
different unit spotted
different unit spotted

Best move


next move down

different unit spotted
different unit spotted
different unit spotted
different unit spotted
different unit spotted
different unit spotted
different unit spotted
different unit spotted
different unit spotted
different unit spotted
different unit spotted
different unit spotted
different unit spotted
different unit spotted
different unit spotted

Best move


next move down

different unit spotted
different unit spotted
different unit spotted
different unit spotted
different unit spotted
different unit spotted
different unit spotted
different unit spotted
different unit spotted
different unit spotted
different unit spotted
different unit spotted
different unit spotted
different unit spotted
different unit spotted
different unit spotted
different unit spotted
different unit spotted
different unit spotted
different unit spotted
different unit spotted
different unit spotted

Best move


next move down

different unit spotted
different unit spotted
different unit spotted
Ally Pioneer spotted Enemy Furyan at dir: 3
dodge called with dir: 7

dodge
dodge1 dir: 7
order placed

next move down

different unit spotted
different unit spotted
different unit spotted
different unit spotted
Ally Pioneer spotted Enemy Furyan at dir: 5
dodge called with dir: 1

dodge
dodge1 dir: 1
order placed

next move down

different unit spotted
different unit spotted
different unit spotted
different unit spotted
different unit spotted
different unit spotted
different unit spotted
different unit spotted
different unit spotted
different unit spotted
different unit spotted
different unit spotted
different unit spotted
different unit spotted
different unit spotted
different unit spotted
different unit spotted
different unit spotted

Best move


next move down

different unit spotted
different unit spotted
different unit spotted
different unit spotted
different unit spotted
different unit spotted
different unit spotted
different unit spotted
different unit spotted
different unit spotted
different unit spotted
different unit spotted
different unit spotted
different unit spotted

Best move


next move down

different unit spotted
different unit spotted
different unit spotted
different unit spotted
different unit spotted
different unit spotted
different unit spotted
different unit spotted
different unit spotted
different unit spotted
different unit spotted
different unit spotted
different unit spotted
different unit spotted
different unit spotted
different unit spotted
Hellhound spotted at dir: 7
dodge called with dir: 3

dodge
dodge1 dir: 3
order placed

next move down

different unit spotted
different unit spotted
different unit spotted
different unit spotted
different unit spotted
different unit spotted
different unit spotted

Best move


next move down

different unit spotted
different unit spotted

Best move


next move down

different unit spotted
different unit spotted
different unit spotted
different unit spotted
different unit spotted
different unit spotted
different unit spotted

Best move


next move down

different unit spotted
different unit spotted
different unit spotted
different unit spotted
different unit spotted
different unit spotted
different unit spotted
different unit spotted
different unit spotted
different unit spotted
different unit spotted
different unit spotted
different unit spotted
different unit spotted

Best move


next move down

different unit spotted
different unit spotted
different unit spotted
different unit spotted
different unit spotted
different unit spotted
different unit spotted
different unit spotted
different unit spotted
different unit spotted
different unit spotted
different unit spotted
different unit spotted
different unit spotted
different unit spotted
different unit spotted
different unit spotted
different unit spotted
different unit spotted
different unit spotted
different unit spotted
different unit spotted

Best move


next move down

different unit spotted
different unit spotted
different unit spotted
different unit spotted
different unit spotted
different unit spotted
different unit spotted
different unit spotted
different unit spotted
Ally Pioneer spotted Enemy Furyan at dir: 7
dodge called with dir: 3

dodge
dodge1 dir: 3
order placed

next move down

different unit spotted
Ally Pioneer spotted Enemy Furyan at dir: 7
dodge called with dir: 3

dodge
order placed

next move down

different unit spotted
different unit spotted
different unit spotted
different unit spotted
different unit spotted
different unit spotted
different unit spotted
different unit spotted
different unit spotted
different unit spotted
different unit spotted
different unit spotted
different unit spotted
different unit spotted

Best move


next move down

different unit spotted
different unit spotted
different unit spotted
different unit spotted
different unit spotted
different unit spotted
different unit spotted
different unit spotted
different unit spotted
different unit spotted
different unit spotted
different unit spotted

Best move


next move down

different unit spotted
different unit spotted
different unit spotted
different unit spotted
different unit spotted
different unit spotted
different unit spotted
different unit spotted
different unit spotted
different unit spotted
different unit spotted
different unit spotted
different unit spotted
different unit spotted
different unit spotted
different unit spotted
different unit spotted
different unit spotted
different unit spotted
different unit spotted
different unit spotted
different unit spotted

Best move


next move down

different unit spotted
different unit spotted
different unit spotted
different unit spotted
different unit spotted
different unit spotted
different unit spotted
different unit spotted
different unit spotted
different unit spotted
different unit spotted
different unit spotted
different unit spotted
different unit spotted
different unit spotted
different unit spotted
different unit spotted
different unit spotted

Best move


next move down

different unit spotted
different unit spotted
different unit spotted
different unit spotted
different unit spotted
different unit spotted
different unit spotted
different unit spotted
different unit spotted
different unit spotted
different unit spotted

Best move


next move down

different unit spotted
different unit spotted
different unit spotted
different unit spotted
Ally Pioneer spotted Enemy Furyan at dir: 7
dodge called with dir: 3

dodge
dodge1 dir: 1
order placed

next move down

different unit spotted
different unit spotted
different unit spotted
different unit spotted
different unit spotted
different unit spotted
different unit spotted

Best move


next move down

different unit spotted
different unit spotted
different unit spotted
different unit spotted
different unit spotted
different unit spotted
different unit spotted
different unit spotted
different unit spotted
different unit spotted
different unit spotted
different unit spotted
different unit spotted
Hellhound spotted at dir: 3
dodge called with dir: 7

dodge
dodge1 dir: 5
order placed

get sun distance

get sun distance

get sun distance

get sun distance

get sun distance

get sun distance

get sun distance

get sun distance

next move down

different unit spotted
different unit spotted
different unit spotted
different unit spotted
different unit spotted
different unit spotted
different unit spotted
different unit spotted
different unit spotted
different unit spotted
different unit spotted
different unit spotted
different unit spotted
different unit spotted
different unit spotted
different unit spotted
different unit spotted

Best move


next move down

different unit spotted
different unit spotted
Ally Pioneer spotted Enemy Furyan at dir: 7
dodge called with dir: 3

dodge
dodge1 dir: 3
order placed

next move down

different unit spotted
different unit spotted
different unit spotted
different unit spotted
different unit spotted
different unit spotted
different unit spotted
different unit spotted
different unit spotted
different unit spotted
different unit spotted
Ally Pioneer spotted Enemy Furyan at dir: 6
dodge called with dir: 2

dodge
dodge1 dir: 2
order placed

next move down

different unit spotted
different unit spotted
different unit spotted
different unit spotted
different unit spotted
different unit spotted

Best move


next move down

different unit spotted
Ally Pioneer spotted Enemy Furyan at dir: 1
dodge called with dir: 5

dodge
order placed

next move down

different unit spotted
different unit spotted
different unit spotted
different unit spotted
different unit spotted
different unit spotted
different unit spotted
different unit spotted
different unit spotted
different unit spotted
different unit spotted
different unit spotted
different unit spotted
different unit spotted
different unit spotted
different unit spotted
different unit spotted
different unit spotted
different unit spotted

Best move


next move down

different unit spotted
different unit spotted
different unit spotted
different unit spotted
different unit spotted
different unit spotted
different unit spotted
different unit spotted
different unit spotted
different unit spotted

Best move


next move down

different unit spotted
different unit spotted
different unit spotted
different unit spotted
different unit spotted
different unit spotted
different unit spotted
different unit spotted
different unit spotted
different unit spotted
different unit spotted
different unit spotted
different unit spotted
different unit spotted
different unit spotted
different unit spotted
different unit spotted
different unit spotted
different unit spotted
different unit spotted
different unit spotted
different unit spotted
different unit spotted
different unit spotted
Ally Furian spotted Enemy unit at dir: 7
dodge called with dir: 7

dodge
dodge1 dir: 6

next move down

different unit spotted
different unit spotted
different unit spotted
different unit spotted
different unit spotted
different unit spotted
different unit spotted
different unit spotted
different unit spotted
different unit spotted
different unit spotted
different unit spotted
different unit spotted
different unit spotted
Ally Furian spotted Enemy unit at dir: 7
dodge called with dir: 7

dodge
dodge1 dir: 7

next move down

different unit spotted
Ally Furian spotted Enemy unit at dir: 5
dodge called with dir: 5

dodge
dodge1 dir: 1
different unit spotted
different unit spotted
different unit spotted
different unit spotted
different unit spotted
Ally Furian spotted Enemy unit at dir: 4
dodge called with dir: 4

dodge
dodge1 dir: 0
different unit spotted
different unit spotted
different unit spotted
different unit spotted
different unit spotted
different unit spotted
Ally Furian spotted Enemy unit at dir: 3
dodge called with dir: 3

dodge
dodge1 dir: 7
different unit spotted
Ally Furian spotted Enemy unit at dir: 2
dodge called with dir: 2

dodge
dodge1 dir: 6
different unit spotted
different unit spotted
Ally Furian spotted Enemy unit at dir: 7
dodge called with dir: 7

dodge
dodge1 dir: 2
different unit spotted
Ally Furian spotted Enemy unit at dir: 6
dodge called with dir: 6

dodge
dodge1 dir: 2
different unit spotted
Ally Furian spotted Enemy unit at dir: 0
dodge called with dir: 0

dodge
dodge1 dir: 2
different unit spotted
Ally Furian spotted Enemy unit at dir: 4
dodge called with dir: 4

dodge
dodge1 dir: 0
different unit spotted
Ally Furian spotted Enemy unit at dir: 1
dodge called with dir: 1

dodge
dodge1 dir: 6
different unit spotted
Ally Furian spotted Enemy unit at dir: 2
dodge called with dir: 2

dodge
dodge1 dir: 6
different unit spotted
Ally Furian spotted Enemy unit at dir: 3
dodge called with dir: 3

dodge
dodge1 dir: 7
different unit spotted
different unit spotted
different unit spotted
different unit spotted
different unit spotted
different unit spotted
Ally Furian spotted Enemy unit at dir: 1
dodge called with dir: 1

dodge
dodge1 dir: 1

next move down

different unit spotted
different unit spotted
different unit spotted
different unit spotted
different unit spotted
different unit spotted
Hellhound spotted at dir: 5
dodge called with dir: 1

dodge
dodge1 dir: 1
order placed

next move down

different unit spotted
different unit spotted
different unit spotted
Ally Furian spotted Enemy unit at dir: 4
dodge called with dir: 4

dodge
dodge1 dir: 4

next move down

different unit spotted
different unit spotted
different unit spotted
different unit spotted
different unit spotted
different unit spotted
different unit spotted
different unit spotted
different unit spotted
different unit spotted
different unit spotted
Ally Furian spotted Enemy unit at dir: 3
dodge called with dir: 3

dodge
dodge1 dir: 7
different unit spotted
Ally Furian spotted Enemy unit at dir: 4
dodge called with dir: 4

dodge
dodge1 dir: 1
different unit spotted
different unit spotted
different unit spotted
different unit spotted
Ally Furian spotted Enemy unit at dir: 2
dodge called with dir: 2

dodge
dodge1 dir: 7
different unit spotted
Ally Furian spotted Enemy unit at dir: 0
dodge called with dir: 0

dodge
dodge1 dir: 4
different unit spotted
Ally Furian spotted Enemy unit at dir: 5
dodge called with dir: 5

dodge
dodge1 dir: 1
different unit spotted
Ally Furian spotted Enemy unit at dir: 6
dodge called with dir: 6

dodge
dodge1 dir: 2
different unit spotted
Ally Furian spotted Enemy unit at dir: 6
dodge called with dir: 6

dodge
dodge1 dir: 2
different unit spotted
Ally Furian spotted Enemy unit at dir: 1
dodge called with dir: 1

dodge
dodge1 dir: 4
different unit spotted
Ally Furian spotted Enemy unit at dir: 0
dodge called with dir: 0

dodge
dodge1 dir: 4
different unit spotted
Ally Furian spotted Enemy unit at dir: 7
dodge called with dir: 7

dodge
dodge1 dir: 3
different unit spotted
Ally Furian spotted Enemy unit at dir: 3
dodge called with dir: 3

dodge
dodge1 dir: 7
different unit spotted
Ally Furian spotted Enemy unit at dir: 5
dodge called with dir: 5

dodge
dodge1 dir: 4

next move down

different unit spotted
different unit spotted
different unit spotted
different unit spotted
different unit spotted
different unit spotted
different unit spotted
different unit spotted
Ally Furian spotted Enemy unit at dir: 5
dodge called with dir: 5

dodge
dodge1 dir: 5
dodge or chase commanded dir: 3

dodge or chase commanded dir: 5

dodge or chase commanded dir: 1

dodge or chase commanded dir: 1

dodge or chase commanded dir: 0

warning: action already requested for unit 3
dodge or chase commanded dir: 7

warning: action already requested for unit 3
dodge or chase commanded dir: 6

warning: action already requested for unit 3
dodge or chase commanded dir: 1

dodge or chase commanded dir: 1

dodge or chase commanded dir: 1

dodge or chase commanded dir: 10

dodge or chase commanded dir: 7

dodge or chase commanded dir: 3

dodge or chase commanded dir: 3

dodge or chase commanded dir: 2

dodge or chase commanded dir: 10

best move (not dodge) commanded

best move (not dodge) commanded

best move (not dodge) commanded

warning: action already requested for unit 44
best move (not dodge) commanded

warning: action already requested for unit 44
best move (not dodge) commanded

warning: action already requested for unit 3
best move (not dodge) commanded

warning: action already requested for unit 3
best move (not dodge) commanded

warning: action already requested for unit 3
best move (not dodge) commanded

warning: action already requested for unit 3
best move (not dodge) commanded

best move (not dodge) commanded

warning: action already requested for unit 3
best move (not dodge) commanded

warning: action already requested for unit 3
best move (not dodge) commanded

warning: action already requested for unit 3
best move (not dodge) commanded

warning: action already requested for unit 44
best move (not dodge) commanded

best move (not dodge) commanded

warning: action already requested for unit 44
best move (not dodge) commanded

best move (not dodge) commanded

best move (not dodge) commanded

best move (not dodge) commanded

best move (not dodge) commanded

best move (not dodge) commanded

warning: action already requested for unit 44
best move (not dodge) commanded

best move (not dodge) commanded

best move (not dodge) commanded

best move (not dodge) commanded

best move (not dodge) commanded

warning: action already requested for unit 44
best move (not dodge) commanded

best move (not dodge) commanded

warning: action already requested for unit 44
best move (not dodge) commanded

best move (not dodge) commanded

best move (not dodge) commanded

best move (not dodge) commanded

warning: action already requested for unit 44
best move (not dodge) commanded

best move (not dodge) commanded

warning: action already requested for unit 44
best move (not dodge) commanded

best move (not dodge) commanded

best move (not dodge) commanded

best move (not dodge) commanded

best move (not dodge) commanded

best move (not dodge) commanded

best move (not dodge) commanded

best move (not dodge) commanded

best move (not dodge) commanded

warning: action already requested for unit 44
best move (not dodge) commanded

warning: action already requested for unit 44
best move (not dodge) commanded

best move (not dodge) commanded

best move (not dodge) commanded

best move (not dodge) commanded

warning: action already requested for unit 3
best move (not dodge) commanded

best move (not dodge) commanded

info:     end player 0
info:     start player 1
info:     end player 1
info:     start player 2
info:     end player 2
info:     start player 3
info:     end player 3
info: end round 97
info: start round 98
info:     start player 0

next move down

different unit spotted
different unit spotted
different unit spotted
different unit spotted
different unit spotted
different unit spotted
different unit spotted
different unit spotted
Ally Pioneer spotted Enemy Furyan at dir: 5
dodge called with dir: 1

dodge
dodge1 dir: 3
order placed

next move down

different unit spotted
different unit spotted
different unit spotted
different unit spotted

Best move


next move down

different unit spotted
different unit spotted
different unit spotted
different unit spotted
different unit spotted

Best move


next move down

different unit spotted
different unit spotted
different unit spotted
different unit spotted
different unit spotted
different unit spotted
different unit spotted
different unit spotted

Best move


next move down

different unit spotted
different unit spotted
different unit spotted
different unit spotted
different unit spotted

Best move


next move down

different unit spotted
different unit spotted
different unit spotted
different unit spotted
different unit spotted
different unit spotted
different unit spotted
different unit spotted
different unit spotted
different unit spotted
different unit spotted
different unit spotted
different unit spotted
different unit spotted
different unit spotted
different unit spotted
different unit spotted
different unit spotted

Best move


next move down

different unit spotted
different unit spotted
different unit spotted
different unit spotted
different unit spotted
different unit spotted
different unit spotted

Best move


next move down

different unit spotted
different unit spotted
different unit spotted
different unit spotted

Best move


next move down

different unit spotted
different unit spotted
different unit spotted
different unit spotted
different unit spotted
different unit spotted
different unit spotted
different unit spotted
different unit spotted
different unit spotted
different unit spotted
different unit spotted
different unit spotted
different unit spotted

Best move


next move down

different unit spotted
different unit spotted
different unit spotted
different unit spotted
different unit spotted
different unit spotted
different unit spotted
different unit spotted
different unit spotted
different unit spotted
different unit spotted
different unit spotted
different unit spotted
different unit spotted
different unit spotted
different unit spotted
different unit spotted
different unit spotted
different unit spotted
different unit spotted
different unit spotted
different unit spotted

Best move


next move down

different unit spotted
different unit spotted
different unit spotted
different unit spotted
different unit spotted
Ally Pioneer spotted Enemy Furyan at dir: 3
dodge called with dir: 7

dodge
dodge1 dir: 0
order placed

next move down

different unit spotted
different unit spotted
different unit spotted
different unit spotted
different unit spotted

Best move


next move down

different unit spotted
different unit spotted
different unit spotted
different unit spotted
different unit spotted
different unit spotted
different unit spotted
different unit spotted
different unit spotted
different unit spotted
different unit spotted
different unit spotted
different unit spotted
different unit spotted
different unit spotted
different unit spotted
different unit spotted
different unit spotted
different unit spotted
different unit spotted
different unit spotted
different unit spotted
different unit spotted
different unit spotted

Best move


next move down

different unit spotted
different unit spotted
different unit spotted
different unit spotted
different unit spotted
different unit spotted
different unit spotted
different unit spotted
different unit spotted
different unit spotted
different unit spotted
different unit spotted
different unit spotted

Best move


next move down

different unit spotted
different unit spotted
different unit spotted
different unit spotted
different unit spotted
different unit spotted
different unit spotted
different unit spotted
different unit spotted
different unit spotted
different unit spotted
different unit spotted
different unit spotted
different unit spotted
different unit spotted
different unit spotted
Hellhound spotted at dir: 7
dodge called with dir: 3

dodge
dodge1 dir: 3
order placed

next move down

different unit spotted
different unit spotted
different unit spotted
different unit spotted
different unit spotted
different unit spotted
different unit spotted
different unit spotted
different unit spotted

Best move


next move down

different unit spotted
different unit spotted

Best move


next move down

different unit spotted
different unit spotted
different unit spotted
different unit spotted
different unit spotted
different unit spotted

Best move


next move down

different unit spotted
different unit spotted
different unit spotted
different unit spotted
different unit spotted
different unit spotted
different unit spotted
different unit spotted
different unit spotted
different unit spotted
different unit spotted
different unit spotted
different unit spotted
different unit spotted
different unit spotted
different unit spotted
different unit spotted
different unit spotted

Best move


next move down

different unit spotted
different unit spotted
different unit spotted
different unit spotted
different unit spotted
different unit spotted
different unit spotted
different unit spotted
different unit spotted
different unit spotted
different unit spotted
different unit spotted
different unit spotted
different unit spotted
different unit spotted
different unit spotted
different unit spotted
different unit spotted
different unit spotted
different unit spotted

Best move


next move down

different unit spotted
different unit spotted
different unit spotted
different unit spotted
different unit spotted
different unit spotted
different unit spotted
different unit spotted
different unit spotted
different unit spotted
different unit spotted
different unit spotted
different unit spotted
different unit spotted
Ally Pioneer spotted Enemy Furyan at dir: 7
dodge called with dir: 3

dodge
dodge1 dir: 3
order placed

next move down

different unit spotted
Ally Pioneer spotted Enemy Furyan at dir: 7
dodge called with dir: 3

dodge
order placed

next move down

different unit spotted
different unit spotted
different unit spotted
different unit spotted
different unit spotted
different unit spotted
different unit spotted
different unit spotted
different unit spotted
Ally Pioneer spotted Enemy Furyan at dir: 6
dodge called with dir: 2

dodge
dodge1 dir: 4
order placed

next move down

different unit spotted
different unit spotted
different unit spotted
different unit spotted
different unit spotted
different unit spotted
different unit spotted
Ally Pioneer spotted Enemy Furyan at dir: 6
dodge called with dir: 2

dodge
dodge1 dir: 4
order placed

next move down

different unit spotted
different unit spotted
different unit spotted
different unit spotted
different unit spotted
different unit spotted
different unit spotted
different unit spotted
different unit spotted
different unit spotted
different unit spotted
different unit spotted
different unit spotted
different unit spotted
different unit spotted
different unit spotted
different unit spotted
different unit spotted
different unit spotted

Best move


next move down

different unit spotted
different unit spotted
different unit spotted
different unit spotted
different unit spotted
different unit spotted
different unit spotted
different unit spotted
different unit spotted
different unit spotted
different unit spotted
different unit spotted
different unit spotted
different unit spotted
different unit spotted
different unit spotted
different unit spotted
different unit spotted
different unit spotted
different unit spotted
different unit spotted
different unit spotted
different unit spotted
different unit spotted

Best move


next move down

different unit spotted
different unit spotted
different unit spotted
different unit spotted
different unit spotted
different unit spotted
different unit spotted
different unit spotted
different unit spotted
different unit spotted

Best move


next move down

different unit spotted
different unit spotted
different unit spotted
different unit spotted
different unit spotted
different unit spotted
different unit spotted
Ally Pioneer spotted Enemy Furyan at dir: 6
dodge called with dir: 2

dodge
dodge1 dir: 2
order placed

next move down

different unit spotted
different unit spotted
different unit spotted
different unit spotted

Best move


next move down

different unit spotted
different unit spotted
different unit spotted
different unit spotted
different unit spotted
Hellhound spotted at dir: 3
dodge called with dir: 7

dodge
dodge1 dir: 1
order placed

next move down

different unit spotted
different unit spotted
different unit spotted
different unit spotted
different unit spotted
different unit spotted
different unit spotted
different unit spotted
different unit spotted
different unit spotted
different unit spotted
different unit spotted
different unit spotted
different unit spotted
different unit spotted

Best move


next move down

different unit spotted
different unit spotted
different unit spotted
Ally Pioneer spotted Enemy Furyan at dir: 7
dodge called with dir: 3

dodge
dodge1 dir: 3
order placed

next move down

different unit spotted
different unit spotted
different unit spotted
different unit spotted
different unit spotted
different unit spotted
different unit spotted
different unit spotted
different unit spotted
different unit spotted
different unit spotted
different unit spotted
different unit spotted
different unit spotted
different unit spotted
different unit spotted

Best move


next move down

different unit spotted
different unit spotted
different unit spotted
different unit spotted
different unit spotted
different unit spotted

Best move


next move down

different unit spotted
different unit spotted
different unit spotted
different unit spotted
different unit spotted
different unit spotted
different unit spotted
different unit spotted
different unit spotted
different unit spotted
different unit spotted
different unit spotted
different unit spotted

Best move


next move down

different unit spotted
different unit spotted
different unit spotted
different unit spotted
different unit spotted
different unit spotted
different unit spotted
different unit spotted
different unit spotted
different unit spotted
different unit spotted
different unit spotted
different unit spotted

Best move


next move down

different unit spotted
different unit spotted
different unit spotted
different unit spotted
different unit spotted
different unit spotted
different unit spotted
different unit spotted
different unit spotted
different unit spotted
different unit spotted
different unit spotted
different unit spotted
different unit spotted
different unit spotted
different unit spotted
different unit spotted
different unit spotted
different unit spotted
different unit spotted
different unit spotted
different unit spotted
different unit spotted
different unit spotted
different unit spotted
different unit spotted
different unit spotted
different unit spotted
Ally Furian spotted Enemy unit at dir: 0
dodge called with dir: 0

dodge
dodge1 dir: 1

next move down

different unit spotted
different unit spotted
different unit spotted
different unit spotted
different unit spotted
different unit spotted
Ally Furian spotted Enemy unit at dir: 0
dodge called with dir: 0

dodge
dodge1 dir: 3

next move down

different unit spotted
Ally Furian spotted Enemy unit at dir: 5
dodge called with dir: 5

dodge
dodge1 dir: 1
different unit spotted
different unit spotted
different unit spotted
different unit spotted
different unit spotted
Ally Furian spotted Enemy unit at dir: 6
dodge called with dir: 6

dodge
dodge1 dir: 2
different unit spotted
different unit spotted
Ally Furian spotted Enemy unit at dir: 4
dodge called with dir: 4

dodge
dodge1 dir: 0
different unit spotted
different unit spotted
different unit spotted
different unit spotted
different unit spotted
different unit spotted
different unit spotted
Ally Furian spotted Enemy unit at dir: 3
dodge called with dir: 3

dodge
dodge1 dir: 7
different unit spotted
Ally Furian spotted Enemy unit at dir: 2
dodge called with dir: 2

dodge
dodge1 dir: 6
different unit spotted
Ally Furian spotted Enemy unit at dir: 1
dodge called with dir: 1

dodge
dodge1 dir: 4
different unit spotted
different unit spotted
Ally Furian spotted Enemy unit at dir: 5
dodge called with dir: 5

dodge
dodge1 dir: 1
different unit spotted
Ally Furian spotted Enemy unit at dir: 6
dodge called with dir: 6

dodge
dodge1 dir: 2
different unit spotted
Ally Furian spotted Enemy unit at dir: 7
dodge called with dir: 7

dodge
dodge1 dir: 3
different unit spotted
Ally Furian spotted Enemy unit at dir: 4
dodge called with dir: 4

dodge
dodge1 dir: 0
different unit spotted
Ally Furian spotted Enemy unit at dir: 3
dodge called with dir: 3

dodge
dodge1 dir: 7
different unit spotted
Ally Furian spotted Enemy unit at dir: 2
dodge called with dir: 2

dodge
dodge1 dir: 6
different unit spotted
different unit spotted
different unit spotted
Ally Furian spotted Enemy unit at dir: 1
dodge called with dir: 1

dodge
dodge1 dir: 1

next move down

different unit spotted
different unit spotted
different unit spotted
different unit spotted
different unit spotted
different unit spotted
different unit spotted
Hellhound spotted at dir: 5
dodge called with dir: 1

dodge
dodge1 dir: 1
order placed

next move down

different unit spotted
different unit spotted
different unit spotted
different unit spotted
different unit spotted
different unit spotted
Ally Furian spotted Enemy unit at dir: 5
dodge called with dir: 5

dodge
dodge1 dir: 5

next move down

different unit spotted
different unit spotted
Ally Furian spotted Enemy unit at dir: 1
dodge called with dir: 1

dodge
dodge1 dir: 1

next move down

different unit spotted
different unit spotted
different unit spotted
different unit spotted
different unit spotted
different unit spotted
different unit spotted
different unit spotted
Ally Furian spotted Enemy unit at dir: 5
dodge called with dir: 5

dodge
dodge1 dir: 5
dodge or chase commanded dir: 3

dodge or chase commanded dir: 1

dodge or chase commanded dir: 1

dodge or chase commanded dir: 1

dodge or chase commanded dir: 2

warning: action already requested for unit 3
dodge or chase commanded dir: 4

warning: action already requested for unit 3
dodge or chase commanded dir: 0

warning: action already requested for unit 3
dodge or chase commanded dir: 7

warning: action already requested for unit 3
dodge or chase commanded dir: 6

warning: action already requested for unit 3
dodge or chase commanded dir: 3

dodge or chase commanded dir: 2

dodge or chase commanded dir: 4

dodge or chase commanded dir: 4

dodge or chase commanded dir: 10

dodge or chase commanded dir: 3

dodge or chase commanded dir: 0

dodge or chase commanded dir: 3

best move (not dodge) commanded

best move (not dodge) commanded

best move (not dodge) commanded

warning: action already requested for unit 3
best move (not dodge) commanded

warning: action already requested for unit 3
best move (not dodge) commanded

warning: action already requested for unit 3
best move (not dodge) commanded

best move (not dodge) commanded

best move (not dodge) commanded

best move (not dodge) commanded

best move (not dodge) commanded

best move (not dodge) commanded

best move (not dodge) commanded

best move (not dodge) commanded

best move (not dodge) commanded

best move (not dodge) commanded

best move (not dodge) commanded

warning: action already requested for unit 3
best move (not dodge) commanded

best move (not dodge) commanded

best move (not dodge) commanded

best move (not dodge) commanded

best move (not dodge) commanded

warning: action already requested for unit 3
best move (not dodge) commanded

warning: action already requested for unit 3
best move (not dodge) commanded

best move (not dodge) commanded

best move (not dodge) commanded

best move (not dodge) commanded

best move (not dodge) commanded

best move (not dodge) commanded

best move (not dodge) commanded

best move (not dodge) commanded

best move (not dodge) commanded

best move (not dodge) commanded

best move (not dodge) commanded

best move (not dodge) commanded

best move (not dodge) commanded

best move (not dodge) commanded

best move (not dodge) commanded

warning: action already requested for unit 3
best move (not dodge) commanded

info:     end player 0
info:     start player 1
info:     end player 1
info:     start player 2
info:     end player 2
info:     start player 3
info:     end player 3
info: end round 98
info: start round 99
info:     start player 0

next move down

different unit spotted
different unit spotted
different unit spotted
different unit spotted
different unit spotted
Ally Pioneer spotted Enemy Furyan at dir: 6
dodge called with dir: 2

dodge
dodge1 dir: 3
order placed

next move down

different unit spotted
different unit spotted
different unit spotted
different unit spotted

Best move


next move down

different unit spotted
different unit spotted
different unit spotted
different unit spotted
different unit spotted

Best move


next move down

different unit spotted
different unit spotted
different unit spotted
different unit spotted
different unit spotted

Best move


next move down

different unit spotted
different unit spotted
different unit spotted

Best move


next move down

different unit spotted
different unit spotted
different unit spotted
different unit spotted
different unit spotted
different unit spotted
different unit spotted
different unit spotted
different unit spotted
different unit spotted
different unit spotted
different unit spotted
different unit spotted
different unit spotted
different unit spotted
different unit spotted
different unit spotted
different unit spotted
different unit spotted
different unit spotted
different unit spotted
different unit spotted
different unit spotted

Best move


next move down

different unit spotted
different unit spotted
different unit spotted
different unit spotted
different unit spotted
different unit spotted
different unit spotted
different unit spotted
different unit spotted
different unit spotted
different unit spotted
different unit spotted
Hellhound spotted at dir: 1
dodge called with dir: 5

dodge
dodge1 dir: 5
order placed

next move down

different unit spotted
different unit spotted
different unit spotted

Best move


next move down

different unit spotted
different unit spotted
different unit spotted
different unit spotted
different unit spotted
different unit spotted
different unit spotted
different unit spotted
different unit spotted
different unit spotted
different unit spotted
different unit spotted
different unit spotted
different unit spotted
different unit spotted
different unit spotted

Best move


next move down

different unit spotted
different unit spotted
different unit spotted
different unit spotted
different unit spotted
different unit spotted
different unit spotted
different unit spotted
different unit spotted
different unit spotted
different unit spotted
different unit spotted
different unit spotted
different unit spotted
different unit spotted
different unit spotted
different unit spotted
different unit spotted
different unit spotted
different unit spotted

Best move


next move down

different unit spotted
different unit spotted
different unit spotted
different unit spotted
different unit spotted
different unit spotted
different unit spotted
different unit spotted
different unit spotted
different unit spotted
different unit spotted
different unit spotted
different unit spotted
different unit spotted

Best move


next move down

different unit spotted
different unit spotted
different unit spotted

Best move


next move down

different unit spotted
different unit spotted
different unit spotted
different unit spotted
different unit spotted
different unit spotted
different unit spotted
different unit spotted
different unit spotted
different unit spotted
different unit spotted
different unit spotted
different unit spotted
different unit spotted
different unit spotted
different unit spotted
Ally Pioneer spotted Enemy Furyan at dir: 7
dodge called with dir: 3

dodge
dodge1 dir: 1
order placed

next move down

different unit spotted
different unit spotted
different unit spotted
different unit spotted
different unit spotted
different unit spotted
different unit spotted
different unit spotted
different unit spotted
different unit spotted
different unit spotted
different unit spotted
different unit spotted
different unit spotted
different unit spotted

Best move


next move down

different unit spotted
different unit spotted
different unit spotted
different unit spotted
different unit spotted
different unit spotted
different unit spotted
different unit spotted
different unit spotted
different unit spotted
different unit spotted
different unit spotted
different unit spotted
different unit spotted
different unit spotted
different unit spotted
different unit spotted
different unit spotted

Best move


next move down

different unit spotted
different unit spotted
different unit spotted
different unit spotted
different unit spotted
different unit spotted
different unit spotted
different unit spotted

Best move


next move down

different unit spotted
different unit spotted

Best move


next move down

different unit spotted
different unit spotted
different unit spotted
different unit spotted
different unit spotted
different unit spotted

Best move


next move down

different unit spotted
different unit spotted
different unit spotted
different unit spotted
different unit spotted
different unit spotted
different unit spotted
different unit spotted
different unit spotted
different unit spotted
different unit spotted
different unit spotted
different unit spotted
different unit spotted
different unit spotted
different unit spotted
different unit spotted
different unit spotted
different unit spotted

Best move


next move down

different unit spotted
different unit spotted
different unit spotted
different unit spotted
different unit spotted
different unit spotted
different unit spotted
different unit spotted
different unit spotted
different unit spotted
different unit spotted
different unit spotted

Best move


next move down

different unit spotted
different unit spotted
different unit spotted
different unit spotted
different unit spotted
different unit spotted
different unit spotted
different unit spotted
different unit spotted
different unit spotted
different unit spotted
different unit spotted
different unit spotted
Ally Pioneer spotted Enemy Furyan at dir: 7
dodge called with dir: 3

dodge
dodge1 dir: 2
order placed

next move down

different unit spotted
different unit spotted
Ally Pioneer spotted Enemy Furyan at dir: 5
dodge called with dir: 1

dodge
dodge1 dir: 0
order placed

next move down

different unit spotted
different unit spotted
different unit spotted
different unit spotted
different unit spotted
different unit spotted
different unit spotted
Ally Pioneer spotted Enemy Furyan at dir: 6
dodge called with dir: 2

dodge
dodge1 dir: 0
order placed

next move down

different unit spotted
different unit spotted
different unit spotted
different unit spotted
different unit spotted
different unit spotted
different unit spotted
different unit spotted
different unit spotted
different unit spotted
different unit spotted
different unit spotted
different unit spotted
different unit spotted
different unit spotted
different unit spotted
different unit spotted

Best move


next move down

different unit spotted
different unit spotted
different unit spotted
different unit spotted
different unit spotted
different unit spotted
different unit spotted
different unit spotted
different unit spotted
different unit spotted
different unit spotted
different unit spotted
different unit spotted
different unit spotted
different unit spotted
different unit spotted
different unit spotted
different unit spotted
different unit spotted
different unit spotted
different unit spotted

Best move


next move down

different unit spotted
different unit spotted
different unit spotted
different unit spotted
different unit spotted
different unit spotted
different unit spotted
different unit spotted
different unit spotted
different unit spotted
different unit spotted
different unit spotted
different unit spotted
different unit spotted
different unit spotted
different unit spotted
different unit spotted

Best move


next move down

different unit spotted
different unit spotted
different unit spotted
different unit spotted
Ally Pioneer spotted Enemy Furyan at dir: 5
dodge called with dir: 1

dodge
dodge1 dir: 1
order placed

next move down

different unit spotted
different unit spotted
different unit spotted
different unit spotted
different unit spotted
different unit spotted
different unit spotted
Ally Pioneer spotted Enemy Furyan at dir: 1
dodge called with dir: 5

dodge
dodge1 dir: 5
order placed

next move down

different unit spotted
different unit spotted
different unit spotted
different unit spotted
different unit spotted
different unit spotted
different unit spotted
different unit spotted
different unit spotted
Hellhound spotted at dir: 2
dodge called with dir: 6

dodge
dodge1 dir: 5
order placed

get sun distance

get sun distance

get sun distance

get sun distance

get sun distance

get sun distance

get sun distance

get sun distance

next move down

different unit spotted
different unit spotted
different unit spotted
different unit spotted
different unit spotted
different unit spotted
different unit spotted
different unit spotted
different unit spotted
different unit spotted
different unit spotted
different unit spotted
different unit spotted
different unit spotted
different unit spotted
different unit spotted

Best move


next move down

different unit spotted
different unit spotted
different unit spotted
Ally Pioneer spotted Enemy Furyan at dir: 7
dodge called with dir: 3

dodge
dodge1 dir: 2
order placed

next move down

different unit spotted
different unit spotted
different unit spotted
different unit spotted
different unit spotted
different unit spotted
different unit spotted
different unit spotted
different unit spotted
different unit spotted
different unit spotted
different unit spotted
different unit spotted
Ally Pioneer spotted Enemy Furyan at dir: 6
dodge called with dir: 2

dodge
dodge1 dir: 2
order placed

next move down

different unit spotted
different unit spotted
different unit spotted
different unit spotted
different unit spotted
different unit spotted
different unit spotted
different unit spotted
different unit spotted

Best move


next move down

different unit spotted
different unit spotted
different unit spotted
different unit spotted
different unit spotted
different unit spotted
different unit spotted
different unit spotted
different unit spotted
different unit spotted
different unit spotted
different unit spotted
different unit spotted
different unit spotted

Best move


next move down

different unit spotted
different unit spotted
different unit spotted
different unit spotted
different unit spotted
different unit spotted
different unit spotted
different unit spotted
different unit spotted
different unit spotted

Best move


next move down

different unit spotted
different unit spotted
different unit spotted
different unit spotted
different unit spotted
different unit spotted
different unit spotted
different unit spotted
different unit spotted
different unit spotted
different unit spotted
different unit spotted
different unit spotted
different unit spotted
different unit spotted
different unit spotted
different unit spotted
different unit spotted
different unit spotted
different unit spotted
different unit spotted
different unit spotted
different unit spotted
different unit spotted
different unit spotted
different unit spotted
different unit spotted
different unit spotted
different unit spotted
different unit spotted
different unit spotted
different unit spotted
different unit spotted
different unit spotted
Ally Furian spotted Enemy unit at dir: 0
dodge called with dir: 0

dodge
dodge1 dir: 0

next move down

different unit spotted
different unit spotted
different unit spotted
different unit spotted
different unit spotted
different unit spotted
different unit spotted
different unit spotted
different unit spotted
different unit spotted
different unit spotted
different unit spotted
different unit spotted
different unit spotted
different unit spotted
different unit spotted
different unit spotted
different unit spotted
different unit spotted
different unit spotted
different unit spotted
different unit spotted
different unit spotted
different unit spotted
Ally Furian spotted Enemy unit at dir: 0
dodge called with dir: 0

dodge
dodge1 dir: 2

next move down

different unit spotted
Ally Furian spotted Enemy unit at dir: 5
dodge called with dir: 5

dodge
dodge1 dir: 1
different unit spotted
different unit spotted
different unit spotted
Ally Furian spotted Enemy unit at dir: 6
dodge called with dir: 6

dodge
dodge1 dir: 1
different unit spotted
different unit spotted
Ally Furian spotted Enemy unit at dir: 4
dodge called with dir: 4

dodge
dodge1 dir: 0
different unit spotted
different unit spotted
different unit spotted
different unit spotted
different unit spotted
different unit spotted
Ally Furian spotted Enemy unit at dir: 7
dodge called with dir: 7

dodge
dodge1 dir: 3
different unit spotted
Ally Furian spotted Enemy unit at dir: 0
dodge called with dir: 0

dodge
dodge1 dir: 4
different unit spotted
Ally Furian spotted Enemy unit at dir: 3
dodge called with dir: 3

dodge
dodge1 dir: 7
different unit spotted
Ally Furian spotted Enemy unit at dir: 2
dodge called with dir: 2

dodge
dodge1 dir: 6
different unit spotted
Ally Furian spotted Enemy unit at dir: 1
dodge called with dir: 1

dodge
dodge1 dir: 4
different unit spotted
Ally Furian spotted Enemy unit at dir: 5
dodge called with dir: 5

dodge
dodge1 dir: 1
different unit spotted
different unit spotted
Ally Furian spotted Enemy unit at dir: 6
dodge called with dir: 6

dodge
dodge1 dir: 1
different unit spotted
Ally Furian spotted Enemy unit at dir: 4
dodge called with dir: 4

dodge
dodge1 dir: 0
different unit spotted
Ally Furian spotted Enemy unit at dir: 3
dodge called with dir: 3

dodge
dodge1 dir: 7
different unit spotted
Ally Furian spotted Enemy unit at dir: 1
dodge called with dir: 1

dodge
dodge1 dir: 1

next move down

different unit spotted
different unit spotted
different unit spotted
different unit spotted
different unit spotted
different unit spotted
Hellhound spotted at dir: 5
dodge called with dir: 1

dodge
dodge1 dir: 0
order placed

next move down

different unit spotted
different unit spotted
different unit spotted
different unit spotted
different unit spotted
Ally Furian spotted Enemy unit at dir: 4
dodge called with dir: 4

dodge
dodge1 dir: 4

next move down

different unit spotted
different unit spotted
Ally Furian spotted Enemy unit at dir: 7
dodge called with dir: 7

dodge
dodge1 dir: 7

next move down

different unit spotted
different unit spotted
different unit spotted
different unit spotted
different unit spotted
different unit spotted
different unit spotted
different unit spotted
Ally Furian spotted Enemy unit at dir: 5
dodge called with dir: 5

dodge
dodge1 dir: 5
dodge or chase commanded dir: 5

dodge or chase commanded dir: 5

dodge or chase commanded dir: 0

dodge or chase commanded dir: 1

dodge or chase commanded dir: 0

warning: action already requested for unit 3
dodge or chase commanded dir: 6

warning: action already requested for unit 3
dodge or chase commanded dir: 4

warning: action already requested for unit 3
dodge or chase commanded dir: 3

warning: action already requested for unit 3
dodge or chase commanded dir: 4

warning: action already requested for unit 3
dodge or chase commanded dir: 7

warning: action already requested for unit 3
dodge or chase commanded dir: 1

warning: action already requested for unit 3
dodge or chase commanded dir: 3

dodge or chase commanded dir: 2

dodge or chase commanded dir: 5

dodge or chase commanded dir: 1

dodge or chase commanded dir: 1

dodge or chase commanded dir: 0

dodge or chase commanded dir: 0

dodge or chase commanded dir: 2

dodge or chase commanded dir: 2

best move (not dodge) commanded

best move (not dodge) commanded

best move (not dodge) commanded

best move (not dodge) commanded

best move (not dodge) commanded

best move (not dodge) commanded

best move (not dodge) commanded

best move (not dodge) commanded

best move (not dodge) commanded

best move (not dodge) commanded

best move (not dodge) commanded

best move (not dodge) commanded

warning: action already requested for unit 3
best move (not dodge) commanded

best move (not dodge) commanded

best move (not dodge) commanded

best move (not dodge) commanded

best move (not dodge) commanded

best move (not dodge) commanded

warning: action already requested for unit 3
best move (not dodge) commanded

best move (not dodge) commanded

best move (not dodge) commanded

best move (not dodge) commanded

best move (not dodge) commanded

best move (not dodge) commanded

best move (not dodge) commanded

best move (not dodge) commanded

best move (not dodge) commanded

warning: action already requested for unit 3
best move (not dodge) commanded

warning: action already requested for unit 3
best move (not dodge) commanded

best move (not dodge) commanded

best move (not dodge) commanded

best move (not dodge) commanded

warning: action already requested for unit 3
best move (not dodge) commanded

best move (not dodge) commanded

info:     end player 0
info:     start player 1
info:     end player 1
info:     start player 2
info:     end player 2
info:     start player 3
info:     end player 3
info: end round 99
info: start round 100
info:     start player 0

next move down

different unit spotted
different unit spotted
different unit spotted
different unit spotted
different unit spotted
Ally Pioneer spotted Enemy Furyan at dir: 7
dodge called with dir: 3

dodge
dodge1 dir: 1
order placed

next move down

different unit spotted
different unit spotted
different unit spotted
different unit spotted
different unit spotted

Best move


next move down

different unit spotted
different unit spotted
different unit spotted
different unit spotted
different unit spotted
different unit spotted

Best move


next move down

different unit spotted
different unit spotted
different unit spotted
different unit spotted
different unit spotted

Best move


next move down

different unit spotted
different unit spotted
different unit spotted
different unit spotted
different unit spotted

Best move


next move down

different unit spotted
different unit spotted
different unit spotted
different unit spotted
different unit spotted
different unit spotted
different unit spotted
different unit spotted
different unit spotted
different unit spotted
different unit spotted
different unit spotted
different unit spotted
different unit spotted
different unit spotted
different unit spotted
different unit spotted
different unit spotted
different unit spotted

Best move


next move down

different unit spotted
different unit spotted
different unit spotted
different unit spotted
different unit spotted
different unit spotted
different unit spotted
different unit spotted
different unit spotted
different unit spotted
different unit spotted
different unit spotted
Hellhound spotted at dir: 5
dodge called with dir: 1

dodge
dodge1 dir: 1
order placed

next move down

different unit spotted
different unit spotted
different unit spotted
different unit spotted
different unit spotted

Best move


next move down

different unit spotted
different unit spotted
different unit spotted
different unit spotted
different unit spotted
different unit spotted
different unit spotted
different unit spotted
different unit spotted
different unit spotted
different unit spotted
different unit spotted
different unit spotted
different unit spotted

Best move


next move down

different unit spotted
different unit spotted
different unit spotted
different unit spotted
different unit spotted
different unit spotted
different unit spotted
different unit spotted
different unit spotted
different unit spotted
different unit spotted
different unit spotted
different unit spotted
different unit spotted
different unit spotted
different unit spotted
different unit spotted
different unit spotted
different unit spotted
different unit spotted
different unit spotted
different unit spotted
different unit spotted
different unit spotted

Best move


next move down

different unit spotted
different unit spotted
different unit spotted
different unit spotted
different unit spotted
different unit spotted
different unit spotted
different unit spotted
different unit spotted
different unit spotted
Ally Pioneer spotted Enemy Furyan at dir: 3
dodge called with dir: 7

dodge
dodge1 dir: 0
order placed

next move down

different unit spotted
different unit spotted
different unit spotted
different unit spotted
different unit spotted
different unit spotted
different unit spotted
different unit spotted
different unit spotted

Best move


next move down

different unit spotted
different unit spotted
different unit spotted
different unit spotted
different unit spotted
different unit spotted
different unit spotted
different unit spotted
different unit spotted
different unit spotted
different unit spotted
different unit spotted
different unit spotted
different unit spotted
different unit spotted
different unit spotted
different unit spotted
different unit spotted
Ally Pioneer spotted Enemy Furyan at dir: 5
dodge called with dir: 1

dodge
dodge1 dir: 1
order placed

next move down

different unit spotted
different unit spotted
different unit spotted
different unit spotted
different unit spotted
different unit spotted
different unit spotted
different unit spotted
different unit spotted
different unit spotted
different unit spotted
different unit spotted
different unit spotted
different unit spotted
different unit spotted
different unit spotted
different unit spotted
different unit spotted

Best move


next move down

different unit spotted
different unit spotted
different unit spotted
different unit spotted
different unit spotted
different unit spotted
different unit spotted
different unit spotted
different unit spotted
different unit spotted
different unit spotted
different unit spotted
different unit spotted
different unit spotted
different unit spotted
different unit spotted

Best move


next move down

different unit spotted
different unit spotted
different unit spotted
different unit spotted
different unit spotted
different unit spotted
different unit spotted
different unit spotted

Best move


next move down

different unit spotted
different unit spotted
different unit spotted
different unit spotted
different unit spotted

Best move


next move down

different unit spotted
different unit spotted
different unit spotted
different unit spotted
different unit spotted
different unit spotted
different unit spotted

Best move


next move down

different unit spotted
different unit spotted
different unit spotted
different unit spotted
different unit spotted
different unit spotted
different unit spotted
different unit spotted
different unit spotted
different unit spotted
different unit spotted
different unit spotted
different unit spotted
different unit spotted
different unit spotted

Best move


next move down

different unit spotted
different unit spotted
different unit spotted
different unit spotted
different unit spotted
different unit spotted
different unit spotted
different unit spotted
different unit spotted
different unit spotted
different unit spotted
different unit spotted

Best move


next move down

different unit spotted
different unit spotted
different unit spotted
different unit spotted
different unit spotted
different unit spotted
different unit spotted
different unit spotted
different unit spotted
different unit spotted
Ally Pioneer spotted Enemy Furyan at dir: 7
dodge called with dir: 3

dodge
dodge1 dir: 5
order placed

next move down

different unit spotted
different unit spotted
different unit spotted
different unit spotted
Ally Pioneer spotted Enemy Furyan at dir: 5
dodge called with dir: 1

dodge
dodge1 dir: 4
order placed

next move down

different unit spotted
different unit spotted
different unit spotted
different unit spotted
different unit spotted
Ally Pioneer spotted Enemy Furyan at dir: 5
dodge called with dir: 1

dodge
dodge1 dir: 4
order placed

next move down

different unit spotted
different unit spotted
different unit spotted
different unit spotted
different unit spotted
different unit spotted
different unit spotted
different unit spotted
different unit spotted
different unit spotted
different unit spotted
different unit spotted
different unit spotted
different unit spotted
different unit spotted
different unit spotted
different unit spotted
different unit spotted
different unit spotted
different unit spotted
different unit spotted

Best move


next move down

different unit spotted
different unit spotted
different unit spotted
different unit spotted
different unit spotted
different unit spotted
different unit spotted
different unit spotted
different unit spotted
different unit spotted
different unit spotted
different unit spotted
different unit spotted
different unit spotted
different unit spotted
different unit spotted
different unit spotted
different unit spotted
different unit spotted
different unit spotted
different unit spotted
different unit spotted
different unit spotted
different unit spotted

Best move


next move down

different unit spotted
different unit spotted
different unit spotted
different unit spotted
different unit spotted
different unit spotted
different unit spotted
different unit spotted
different unit spotted
different unit spotted
different unit spotted
different unit spotted

Best move


next move down

different unit spotted
different unit spotted
different unit spotted
different unit spotted
Ally Pioneer spotted Enemy Furyan at dir: 5
dodge called with dir: 1

dodge
dodge1 dir: 1
order placed

next move down

different unit spotted
different unit spotted
different unit spotted
different unit spotted
different unit spotted
different unit spotted
different unit spotted
different unit spotted
different unit spotted
different unit spotted
different unit spotted

Best move


next move down

different unit spotted
different unit spotted
different unit spotted
different unit spotted
Hellhound spotted at dir: 3
dodge called with dir: 7

dodge
dodge1 dir: 1
order placed

next move down

different unit spotted
different unit spotted
different unit spotted
different unit spotted
different unit spotted
different unit spotted
different unit spotted
different unit spotted
different unit spotted
different unit spotted
different unit spotted
different unit spotted
different unit spotted
different unit spotted
different unit spotted
different unit spotted

Best move


next move down

different unit spotted
different unit spotted
different unit spotted
Ally Pioneer spotted Enemy Furyan at dir: 7
dodge called with dir: 3

dodge
dodge1 dir: 1
order placed

next move down

different unit spotted
different unit spotted
different unit spotted
different unit spotted
different unit spotted
different unit spotted
different unit spotted
different unit spotted
different unit spotted
different unit spotted
different unit spotted
different unit spotted
different unit spotted
different unit spotted
different unit spotted
different unit spotted
different unit spotted
different unit spotted
Ally Pioneer spotted Enemy Furyan at dir: 7
dodge called with dir: 3

dodge
dodge1 dir: 3
order placed

next move down

different unit spotted
different unit spotted
different unit spotted
different unit spotted
different unit spotted
different unit spotted
different unit spotted
different unit spotted
different unit spotted
different unit spotted

Best move


next move down

different unit spotted
different unit spotted
different unit spotted
different unit spotted
different unit spotted
different unit spotted
different unit spotted
different unit spotted
different unit spotted
different unit spotted
different unit spotted
different unit spotted
different unit spotted
different unit spotted
different unit spotted
different unit spotted
different unit spotted
different unit spotted

Best move


next move down

different unit spotted
different unit spotted
different unit spotted
different unit spotted
different unit spotted
different unit spotted
different unit spotted
different unit spotted
different unit spotted
different unit spotted
different unit spotted
different unit spotted

Best move


next move down

different unit spotted
different unit spotted
different unit spotted
different unit spotted
different unit spotted
different unit spotted
different unit spotted
different unit spotted
different unit spotted
different unit spotted
different unit spotted
different unit spotted
different unit spotted
different unit spotted
different unit spotted
different unit spotted
different unit spotted
different unit spotted
different unit spotted
different unit spotted
different unit spotted
different unit spotted
different unit spotted
different unit spotted
different unit spotted
different unit spotted
different unit spotted
Ally Furian spotted Enemy unit at dir: 1
dodge called with dir: 1

dodge
dodge1 dir: 3

next move down

different unit spotted
different unit spotted
different unit spotted
different unit spotted
different unit spotted
different unit spotted
different unit spotted
different unit spotted
different unit spotted
different unit spotted
different unit spotted
different unit spotted
different unit spotted
different unit spotted
different unit spotted
different unit spotted
different unit spotted
different unit spotted
different unit spotted
different unit spotted
different unit spotted
Ally Furian spotted Enemy unit at dir: 1
dodge called with dir: 1

dodge
dodge1 dir: 3

next move down

different unit spotted
Ally Furian spotted Enemy unit at dir: 5
dodge called with dir: 5

dodge
dodge1 dir: 1
different unit spotted
different unit spotted
different unit spotted
Ally Furian spotted Enemy unit at dir: 4
dodge called with dir: 4

dodge
dodge1 dir: 0
different unit spotted
different unit spotted
different unit spotted
different unit spotted
Ally Furian spotted Enemy unit at dir: 3
dodge called with dir: 3

dodge
dodge1 dir: 7
different unit spotted
Ally Furian spotted Enemy unit at dir: 2
dodge called with dir: 2

dodge
dodge1 dir: 6
different unit spotted
Ally Furian spotted Enemy unit at dir: 0
dodge called with dir: 0

dodge
dodge1 dir: 6
different unit spotted
Ally Furian spotted Enemy unit at dir: 7
dodge called with dir: 7

dodge
dodge1 dir: 1
different unit spotted
Ally Furian spotted Enemy unit at dir: 1
dodge called with dir: 1

dodge
dodge1 dir: 6
different unit spotted
Ally Furian spotted Enemy unit at dir: 5
dodge called with dir: 5

dodge
dodge1 dir: 1
different unit spotted
Ally Furian spotted Enemy unit at dir: 1
dodge called with dir: 1

dodge
dodge1 dir: 1

next move down

different unit spotted
different unit spotted
different unit spotted
Hellhound spotted at dir: 5
dodge called with dir: 1

dodge
dodge1 dir: 1
order placed

next move down

different unit spotted
Ally Furian spotted Enemy unit at dir: 4
dodge called with dir: 4

next move down

different unit spotted
Ally Furian spotted Enemy unit at dir: 0
dodge called with dir: 0

dodge
dodge1 dir: 0

next move down

different unit spotted
different unit spotted
different unit spotted
different unit spotted
Ally Furian spotted Enemy unit at dir: 5
dodge called with dir: 5

dodge
dodge1 dir: 5
dodge or chase commanded dir: 1

dodge or chase commanded dir: 1

dodge or chase commanded dir: 4

dodge or chase commanded dir: 1

dodge or chase commanded dir: 7

warning: action already requested for unit 3
dodge or chase commanded dir: 6

warning: action already requested for unit 3
dodge or chase commanded dir: 1

dodge or chase commanded dir: 6

warning: action already requested for unit 3
dodge or chase commanded dir: 6

warning: action already requested for unit 3
dodge or chase commanded dir: 1

warning: action already requested for unit 3
dodge or chase commanded dir: 0

warning: action already requested for unit 3
dodge or chase commanded dir: 1

dodge or chase commanded dir: 1

dodge or chase commanded dir: 1

dodge or chase commanded dir: 1

dodge or chase commanded dir: 4

dodge or chase commanded dir: 4

dodge or chase commanded dir: 5

dodge or chase commanded dir: 0

dodge or chase commanded dir: 3

best move (not dodge) commanded

best move (not dodge) commanded

best move (not dodge) commanded

best move (not dodge) commanded

best move (not dodge) commanded

best move (not dodge) commanded

best move (not dodge) commanded

best move (not dodge) commanded

best move (not dodge) commanded

best move (not dodge) commanded

best move (not dodge) commanded

best move (not dodge) commanded

best move (not dodge) commanded

warning: action already requested for unit 3
best move (not dodge) commanded

best move (not dodge) commanded

best move (not dodge) commanded

best move (not dodge) commanded

best move (not dodge) commanded

best move (not dodge) commanded

best move (not dodge) commanded

best move (not dodge) commanded

best move (not dodge) commanded

best move (not dodge) commanded

best move (not dodge) commanded

best move (not dodge) commanded

best move (not dodge) commanded

best move (not dodge) commanded

best move (not dodge) commanded

best move (not dodge) commanded

warning: action already requested for unit 3
best move (not dodge) commanded

info:     end player 0
info:     start player 1
info:     end player 1
info:     start player 2
info:     end player 2
info:     start player 3
info:     end player 3
info: end round 100
info: start round 101
info:     start player 0

next move down

different unit spotted
different unit spotted
different unit spotted
different unit spotted
different unit spotted
different unit spotted

Best move


next move down

different unit spotted
different unit spotted
different unit spotted
different unit spotted
different unit spotted
different unit spotted

Best move


next move down

different unit spotted
different unit spotted
different unit spotted
different unit spotted
different unit spotted

Best move


next move down

different unit spotted
different unit spotted
different unit spotted
different unit spotted
different unit spotted

Best move


next move down

different unit spotted
different unit spotted
different unit spotted
different unit spotted
different unit spotted
different unit spotted
different unit spotted
different unit spotted

Best move


next move down

different unit spotted
different unit spotted
different unit spotted
different unit spotted
different unit spotted
different unit spotted
different unit spotted
different unit spotted
different unit spotted
different unit spotted
different unit spotted
different unit spotted
different unit spotted

Best move


next move down

different unit spotted
different unit spotted
different unit spotted
different unit spotted
different unit spotted
different unit spotted
different unit spotted
different unit spotted
different unit spotted
different unit spotted
different unit spotted
different unit spotted
different unit spotted
different unit spotted
different unit spotted
different unit spotted
different unit spotted
different unit spotted
different unit spotted
different unit spotted
different unit spotted
different unit spotted
different unit spotted
different unit spotted
different unit spotted
different unit spotted
different unit spotted
different unit spotted
different unit spotted
different unit spotted
different unit spotted
different unit spotted
different unit spotted

Best move


next move down

different unit spotted
different unit spotted
different unit spotted
different unit spotted
different unit spotted
different unit spotted
different unit spotted
different unit spotted
different unit spotted
different unit spotted
different unit spotted
different unit spotted
different unit spotted
different unit spotted
different unit spotted
Hellhound spotted at dir: 1
dodge called with dir: 5

dodge
dodge1 dir: 5
order placed

next move down

different unit spotted
different unit spotted
different unit spotted
different unit spotted
different unit spotted
different unit spotted

Best move


next move down

different unit spotted
different unit spotted
different unit spotted
different unit spotted
different unit spotted
different unit spotted
different unit spotted
different unit spotted
different unit spotted
different unit spotted
different unit spotted
different unit spotted
different unit spotted

Best move


next move down

different unit spotted
different unit spotted
different unit spotted
different unit spotted
different unit spotted
different unit spotted
different unit spotted
different unit spotted
different unit spotted
different unit spotted
different unit spotted
different unit spotted
different unit spotted
different unit spotted
different unit spotted
different unit spotted
different unit spotted
different unit spotted
different unit spotted
different unit spotted
different unit spotted
different unit spotted

Best move


next move down

different unit spotted
different unit spotted
different unit spotted
different unit spotted
different unit spotted
different unit spotted
different unit spotted
different unit spotted
different unit spotted
different unit spotted
Ally Pioneer spotted Enemy Furyan at dir: 4
dodge called with dir: 0

dodge
dodge1 dir: 1
order placed

next move down

different unit spotted
different unit spotted
different unit spotted
different unit spotted

Best move


next move down

different unit spotted
different unit spotted
different unit spotted
different unit spotted
different unit spotted
different unit spotted
different unit spotted
different unit spotted
different unit spotted
different unit spotted
different unit spotted
different unit spotted
different unit spotted
Ally Pioneer spotted Enemy Furyan at dir: 5
dodge called with dir: 1

dodge
dodge1 dir: 1
order placed

next move down

different unit spotted
different unit spotted
different unit spotted
different unit spotted
different unit spotted
different unit spotted
different unit spotted
different unit spotted
different unit spotted
different unit spotted
different unit spotted
different unit spotted
different unit spotted
different unit spotted
different unit spotted
different unit spotted
different unit spotted
different unit spotted
different unit spotted
different unit spotted
different unit spotted
different unit spotted
different unit spotted
different unit spotted
different unit spotted

Best move


next move down

different unit spotted
different unit spotted
different unit spotted
different unit spotted
different unit spotted
different unit spotted
different unit spotted
different unit spotted

Best move


next move down

different unit spotted
different unit spotted
different unit spotted
different unit spotted
different unit spotted
different unit spotted
different unit spotted
different unit spotted

Best move


next move down

different unit spotted
different unit spotted
different unit spotted
different unit spotted
different unit spotted
different unit spotted
different unit spotted
different unit spotted
different unit spotted

Best move


next move down

different unit spotted
different unit spotted
different unit spotted
different unit spotted
different unit spotted
different unit spotted
different unit spotted

Best move


next move down

different unit spotted
different unit spotted
different unit spotted
different unit spotted
different unit spotted
different unit spotted
different unit spotted
different unit spotted
different unit spotted
different unit spotted
different unit spotted
different unit spotted
different unit spotted
different unit spotted
different unit spotted
different unit spotted
different unit spotted
different unit spotted
different unit spotted
different unit spotted
different unit spotted
different unit spotted
different unit spotted
different unit spotted
different unit spotted
different unit spotted
different unit spotted
different unit spotted
different unit spotted
different unit spotted
different unit spotted

Best move


next move down

different unit spotted
different unit spotted
different unit spotted
different unit spotted

Best move


next move down

different unit spotted
different unit spotted
different unit spotted
different unit spotted
different unit spotted
different unit spotted
different unit spotted
different unit spotted
different unit spotted
different unit spotted
different unit spotted
different unit spotted
different unit spotted
different unit spotted
different unit spotted
different unit spotted

Best move


next move down

different unit spotted
Ally Pioneer spotted Enemy Furyan at dir: 4
dodge called with dir: 0

dodge
dodge1 dir: 3
order placed

next move down

different unit spotted
Ally Pioneer spotted Enemy Furyan at dir: 7
dodge called with dir: 3

dodge
dodge1 dir: 4
order placed

next move down

different unit spotted
different unit spotted
different unit spotted
different unit spotted
different unit spotted
different unit spotted
different unit spotted
different unit spotted
different unit spotted
different unit spotted
different unit spotted
different unit spotted
different unit spotted
different unit spotted
different unit spotted
different unit spotted
different unit spotted

Best move


next move down

different unit spotted
different unit spotted
different unit spotted
different unit spotted
different unit spotted
different unit spotted
different unit spotted
different unit spotted
Ally Pioneer spotted Enemy Furyan at dir: 7
dodge called with dir: 3

dodge
dodge1 dir: 3
order placed

next move down

different unit spotted
different unit spotted
different unit spotted
different unit spotted
different unit spotted
different unit spotted
different unit spotted
different unit spotted
different unit spotted
different unit spotted
different unit spotted
different unit spotted
different unit spotted

Best move


next move down

different unit spotted
different unit spotted
different unit spotted
different unit spotted
different unit spotted
different unit spotted
different unit spotted
different unit spotted
different unit spotted
different unit spotted

Best move


next move down

different unit spotted
different unit spotted
different unit spotted
different unit spotted
different unit spotted
different unit spotted
different unit spotted
different unit spotted
different unit spotted
different unit spotted
different unit spotted
different unit spotted
different unit spotted

Best move


get sun distance

get sun distance

get sun distance

get sun distance

get sun distance

get sun distance

get sun distance

get sun distance

next move down

different unit spotted
different unit spotted
different unit spotted
different unit spotted
different unit spotted
different unit spotted
Ally Pioneer spotted Enemy Furyan at dir: 7
dodge called with dir: 3

dodge
dodge1 dir: 5
order placed

next move down

different unit spotted
different unit spotted
different unit spotted
different unit spotted
different unit spotted
different unit spotted
different unit spotted
different unit spotted
different unit spotted
different unit spotted
different unit spotted
different unit spotted
different unit spotted
different unit spotted
Ally Pioneer spotted Enemy Furyan at dir: 7
dodge called with dir: 3

dodge
dodge1 dir: 1
order placed

next move down

different unit spotted
different unit spotted
different unit spotted
different unit spotted
different unit spotted
different unit spotted
different unit spotted
different unit spotted

Best move


next move down

different unit spotted
different unit spotted
different unit spotted
different unit spotted
different unit spotted
different unit spotted
different unit spotted
different unit spotted
different unit spotted
different unit spotted
different unit spotted
different unit spotted
different unit spotted
different unit spotted
different unit spotted
different unit spotted
different unit spotted
different unit spotted
different unit spotted
different unit spotted
different unit spotted

Best move


next move down

different unit spotted
different unit spotted
different unit spotted
different unit spotted
different unit spotted
different unit spotted
different unit spotted
different unit spotted
different unit spotted
different unit spotted
different unit spotted
different unit spotted

Best move


next move down

different unit spotted
different unit spotted
different unit spotted
different unit spotted
different unit spotted
different unit spotted
different unit spotted
different unit spotted
different unit spotted
different unit spotted
different unit spotted
different unit spotted
different unit spotted
different unit spotted
different unit spotted
different unit spotted
different unit spotted
different unit spotted
different unit spotted
different unit spotted
different unit spotted
different unit spotted
different unit spotted
different unit spotted
different unit spotted
different unit spotted
different unit spotted
different unit spotted
different unit spotted
different unit spotted
different unit spotted
different unit spotted
different unit spotted
different unit spotted
different unit spotted
different unit spotted
different unit spotted
different unit spotted
different unit spotted
different unit spotted
different unit spotted
different unit spotted
different unit spotted
Ally Furian spotted Enemy unit at dir: 7
dodge called with dir: 7

dodge
dodge1 dir: 7

next move down

different unit spotted
different unit spotted
different unit spotted
different unit spotted
different unit spotted
different unit spotted
different unit spotted
different unit spotted
different unit spotted
different unit spotted
different unit spotted
different unit spotted
different unit spotted
different unit spotted
different unit spotted
different unit spotted
different unit spotted
different unit spotted
different unit spotted
different unit spotted
different unit spotted
different unit spotted
different unit spotted
different unit spotted
different unit spotted
different unit spotted
different unit spotted
different unit spotted
different unit spotted
different unit spotted
different unit spotted
different unit spotted
different unit spotted
different unit spotted
different unit spotted
different unit spotted
different unit spotted
different unit spotted
different unit spotted
different unit spotted
different unit spotted
Ally Furian spotted Enemy unit at dir: 7
dodge called with dir: 7

dodge
dodge1 dir: 7

next move down

different unit spotted
Ally Furian spotted Enemy unit at dir: 5
dodge called with dir: 5

dodge
dodge1 dir: 1
different unit spotted
different unit spotted
different unit spotted
Ally Furian spotted Enemy unit at dir: 4
dodge called with dir: 4

dodge
dodge1 dir: 0
different unit spotted
Ally Furian spotted Enemy unit at dir: 1
dodge called with dir: 1

dodge
dodge1 dir: 1

next move down

different unit spotted
different unit spotted
different unit spotted
different unit spotted
different unit spotted
different unit spotted
Hellhound spotted at dir: 4
dodge called with dir: 0

dodge
dodge1 dir: 0
order placed

next move down

different unit spotted
different unit spotted
different unit spotted
different unit spotted
different unit spotted
different unit spotted
Ally Furian spotted Enemy unit at dir: 4
dodge called with dir: 4

dodge
dodge1 dir: 4

next move down

different unit spotted
different unit spotted
different unit spotted
different unit spotted
Ally Furian spotted Enemy unit at dir: 7
dodge called with dir: 7

dodge
dodge1 dir: 7

next move down

different unit spotted
different unit spotted
different unit spotted
different unit spotted
Ally Furian spotted Enemy unit at dir: 5
dodge called with dir: 5

dodge
dodge1 dir: 5
dodge or chase commanded dir: 5

dodge or chase commanded dir: 1

dodge or chase commanded dir: 0

dodge or chase commanded dir: 0

warning: action already requested for unit 3
dodge or chase commanded dir: 1

dodge or chase commanded dir: 1

dodge or chase commanded dir: 5

dodge or chase commanded dir: 4

dodge or chase commanded dir: 3

dodge or chase commanded dir: 3

dodge or chase commanded dir: 1

best move (not dodge) commanded

best move (not dodge) commanded

best move (not dodge) commanded

warning: action already requested for unit 3
best move (not dodge) commanded

best move (not dodge) commanded

best move (not dodge) commanded

best move (not dodge) commanded

best move (not dodge) commanded

best move (not dodge) commanded

best move (not dodge) commanded

best move (not dodge) commanded

best move (not dodge) commanded

best move (not dodge) commanded

best move (not dodge) commanded

best move (not dodge) commanded

best move (not dodge) commanded

best move (not dodge) commanded

best move (not dodge) commanded

best move (not dodge) commanded

best move (not dodge) commanded

best move (not dodge) commanded

best move (not dodge) commanded

best move (not dodge) commanded

best move (not dodge) commanded

best move (not dodge) commanded

best move (not dodge) commanded

best move (not dodge) commanded

best move (not dodge) commanded

best move (not dodge) commanded

best move (not dodge) commanded

best move (not dodge) commanded

best move (not dodge) commanded

best move (not dodge) commanded

info:     end player 0
info:     start player 1
info:     end player 1
info:     start player 2
info:     end player 2
info:     start player 3
info:     end player 3
info: end round 101
info: start round 102
info:     start player 0

next move down

different unit spotted
different unit spotted
different unit spotted
different unit spotted
different unit spotted

Best move


next move down

different unit spotted
different unit spotted
different unit spotted
different unit spotted
different unit spotted

Best move


next move down

different unit spotted
different unit spotted
different unit spotted

Best move


next move down

different unit spotted
different unit spotted
different unit spotted
different unit spotted
different unit spotted
different unit spotted
different unit spotted

Best move


next move down

different unit spotted
different unit spotted
different unit spotted

Best move


next move down

different unit spotted
different unit spotted
different unit spotted
different unit spotted
different unit spotted
different unit spotted
different unit spotted
different unit spotted
different unit spotted
different unit spotted
different unit spotted

Best move


next move down

different unit spotted
different unit spotted
different unit spotted
different unit spotted
different unit spotted
different unit spotted
different unit spotted
different unit spotted
different unit spotted
different unit spotted
different unit spotted
different unit spotted
different unit spotted
different unit spotted
different unit spotted
different unit spotted
different unit spotted
different unit spotted
different unit spotted
different unit spotted
different unit spotted
different unit spotted
different unit spotted
different unit spotted
different unit spotted
different unit spotted
different unit spotted

Best move


next move down

different unit spotted
different unit spotted
different unit spotted
different unit spotted
different unit spotted
different unit spotted
different unit spotted
different unit spotted
different unit spotted
Hellhound spotted at dir: 7
dodge called with dir: 3

dodge
dodge1 dir: 3
order placed

next move down

different unit spotted
different unit spotted
different unit spotted
different unit spotted
different unit spotted
different unit spotted
different unit spotted
different unit spotted
different unit spotted

Best move


next move down

different unit spotted
different unit spotted
different unit spotted
different unit spotted
different unit spotted
different unit spotted
different unit spotted
different unit spotted
different unit spotted
different unit spotted
different unit spotted
different unit spotted
different unit spotted
different unit spotted

Best move


next move down

different unit spotted
different unit spotted
different unit spotted
different unit spotted
different unit spotted
different unit spotted
different unit spotted
different unit spotted
different unit spotted
different unit spotted
different unit spotted
different unit spotted
different unit spotted
different unit spotted
different unit spotted
different unit spotted
different unit spotted
different unit spotted
different unit spotted
different unit spotted

Best move


next move down

different unit spotted
different unit spotted
different unit spotted
different unit spotted
different unit spotted
different unit spotted
different unit spotted
different unit spotted
different unit spotted
different unit spotted
different unit spotted
different unit spotted
different unit spotted
different unit spotted
different unit spotted
different unit spotted

Best move


next move down

different unit spotted
different unit spotted
different unit spotted
different unit spotted
different unit spotted
different unit spotted
different unit spotted

Best move


next move down

different unit spotted
different unit spotted
different unit spotted
different unit spotted
different unit spotted
different unit spotted
different unit spotted
different unit spotted
different unit spotted
different unit spotted
different unit spotted
different unit spotted
different unit spotted
different unit spotted
different unit spotted
different unit spotted

Best move


next move down

different unit spotted
different unit spotted
different unit spotted
different unit spotted
different unit spotted
different unit spotted
different unit spotted
different unit spotted
different unit spotted
different unit spotted
different unit spotted
different unit spotted
different unit spotted
different unit spotted
different unit spotted
different unit spotted
different unit spotted
different unit spotted
different unit spotted
different unit spotted
different unit spotted
different unit spotted
different unit spotted
different unit spotted

Best move


next move down

different unit spotted
different unit spotted
different unit spotted

Best move


next move down

different unit spotted
different unit spotted
different unit spotted
different unit spotted
different unit spotted
different unit spotted
different unit spotted
different unit spotted
different unit spotted

Best move


next move down

different unit spotted
different unit spotted
different unit spotted
different unit spotted
different unit spotted
different unit spotted
different unit spotted
different unit spotted

Best move


next move down

different unit spotted
different unit spotted
different unit spotted
different unit spotted
different unit spotted

Best move


next move down

different unit spotted
different unit spotted
different unit spotted
different unit spotted
different unit spotted
different unit spotted
different unit spotted
different unit spotted
different unit spotted
different unit spotted
different unit spotted
different unit spotted
different unit spotted
different unit spotted
different unit spotted
different unit spotted
different unit spotted
different unit spotted
different unit spotted
different unit spotted
different unit spotted
different unit spotted
different unit spotted
different unit spotted

Best move


next move down

different unit spotted
different unit spotted
different unit spotted
different unit spotted

Best move


next move down

different unit spotted
different unit spotted
different unit spotted
different unit spotted
different unit spotted
different unit spotted
different unit spotted
different unit spotted
different unit spotted
different unit spotted
different unit spotted
different unit spotted
different unit spotted
different unit spotted
different unit spotted
different unit spotted
different unit spotted
different unit spotted
different unit spotted
different unit spotted

Best move


next move down

different unit spotted
Ally Pioneer spotted Enemy Furyan at dir: 6
dodge called with dir: 2

dodge
dodge1 dir: 4
order placed

next move down

different unit spotted
different unit spotted
different unit spotted
Ally Pioneer spotted Enemy Furyan at dir: 7
dodge called with dir: 3

dodge
dodge1 dir: 4
order placed

next move down

different unit spotted
different unit spotted
different unit spotted
different unit spotted
different unit spotted
different unit spotted
different unit spotted
different unit spotted
different unit spotted
different unit spotted
different unit spotted
different unit spotted
different unit spotted
different unit spotted
different unit spotted

Best move


next move down

different unit spotted
different unit spotted
different unit spotted
different unit spotted
different unit spotted
different unit spotted
different unit spotted
different unit spotted
different unit spotted
Ally Pioneer spotted Enemy Furyan at dir: 7
dodge called with dir: 3

dodge
dodge1 dir: 3
order placed

next move down

different unit spotted
different unit spotted
different unit spotted
different unit spotted

Best move


next move down

different unit spotted
different unit spotted
different unit spotted
different unit spotted
different unit spotted
different unit spotted
different unit spotted
different unit spotted
different unit spotted

Best move


next move down

different unit spotted
different unit spotted
different unit spotted
different unit spotted
different unit spotted
different unit spotted
different unit spotted
Ally Pioneer spotted Enemy Furyan at dir: 1
dodge called with dir: 5

dodge
dodge1 dir: 4
order placed

get sun distance

get sun distance

get sun distance

get sun distance

get sun distance

get sun distance

get sun distance

next move up

next move up1

next move up2
warning: unit requested for identifier -1

next move up2
warning: unit requested for identifier -1

next move up2
warning: unit requested for identifier -1
warning: unit requested for identifier -1

next move up2
warning: unit requested for identifier -1

next move up2
warning: unit requested for identifier -1

next move up2
warning: unit requested for identifier -1
warning: unit requested for identifier -1

next move up1
warning: unit requested for identifier -1
warning: unit requested for identifier -1

next move up2
warning: unit requested for identifier -1

next move up2
warning: unit requested for identifier -1
warning: unit requested for identifier -1

next move up2
warning: unit requested for identifier -1
warning: unit requested for identifier -1
warning: unit requested for identifier -1

next move up1

next move up2
warning: unit requested for identifier -1

next move up2
warning: unit requested for identifier -1

next move up2
warning: unit requested for identifier -1
warning: unit requested for identifier -1
warning: unit requested for identifier -1

next move up2
warning: unit requested for identifier -1

next move up2
warning: unit requested for identifier -1

next move up1

next move up2
warning: unit requested for identifier -1
warning: unit requested for identifier -1
warning: unit requested for identifier -1

next move up2
warning: unit requested for identifier -1
warning: unit requested for identifier -1

next move up2
warning: unit requested for identifier -1
warning: unit requested for identifier -1

next move up1
warning: unit requested for identifier -1
warning: unit requested for identifier -1
warning: unit requested for identifier -1
warning: unit requested for identifier -1
warning: unit requested for identifier -1
warning: unit requested for identifier -1
warning: unit requested for identifier -1
warning: unit requested for identifier -1

next move up1
warning: unit requested for identifier -1
warning: unit requested for identifier -1
warning: unit requested for identifier -1

next move up2
warning: unit requested for identifier -1
warning: unit requested for identifier -1
warning: unit requested for identifier -1

next move up2
warning: unit requested for identifier -1

next move up1

next move up2
warning: unit requested for identifier -1
warning: unit requested for identifier -1
warning: unit requested for identifier -1
warning: unit requested for identifier -1
warning: unit requested for identifier -1
warning: unit requested for identifier -1
warning: unit requested for identifier -1
warning: unit requested for identifier -1

next move up1
warning: unit requested for identifier -1
warning: unit requested for identifier -1
warning: unit requested for identifier -1
warning: unit requested for identifier -1

next move up1
warning: unit requested for identifier -1
warning: unit requested for identifier -1
warning: unit requested for identifier -1

next move up2
warning: unit requested for identifier -1

next move up2
warning: unit requested for identifier -1

next move up2

next move up1
warning: unit requested for identifier -1

next move up2

next move up1
warning: unit requested for identifier -1
warning: unit requested for identifier -1
warning: unit requested for identifier -1
warning: unit requested for identifier -1

next move up2
warning: unit requested for identifier -1

next move up1
warning: unit requested for identifier -1
warning: unit requested for identifier -1

next move up2
warning: unit requested for identifier -1
warning: unit requested for identifier -1
warning: unit requested for identifier -1
warning: unit requested for identifier -1

next move up2

next move up1
warning: unit requested for identifier -1
warning: unit requested for identifier -1
warning: unit requested for identifier -1

next move up2
warning: unit requested for identifier -1
warning: unit requested for identifier -1
warning: unit requested for identifier -1
warning: unit requested for identifier -1

next move up1
warning: unit requested for identifier -1
warning: unit requested for identifier -1
warning: unit requested for identifier -1

next move up2
warning: unit requested for identifier -1

next move up2
warning: unit requested for identifier -1
warning: unit requested for identifier -1

next move up1

next move up2

next move up2
warning: unit requested for identifier -1

next move up2

next move up1
warning: unit requested for identifier -1

next move up2
warning: unit requested for identifier -1
warning: unit requested for identifier -1
warning: unit requested for identifier -1
warning: unit requested for identifier -1

next move up1
warning: unit requested for identifier -1
warning: unit requested for identifier -1
warning: unit requested for identifier -1
warning: unit requested for identifier -1
warning: unit requested for identifier -1

next move up1
warning: unit requested for identifier -1

next move up1

next move up2

next move up2

next move up2
warning: unit requested for identifier -1

next move up1
warning: unit requested for identifier -1
warning: unit requested for identifier -1
warning: unit requested for identifier -1
warning: unit requested for identifier -1
warning: unit requested for identifier -1
warning: unit requested for identifier -1
warning: unit requested for identifier -1

next move up1
warning: unit requested for identifier -1
warning: unit requested for identifier -1

next move up1

Best move


Best move up

next move down

different unit spotted
different unit spotted
Ally Pioneer spotted Enemy Furyan at dir: 7
dodge called with dir: 3

dodge
dodge1 dir: 1
order placed

next move down

different unit spotted
different unit spotted
different unit spotted
different unit spotted
different unit spotted
different unit spotted
different unit spotted
different unit spotted
different unit spotted
different unit spotted
different unit spotted
different unit spotted
different unit spotted
different unit spotted
different unit spotted
different unit spotted
different unit spotted
different unit spotted
different unit spotted
different unit spotted

Best move


next move down

different unit spotted
different unit spotted
different unit spotted
different unit spotted
different unit spotted
different unit spotted
different unit spotted
different unit spotted
different unit spotted
different unit spotted
different unit spotted
different unit spotted

Best move


next move down

different unit spotted
different unit spotted
different unit spotted
different unit spotted
different unit spotted
different unit spotted
different unit spotted
different unit spotted
different unit spotted
different unit spotted
different unit spotted
different unit spotted
different unit spotted
different unit spotted
different unit spotted
different unit spotted
different unit spotted
different unit spotted
different unit spotted
different unit spotted
different unit spotted

Best move


next move down

different unit spotted
different unit spotted
different unit spotted
different unit spotted
different unit spotted
different unit spotted
different unit spotted
different unit spotted
different unit spotted
different unit spotted
different unit spotted
different unit spotted
different unit spotted
different unit spotted

Best move


next move down

different unit spotted
different unit spotted
different unit spotted
different unit spotted
different unit spotted
different unit spotted
different unit spotted
different unit spotted
different unit spotted
different unit spotted
different unit spotted
different unit spotted
different unit spotted
different unit spotted
different unit spotted
different unit spotted
different unit spotted
different unit spotted
different unit spotted
different unit spotted
different unit spotted
different unit spotted
different unit spotted
different unit spotted
different unit spotted
different unit spotted
different unit spotted
different unit spotted
different unit spotted
different unit spotted
different unit spotted
different unit spotted
different unit spotted
Ally Furian spotted Enemy unit at dir: 0
dodge called with dir: 0

dodge
dodge1 dir: 3

next move down

different unit spotted
different unit spotted
different unit spotted
different unit spotted
different unit spotted
different unit spotted
different unit spotted
different unit spotted
different unit spotted
different unit spotted
different unit spotted
different unit spotted
different unit spotted
different unit spotted
different unit spotted
different unit spotted
different unit spotted
different unit spotted
different unit spotted
different unit spotted
different unit spotted
different unit spotted
different unit spotted
different unit spotted
different unit spotted
Ally Furian spotted Enemy unit at dir: 0
dodge called with dir: 0

dodge
dodge1 dir: 3

next move down

different unit spotted
Ally Furian spotted Enemy unit at dir: 5
dodge called with dir: 5

dodge
dodge1 dir: 1
different unit spotted
different unit spotted
Ally Furian spotted Enemy unit at dir: 2
dodge called with dir: 2

dodge
dodge1 dir: 2

next move down

different unit spotted
different unit spotted
different unit spotted
different unit spotted
Hellhound spotted at dir: 5
dodge called with dir: 1

dodge
dodge1 dir: 1
order placed

next move down

different unit spotted
Ally Furian spotted Enemy unit at dir: 3
dodge called with dir: 3

next move down

different unit spotted
Ally Furian spotted Enemy unit at dir: 2
dodge called with dir: 2

next move down

different unit spotted
different unit spotted
different unit spotted
Ally Furian spotted Enemy unit at dir: 3
dodge called with dir: 3

dodge
dodge1 dir: 7
different unit spotted
different unit spotted
different unit spotted
different unit spotted
Ally Furian spotted Enemy unit at dir: 2
dodge called with dir: 2

dodge
dodge1 dir: 6
different unit spotted
different unit spotted
different unit spotted
different unit spotted
Ally Furian spotted Enemy unit at dir: 4
dodge called with dir: 4

dodge
dodge1 dir: 0
different unit spotted
Ally Furian spotted Enemy unit at dir: 1
dodge called with dir: 1

dodge
dodge1 dir: 5
different unit spotted
Ally Furian spotted Enemy unit at dir: 5
dodge called with dir: 5

dodge
dodge1 dir: 1
different unit spotted
Ally Furian spotted Enemy unit at dir: 6
dodge called with dir: 6

dodge
dodge1 dir: 2
different unit spotted
different unit spotted
different unit spotted
different unit spotted
Ally Furian spotted Enemy unit at dir: 5
dodge called with dir: 5

dodge
dodge1 dir: 1
different unit spotted
Ally Furian spotted Enemy unit at dir: 6
dodge called with dir: 6

dodge
dodge1 dir: 2
different unit spotted
Ally Furian spotted Enemy unit at dir: 5
dodge called with dir: 5

dodge
dodge1 dir: 5
dodge or chase commanded dir: 3

dodge or chase commanded dir: 1

dodge or chase commanded dir: 1

dodge or chase commanded dir: 3

dodge or chase commanded dir: 2

dodge or chase commanded dir: 4

dodge or chase commanded dir: 4

dodge or chase commanded dir: 1

dodge or chase commanded dir: 3

dodge or chase commanded dir: 4

best move (not dodge) commanded

best move (not dodge) commanded

best move (not dodge) commanded

warning: action already requested for unit 63
best move (not dodge) commanded

warning: action already requested for unit 63
best move (not dodge) commanded

best move (not dodge) commanded

best move (not dodge) commanded

best move (not dodge) commanded

warning: action already requested for unit 63
best move (not dodge) commanded

best move (not dodge) commanded

best move (not dodge) commanded

best move (not dodge) commanded

best move (not dodge) commanded

best move (not dodge) commanded

best move (not dodge) commanded

best move (not dodge) commanded

best move (not dodge) commanded

best move (not dodge) commanded

best move (not dodge) commanded

warning: action already requested for unit 63
best move (not dodge) commanded

best move (not dodge) commanded

best move (not dodge) commanded

best move (not dodge) commanded

warning: action already requested for unit 63
best move (not dodge) commanded

best move (not dodge) commanded

warning: action already requested for unit 63
best move (not dodge) commanded

best move (not dodge) commanded

warning: action already requested for unit 3
best move (not dodge) commanded

best move (not dodge) commanded

best move (not dodge) commanded

best move (not dodge) commanded

best move (not dodge) commanded

best move (not dodge) commanded

best move (not dodge) commanded

warning: action already requested for unit 63
best move (not dodge) commanded

warning: action already requested for unit 63
best move (not dodge) commanded

best move (not dodge) commanded

best move (not dodge) commanded

best move (not dodge) commanded

best move (not dodge) commanded

best move (not dodge) commanded

info:     end player 0
info:     start player 1
info:     end player 1
info:     start player 2
info:     end player 2
info:     start player 3
info:     end player 3
info: end round 102
info: start round 103
info:     start player 0

next move down

different unit spotted
different unit spotted
different unit spotted
different unit spotted
different unit spotted

Best move


next move down

different unit spotted
different unit spotted
different unit spotted
different unit spotted
different unit spotted
different unit spotted

Best move


next move down

different unit spotted
different unit spotted
different unit spotted
different unit spotted
different unit spotted

Best move


next move down

different unit spotted
different unit spotted
different unit spotted
different unit spotted

Best move


next move down

different unit spotted
different unit spotted
different unit spotted
different unit spotted
different unit spotted
different unit spotted
different unit spotted
different unit spotted

Best move


next move down

different unit spotted
different unit spotted
different unit spotted
different unit spotted
different unit spotted
different unit spotted
different unit spotted
different unit spotted
different unit spotted
different unit spotted
different unit spotted
different unit spotted
different unit spotted

Best move


next move down

different unit spotted
different unit spotted
different unit spotted
different unit spotted
different unit spotted
different unit spotted
different unit spotted
different unit spotted
different unit spotted
different unit spotted
different unit spotted
different unit spotted
different unit spotted
different unit spotted
different unit spotted
different unit spotted
different unit spotted
different unit spotted
different unit spotted
different unit spotted
different unit spotted
different unit spotted
different unit spotted
different unit spotted
different unit spotted
different unit spotted
different unit spotted
different unit spotted
different unit spotted
different unit spotted
different unit spotted
different unit spotted

Best move


next move down

different unit spotted
different unit spotted
different unit spotted
different unit spotted
different unit spotted
different unit spotted
different unit spotted
different unit spotted
different unit spotted
Hellhound spotted at dir: 0
dodge called with dir: 4

dodge
dodge1 dir: 5
order placed

next move down

different unit spotted
different unit spotted
different unit spotted
different unit spotted
different unit spotted
different unit spotted
different unit spotted
Ally Pioneer spotted Enemy Furyan at dir: 7
dodge called with dir: 3

dodge
dodge1 dir: 4
order placed

next move down

different unit spotted
different unit spotted
different unit spotted
different unit spotted
different unit spotted
different unit spotted
different unit spotted
different unit spotted
different unit spotted
different unit spotted
different unit spotted
different unit spotted
different unit spotted
different unit spotted
different unit spotted
different unit spotted
different unit spotted
different unit spotted
different unit spotted

Best move


next move down

different unit spotted
different unit spotted
different unit spotted
different unit spotted
different unit spotted
different unit spotted
different unit spotted
different unit spotted
different unit spotted
different unit spotted
different unit spotted
different unit spotted
different unit spotted
different unit spotted
different unit spotted
different unit spotted
different unit spotted
different unit spotted
different unit spotted
different unit spotted

Best move


next move down

different unit spotted
different unit spotted
different unit spotted
different unit spotted
different unit spotted
different unit spotted
different unit spotted
different unit spotted
different unit spotted
different unit spotted
different unit spotted
different unit spotted

Best move


next move down

different unit spotted
different unit spotted
different unit spotted
different unit spotted
different unit spotted
different unit spotted
different unit spotted
different unit spotted
different unit spotted
different unit spotted
different unit spotted
different unit spotted
different unit spotted

Best move


next move down

different unit spotted
different unit spotted
different unit spotted
different unit spotted
different unit spotted
different unit spotted
different unit spotted
different unit spotted

Best move


next move down

different unit spotted
different unit spotted
different unit spotted
different unit spotted
different unit spotted
different unit spotted
different unit spotted
different unit spotted
different unit spotted
different unit spotted
different unit spotted
different unit spotted
different unit spotted
different unit spotted
different unit spotted
different unit spotted
different unit spotted
different unit spotted
different unit spotted
different unit spotted
different unit spotted
different unit spotted
different unit spotted
different unit spotted
different unit spotted
different unit spotted
different unit spotted
different unit spotted
different unit spotted

Best move


next move down

different unit spotted
different unit spotted
different unit spotted
different unit spotted
different unit spotted
different unit spotted
different unit spotted
different unit spotted
different unit spotted
different unit spotted
different unit spotted
different unit spotted
different unit spotted
different unit spotted

Best move


next move down

different unit spotted
different unit spotted
different unit spotted
different unit spotted
different unit spotted
different unit spotted
different unit spotted
different unit spotted
different unit spotted

Best move


next move down

different unit spotted
different unit spotted
different unit spotted
different unit spotted
different unit spotted
different unit spotted
different unit spotted
different unit spotted
different unit spotted
different unit spotted
different unit spotted
different unit spotted

Best move


next move down

different unit spotted
different unit spotted
different unit spotted
different unit spotted
different unit spotted
different unit spotted

Best move


next move down

different unit spotted
different unit spotted
different unit spotted
different unit spotted
different unit spotted
different unit spotted
different unit spotted
different unit spotted
different unit spotted
different unit spotted
different unit spotted
different unit spotted
different unit spotted
different unit spotted
different unit spotted
different unit spotted
different unit spotted
different unit spotted
different unit spotted
different unit spotted
different unit spotted
different unit spotted
different unit spotted
different unit spotted
different unit spotted

Best move


next move down

different unit spotted
different unit spotted
different unit spotted
different unit spotted
different unit spotted

Best move


next move down

different unit spotted
different unit spotted
different unit spotted
different unit spotted
different unit spotted
different unit spotted
different unit spotted
different unit spotted
Ally Pioneer spotted Enemy Furyan at dir: 7
dodge called with dir: 3

dodge
dodge1 dir: 3
order placed

next move down

different unit spotted
different unit spotted
different unit spotted
different unit spotted
different unit spotted
different unit spotted
Ally Pioneer spotted Enemy Furyan at dir: 7
dodge called with dir: 3

dodge
dodge1 dir: 3
order placed

next move down

different unit spotted
different unit spotted
different unit spotted
different unit spotted
different unit spotted
different unit spotted
different unit spotted
different unit spotted
different unit spotted
different unit spotted
different unit spotted
different unit spotted
different unit spotted
different unit spotted
different unit spotted
different unit spotted
different unit spotted
different unit spotted
different unit spotted

Best move


next move down

different unit spotted
different unit spotted
different unit spotted
different unit spotted
different unit spotted
different unit spotted
different unit spotted
different unit spotted
different unit spotted
different unit spotted
different unit spotted
different unit spotted

Best move


next move down

different unit spotted
different unit spotted
different unit spotted
different unit spotted
different unit spotted

Best move


next move down

different unit spotted
different unit spotted
different unit spotted
different unit spotted
different unit spotted
different unit spotted
different unit spotted
different unit spotted

Best move


next move down

different unit spotted
different unit spotted
different unit spotted
different unit spotted
different unit spotted

Best move


next move down

different unit spotted
different unit spotted
different unit spotted
different unit spotted
Ally Pioneer spotted Enemy Furyan at dir: 1
dodge called with dir: 5

dodge
dodge1 dir: 4
order placed

next move up

next move up1

next move up2
warning: unit requested for identifier -1

next move up2
warning: unit requested for identifier -1

next move up2
warning: unit requested for identifier -1
warning: unit requested for identifier -1

next move up2
warning: unit requested for identifier -1
warning: unit requested for identifier -1

next move up2
warning: unit requested for identifier -1
warning: unit requested for identifier -1

next move up1
warning: unit requested for identifier -1
warning: unit requested for identifier -1

next move up2
warning: unit requested for identifier -1
warning: unit requested for identifier -1
warning: unit requested for identifier -1
warning: unit requested for identifier -1
warning: unit requested for identifier -1

next move up1

next move up2
warning: unit requested for identifier -1

next move up2
warning: unit requested for identifier -1
warning: unit requested for identifier -1
warning: unit requested for identifier -1
warning: unit requested for identifier -1

next move up2
warning: unit requested for identifier -1

next move up2
warning: unit requested for identifier -1
warning: unit requested for identifier -1

next move up1
warning: unit requested for identifier -1
warning: unit requested for identifier -1
warning: unit requested for identifier -1
warning: unit requested for identifier -1

next move up2
warning: unit requested for identifier -1
warning: unit requested for identifier -1
warning: unit requested for identifier -1
warning: unit requested for identifier -1

next move up1

next move up2
warning: unit requested for identifier -1
warning: unit requested for identifier -1

next move up2
warning: unit requested for identifier -1
warning: unit requested for identifier -1
warning: unit requested for identifier -1
warning: unit requested for identifier -1
warning: unit requested for identifier -1

next move up1
warning: unit requested for identifier -1
warning: unit requested for identifier -1

next move up2
warning: unit requested for identifier -1

next move up2
warning: unit requested for identifier -1
warning: unit requested for identifier -1

next move up2
warning: unit requested for identifier -1

next move up1
warning: unit requested for identifier -1
warning: unit requested for identifier -1

next move up2
warning: unit requested for identifier -1

next move up2

next move up2

next move up2

next move up1

next move up2
warning: unit requested for identifier -1

next move up2
warning: unit requested for identifier -1

next move up2
warning: unit requested for identifier -1
warning: unit requested for identifier -1

next move up1
warning: unit requested for identifier -1
warning: unit requested for identifier -1
warning: unit requested for identifier -1

next move up2
warning: unit requested for identifier -1
warning: unit requested for identifier -1

next move up1
warning: unit requested for identifier -1
warning: unit requested for identifier -1
warning: unit requested for identifier -1
warning: unit requested for identifier -1
warning: unit requested for identifier -1
warning: unit requested for identifier -1

next move up2

next move up1
warning: unit requested for identifier -1
warning: unit requested for identifier -1

next move up2

next move up2
warning: unit requested for identifier -1

next move up1
warning: unit requested for identifier -1
warning: unit requested for identifier -1
warning: unit requested for identifier -1
warning: unit requested for identifier -1

next move up1

next move up2

next move up2

next move up2
warning: unit requested for identifier -1

next move up1

next move up2
warning: unit requested for identifier -1

next move up2

next move up2

next move up2

next move up1
warning: unit requested for identifier -1
warning: unit requested for identifier -1
warning: unit requested for identifier -1
warning: unit requested for identifier -1
warning: unit requested for identifier -1

next move up1
warning: unit requested for identifier -1

next move up2

next move up2
warning: unit requested for identifier -1
warning: unit requested for identifier -1

next move up1
warning: unit requested for identifier -1
warning: unit requested for identifier -1
warning: unit requested for identifier -1
warning: unit requested for identifier -1
warning: unit requested for identifier -1
warning: unit requested for identifier -1
warning: unit requested for identifier -1
warning: unit requested for identifier -1

next move up1

Best move


Best move up

next move down

different unit spotted
different unit spotted
different unit spotted
different unit spotted
different unit spotted
different unit spotted
Ally Pioneer spotted Enemy Furyan at dir: 7
dodge called with dir: 3

dodge
dodge1 dir: 5
order placed

next move down

different unit spotted
different unit spotted
different unit spotted
different unit spotted
different unit spotted
different unit spotted
different unit spotted
different unit spotted
different unit spotted
different unit spotted
different unit spotted

Best move


next move down

different unit spotted
different unit spotted
different unit spotted
different unit spotted
different unit spotted
different unit spotted
different unit spotted
different unit spotted
different unit spotted
different unit spotted
different unit spotted
different unit spotted

Best move


next move down

different unit spotted
different unit spotted
different unit spotted
different unit spotted
different unit spotted
different unit spotted
different unit spotted
different unit spotted
different unit spotted
different unit spotted
different unit spotted
different unit spotted
different unit spotted
different unit spotted

Best move


next move down

different unit spotted
different unit spotted
different unit spotted
different unit spotted
different unit spotted
different unit spotted
different unit spotted
different unit spotted
different unit spotted
different unit spotted
different unit spotted
different unit spotted
different unit spotted
different unit spotted
different unit spotted

Best move


next move down

different unit spotted
different unit spotted
different unit spotted
different unit spotted
different unit spotted
different unit spotted
different unit spotted
different unit spotted
different unit spotted
different unit spotted
different unit spotted
different unit spotted
different unit spotted
different unit spotted
different unit spotted
different unit spotted
different unit spotted
different unit spotted
different unit spotted
different unit spotted
different unit spotted
different unit spotted
different unit spotted
different unit spotted
different unit spotted
different unit spotted
different unit spotted
different unit spotted
different unit spotted
different unit spotted
different unit spotted
different unit spotted
different unit spotted
different unit spotted
different unit spotted
different unit spotted
different unit spotted
different unit spotted
different unit spotted
different unit spotted
different unit spotted
different unit spotted
different unit spotted
different unit spotted
different unit spotted
different unit spotted
Ally Furian spotted Enemy unit at dir: 7
dodge called with dir: 7

dodge
dodge1 dir: 7

next move down

different unit spotted
different unit spotted
different unit spotted
different unit spotted
different unit spotted
different unit spotted
different unit spotted
different unit spotted
different unit spotted
different unit spotted
different unit spotted
different unit spotted
different unit spotted
different unit spotted
different unit spotted
different unit spotted
different unit spotted
different unit spotted
different unit spotted
different unit spotted
different unit spotted
different unit spotted
different unit spotted
different unit spotted
different unit spotted
different unit spotted
different unit spotted
different unit spotted
different unit spotted
different unit spotted
different unit spotted
different unit spotted
different unit spotted
different unit spotted
different unit spotted
different unit spotted
different unit spotted
different unit spotted
different unit spotted
different unit spotted
Ally Furian spotted Enemy unit at dir: 7
dodge called with dir: 7

dodge
dodge1 dir: 7

next move down

different unit spotted
Ally Furian spotted Enemy unit at dir: 3
dodge called with dir: 3

next move down

different unit spotted
different unit spotted
different unit spotted
different unit spotted
different unit spotted
different unit spotted
different unit spotted
Hellhound spotted at dir: 5
dodge called with dir: 1

dodge
dodge1 dir: 0
order placed

next move down

different unit spotted
different unit spotted
different unit spotted
different unit spotted
Ally Furian spotted Enemy unit at dir: 3
dodge called with dir: 3

dodge
dodge1 dir: 3

next move down

different unit spotted
Ally Furian spotted Enemy unit at dir: 0
dodge called with dir: 0

dodge
dodge1 dir: 4
different unit spotted
different unit spotted
different unit spotted
Ally Furian spotted Enemy unit at dir: 7
dodge called with dir: 7

dodge
dodge1 dir: 3
different unit spotted
different unit spotted
different unit spotted
Ally Furian spotted Enemy unit at dir: 1
dodge called with dir: 1

dodge
dodge1 dir: 5
different unit spotted
Ally Furian spotted Enemy unit at dir: 6
dodge called with dir: 6

dodge
dodge1 dir: 2
different unit spotted
different unit spotted
different unit spotted
different unit spotted
Ally Furian spotted Enemy unit at dir: 2
dodge called with dir: 2

dodge
dodge1 dir: 6
different unit spotted
different unit spotted
Ally Furian spotted Enemy unit at dir: 4
dodge called with dir: 4

dodge
dodge1 dir: 1
different unit spotted
Ally Furian spotted Enemy unit at dir: 5
dodge called with dir: 5

dodge
dodge1 dir: 1
different unit spotted
Ally Furian spotted Enemy unit at dir: 3
dodge called with dir: 3

dodge
dodge1 dir: 7
different unit spotted
Ally Furian spotted Enemy unit at dir: 7
dodge called with dir: 7

dodge
dodge1 dir: 7

next move down

different unit spotted
Ally Furian spotted Enemy unit at dir: 3
dodge called with dir: 3

dodge
dodge1 dir: 7
different unit spotted
different unit spotted
Ally Furian spotted Enemy unit at dir: 4
dodge called with dir: 4

dodge
dodge1 dir: 0
different unit spotted
different unit spotted
different unit spotted
Ally Furian spotted Enemy unit at dir: 2
dodge called with dir: 2

dodge
dodge1 dir: 6
different unit spotted
different unit spotted
different unit spotted
different unit spotted
different unit spotted
different unit spotted
Ally Furian spotted Enemy unit at dir: 5
dodge called with dir: 5

dodge
dodge1 dir: 1
different unit spotted
Ally Furian spotted Enemy unit at dir: 6
dodge called with dir: 6

dodge
dodge1 dir: 2
different unit spotted
Ally Furian spotted Enemy unit at dir: 1
dodge called with dir: 1

dodge
dodge1 dir: 5
different unit spotted
Ally Furian spotted Enemy unit at dir: 0
dodge called with dir: 0

dodge
dodge1 dir: 4
different unit spotted
Ally Furian spotted Enemy unit at dir: 7
dodge called with dir: 7

dodge
dodge1 dir: 2
different unit spotted
Ally Furian spotted Enemy unit at dir: 7
dodge called with dir: 7

dodge
dodge1 dir: 7
dodge or chase commanded dir: 5

dodge or chase commanded dir: 7

dodge or chase commanded dir: 4

dodge or chase commanded dir: 2

warning: action already requested for unit 63
dodge or chase commanded dir: 7

warning: action already requested for unit 63
dodge or chase commanded dir: 6

warning: action already requested for unit 63
dodge or chase commanded dir: 2

warning: action already requested for unit 63
dodge or chase commanded dir: 5

warning: action already requested for unit 63
dodge or chase commanded dir: 1

warning: action already requested for unit 63
dodge or chase commanded dir: 0

warning: action already requested for unit 63
dodge or chase commanded dir: 3

dodge or chase commanded dir: 4

warning: action already requested for unit 44
dodge or chase commanded dir: 2

warning: action already requested for unit 44
dodge or chase commanded dir: 1

warning: action already requested for unit 44
dodge or chase commanded dir: 1

warning: action already requested for unit 44
dodge or chase commanded dir: 6

warning: action already requested for unit 44
dodge or chase commanded dir: 3

warning: action already requested for unit 44
dodge or chase commanded dir: 5

warning: action already requested for unit 44
dodge or chase commanded dir: 0

dodge or chase commanded dir: 5

dodge or chase commanded dir: 4

dodge or chase commanded dir: 3

dodge or chase commanded dir: 3

dodge or chase commanded dir: 4

best move (not dodge) commanded

best move (not dodge) commanded

best move (not dodge) commanded

best move (not dodge) commanded

best move (not dodge) commanded

best move (not dodge) commanded

best move (not dodge) commanded

best move (not dodge) commanded

best move (not dodge) commanded

best move (not dodge) commanded

warning: action already requested for unit 63
best move (not dodge) commanded

best move (not dodge) commanded

best move (not dodge) commanded

best move (not dodge) commanded

best move (not dodge) commanded

best move (not dodge) commanded

best move (not dodge) commanded

best move (not dodge) commanded

best move (not dodge) commanded

best move (not dodge) commanded

best move (not dodge) commanded

best move (not dodge) commanded

best move (not dodge) commanded

best move (not dodge) commanded

best move (not dodge) commanded

best move (not dodge) commanded

best move (not dodge) commanded

best move (not dodge) commanded

best move (not dodge) commanded

best move (not dodge) commanded

best move (not dodge) commanded

best move (not dodge) commanded

best move (not dodge) commanded

warning: action already requested for unit 44
best move (not dodge) commanded

info:     end player 0
info:     start player 1
info:     end player 1
info:     start player 2
info:     end player 2
info:     start player 3
info:     end player 3
info: end round 103
info: start round 104
info:     start player 0

next move down

different unit spotted
different unit spotted
different unit spotted
different unit spotted
different unit spotted
different unit spotted
different unit spotted

Best move


next move down

different unit spotted
different unit spotted
different unit spotted
different unit spotted
different unit spotted

Best move


next move down

different unit spotted
different unit spotted
different unit spotted
different unit spotted
different unit spotted

Best move


next move down

different unit spotted
different unit spotted
different unit spotted
different unit spotted

Best move


next move down

different unit spotted
different unit spotted
different unit spotted
different unit spotted
different unit spotted

Best move


next move down

different unit spotted
different unit spotted
different unit spotted
different unit spotted
different unit spotted
different unit spotted
different unit spotted
different unit spotted
different unit spotted
different unit spotted
different unit spotted
different unit spotted
different unit spotted
different unit spotted

Best move


next move down

different unit spotted
different unit spotted
different unit spotted
different unit spotted
different unit spotted
different unit spotted
different unit spotted
different unit spotted
different unit spotted
different unit spotted
different unit spotted
different unit spotted
different unit spotted
different unit spotted
different unit spotted
different unit spotted
different unit spotted
different unit spotted
different unit spotted
different unit spotted
different unit spotted
different unit spotted
different unit spotted
different unit spotted
different unit spotted
different unit spotted
different unit spotted
different unit spotted
different unit spotted
different unit spotted
different unit spotted

Best move


next move down

different unit spotted
different unit spotted
different unit spotted
different unit spotted
different unit spotted
different unit spotted
different unit spotted
different unit spotted
different unit spotted
different unit spotted
different unit spotted
different unit spotted
Hellhound spotted at dir: 1
dodge called with dir: 5

dodge
dodge1 dir: 6
order placed

next move down

different unit spotted
different unit spotted
different unit spotted
different unit spotted
different unit spotted
different unit spotted
different unit spotted
different unit spotted
different unit spotted

Best move


next move down

different unit spotted
different unit spotted
different unit spotted
different unit spotted
different unit spotted
different unit spotted
different unit spotted
different unit spotted
different unit spotted
different unit spotted
different unit spotted
different unit spotted
different unit spotted
different unit spotted
different unit spotted
different unit spotted
different unit spotted
different unit spotted
different unit spotted
different unit spotted
different unit spotted

Best move


next move down

different unit spotted
different unit spotted
different unit spotted
different unit spotted
different unit spotted
different unit spotted
different unit spotted
different unit spotted
different unit spotted
different unit spotted
different unit spotted
different unit spotted
different unit spotted
different unit spotted
different unit spotted
different unit spotted
different unit spotted

Best move


next move down

different unit spotted
different unit spotted
different unit spotted
different unit spotted
different unit spotted
different unit spotted
different unit spotted
different unit spotted
different unit spotted
different unit spotted
different unit spotted

Best move


next move down

different unit spotted
different unit spotted
different unit spotted
different unit spotted
different unit spotted
different unit spotted
different unit spotted
different unit spotted
different unit spotted
different unit spotted
different unit spotted

Best move


next move down

different unit spotted
different unit spotted
different unit spotted
different unit spotted
different unit spotted
different unit spotted
different unit spotted
different unit spotted

Best move


next move down

different unit spotted
different unit spotted
different unit spotted
different unit spotted
different unit spotted
different unit spotted
different unit spotted
different unit spotted
different unit spotted
different unit spotted
different unit spotted
different unit spotted
different unit spotted
different unit spotted
different unit spotted
different unit spotted
different unit spotted
different unit spotted
different unit spotted
different unit spotted
different unit spotted
different unit spotted
different unit spotted
different unit spotted
different unit spotted
different unit spotted
different unit spotted

Best move


next move down

different unit spotted
different unit spotted
different unit spotted
different unit spotted
different unit spotted
different unit spotted
different unit spotted
different unit spotted
different unit spotted
different unit spotted
different unit spotted
different unit spotted
different unit spotted
different unit spotted
different unit spotted
different unit spotted
different unit spotted
different unit spotted
different unit spotted

Best move


next move down

different unit spotted
different unit spotted
different unit spotted
different unit spotted
different unit spotted
different unit spotted

Best move


next move down

different unit spotted
different unit spotted
different unit spotted
different unit spotted
different unit spotted
different unit spotted
different unit spotted
different unit spotted
different unit spotted
different unit spotted
different unit spotted
different unit spotted
different unit spotted
different unit spotted
different unit spotted
different unit spotted
different unit spotted
different unit spotted
different unit spotted
different unit spotted
different unit spotted
different unit spotted
different unit spotted

Best move


next move down

different unit spotted
different unit spotted
different unit spotted
different unit spotted
different unit spotted
different unit spotted
different unit spotted
different unit spotted
different unit spotted
different unit spotted
different unit spotted
different unit spotted
different unit spotted
different unit spotted

Best move


next move down

different unit spotted
different unit spotted
different unit spotted
different unit spotted
different unit spotted
different unit spotted
different unit spotted
different unit spotted
different unit spotted
different unit spotted
different unit spotted
different unit spotted
different unit spotted
different unit spotted
different unit spotted
different unit spotted
different unit spotted
different unit spotted
different unit spotted
different unit spotted
different unit spotted
different unit spotted
different unit spotted

Best move


next move down

different unit spotted
different unit spotted
different unit spotted
different unit spotted
different unit spotted
different unit spotted
different unit spotted

Best move


next move down

different unit spotted
different unit spotted
different unit spotted
different unit spotted
Ally Pioneer spotted Enemy Furyan at dir: 1
dodge called with dir: 5

dodge
dodge1 dir: 5
order placed

next move down

different unit spotted
different unit spotted
different unit spotted
different unit spotted
different unit spotted
different unit spotted
different unit spotted
Hellhound spotted at dir: 3
dodge called with dir: 7

dodge
dodge1 dir: 7
order placed

next move down

different unit spotted
different unit spotted
different unit spotted
different unit spotted
different unit spotted
different unit spotted
different unit spotted
different unit spotted
different unit spotted
different unit spotted
different unit spotted
different unit spotted

Best move


next move down

different unit spotted
different unit spotted
different unit spotted
different unit spotted
different unit spotted
different unit spotted
different unit spotted
different unit spotted
different unit spotted
different unit spotted
different unit spotted
different unit spotted
different unit spotted
different unit spotted
different unit spotted
different unit spotted
different unit spotted
different unit spotted
different unit spotted
different unit spotted
different unit spotted
different unit spotted
different unit spotted

Best move


next move down

different unit spotted
different unit spotted
different unit spotted
different unit spotted
different unit spotted

Best move


next move down

different unit spotted
different unit spotted
different unit spotted
different unit spotted
different unit spotted
different unit spotted
different unit spotted
different unit spotted
different unit spotted
different unit spotted
different unit spotted

Best move


next move down

different unit spotted
different unit spotted
different unit spotted
different unit spotted
different unit spotted
different unit spotted
different unit spotted
different unit spotted
different unit spotted
different unit spotted
different unit spotted
different unit spotted
Hellhound spotted at dir: 1
dodge called with dir: 5

dodge
dodge1 dir: 4
order placed

next move down

different unit spotted
Ally Pioneer spotted Enemy Furyan at dir: 1
dodge called with dir: 5

dodge
dodge1 dir: 4
order placed

next move up

next move up1

next move up2
warning: unit requested for identifier -1

next move up2
warning: unit requested for identifier -1

next move up2
warning: unit requested for identifier -1
warning: unit requested for identifier -1
warning: unit requested for identifier -1
warning: unit requested for identifier -1
warning: unit requested for identifier -1

next move up2
warning: unit requested for identifier -1

next move up1

next move up2
warning: unit requested for identifier -1

next move up2
warning: unit requested for identifier -1
warning: unit requested for identifier -1

next move up2
warning: unit requested for identifier -1

next move up2
warning: unit requested for identifier -1
warning: unit requested for identifier -1
warning: unit requested for identifier -1

next move up1

next move up2
warning: unit requested for identifier -1

next move up2
warning: unit requested for identifier -1
warning: unit requested for identifier -1

next move up2
warning: unit requested for identifier -1
warning: unit requested for identifier -1

next move up2
warning: unit requested for identifier -1

next move up2
warning: unit requested for identifier -1
warning: unit requested for identifier -1

next move up1
warning: unit requested for identifier -1
warning: unit requested for identifier -1
warning: unit requested for identifier -1

next move up2
warning: unit requested for identifier -1
warning: unit requested for identifier -1

next move up2
warning: unit requested for identifier -1
warning: unit requested for identifier -1
warning: unit requested for identifier -1

next move up1
warning: unit requested for identifier -1
warning: unit requested for identifier -1

next move up2
warning: unit requested for identifier -1

next move up2
warning: unit requested for identifier -1
warning: unit requested for identifier -1
warning: unit requested for identifier -1
warning: unit requested for identifier -1

next move up1

next move up2
warning: unit requested for identifier -1

next move up2
warning: unit requested for identifier -1
warning: unit requested for identifier -1
warning: unit requested for identifier -1

next move up1
warning: unit requested for identifier -1
warning: unit requested for identifier -1

next move up2
warning: unit requested for identifier -1
warning: unit requested for identifier -1

next move up1
warning: unit requested for identifier -1
warning: unit requested for identifier -1

next move up2

next move up2
warning: unit requested for identifier -1

next move up1
warning: unit requested for identifier -1
warning: unit requested for identifier -1
warning: unit requested for identifier -1

next move up1

next move up2

next move up2
warning: unit requested for identifier -1

next move up2

next move up2
warning: unit requested for identifier -1
warning: unit requested for identifier -1
warning: unit requested for identifier -1

next move up1
warning: unit requested for identifier -1
warning: unit requested for identifier -1
warning: unit requested for identifier -1
warning: unit requested for identifier -1
warning: unit requested for identifier -1
warning: unit requested for identifier -1
warning: unit requested for identifier -1

next move up1
warning: unit requested for identifier -1
warning: unit requested for identifier -1
warning: unit requested for identifier -1
warning: unit requested for identifier -1

next move up2

next move up1
warning: unit requested for identifier -1
warning: unit requested for identifier -1
warning: unit requested for identifier -1
warning: unit requested for identifier -1
warning: unit requested for identifier -1

next move up1

next move up2
warning: unit requested for identifier -1
warning: unit requested for identifier -1
warning: unit requested for identifier -1

next move up1

next move up2
warning: unit requested for identifier -1
warning: unit requested for identifier -1

next move up2

next move up2

next move up1

next move up2
warning: unit requested for identifier -1
warning: unit requested for identifier -1

next move up2
warning: unit requested for identifier -1

next move up1
warning: unit requested for identifier -1

next move up2
warning: unit requested for identifier -1

next move up2

next move up1
warning: unit requested for identifier -1

next move up2
warning: unit requested for identifier -1
warning: unit requested for identifier -1
warning: unit requested for identifier -1
warning: unit requested for identifier -1
warning: unit requested for identifier -1

next move up1

Best move


Best move up

next move down

different unit spotted
Ally Pioneer spotted Enemy Furyan at dir: 6
dodge called with dir: 2

dodge
dodge1 dir: 1
order placed

next move down

different unit spotted
different unit spotted
different unit spotted
different unit spotted

Best move


next move down

different unit spotted
different unit spotted
different unit spotted
different unit spotted
different unit spotted
different unit spotted
different unit spotted
different unit spotted
different unit spotted

Best move


next move down

different unit spotted
different unit spotted
different unit spotted
different unit spotted
different unit spotted
different unit spotted
different unit spotted
different unit spotted
different unit spotted
different unit spotted
different unit spotted
different unit spotted
different unit spotted
different unit spotted
different unit spotted
different unit spotted

Best move


next move down

different unit spotted
different unit spotted
different unit spotted
different unit spotted
different unit spotted
different unit spotted
different unit spotted
different unit spotted
different unit spotted
different unit spotted
different unit spotted

Best move


next move down

different unit spotted
different unit spotted
different unit spotted
different unit spotted
different unit spotted
different unit spotted
different unit spotted
different unit spotted
different unit spotted
different unit spotted
different unit spotted
different unit spotted
different unit spotted
different unit spotted
different unit spotted
different unit spotted
different unit spotted
different unit spotted
different unit spotted
different unit spotted
different unit spotted
different unit spotted
different unit spotted
different unit spotted
different unit spotted
different unit spotted
different unit spotted
different unit spotted
different unit spotted
different unit spotted
different unit spotted
different unit spotted
different unit spotted
different unit spotted
Ally Furian spotted Enemy unit at dir: 7
dodge called with dir: 7

dodge
dodge1 dir: 4

next move down

different unit spotted
different unit spotted
different unit spotted
different unit spotted
different unit spotted
different unit spotted
different unit spotted
different unit spotted
different unit spotted
different unit spotted
different unit spotted
different unit spotted
different unit spotted
different unit spotted
different unit spotted
different unit spotted
different unit spotted
different unit spotted
different unit spotted
different unit spotted
different unit spotted
different unit spotted
different unit spotted
different unit spotted
Ally Furian spotted Enemy unit at dir: 7
dodge called with dir: 7

dodge
dodge1 dir: 7

next move down

different unit spotted
Ally Furian spotted Enemy unit at dir: 5
dodge called with dir: 5

dodge
dodge1 dir: 1
different unit spotted
different unit spotted
different unit spotted
Ally Furian spotted Enemy unit at dir: 6
dodge called with dir: 6

dodge
dodge1 dir: 1
different unit spotted
different unit spotted
Ally Furian spotted Enemy unit at dir: 4
dodge called with dir: 4

dodge
dodge1 dir: 0
different unit spotted
different unit spotted
Ally Furian spotted Enemy unit at dir: 3
dodge called with dir: 3

dodge
dodge1 dir: 3

next move down

different unit spotted
different unit spotted
different unit spotted
different unit spotted
different unit spotted
Hellhound spotted at dir: 5
dodge called with dir: 1

dodge
dodge1 dir: 3
order placed

next move down

different unit spotted
Ally Furian spotted Enemy unit at dir: 4
dodge called with dir: 4

next move down

different unit spotted
Ally Furian spotted Enemy unit at dir: 3
dodge called with dir: 3

dodge
dodge1 dir: 7
different unit spotted
different unit spotted
Ally Furian spotted Enemy unit at dir: 4
dodge called with dir: 4

dodge
dodge1 dir: 0
different unit spotted
different unit spotted
different unit spotted
Ally Furian spotted Enemy unit at dir: 2
dodge called with dir: 2

dodge
dodge1 dir: 5
different unit spotted
different unit spotted
different unit spotted
different unit spotted
Ally Furian spotted Enemy unit at dir: 6
dodge called with dir: 6

dodge
dodge1 dir: 5

next move down

different unit spotted
Ally Furian spotted Enemy unit at dir: 2
dodge called with dir: 2

dodge
dodge1 dir: 6
different unit spotted
different unit spotted
Ally Furian spotted Enemy unit at dir: 3
dodge called with dir: 3

dodge
dodge1 dir: 7
different unit spotted
different unit spotted
different unit spotted
Ally Furian spotted Enemy unit at dir: 1
dodge called with dir: 1

dodge
dodge1 dir: 5
different unit spotted
different unit spotted
Ally Furian spotted Enemy unit at dir: 4
dodge called with dir: 4

dodge
dodge1 dir: 0
different unit spotted
different unit spotted
Ally Furian spotted Enemy unit at dir: 0
dodge called with dir: 0

dodge
dodge1 dir: 4
different unit spotted
different unit spotted
different unit spotted
different unit spotted
Ally Furian spotted Enemy unit at dir: 6
dodge called with dir: 6

dodge
dodge1 dir: 1
different unit spotted
Ally Furian spotted Enemy unit at dir: 5
dodge called with dir: 5

dodge
dodge1 dir: 1
different unit spotted
Ally Furian spotted Enemy unit at dir: 7
dodge called with dir: 7

dodge
dodge1 dir: 3
different unit spotted
different unit spotted
Ally Furian spotted Enemy unit at dir: 7
dodge called with dir: 7

dodge
dodge1 dir: 7
dodge or chase commanded dir: 6

dodge or chase commanded dir: 4

dodge or chase commanded dir: 6

dodge or chase commanded dir: 4

warning: action already requested for unit 63
dodge or chase commanded dir: 1

warning: action already requested for unit 63
dodge or chase commanded dir: 3

warning: action already requested for unit 63
dodge or chase commanded dir: 1

warning: action already requested for unit 63
dodge or chase commanded dir: 7

warning: action already requested for unit 63
dodge or chase commanded dir: 5

warning: action already requested for unit 63
dodge or chase commanded dir: 0

warning: action already requested for unit 63
dodge or chase commanded dir: 7

dodge or chase commanded dir: 0

dodge or chase commanded dir: 7

dodge or chase commanded dir: 5

warning: action already requested for unit 44
dodge or chase commanded dir: 0

warning: action already requested for unit 44
dodge or chase commanded dir: 3

dodge or chase commanded dir: 4

dodge or chase commanded dir: 1

warning: action already requested for unit 3
dodge or chase commanded dir: 1

warning: action already requested for unit 3
dodge or chase commanded dir: 4

dodge or chase commanded dir: 1

dodge or chase commanded dir: 5

best move (not dodge) commanded

best move (not dodge) commanded

best move (not dodge) commanded

best move (not dodge) commanded

best move (not dodge) commanded

best move (not dodge) commanded

best move (not dodge) commanded

best move (not dodge) commanded

best move (not dodge) commanded

best move (not dodge) commanded

best move (not dodge) commanded

best move (not dodge) commanded

best move (not dodge) commanded

best move (not dodge) commanded

best move (not dodge) commanded

best move (not dodge) commanded

best move (not dodge) commanded

best move (not dodge) commanded

best move (not dodge) commanded

best move (not dodge) commanded

warning: action already requested for unit 3
best move (not dodge) commanded

best move (not dodge) commanded

best move (not dodge) commanded

best move (not dodge) commanded

best move (not dodge) commanded

warning: action already requested for unit 63
best move (not dodge) commanded

best move (not dodge) commanded

best move (not dodge) commanded

best move (not dodge) commanded

best move (not dodge) commanded

best move (not dodge) commanded

best move (not dodge) commanded

warning: action already requested for unit 44
best move (not dodge) commanded

best move (not dodge) commanded

info:     end player 0
info:     start player 1
info:     end player 1
info:     start player 2
info:     end player 2
info:     start player 3
info:     end player 3
info: end round 104
info: start round 105
info:     start player 0

next move down

different unit spotted
different unit spotted
different unit spotted
different unit spotted
different unit spotted
different unit spotted

Best move


next move down

different unit spotted
different unit spotted
different unit spotted
different unit spotted
different unit spotted

Best move


next move down

different unit spotted
different unit spotted
different unit spotted
different unit spotted
different unit spotted

Best move


next move down

different unit spotted
different unit spotted
different unit spotted

Best move


next move down

different unit spotted
different unit spotted
different unit spotted
different unit spotted
different unit spotted
different unit spotted
different unit spotted
different unit spotted

Best move


next move down

different unit spotted
different unit spotted
different unit spotted
different unit spotted
different unit spotted
different unit spotted
different unit spotted
different unit spotted
different unit spotted
different unit spotted
different unit spotted
different unit spotted
different unit spotted
different unit spotted
different unit spotted
different unit spotted

Best move


next move down

different unit spotted
different unit spotted
different unit spotted
different unit spotted
different unit spotted
different unit spotted
different unit spotted
different unit spotted
different unit spotted
different unit spotted
different unit spotted
different unit spotted
different unit spotted
different unit spotted
different unit spotted
different unit spotted
different unit spotted
different unit spotted
different unit spotted
different unit spotted
different unit spotted
different unit spotted
different unit spotted
different unit spotted

Best move


next move down

different unit spotted
different unit spotted
different unit spotted
different unit spotted
different unit spotted
different unit spotted
different unit spotted
Hellhound spotted at dir: 1
dodge called with dir: 5

dodge
dodge1 dir: 6
order placed

next move down

different unit spotted
different unit spotted
different unit spotted
different unit spotted
different unit spotted
different unit spotted
different unit spotted
different unit spotted

Best move


next move down

different unit spotted
different unit spotted
different unit spotted
different unit spotted
different unit spotted
different unit spotted
different unit spotted
different unit spotted
different unit spotted
different unit spotted
different unit spotted
different unit spotted
different unit spotted
different unit spotted
different unit spotted

Best move


next move down

different unit spotted
different unit spotted
different unit spotted
different unit spotted
different unit spotted
different unit spotted
different unit spotted
different unit spotted
different unit spotted
different unit spotted
different unit spotted
different unit spotted
different unit spotted
different unit spotted
different unit spotted
different unit spotted
different unit spotted
different unit spotted
different unit spotted

Best move


next move down

different unit spotted
different unit spotted
different unit spotted
different unit spotted
different unit spotted
different unit spotted
different unit spotted
different unit spotted
different unit spotted
different unit spotted
different unit spotted
different unit spotted

Best move


next move down

different unit spotted
different unit spotted
different unit spotted
different unit spotted
different unit spotted
different unit spotted
different unit spotted

Best move


next move down

different unit spotted
different unit spotted
different unit spotted
different unit spotted
different unit spotted
different unit spotted
different unit spotted
different unit spotted

Best move


next move down

different unit spotted
different unit spotted
different unit spotted
different unit spotted
different unit spotted
different unit spotted
different unit spotted
different unit spotted
different unit spotted
different unit spotted
different unit spotted
different unit spotted
different unit spotted
different unit spotted
different unit spotted
different unit spotted
different unit spotted
different unit spotted
different unit spotted
different unit spotted
different unit spotted
different unit spotted
different unit spotted
different unit spotted

Best move


next move down

different unit spotted
different unit spotted
different unit spotted
different unit spotted
different unit spotted
different unit spotted
different unit spotted
different unit spotted
different unit spotted
different unit spotted
different unit spotted
different unit spotted
different unit spotted
different unit spotted
different unit spotted
Ally Pioneer spotted Enemy Furyan at dir: 2
dodge called with dir: 6

dodge
dodge1 dir: 6
order placed

next move down

different unit spotted
different unit spotted
different unit spotted
different unit spotted
different unit spotted

Best move


next move down

different unit spotted
different unit spotted
different unit spotted
different unit spotted
different unit spotted
different unit spotted
different unit spotted
different unit spotted
different unit spotted
different unit spotted
different unit spotted
different unit spotted
different unit spotted
different unit spotted
different unit spotted
different unit spotted
different unit spotted
different unit spotted
different unit spotted
different unit spotted
different unit spotted
different unit spotted
different unit spotted
different unit spotted
different unit spotted
different unit spotted

Best move


next move down

different unit spotted
different unit spotted
different unit spotted
different unit spotted
different unit spotted
different unit spotted
different unit spotted
different unit spotted
different unit spotted
different unit spotted
different unit spotted
different unit spotted
different unit spotted
different unit spotted
different unit spotted
different unit spotted
different unit spotted
different unit spotted
different unit spotted
different unit spotted

Best move


next move down

different unit spotted
different unit spotted
different unit spotted
different unit spotted
different unit spotted
different unit spotted
different unit spotted
different unit spotted
different unit spotted
different unit spotted
different unit spotted
different unit spotted
different unit spotted
different unit spotted
different unit spotted
different unit spotted
different unit spotted
different unit spotted
different unit spotted
different unit spotted
different unit spotted
different unit spotted
different unit spotted

Best move


next move down

different unit spotted
different unit spotted
different unit spotted
different unit spotted
different unit spotted

Best move


next move down

different unit spotted
different unit spotted
different unit spotted
different unit spotted
different unit spotted
different unit spotted
different unit spotted
different unit spotted
different unit spotted
different unit spotted
different unit spotted
different unit spotted
different unit spotted

Best move


next move down

different unit spotted
Ally Pioneer spotted Enemy Furyan at dir: 7
dodge called with dir: 3

dodge
dodge1 dir: 3
order placed

next move down

different unit spotted
different unit spotted
different unit spotted
different unit spotted
different unit spotted
different unit spotted
different unit spotted
different unit spotted
different unit spotted
different unit spotted
different unit spotted
different unit spotted
different unit spotted
different unit spotted
different unit spotted

Best move


next move down

different unit spotted
different unit spotted
different unit spotted
different unit spotted
different unit spotted
different unit spotted
different unit spotted
different unit spotted
different unit spotted
different unit spotted
different unit spotted
different unit spotted
different unit spotted
different unit spotted
different unit spotted
different unit spotted
different unit spotted
different unit spotted
different unit spotted

Best move


next move down

different unit spotted
different unit spotted
different unit spotted
different unit spotted
different unit spotted
different unit spotted
different unit spotted
different unit spotted
different unit spotted
different unit spotted
different unit spotted
different unit spotted
different unit spotted
different unit spotted
different unit spotted

Best move


next move down

different unit spotted
different unit spotted
different unit spotted
different unit spotted
different unit spotted
different unit spotted
different unit spotted

Best move


next move down

different unit spotted
different unit spotted
different unit spotted
different unit spotted
different unit spotted
different unit spotted
Hellhound spotted at dir: 1
dodge called with dir: 5

dodge
dodge1 dir: 0
order placed

next move down

different unit spotted
different unit spotted
different unit spotted
Ally Pioneer spotted Enemy Furyan at dir: 1
dodge called with dir: 5

dodge
dodge1 dir: 5
order placed

next move down

different unit spotted
different unit spotted

Best move


next move up

next move up1

next move up2
warning: unit requested for identifier -1
warning: unit requested for identifier -1

next move up2
warning: unit requested for identifier -1

next move up2
warning: unit requested for identifier -1

next move up2
warning: unit requested for identifier -1

next move up2
warning: unit requested for identifier -1
warning: unit requested for identifier -1
warning: unit requested for identifier -1

next move up1

next move up2
warning: unit requested for identifier -1
warning: unit requested for identifier -1

next move up2
warning: unit requested for identifier -1

next move up2
warning: unit requested for identifier -1
warning: unit requested for identifier -1
warning: unit requested for identifier -1
warning: unit requested for identifier -1
warning: unit requested for identifier -1

next move up1

next move up2
warning: unit requested for identifier -1

next move up2
warning: unit requested for identifier -1

next move up2
warning: unit requested for identifier -1
warning: unit requested for identifier -1
warning: unit requested for identifier -1
warning: unit requested for identifier -1
warning: unit requested for identifier -1

next move up2
warning: unit requested for identifier -1

next move up1

next move up2
warning: unit requested for identifier -1
warning: unit requested for identifier -1
warning: unit requested for identifier -1
warning: unit requested for identifier -1

next move up2
warning: unit requested for identifier -1
warning: unit requested for identifier -1
warning: unit requested for identifier -1
warning: unit requested for identifier -1

next move up1
warning: unit requested for identifier -1

next move up2
warning: unit requested for identifier -1

next move up2
warning: unit requested for identifier -1
warning: unit requested for identifier -1
warning: unit requested for identifier -1

next move up1

next move up2
warning: unit requested for identifier -1

next move up2
warning: unit requested for identifier -1
warning: unit requested for identifier -1
warning: unit requested for identifier -1
warning: unit requested for identifier -1
warning: unit requested for identifier -1
warning: unit requested for identifier -1

next move up1

next move up2

next move up2
warning: unit requested for identifier -1
warning: unit requested for identifier -1
warning: unit requested for identifier -1

next move up1
warning: unit requested for identifier -1
warning: unit requested for identifier -1
warning: unit requested for identifier -1
warning: unit requested for identifier -1
warning: unit requested for identifier -1
warning: unit requested for identifier -1
warning: unit requested for identifier -1

next move up1

next move up2
warning: unit requested for identifier -1
warning: unit requested for identifier -1
warning: unit requested for identifier -1
warning: unit requested for identifier -1

next move up2

next move up1
warning: unit requested for identifier -1
warning: unit requested for identifier -1
warning: unit requested for identifier -1
warning: unit requested for identifier -1
warning: unit requested for identifier -1
warning: unit requested for identifier -1

next move up1
warning: unit requested for identifier -1

next move up2
warning: unit requested for identifier -1

next move up1

next move up2
warning: unit requested for identifier -1
warning: unit requested for identifier -1
warning: unit requested for identifier -1

next move up2

next move up1
warning: unit requested for identifier -1
warning: unit requested for identifier -1
warning: unit requested for identifier -1
warning: unit requested for identifier -1
warning: unit requested for identifier -1
warning: unit requested for identifier -1

next move up1

next move up2
warning: unit requested for identifier -1

next move up2
warning: unit requested for identifier -1
warning: unit requested for identifier -1

next move up1

next move up2

next move up2

next move up2
warning: unit requested for identifier -1
warning: unit requested for identifier -1

next move up1

next move up2

next move up2
warning: unit requested for identifier -1

next move up2

next move up2
warning: unit requested for identifier -1

next move up1
warning: unit requested for identifier -1
warning: unit requested for identifier -1
warning: unit requested for identifier -1
warning: unit requested for identifier -1

next move up1
warning: unit requested for identifier -1

next move up2

next move up2

next move up2
warning: unit requested for identifier -1
warning: unit requested for identifier -1

next move up1
warning: unit requested for identifier -1

next move up2
warning: unit requested for identifier -1
warning: unit requested for identifier -1

next move up1

Best move


Best move up

next move down

different unit spotted
different unit spotted
Ally Pioneer spotted Enemy Furyan at dir: 6
dodge called with dir: 2

dodge
dodge1 dir: 1
order placed

next move down

different unit spotted
different unit spotted
different unit spotted
different unit spotted
different unit spotted
different unit spotted
different unit spotted

Best move


next move down

different unit spotted
different unit spotted
different unit spotted
different unit spotted
different unit spotted
different unit spotted
different unit spotted
different unit spotted
different unit spotted
different unit spotted
different unit spotted
different unit spotted
different unit spotted

Best move


next move down

different unit spotted
different unit spotted
different unit spotted
different unit spotted
different unit spotted
different unit spotted
different unit spotted
different unit spotted
different unit spotted
different unit spotted
different unit spotted
different unit spotted
different unit spotted
different unit spotted
different unit spotted
different unit spotted
different unit spotted
different unit spotted

Best move


next move down

different unit spotted
different unit spotted
different unit spotted
different unit spotted
different unit spotted
different unit spotted
different unit spotted
different unit spotted
different unit spotted
different unit spotted
different unit spotted
different unit spotted
different unit spotted
different unit spotted

Best move


next move down

different unit spotted
different unit spotted
different unit spotted
different unit spotted
different unit spotted
different unit spotted
different unit spotted
different unit spotted
different unit spotted
different unit spotted
different unit spotted
different unit spotted
different unit spotted
different unit spotted
different unit spotted
different unit spotted
different unit spotted
different unit spotted
different unit spotted
different unit spotted
different unit spotted
different unit spotted
different unit spotted
different unit spotted
different unit spotted
different unit spotted
different unit spotted
different unit spotted
different unit spotted
different unit spotted
different unit spotted
different unit spotted
different unit spotted
different unit spotted
different unit spotted
different unit spotted
Ally Furian spotted Enemy unit at dir: 7
dodge called with dir: 7

dodge
dodge1 dir: 7

next move down

different unit spotted
different unit spotted
different unit spotted
different unit spotted
different unit spotted
different unit spotted
different unit spotted
different unit spotted
different unit spotted
different unit spotted
different unit spotted
different unit spotted
different unit spotted
different unit spotted
different unit spotted
different unit spotted
different unit spotted
Ally Furian spotted Enemy unit at dir: 7
dodge called with dir: 7

dodge
dodge1 dir: 6

next move down

different unit spotted
Ally Furian spotted Enemy unit at dir: 4
dodge called with dir: 4

dodge
dodge1 dir: 0
different unit spotted
different unit spotted
Ally Furian spotted Enemy unit at dir: 7
dodge called with dir: 7

dodge
dodge1 dir: 7

next move down

different unit spotted
different unit spotted
different unit spotted
different unit spotted
Hellhound spotted at dir: 6
dodge called with dir: 2

dodge
dodge1 dir: 2
order placed

next move down

different unit spotted
different unit spotted
different unit spotted
different unit spotted
different unit spotted
different unit spotted
different unit spotted
different unit spotted
Ally Furian spotted Enemy unit at dir: 2
dodge called with dir: 2

dodge
dodge1 dir: 6
different unit spotted
Ally Furian spotted Enemy unit at dir: 1
dodge called with dir: 1

dodge
dodge1 dir: 1

next move down

different unit spotted
Ally Furian spotted Enemy unit at dir: 6
dodge called with dir: 6

next move down

different unit spotted
different unit spotted
Ally Furian spotted Enemy unit at dir: 2
dodge called with dir: 2

dodge
dodge1 dir: 6
different unit spotted
different unit spotted
different unit spotted
different unit spotted
Ally Furian spotted Enemy unit at dir: 3
dodge called with dir: 3

dodge
dodge1 dir: 7
different unit spotted
different unit spotted
Ally Furian spotted Enemy unit at dir: 1
dodge called with dir: 1

dodge
dodge1 dir: 5
different unit spotted
different unit spotted
different unit spotted
different unit spotted
Ally Furian spotted Enemy unit at dir: 4
dodge called with dir: 4

dodge
dodge1 dir: 0
different unit spotted
Ally Furian spotted Enemy unit at dir: 0
dodge called with dir: 0

dodge
dodge1 dir: 4
different unit spotted
Ally Furian spotted Enemy unit at dir: 6
dodge called with dir: 6

dodge
dodge1 dir: 2
different unit spotted
Ally Furian spotted Enemy unit at dir: 5
dodge called with dir: 5

dodge
dodge1 dir: 1
different unit spotted
Ally Furian spotted Enemy unit at dir: 7
dodge called with dir: 7

dodge
dodge1 dir: 3
different unit spotted
Ally Furian spotted Enemy unit at dir: 5
dodge called with dir: 5

dodge
dodge1 dir: 1
different unit spotted
different unit spotted
Ally Furian spotted Enemy unit at dir: 6
dodge called with dir: 6

dodge
dodge1 dir: 2
different unit spotted
different unit spotted
Ally Furian spotted Enemy unit at dir: 7
dodge called with dir: 7

dodge
dodge1 dir: 3
different unit spotted
Ally Furian spotted Enemy unit at dir: 4
dodge called with dir: 4

dodge
dodge1 dir: 0
different unit spotted
different unit spotted
different unit spotted
Ally Furian spotted Enemy unit at dir: 0
dodge called with dir: 0

dodge
dodge1 dir: 0
dodge or chase commanded dir: 6

dodge or chase commanded dir: 0

dodge or chase commanded dir: 0

dodge or chase commanded dir: 2

dodge or chase commanded dir: 6

dodge or chase commanded dir: 5

dodge or chase commanded dir: 3

dodge or chase commanded dir: 6

dodge or chase commanded dir: 1

best move (not dodge) commanded

best move (not dodge) commanded

best move (not dodge) commanded

best move (not dodge) commanded

warning: action already requested for unit 63
best move (not dodge) commanded

warning: action already requested for unit 63
best move (not dodge) commanded

warning: action already requested for unit 63
best move (not dodge) commanded

warning: action already requested for unit 63
best move (not dodge) commanded

warning: action already requested for unit 63
best move (not dodge) commanded

warning: action already requested for unit 63
best move (not dodge) commanded

best move (not dodge) commanded

warning: action already requested for unit 63
best move (not dodge) commanded

best move (not dodge) commanded

best move (not dodge) commanded

warning: action already requested for unit 3
best move (not dodge) commanded

warning: action already requested for unit 63
best move (not dodge) commanded

best move (not dodge) commanded

best move (not dodge) commanded

best move (not dodge) commanded

best move (not dodge) commanded

best move (not dodge) commanded

best move (not dodge) commanded

best move (not dodge) commanded

best move (not dodge) commanded

best move (not dodge) commanded

best move (not dodge) commanded

best move (not dodge) commanded

best move (not dodge) commanded

best move (not dodge) commanded

best move (not dodge) commanded

warning: action already requested for unit 63
best move (not dodge) commanded

best move (not dodge) commanded

warning: action already requested for unit 42
best move (not dodge) commanded

best move (not dodge) commanded

warning: action already requested for unit 63
best move (not dodge) commanded

best move (not dodge) commanded

best move (not dodge) commanded

best move (not dodge) commanded

best move (not dodge) commanded

best move (not dodge) commanded

best move (not dodge) commanded

warning: action already requested for unit 63
best move (not dodge) commanded

best move (not dodge) commanded

best move (not dodge) commanded

best move (not dodge) commanded

best move (not dodge) commanded

warning: action already requested for unit 63
best move (not dodge) commanded

best move (not dodge) commanded

info:     end player 0
info:     start player 1
info:     end player 1
info:     start player 2
info:     end player 2
info:     start player 3
info:     end player 3
info: end round 105
info: start round 106
info:     start player 0

next move down

different unit spotted
different unit spotted
different unit spotted
different unit spotted
different unit spotted
Ally Pioneer spotted Enemy Furyan at dir: 7
dodge called with dir: 3

dodge
dodge1 dir: 2
order placed

next move down

different unit spotted
different unit spotted
different unit spotted
different unit spotted
different unit spotted
different unit spotted
different unit spotted

Best move


next move down

different unit spotted
different unit spotted
different unit spotted
different unit spotted

Best move


next move down

different unit spotted
different unit spotted
different unit spotted
different unit spotted

Best move


next move down

different unit spotted
different unit spotted
different unit spotted
different unit spotted
different unit spotted

Best move


next move down

different unit spotted
different unit spotted
different unit spotted
different unit spotted
different unit spotted
different unit spotted
different unit spotted
different unit spotted
different unit spotted
different unit spotted
different unit spotted
different unit spotted
different unit spotted
different unit spotted
different unit spotted
different unit spotted
different unit spotted
different unit spotted
different unit spotted

Best move


next move down

different unit spotted
different unit spotted
different unit spotted
different unit spotted
different unit spotted
different unit spotted
different unit spotted
different unit spotted
different unit spotted
different unit spotted
different unit spotted
different unit spotted
different unit spotted
different unit spotted
different unit spotted
different unit spotted
different unit spotted
different unit spotted
different unit spotted
different unit spotted
different unit spotted
different unit spotted
different unit spotted
different unit spotted
different unit spotted
different unit spotted

Best move


next move down

different unit spotted
different unit spotted
different unit spotted
different unit spotted
different unit spotted
different unit spotted
different unit spotted
different unit spotted
Hellhound spotted at dir: 0
dodge called with dir: 4

dodge
dodge1 dir: 5
order placed

next move down

different unit spotted
different unit spotted
different unit spotted
different unit spotted
different unit spotted
different unit spotted
different unit spotted
different unit spotted
different unit spotted

Best move


next move down

different unit spotted
different unit spotted
different unit spotted
different unit spotted
different unit spotted
different unit spotted
different unit spotted
different unit spotted
different unit spotted
different unit spotted
different unit spotted
different unit spotted
different unit spotted
different unit spotted

Best move


next move down

different unit spotted
different unit spotted
different unit spotted
different unit spotted
different unit spotted
different unit spotted
different unit spotted
different unit spotted
different unit spotted
different unit spotted
different unit spotted
different unit spotted
different unit spotted
different unit spotted
different unit spotted
different unit spotted
different unit spotted
different unit spotted

Best move


next move down

different unit spotted
different unit spotted
different unit spotted
different unit spotted
different unit spotted
different unit spotted
different unit spotted
different unit spotted
different unit spotted
different unit spotted
different unit spotted

Best move


next move down

different unit spotted
different unit spotted
different unit spotted
different unit spotted
different unit spotted

Best move


next move down

different unit spotted
different unit spotted
different unit spotted
different unit spotted
different unit spotted
different unit spotted
different unit spotted
different unit spotted

Best move


next move down

different unit spotted
different unit spotted
different unit spotted
different unit spotted
different unit spotted
different unit spotted
different unit spotted
different unit spotted
different unit spotted
different unit spotted
different unit spotted
different unit spotted
different unit spotted
different unit spotted
different unit spotted
different unit spotted
different unit spotted
different unit spotted
different unit spotted
different unit spotted
different unit spotted
different unit spotted
different unit spotted
different unit spotted
different unit spotted
different unit spotted

Best move


next move down

different unit spotted
different unit spotted
different unit spotted
different unit spotted
different unit spotted
different unit spotted
different unit spotted
different unit spotted
different unit spotted
different unit spotted
different unit spotted
different unit spotted
different unit spotted
different unit spotted
different unit spotted
different unit spotted

Best move


next move down

different unit spotted
different unit spotted
different unit spotted
different unit spotted
different unit spotted
different unit spotted

Best move


next move down

different unit spotted
different unit spotted
different unit spotted
different unit spotted
different unit spotted
different unit spotted
different unit spotted
different unit spotted
different unit spotted
different unit spotted
different unit spotted
different unit spotted
different unit spotted
different unit spotted
different unit spotted
different unit spotted
different unit spotted
different unit spotted
different unit spotted
different unit spotted
different unit spotted
different unit spotted
different unit spotted
different unit spotted
different unit spotted
different unit spotted

Best move


next move down

different unit spotted
different unit spotted
different unit spotted
different unit spotted
different unit spotted
different unit spotted
different unit spotted
different unit spotted
different unit spotted
different unit spotted
different unit spotted
different unit spotted
different unit spotted
different unit spotted
different unit spotted
different unit spotted
different unit spotted
different unit spotted
different unit spotted
different unit spotted
different unit spotted
different unit spotted
different unit spotted
different unit spotted

Best move


next move down

different unit spotted
different unit spotted
different unit spotted
different unit spotted
different unit spotted
different unit spotted
different unit spotted
different unit spotted
different unit spotted
different unit spotted
different unit spotted
different unit spotted
different unit spotted
different unit spotted
different unit spotted
different unit spotted
different unit spotted
different unit spotted
different unit spotted
different unit spotted
different unit spotted
different unit spotted

Best move


next move down

different unit spotted
different unit spotted
different unit spotted
different unit spotted

Best move


next move down

different unit spotted
different unit spotted
different unit spotted
different unit spotted
different unit spotted
different unit spotted
different unit spotted
Ally Pioneer spotted Enemy Furyan at dir: 7
dodge called with dir: 3

dodge
dodge1 dir: 2
order placed

next move down

different unit spotted
different unit spotted
different unit spotted
different unit spotted
different unit spotted
different unit spotted
different unit spotted
Ally Pioneer spotted Enemy Furyan at dir: 7
dodge called with dir: 3

dodge
dodge1 dir: 3
order placed

next move down

different unit spotted
different unit spotted
different unit spotted
different unit spotted
different unit spotted
different unit spotted
different unit spotted
different unit spotted
different unit spotted
different unit spotted
different unit spotted
different unit spotted
different unit spotted
different unit spotted
different unit spotted
different unit spotted
different unit spotted

Best move


next move down

different unit spotted
different unit spotted
different unit spotted
different unit spotted
different unit spotted
different unit spotted
different unit spotted
different unit spotted
different unit spotted
different unit spotted
different unit spotted
different unit spotted
different unit spotted
different unit spotted
different unit spotted
different unit spotted
different unit spotted
different unit spotted
different unit spotted
different unit spotted
different unit spotted
different unit spotted
different unit spotted

Best move


next move down

different unit spotted
different unit spotted
different unit spotted
different unit spotted
different unit spotted
different unit spotted
different unit spotted
different unit spotted

Best move


next move down

different unit spotted
different unit spotted
different unit spotted
different unit spotted
different unit spotted
different unit spotted
different unit spotted

Best move


next move down

different unit spotted
different unit spotted
different unit spotted
different unit spotted
different unit spotted
different unit spotted
different unit spotted
Hellhound spotted at dir: 1
dodge called with dir: 5

dodge
dodge1 dir: 4
order placed

next move down

different unit spotted
different unit spotted
different unit spotted
different unit spotted
Ally Pioneer spotted Enemy Furyan at dir: 1
dodge called with dir: 5

dodge
dodge1 dir: 5
order placed

next move down

different unit spotted
different unit spotted

Best move


next move up

next move up1

next move up2
warning: unit requested for identifier -1

next move up2
warning: unit requested for identifier -1

next move up2
warning: unit requested for identifier -1
warning: unit requested for identifier -1

next move up2
warning: unit requested for identifier -1

next move up2
warning: unit requested for identifier -1
warning: unit requested for identifier -1
warning: unit requested for identifier -1

next move up1
warning: unit requested for identifier -1

next move up2
warning: unit requested for identifier -1

next move up2
warning: unit requested for identifier -1

next move up2
warning: unit requested for identifier -1
warning: unit requested for identifier -1
warning: unit requested for identifier -1

next move up1
warning: unit requested for identifier -1

next move up2
warning: unit requested for identifier -1

next move up2
warning: unit requested for identifier -1
warning: unit requested for identifier -1
warning: unit requested for identifier -1
warning: unit requested for identifier -1
warning: unit requested for identifier -1

next move up2
warning: unit requested for identifier -1

next move up1
warning: unit requested for identifier -1
warning: unit requested for identifier -1

next move up2
warning: unit requested for identifier -1

next move up2
warning: unit requested for identifier -1
warning: unit requested for identifier -1

next move up2
warning: unit requested for identifier -1

next move up1

next move up2
warning: unit requested for identifier -1

next move up2
warning: unit requested for identifier -1
warning: unit requested for identifier -1
warning: unit requested for identifier -1
warning: unit requested for identifier -1
warning: unit requested for identifier -1

next move up1

next move up2
warning: unit requested for identifier -1

next move up2
warning: unit requested for identifier -1

next move up2
warning: unit requested for identifier -1
warning: unit requested for identifier -1

next move up2
warning: unit requested for identifier -1
warning: unit requested for identifier -1
warning: unit requested for identifier -1
warning: unit requested for identifier -1

next move up1

next move up2
warning: unit requested for identifier -1
warning: unit requested for identifier -1
warning: unit requested for identifier -1

next move up2
warning: unit requested for identifier -1

next move up1
warning: unit requested for identifier -1
warning: unit requested for identifier -1
warning: unit requested for identifier -1
warning: unit requested for identifier -1
warning: unit requested for identifier -1

next move up1
warning: unit requested for identifier -1
warning: unit requested for identifier -1
warning: unit requested for identifier -1
warning: unit requested for identifier -1
warning: unit requested for identifier -1
warning: unit requested for identifier -1

next move up1
warning: unit requested for identifier -1

next move up2

next move up2
warning: unit requested for identifier -1
warning: unit requested for identifier -1
warning: unit requested for identifier -1

next move up1
warning: unit requested for identifier -1
warning: unit requested for identifier -1
warning: unit requested for identifier -1
warning: unit requested for identifier -1
warning: unit requested for identifier -1
warning: unit requested for identifier -1
warning: unit requested for identifier -1
warning: unit requested for identifier -1

next move up1

next move up2
warning: unit requested for identifier -1
warning: unit requested for identifier -1
warning: unit requested for identifier -1
warning: unit requested for identifier -1

next move up1
warning: unit requested for identifier -1
warning: unit requested for identifier -1
warning: unit requested for identifier -1
warning: unit requested for identifier -1
warning: unit requested for identifier -1
warning: unit requested for identifier -1
warning: unit requested for identifier -1

next move up1

next move up2

next move up2
warning: unit requested for identifier -1
warning: unit requested for identifier -1
warning: unit requested for identifier -1
warning: unit requested for identifier -1

next move up2

next move up1
warning: unit requested for identifier -1

next move up2

next move up1

next move up2
warning: unit requested for identifier -1
warning: unit requested for identifier -1

next move up2
warning: unit requested for identifier -1
warning: unit requested for identifier -1

next move up2

next move up1
warning: unit requested for identifier -1
warning: unit requested for identifier -1
warning: unit requested for identifier -1
warning: unit requested for identifier -1

next move up1
warning: unit requested for identifier -1
warning: unit requested for identifier -1

next move up2
warning: unit requested for identifier -1
warning: unit requested for identifier -1
warning: unit requested for identifier -1

next move up1

next move up2

next move up2

next move up2

next move up2

next move up1
warning: unit requested for identifier -1
warning: unit requested for identifier -1
warning: unit requested for identifier -1
warning: unit requested for identifier -1
warning: unit requested for identifier -1

next move up1
warning: unit requested for identifier -1
warning: unit requested for identifier -1
warning: unit requested for identifier -1

next move up1

Best move


Best move up

next move down

different unit spotted
different unit spotted
different unit spotted
different unit spotted
different unit spotted
Ally Pioneer spotted Enemy Furyan at dir: 5
dodge called with dir: 1

dodge
dodge1 dir: 2
order placed

next move down

different unit spotted
different unit spotted
different unit spotted
different unit spotted
different unit spotted
different unit spotted
Ally Pioneer spotted Enemy Furyan at dir: 5
dodge called with dir: 1

dodge
dodge1 dir: 0
order placed

next move down

different unit spotted
different unit spotted
different unit spotted
different unit spotted
different unit spotted
different unit spotted
different unit spotted
different unit spotted

Best move


next move down

different unit spotted
different unit spotted
different unit spotted
different unit spotted
different unit spotted
different unit spotted
different unit spotted
different unit spotted
different unit spotted
different unit spotted
different unit spotted
different unit spotted
different unit spotted
different unit spotted
different unit spotted
different unit spotted
different unit spotted
different unit spotted

Best move


next move down

different unit spotted
different unit spotted
different unit spotted
different unit spotted
different unit spotted
different unit spotted
different unit spotted
different unit spotted
different unit spotted
different unit spotted
different unit spotted
different unit spotted
different unit spotted
different unit spotted

Best move


next move down

different unit spotted
different unit spotted
different unit spotted
different unit spotted
different unit spotted
different unit spotted
different unit spotted
different unit spotted
different unit spotted
different unit spotted
different unit spotted
different unit spotted
different unit spotted
different unit spotted
different unit spotted
different unit spotted
different unit spotted
different unit spotted
different unit spotted
different unit spotted
different unit spotted
different unit spotted
different unit spotted
different unit spotted
different unit spotted
different unit spotted
different unit spotted
different unit spotted
different unit spotted
different unit spotted
different unit spotted
Ally Furian spotted Enemy unit at dir: 7
dodge called with dir: 7

dodge
dodge1 dir: 7

next move down

different unit spotted
different unit spotted
different unit spotted
different unit spotted
different unit spotted
different unit spotted
different unit spotted
different unit spotted
different unit spotted
different unit spotted
different unit spotted
different unit spotted
different unit spotted
different unit spotted
different unit spotted
different unit spotted
Ally Furian spotted Enemy unit at dir: 7
dodge called with dir: 7

dodge
dodge1 dir: 2

next move down

different unit spotted
Ally Furian spotted Enemy unit at dir: 4
dodge called with dir: 4

dodge
dodge1 dir: 0
different unit spotted
different unit spotted
different unit spotted
Ally Furian spotted Enemy unit at dir: 5
dodge called with dir: 5

dodge
dodge1 dir: 1
different unit spotted
different unit spotted
different unit spotted
Ally Furian spotted Enemy unit at dir: 3
dodge called with dir: 3

dodge
dodge1 dir: 7
different unit spotted
different unit spotted
Ally Furian spotted Enemy unit at dir: 6
dodge called with dir: 6

dodge
dodge1 dir: 2
different unit spotted
different unit spotted
Ally Furian spotted Enemy unit at dir: 2
dodge called with dir: 2

dodge
dodge1 dir: 6
different unit spotted
different unit spotted
different unit spotted
Ally Furian spotted Enemy unit at dir: 7
dodge called with dir: 7

dodge
dodge1 dir: 7

next move down

different unit spotted
different unit spotted
different unit spotted
different unit spotted
Hellhound spotted at dir: 4
dodge called with dir: 0

dodge
dodge1 dir: 0
order placed

next move down

different unit spotted
different unit spotted
different unit spotted
different unit spotted
different unit spotted
different unit spotted
different unit spotted
different unit spotted
different unit spotted
different unit spotted
different unit spotted
Ally Furian spotted Enemy unit at dir: 2
dodge called with dir: 2

dodge
dodge1 dir: 6
different unit spotted
Ally Furian spotted Enemy unit at dir: 1
dodge called with dir: 1

dodge
dodge1 dir: 5
different unit spotted
Ally Furian spotted Enemy unit at dir: 0
dodge called with dir: 0

dodge
dodge1 dir: 0

next move down

different unit spotted
Ally Furian spotted Enemy unit at dir: 6
dodge called with dir: 6

next move down

different unit spotted
different unit spotted
different unit spotted
different unit spotted
Ally Furian spotted Enemy unit at dir: 3
dodge called with dir: 3

dodge
dodge1 dir: 7
different unit spotted
different unit spotted
different unit spotted
Ally Furian spotted Enemy unit at dir: 4
dodge called with dir: 4

dodge
dodge1 dir: 0
different unit spotted
different unit spotted
different unit spotted
different unit spotted
Ally Furian spotted Enemy unit at dir: 5
dodge called with dir: 5

dodge
dodge1 dir: 1
different unit spotted
Ally Furian spotted Enemy unit at dir: 2
dodge called with dir: 2

dodge
dodge1 dir: 6
different unit spotted
Ally Furian spotted Enemy unit at dir: 6
dodge called with dir: 6

dodge
dodge1 dir: 2
different unit spotted
Ally Furian spotted Enemy unit at dir: 1
dodge called with dir: 1

dodge
dodge1 dir: 5
different unit spotted
Ally Furian spotted Enemy unit at dir: 0
dodge called with dir: 0

dodge
dodge1 dir: 4
different unit spotted
different unit spotted
different unit spotted
Ally Furian spotted Enemy unit at dir: 5
dodge called with dir: 5

dodge
dodge1 dir: 1
different unit spotted
different unit spotted
Ally Furian spotted Enemy unit at dir: 6
dodge called with dir: 6

dodge
dodge1 dir: 2
different unit spotted
different unit spotted
different unit spotted
different unit spotted
Ally Furian spotted Enemy unit at dir: 4
dodge called with dir: 4

dodge
dodge1 dir: 0
different unit spotted
Ally Furian spotted Enemy unit at dir: 7
dodge called with dir: 7

dodge
dodge1 dir: 7
dodge or chase commanded dir: 5

dodge or chase commanded dir: 4

dodge or chase commanded dir: 6

dodge or chase commanded dir: 0

dodge or chase commanded dir: 1

warning: action already requested for unit 3
dodge or chase commanded dir: 0

dodge or chase commanded dir: 7

warning: action already requested for unit 3
dodge or chase commanded dir: 2

warning: action already requested for unit 3
dodge or chase commanded dir: 6

warning: action already requested for unit 3
dodge or chase commanded dir: 5

dodge or chase commanded dir: 3

dodge or chase commanded dir: 2

dodge or chase commanded dir: 2

dodge or chase commanded dir: 2

dodge or chase commanded dir: 0

best move (not dodge) commanded

best move (not dodge) commanded

best move (not dodge) commanded

best move (not dodge) commanded

warning: action already requested for unit 63
best move (not dodge) commanded

warning: action already requested for unit 63
best move (not dodge) commanded

warning: action already requested for unit 63
best move (not dodge) commanded

warning: action already requested for unit 3
best move (not dodge) commanded

warning: action already requested for unit 63
best move (not dodge) commanded

best move (not dodge) commanded

warning: action already requested for unit 63
best move (not dodge) commanded

best move (not dodge) commanded

best move (not dodge) commanded

best move (not dodge) commanded

best move (not dodge) commanded

best move (not dodge) commanded

best move (not dodge) commanded

best move (not dodge) commanded

best move (not dodge) commanded

best move (not dodge) commanded

best move (not dodge) commanded

best move (not dodge) commanded

best move (not dodge) commanded

warning: action already requested for unit 63
best move (not dodge) commanded

best move (not dodge) commanded

best move (not dodge) commanded

best move (not dodge) commanded

warning: action already requested for unit 42
best move (not dodge) commanded

best move (not dodge) commanded

warning: action already requested for unit 63
best move (not dodge) commanded

best move (not dodge) commanded

warning: action already requested for unit 63
best move (not dodge) commanded

best move (not dodge) commanded

best move (not dodge) commanded

best move (not dodge) commanded

best move (not dodge) commanded

best move (not dodge) commanded

best move (not dodge) commanded

warning: action already requested for unit 63
best move (not dodge) commanded

warning: action already requested for unit 63
best move (not dodge) commanded

best move (not dodge) commanded

best move (not dodge) commanded

best move (not dodge) commanded

warning: action already requested for unit 42
best move (not dodge) commanded

best move (not dodge) commanded

info:     end player 0
info:     start player 1
info:     end player 1
info:     start player 2
info:     end player 2
info:     start player 3
info:     end player 3
info: end round 106
info: start round 107
info:     start player 0

next move down

different unit spotted
different unit spotted
different unit spotted
different unit spotted
Ally Pioneer spotted Enemy Furyan at dir: 7
dodge called with dir: 3

dodge
dodge1 dir: 0
order placed

next move down

different unit spotted
different unit spotted
different unit spotted
different unit spotted
different unit spotted
different unit spotted
different unit spotted

Best move


next move down

different unit spotted
different unit spotted
different unit spotted
different unit spotted
different unit spotted

Best move


next move down

different unit spotted
different unit spotted
different unit spotted
different unit spotted
different unit spotted
different unit spotted
Ally Pioneer spotted Enemy Furyan at dir: 1
dodge called with dir: 5

dodge
dodge1 dir: 4
order placed

next move down

different unit spotted
different unit spotted
different unit spotted
different unit spotted
different unit spotted
different unit spotted
different unit spotted
different unit spotted

Best move


next move down

different unit spotted
different unit spotted
different unit spotted
different unit spotted
different unit spotted
different unit spotted
different unit spotted
different unit spotted
different unit spotted
different unit spotted
different unit spotted
different unit spotted
different unit spotted
different unit spotted
different unit spotted
different unit spotted
different unit spotted
different unit spotted
different unit spotted

Best move


next move down

different unit spotted
different unit spotted
different unit spotted
different unit spotted
different unit spotted
different unit spotted
different unit spotted
different unit spotted
different unit spotted
different unit spotted
different unit spotted
different unit spotted
different unit spotted
different unit spotted
different unit spotted
different unit spotted
different unit spotted
different unit spotted
different unit spotted
different unit spotted
different unit spotted
different unit spotted
different unit spotted
different unit spotted
different unit spotted
different unit spotted
different unit spotted
different unit spotted

Best move


next move down

different unit spotted
different unit spotted
different unit spotted
different unit spotted
different unit spotted
different unit spotted

Best move


next move down

different unit spotted
different unit spotted
different unit spotted
different unit spotted
different unit spotted
different unit spotted
different unit spotted
different unit spotted
different unit spotted
different unit spotted
different unit spotted

Best move


next move down

different unit spotted
different unit spotted
different unit spotted

Best move


next move down

different unit spotted
different unit spotted
different unit spotted
different unit spotted
different unit spotted
different unit spotted
different unit spotted
different unit spotted
different unit spotted
different unit spotted
different unit spotted
different unit spotted
different unit spotted
different unit spotted
different unit spotted
different unit spotted
different unit spotted

Best move


next move down

different unit spotted
different unit spotted
different unit spotted
different unit spotted
different unit spotted
different unit spotted
different unit spotted
different unit spotted

Best move


next move down

different unit spotted
different unit spotted
different unit spotted
different unit spotted
different unit spotted
different unit spotted

Best move


next move down

different unit spotted
different unit spotted
different unit spotted
different unit spotted
different unit spotted

Best move


next move down

different unit spotted
different unit spotted
different unit spotted
different unit spotted
different unit spotted
different unit spotted
different unit spotted
different unit spotted
different unit spotted
different unit spotted
different unit spotted
different unit spotted
different unit spotted
different unit spotted
different unit spotted
different unit spotted
different unit spotted
different unit spotted
different unit spotted
different unit spotted
different unit spotted
different unit spotted

Best move


next move down

different unit spotted
different unit spotted
different unit spotted
different unit spotted
different unit spotted
different unit spotted
Ally Pioneer spotted Enemy Furyan at dir: 3
dodge called with dir: 7

dodge
dodge1 dir: 7
order placed

next move down

different unit spotted
different unit spotted
different unit spotted
different unit spotted
different unit spotted
different unit spotted

Best move


next move down

different unit spotted
different unit spotted
different unit spotted
different unit spotted
different unit spotted
different unit spotted
different unit spotted
different unit spotted
different unit spotted
different unit spotted
different unit spotted
different unit spotted
different unit spotted
different unit spotted
different unit spotted
different unit spotted
different unit spotted
different unit spotted
different unit spotted
different unit spotted

Best move


next move down

different unit spotted
different unit spotted
different unit spotted
different unit spotted
different unit spotted
different unit spotted
different unit spotted
different unit spotted
different unit spotted
different unit spotted
different unit spotted
different unit spotted
different unit spotted
different unit spotted
different unit spotted
different unit spotted
different unit spotted
different unit spotted
different unit spotted
different unit spotted
different unit spotted

Best move


next move down

different unit spotted
different unit spotted
different unit spotted
different unit spotted
different unit spotted
different unit spotted
different unit spotted
different unit spotted
different unit spotted
different unit spotted
different unit spotted
different unit spotted
different unit spotted
different unit spotted
different unit spotted
different unit spotted
different unit spotted
different unit spotted
different unit spotted
different unit spotted
different unit spotted

Best move


next move down

different unit spotted
different unit spotted

Best move


next move down

different unit spotted
different unit spotted
different unit spotted
Ally Pioneer spotted Enemy Furyan at dir: 0
dodge called with dir: 4

dodge
dodge1 dir: 5
order placed

next move down

different unit spotted
different unit spotted
different unit spotted
different unit spotted
different unit spotted
different unit spotted
different unit spotted
Ally Pioneer spotted Enemy Furyan at dir: 7
dodge called with dir: 3

dodge
dodge1 dir: 3
order placed

next move down

different unit spotted
different unit spotted
different unit spotted
different unit spotted
different unit spotted
different unit spotted
different unit spotted
different unit spotted
different unit spotted
different unit spotted
different unit spotted
different unit spotted
different unit spotted
different unit spotted
different unit spotted

Best move


next move down

different unit spotted
different unit spotted
different unit spotted
different unit spotted
different unit spotted
different unit spotted
different unit spotted
different unit spotted
different unit spotted
different unit spotted
different unit spotted
different unit spotted
different unit spotted
different unit spotted
different unit spotted

Best move


next move down

different unit spotted
different unit spotted
different unit spotted
different unit spotted
different unit spotted
different unit spotted
different unit spotted
Ally Pioneer spotted Enemy Furyan at dir: 5
dodge called with dir: 1

dodge
dodge1 dir: 1
order placed

next move down

different unit spotted
different unit spotted
different unit spotted
different unit spotted
different unit spotted
different unit spotted

Best move


next move down

different unit spotted
different unit spotted
different unit spotted

Best move


next move down

different unit spotted
different unit spotted
different unit spotted
different unit spotted
different unit spotted
different unit spotted
different unit spotted
different unit spotted
different unit spotted
different unit spotted
different unit spotted
different unit spotted
different unit spotted
different unit spotted
different unit spotted
different unit spotted
different unit spotted
different unit spotted
different unit spotted

Best move


next move down

different unit spotted
different unit spotted
different unit spotted
different unit spotted
different unit spotted
different unit spotted

Best move


next move down

different unit spotted
different unit spotted
different unit spotted
different unit spotted
different unit spotted
different unit spotted
different unit spotted
different unit spotted

Best move


next move up

next move up1

next move up2
warning: unit requested for identifier -1

next move up2
warning: unit requested for identifier -1

next move up2
warning: unit requested for identifier -1

next move up2
warning: unit requested for identifier -1
warning: unit requested for identifier -1
warning: unit requested for identifier -1
warning: unit requested for identifier -1

next move up2
warning: unit requested for identifier -1

next move up1

next move up2
warning: unit requested for identifier -1
warning: unit requested for identifier -1
warning: unit requested for identifier -1

next move up2
warning: unit requested for identifier -1

next move up2
warning: unit requested for identifier -1

next move up2
warning: unit requested for identifier -1

next move up2
warning: unit requested for identifier -1

next move up2
warning: unit requested for identifier -1

next move up1

next move up2
warning: unit requested for identifier -1

next move up2
warning: unit requested for identifier -1

next move up2
warning: unit requested for identifier -1
warning: unit requested for identifier -1
warning: unit requested for identifier -1

next move up2
warning: unit requested for identifier -1

next move up1
warning: unit requested for identifier -1
warning: unit requested for identifier -1

next move up2
warning: unit requested for identifier -1
warning: unit requested for identifier -1

next move up1
warning: unit requested for identifier -1

next move up2
warning: unit requested for identifier -1
warning: unit requested for identifier -1
warning: unit requested for identifier -1

next move up2
warning: unit requested for identifier -1
warning: unit requested for identifier -1
warning: unit requested for identifier -1

next move up1

next move up2
warning: unit requested for identifier -1
warning: unit requested for identifier -1
warning: unit requested for identifier -1
warning: unit requested for identifier -1
warning: unit requested for identifier -1
warning: unit requested for identifier -1
warning: unit requested for identifier -1

next move up2
warning: unit requested for identifier -1

next move up1
warning: unit requested for identifier -1
warning: unit requested for identifier -1
warning: unit requested for identifier -1
warning: unit requested for identifier -1
warning: unit requested for identifier -1
warning: unit requested for identifier -1
warning: unit requested for identifier -1
warning: unit requested for identifier -1

next move up1
warning: unit requested for identifier -1
warning: unit requested for identifier -1
warning: unit requested for identifier -1

next move up2
warning: unit requested for identifier -1
warning: unit requested for identifier -1
warning: unit requested for identifier -1

next move up2

next move up1
warning: unit requested for identifier -1
warning: unit requested for identifier -1
warning: unit requested for identifier -1
warning: unit requested for identifier -1
warning: unit requested for identifier -1

next move up1
warning: unit requested for identifier -1
warning: unit requested for identifier -1

next move up2
warning: unit requested for identifier -1
warning: unit requested for identifier -1

next move up2
warning: unit requested for identifier -1

next move up1

next move up2

next move up2
warning: unit requested for identifier -1

next move up2
warning: unit requested for identifier -1

next move up1
warning: unit requested for identifier -1
warning: unit requested for identifier -1
warning: unit requested for identifier -1
warning: unit requested for identifier -1
warning: unit requested for identifier -1
warning: unit requested for identifier -1

next move up1
warning: unit requested for identifier -1
warning: unit requested for identifier -1
warning: unit requested for identifier -1
warning: unit requested for identifier -1
warning: unit requested for identifier -1
warning: unit requested for identifier -1

next move up1
warning: unit requested for identifier -1

next move up2
warning: unit requested for identifier -1
warning: unit requested for identifier -1
warning: unit requested for identifier -1

next move up1
warning: unit requested for identifier -1

next move up2

next move up2
warning: unit requested for identifier -1

next move up1
warning: unit requested for identifier -1
warning: unit requested for identifier -1
warning: unit requested for identifier -1
warning: unit requested for identifier -1

next move up1
warning: unit requested for identifier -1
warning: unit requested for identifier -1

next move up2
warning: unit requested for identifier -1

next move up1
warning: unit requested for identifier -1
warning: unit requested for identifier -1
warning: unit requested for identifier -1
warning: unit requested for identifier -1
warning: unit requested for identifier -1

next move up2

next move up2

next move up2

next move up1

next move up2

next move up2

next move up1
warning: unit requested for identifier -1
warning: unit requested for identifier -1
warning: unit requested for identifier -1
warning: unit requested for identifier -1
warning: unit requested for identifier -1
warning: unit requested for identifier -1

next move up1
warning: unit requested for identifier -1
warning: unit requested for identifier -1

next move up2
warning: unit requested for identifier -1

next move up1

Best move


Best move up

next move down

different unit spotted
different unit spotted
different unit spotted
different unit spotted
different unit spotted
different unit spotted
different unit spotted
Ally Pioneer spotted Enemy Furyan at dir: 5
dodge called with dir: 1

dodge
dodge1 dir: 1
order placed

next move down

different unit spotted
different unit spotted
different unit spotted
different unit spotted
different unit spotted
different unit spotted
different unit spotted
different unit spotted
Ally Pioneer spotted Enemy Furyan at dir: 5
dodge called with dir: 1

dodge
dodge1 dir: 1
order placed

next move down

different unit spotted
different unit spotted
different unit spotted
different unit spotted
different unit spotted
different unit spotted
different unit spotted
different unit spotted
different unit spotted
different unit spotted
different unit spotted
different unit spotted
different unit spotted
different unit spotted

Best move


next move down

different unit spotted
different unit spotted
different unit spotted
different unit spotted
different unit spotted
different unit spotted
different unit spotted
different unit spotted
different unit spotted
different unit spotted
different unit spotted
different unit spotted
different unit spotted
different unit spotted
different unit spotted
different unit spotted
different unit spotted
different unit spotted
different unit spotted
different unit spotted
different unit spotted
different unit spotted
different unit spotted
different unit spotted
different unit spotted
different unit spotted
Hellhound spotted at dir: 6
dodge called with dir: 2

dodge
dodge1 dir: 2
order placed

next move down

different unit spotted
different unit spotted
different unit spotted
different unit spotted
different unit spotted
different unit spotted
different unit spotted
different unit spotted
different unit spotted
different unit spotted
Ally Pioneer spotted Enemy Furyan at dir: 3
dodge called with dir: 7

dodge
dodge1 dir: 7
order placed

next move down

different unit spotted
different unit spotted
different unit spotted
different unit spotted
different unit spotted
different unit spotted
different unit spotted
different unit spotted
different unit spotted
different unit spotted
different unit spotted
different unit spotted
different unit spotted
different unit spotted
different unit spotted
different unit spotted
different unit spotted
different unit spotted
different unit spotted
different unit spotted
different unit spotted
different unit spotted
different unit spotted
different unit spotted
different unit spotted
different unit spotted
different unit spotted
different unit spotted
different unit spotted
different unit spotted
different unit spotted
different unit spotted
different unit spotted
different unit spotted
different unit spotted
different unit spotted
different unit spotted
Ally Furian spotted Enemy unit at dir: 6
dodge called with dir: 6

dodge
dodge1 dir: 6

next move down

different unit spotted
different unit spotted
different unit spotted
different unit spotted
different unit spotted
different unit spotted
different unit spotted
different unit spotted
different unit spotted
different unit spotted
different unit spotted
different unit spotted
different unit spotted
different unit spotted
different unit spotted
different unit spotted
Ally Furian spotted Enemy unit at dir: 6
dodge called with dir: 6

dodge
dodge1 dir: 6

next move down

different unit spotted
Ally Furian spotted Enemy unit at dir: 4
dodge called with dir: 4

dodge
dodge1 dir: 0
different unit spotted
different unit spotted
different unit spotted
Ally Furian spotted Enemy unit at dir: 5
dodge called with dir: 5

dodge
dodge1 dir: 0
different unit spotted
different unit spotted
different unit spotted
Ally Furian spotted Enemy unit at dir: 3
dodge called with dir: 3

dodge
dodge1 dir: 7
different unit spotted
Ally Furian spotted Enemy unit at dir: 7
dodge called with dir: 7

dodge
dodge1 dir: 7

next move down

different unit spotted
different unit spotted
different unit spotted
different unit spotted
different unit spotted
different unit spotted
different unit spotted
different unit spotted
different unit spotted
different unit spotted
different unit spotted
Ally Furian spotted Enemy unit at dir: 1
dodge called with dir: 1

dodge
dodge1 dir: 5
different unit spotted
Ally Furian spotted Enemy unit at dir: 2
dodge called with dir: 2

dodge
dodge1 dir: 5
different unit spotted
Ally Furian spotted Enemy unit at dir: 1
dodge called with dir: 1

dodge
dodge1 dir: 1

next move down

different unit spotted
different unit spotted
different unit spotted
Ally Furian spotted Enemy unit at dir: 3
dodge called with dir: 3

dodge
dodge1 dir: 6
different unit spotted
different unit spotted
different unit spotted
Ally Furian spotted Enemy unit at dir: 4
dodge called with dir: 4

dodge
dodge1 dir: 2
different unit spotted
Ally Furian spotted Enemy unit at dir: 2
dodge called with dir: 2

dodge
dodge1 dir: 6
different unit spotted
Ally Furian spotted Enemy unit at dir: 5
dodge called with dir: 5

dodge
dodge1 dir: 2
different unit spotted
Ally Furian spotted Enemy unit at dir: 6
dodge called with dir: 6

dodge
dodge1 dir: 2
different unit spotted
Ally Furian spotted Enemy unit at dir: 1
dodge called with dir: 1

dodge
dodge1 dir: 5
different unit spotted
Ally Furian spotted Enemy unit at dir: 0
dodge called with dir: 0

dodge
dodge1 dir: 3
different unit spotted
Ally Furian spotted Enemy unit at dir: 7
dodge called with dir: 7

dodge
dodge1 dir: 3
different unit spotted
different unit spotted
different unit spotted
different unit spotted
different unit spotted
different unit spotted
Ally Furian spotted Enemy unit at dir: 5
dodge called with dir: 5

dodge
dodge1 dir: 5

next move down

different unit spotted
different unit spotted
different unit spotted
different unit spotted
Ally Furian spotted Enemy unit at dir: 4
dodge called with dir: 4

dodge
dodge1 dir: 0
different unit spotted
different unit spotted
different unit spotted
Ally Furian spotted Enemy unit at dir: 5
dodge called with dir: 5

dodge
dodge1 dir: 1
different unit spotted
different unit spotted
different unit spotted
Ally Furian spotted Enemy unit at dir: 3
dodge called with dir: 3

dodge
dodge1 dir: 6
different unit spotted
Ally Furian spotted Enemy unit at dir: 6
dodge called with dir: 6

dodge
dodge1 dir: 2
different unit spotted
Ally Furian spotted Enemy unit at dir: 2
dodge called with dir: 2

dodge
dodge1 dir: 6
different unit spotted
different unit spotted
different unit spotted
different unit spotted
Ally Furian spotted Enemy unit at dir: 0
dodge called with dir: 0

dodge
dodge1 dir: 4
different unit spotted
Ally Furian spotted Enemy unit at dir: 7
dodge called with dir: 7

dodge
dodge1 dir: 3
different unit spotted
Ally Furian spotted Enemy unit at dir: 1
dodge called with dir: 1

dodge
dodge1 dir: 5
different unit spotted
different unit spotted
Ally Furian spotted Enemy unit at dir: 7
dodge called with dir: 7

dodge
dodge1 dir: 6
dodge or chase commanded dir: 2

dodge or chase commanded dir: 0

dodge or chase commanded dir: 0

warning: action already requested for unit 3
dodge or chase commanded dir: 7

warning: action already requested for unit 3
dodge or chase commanded dir: 1

dodge or chase commanded dir: 3

dodge or chase commanded dir: 0

dodge or chase commanded dir: 5

dodge or chase commanded dir: 4

dodge or chase commanded dir: 7

dodge or chase commanded dir: 7

dodge or chase commanded dir: 1

dodge or chase commanded dir: 1

best move (not dodge) commanded

best move (not dodge) commanded

best move (not dodge) commanded

best move (not dodge) commanded

best move (not dodge) commanded

best move (not dodge) commanded

warning: action already requested for unit 44
best move (not dodge) commanded

warning: action already requested for unit 44
best move (not dodge) commanded

warning: action already requested for unit 44
best move (not dodge) commanded

warning: action already requested for unit 44
best move (not dodge) commanded

warning: action already requested for unit 44
best move (not dodge) commanded

best move (not dodge) commanded

warning: action already requested for unit 42
best move (not dodge) commanded

warning: action already requested for unit 42
best move (not dodge) commanded

warning: action already requested for unit 63
best move (not dodge) commanded

best move (not dodge) commanded

warning: action already requested for unit 63
best move (not dodge) commanded

best move (not dodge) commanded

warning: action already requested for unit 44
best move (not dodge) commanded

best move (not dodge) commanded

warning: action already requested for unit 63
best move (not dodge) commanded

best move (not dodge) commanded

warning: action already requested for unit 44
best move (not dodge) commanded

best move (not dodge) commanded

best move (not dodge) commanded

best move (not dodge) commanded

best move (not dodge) commanded

best move (not dodge) commanded

best move (not dodge) commanded

best move (not dodge) commanded

best move (not dodge) commanded

best move (not dodge) commanded

best move (not dodge) commanded

warning: action already requested for unit 63
best move (not dodge) commanded

best move (not dodge) commanded

warning: action already requested for unit 63
best move (not dodge) commanded

best move (not dodge) commanded

warning: action already requested for unit 63
best move (not dodge) commanded

best move (not dodge) commanded

warning: action already requested for unit 63
best move (not dodge) commanded

best move (not dodge) commanded

best move (not dodge) commanded

best move (not dodge) commanded

best move (not dodge) commanded

warning: action already requested for unit 63
best move (not dodge) commanded

warning: action already requested for unit 3
best move (not dodge) commanded

best move (not dodge) commanded

best move (not dodge) commanded

best move (not dodge) commanded

warning: action already requested for unit 44
best move (not dodge) commanded

best move (not dodge) commanded

info:     end player 0
info:     start player 1
info:     end player 1
info:     start player 2
info:     end player 2
info:     start player 3
info:     end player 3
info: end round 107
info: start round 108
info:     start player 0

next move down

different unit spotted
different unit spotted
different unit spotted
different unit spotted
Ally Pioneer spotted Enemy Furyan at dir: 5
dodge called with dir: 1

dodge
dodge1 dir: 0
order placed

next move down

different unit spotted
different unit spotted
different unit spotted
different unit spotted
different unit spotted
different unit spotted
different unit spotted

Best move


next move down

different unit spotted
different unit spotted
different unit spotted
different unit spotted
different unit spotted

Best move


next move down

different unit spotted
different unit spotted
different unit spotted
different unit spotted
Ally Pioneer spotted Enemy Furyan at dir: 1
dodge called with dir: 5

dodge
dodge1 dir: 7
order placed

next move down

different unit spotted
different unit spotted
different unit spotted
different unit spotted
different unit spotted
different unit spotted
different unit spotted

Best move


next move down

different unit spotted
different unit spotted
different unit spotted
different unit spotted
different unit spotted
different unit spotted
different unit spotted
different unit spotted
different unit spotted
different unit spotted
different unit spotted
different unit spotted
different unit spotted
different unit spotted
different unit spotted
different unit spotted
different unit spotted
different unit spotted
different unit spotted
different unit spotted
different unit spotted

Best move


next move down

different unit spotted
different unit spotted
different unit spotted
different unit spotted
different unit spotted
different unit spotted
different unit spotted
different unit spotted
different unit spotted
different unit spotted
different unit spotted
different unit spotted
different unit spotted
different unit spotted

Best move


next move down

different unit spotted
different unit spotted
different unit spotted
different unit spotted
different unit spotted
different unit spotted
different unit spotted
different unit spotted
different unit spotted
different unit spotted

Best move


next move down

different unit spotted
different unit spotted
different unit spotted
different unit spotted
different unit spotted
different unit spotted
different unit spotted
different unit spotted
different unit spotted
different unit spotted
different unit spotted
different unit spotted
different unit spotted
different unit spotted
different unit spotted
different unit spotted

Best move


next move down

different unit spotted
different unit spotted
different unit spotted
different unit spotted
different unit spotted
different unit spotted
different unit spotted
different unit spotted
different unit spotted
different unit spotted
different unit spotted
different unit spotted
different unit spotted

Best move


next move down

different unit spotted
different unit spotted
different unit spotted
different unit spotted
different unit spotted
different unit spotted
different unit spotted
Ally Pioneer spotted Enemy Furyan at dir: 7
dodge called with dir: 3

dodge
dodge1 dir: 3
order placed

next move down

different unit spotted
different unit spotted
different unit spotted
different unit spotted
different unit spotted
different unit spotted
different unit spotted
different unit spotted
different unit spotted
different unit spotted
different unit spotted

Best move


next move down

different unit spotted
different unit spotted
different unit spotted

Best move


next move down

different unit spotted
different unit spotted
different unit spotted
different unit spotted
different unit spotted
different unit spotted
different unit spotted
different unit spotted
different unit spotted
different unit spotted

Best move


next move down

different unit spotted
different unit spotted
different unit spotted
different unit spotted
different unit spotted
different unit spotted
different unit spotted
different unit spotted
different unit spotted
different unit spotted
different unit spotted
different unit spotted
different unit spotted
different unit spotted
different unit spotted
different unit spotted
different unit spotted

Best move


next move down

different unit spotted
different unit spotted
different unit spotted
different unit spotted
different unit spotted
different unit spotted
different unit spotted
different unit spotted
different unit spotted
different unit spotted
different unit spotted
different unit spotted

Best move


next move down

different unit spotted
different unit spotted
different unit spotted
different unit spotted
different unit spotted
different unit spotted
different unit spotted
different unit spotted
different unit spotted
different unit spotted
different unit spotted
different unit spotted

Best move


next move down

different unit spotted
different unit spotted
different unit spotted
different unit spotted
different unit spotted
different unit spotted
different unit spotted
different unit spotted
different unit spotted
different unit spotted
different unit spotted
different unit spotted

Best move


next move down

different unit spotted
different unit spotted
different unit spotted
different unit spotted
different unit spotted
different unit spotted
different unit spotted
different unit spotted
different unit spotted
different unit spotted
different unit spotted
different unit spotted
different unit spotted
different unit spotted
different unit spotted
different unit spotted
different unit spotted
different unit spotted
different unit spotted
different unit spotted
different unit spotted
different unit spotted
different unit spotted
different unit spotted
different unit spotted

Best move


next move down

different unit spotted
different unit spotted
different unit spotted
different unit spotted
different unit spotted
different unit spotted
different unit spotted
different unit spotted
different unit spotted
different unit spotted
different unit spotted
different unit spotted
different unit spotted

Best move


next move down

different unit spotted
different unit spotted
different unit spotted
different unit spotted
different unit spotted
different unit spotted
different unit spotted
different unit spotted
different unit spotted
different unit spotted

Best move


next move down

different unit spotted
different unit spotted
different unit spotted
different unit spotted
different unit spotted
different unit spotted
different unit spotted
Ally Pioneer spotted Enemy Furyan at dir: 7
dodge called with dir: 3

dodge
dodge1 dir: 3
order placed

next move down

different unit spotted
different unit spotted
different unit spotted
different unit spotted
different unit spotted
different unit spotted
different unit spotted
different unit spotted
different unit spotted
Ally Pioneer spotted Enemy Furyan at dir: 7
dodge called with dir: 3

dodge
dodge1 dir: 3
order placed

next move down

different unit spotted
different unit spotted
different unit spotted
different unit spotted
different unit spotted
different unit spotted
different unit spotted
different unit spotted
different unit spotted
different unit spotted
different unit spotted
different unit spotted
different unit spotted
different unit spotted
different unit spotted
different unit spotted

Best move


next move down

different unit spotted
different unit spotted
different unit spotted
different unit spotted
different unit spotted
different unit spotted
different unit spotted
different unit spotted
different unit spotted
different unit spotted
different unit spotted
different unit spotted
different unit spotted
different unit spotted
different unit spotted
different unit spotted
different unit spotted
different unit spotted
different unit spotted
different unit spotted
different unit spotted
different unit spotted
different unit spotted

Best move


next move down

different unit spotted
different unit spotted
different unit spotted
different unit spotted
different unit spotted
different unit spotted
different unit spotted
different unit spotted

Best move


next move down

different unit spotted
different unit spotted
different unit spotted
different unit spotted
different unit spotted

Best move


next move down

different unit spotted
different unit spotted
different unit spotted
different unit spotted
Hellhound spotted at dir: 1
dodge called with dir: 5

dodge
dodge1 dir: 5
order placed

next move down

different unit spotted
different unit spotted
different unit spotted
different unit spotted
different unit spotted
different unit spotted
different unit spotted
different unit spotted
different unit spotted
Ally Pioneer spotted Enemy Furyan at dir: 1
dodge called with dir: 5

dodge
dodge1 dir: 5
order placed

next move down

different unit spotted
different unit spotted
different unit spotted
different unit spotted
different unit spotted
different unit spotted
different unit spotted
different unit spotted

Best move


next move down

different unit spotted
different unit spotted
different unit spotted
different unit spotted
different unit spotted
different unit spotted
different unit spotted
different unit spotted

Best move


next move up

next move up1

next move up2
warning: unit requested for identifier -1

next move up2
warning: unit requested for identifier -1

next move up2
warning: unit requested for identifier -1

next move up2
warning: unit requested for identifier -1
warning: unit requested for identifier -1
warning: unit requested for identifier -1
warning: unit requested for identifier -1
warning: unit requested for identifier -1

next move up1

next move up2
warning: unit requested for identifier -1
warning: unit requested for identifier -1

next move up2
warning: unit requested for identifier -1
warning: unit requested for identifier -1

next move up2
warning: unit requested for identifier -1

next move up2
warning: unit requested for identifier -1
warning: unit requested for identifier -1
warning: unit requested for identifier -1

next move up1

next move up2
warning: unit requested for identifier -1
warning: unit requested for identifier -1

next move up2
warning: unit requested for identifier -1

next move up2
warning: unit requested for identifier -1
warning: unit requested for identifier -1
warning: unit requested for identifier -1

next move up2
warning: unit requested for identifier -1
warning: unit requested for identifier -1

next move up1
warning: unit requested for identifier -1
warning: unit requested for identifier -1

next move up2
warning: unit requested for identifier -1
warning: unit requested for identifier -1
warning: unit requested for identifier -1

next move up2
warning: unit requested for identifier -1

next move up2
warning: unit requested for identifier -1
warning: unit requested for identifier -1

next move up1

next move up2
warning: unit requested for identifier -1
warning: unit requested for identifier -1
warning: unit requested for identifier -1
warning: unit requested for identifier -1
warning: unit requested for identifier -1
warning: unit requested for identifier -1
warning: unit requested for identifier -1
warning: unit requested for identifier -1

next move up1
warning: unit requested for identifier -1
warning: unit requested for identifier -1

next move up2
warning: unit requested for identifier -1

next move up1

next move up2

next move up2
warning: unit requested for identifier -1
warning: unit requested for identifier -1

next move up1

next move up2
warning: unit requested for identifier -1
warning: unit requested for identifier -1
warning: unit requested for identifier -1
warning: unit requested for identifier -1

next move up1

next move up2

next move up2
warning: unit requested for identifier -1

next move up2

next move up1
warning: unit requested for identifier -1
warning: unit requested for identifier -1
warning: unit requested for identifier -1
warning: unit requested for identifier -1
warning: unit requested for identifier -1

next move up1

next move up2
warning: unit requested for identifier -1

next move up2
warning: unit requested for identifier -1
warning: unit requested for identifier -1

next move up1
warning: unit requested for identifier -1

next move up2
warning: unit requested for identifier -1

next move up2
warning: unit requested for identifier -1

next move up1
warning: unit requested for identifier -1
warning: unit requested for identifier -1
warning: unit requested for identifier -1
warning: unit requested for identifier -1
warning: unit requested for identifier -1

next move up1
warning: unit requested for identifier -1

next move up2

next move up2
warning: unit requested for identifier -1
warning: unit requested for identifier -1
warning: unit requested for identifier -1

next move up1

next move up2
warning: unit requested for identifier -1

next move up2

next move up2
warning: unit requested for identifier -1

next move up1
warning: unit requested for identifier -1

next move up2
warning: unit requested for identifier -1
warning: unit requested for identifier -1
warning: unit requested for identifier -1
warning: unit requested for identifier -1

next move up1
warning: unit requested for identifier -1
warning: unit requested for identifier -1
warning: unit requested for identifier -1

next move up2

next move up1

Best move


Best move up

next move down

different unit spotted
different unit spotted
different unit spotted
different unit spotted
different unit spotted
different unit spotted
different unit spotted

Best move


next move down

different unit spotted
different unit spotted
different unit spotted
different unit spotted
different unit spotted
different unit spotted
different unit spotted
different unit spotted
Ally Pioneer spotted Enemy Furyan at dir: 5
dodge called with dir: 1

dodge
dodge1 dir: 1
order placed

next move down

different unit spotted
different unit spotted
different unit spotted
different unit spotted
different unit spotted
different unit spotted
different unit spotted
different unit spotted
different unit spotted
different unit spotted
different unit spotted
different unit spotted
different unit spotted
different unit spotted

Best move


next move down

different unit spotted
different unit spotted
different unit spotted
different unit spotted
different unit spotted
different unit spotted
different unit spotted
different unit spotted
different unit spotted
different unit spotted
different unit spotted
different unit spotted
different unit spotted
different unit spotted
different unit spotted
Hellhound spotted at dir: 6
dodge called with dir: 2

dodge
dodge1 dir: 2
order placed

next move down

different unit spotted
different unit spotted
different unit spotted
different unit spotted
different unit spotted
different unit spotted
different unit spotted
Ally Pioneer spotted Enemy Furyan at dir: 3
dodge called with dir: 7

dodge
dodge1 dir: 7
order placed

next move down

different unit spotted
different unit spotted
different unit spotted
different unit spotted
different unit spotted
different unit spotted
different unit spotted
different unit spotted
different unit spotted
different unit spotted
different unit spotted
different unit spotted
different unit spotted
Ally Furian spotted Enemy unit at dir: 7
dodge called with dir: 7

dodge
dodge1 dir: 0

next move down

different unit spotted
different unit spotted
different unit spotted
different unit spotted
different unit spotted
different unit spotted
different unit spotted
different unit spotted
different unit spotted
different unit spotted
different unit spotted
different unit spotted
Ally Furian spotted Enemy unit at dir: 7
dodge called with dir: 7

dodge
dodge1 dir: 2

next move down

different unit spotted
Ally Furian spotted Enemy unit at dir: 4
dodge called with dir: 4

dodge
dodge1 dir: 1
different unit spotted
different unit spotted
different unit spotted
Ally Furian spotted Enemy unit at dir: 3
dodge called with dir: 3

dodge
dodge1 dir: 6
different unit spotted
different unit spotted
Ally Furian spotted Enemy unit at dir: 6
dodge called with dir: 6

dodge
dodge1 dir: 1
different unit spotted
different unit spotted
Ally Furian spotted Enemy unit at dir: 2
dodge called with dir: 2

dodge
dodge1 dir: 6
different unit spotted
different unit spotted
Ally Furian spotted Enemy unit at dir: 0
dodge called with dir: 0

dodge
dodge1 dir: 3
different unit spotted
Ally Furian spotted Enemy unit at dir: 3
dodge called with dir: 3

dodge
dodge1 dir: 3

next move down

different unit spotted
different unit spotted
different unit spotted
different unit spotted
different unit spotted
different unit spotted
different unit spotted
different unit spotted
different unit spotted
different unit spotted
different unit spotted
different unit spotted
different unit spotted
Ally Furian spotted Enemy unit at dir: 1
dodge called with dir: 1

dodge
dodge1 dir: 5
different unit spotted
Ally Furian spotted Enemy unit at dir: 2
dodge called with dir: 2

dodge
dodge1 dir: 6
different unit spotted
different unit spotted
different unit spotted
different unit spotted
Ally Furian spotted Enemy unit at dir: 0
dodge called with dir: 0

dodge
dodge1 dir: 3
different unit spotted
Ally Furian spotted Enemy unit at dir: 3
dodge called with dir: 3

dodge
dodge1 dir: 7
different unit spotted
Ally Furian spotted Enemy unit at dir: 4
dodge called with dir: 4

dodge
dodge1 dir: 0
different unit spotted
different unit spotted
different unit spotted
different unit spotted
different unit spotted
Ally Furian spotted Enemy unit at dir: 7
dodge called with dir: 7

dodge
dodge1 dir: 7

next move down

different unit spotted
different unit spotted
different unit spotted
different unit spotted
different unit spotted
Ally Furian spotted Enemy unit at dir: 3
dodge called with dir: 3

dodge
dodge1 dir: 0
different unit spotted
Ally Furian spotted Enemy unit at dir: 2
dodge called with dir: 2

dodge
dodge1 dir: 4
different unit spotted
Ally Furian spotted Enemy unit at dir: 1
dodge called with dir: 1

dodge
dodge1 dir: 4
different unit spotted
Ally Furian spotted Enemy unit at dir: 5
dodge called with dir: 5

dodge
dodge1 dir: 4

next move down

different unit spotted
Ally Furian spotted Enemy unit at dir: 5
dodge called with dir: 5

dodge
dodge1 dir: 1
different unit spotted
different unit spotted
different unit spotted
different unit spotted
Ally Furian spotted Enemy unit at dir: 6
dodge called with dir: 6

dodge
dodge1 dir: 2
different unit spotted
different unit spotted
Ally Furian spotted Enemy unit at dir: 4
dodge called with dir: 4

dodge
dodge1 dir: 0
different unit spotted
different unit spotted
different unit spotted
different unit spotted
different unit spotted
Ally Furian spotted Enemy unit at dir: 7
dodge called with dir: 7

dodge
dodge1 dir: 3
different unit spotted
Ally Furian spotted Enemy unit at dir: 0
dodge called with dir: 0

dodge
dodge1 dir: 4
different unit spotted
Ally Furian spotted Enemy unit at dir: 3
dodge called with dir: 3

dodge
dodge1 dir: 7
different unit spotted
Ally Furian spotted Enemy unit at dir: 2
dodge called with dir: 2

dodge
dodge1 dir: 6
different unit spotted
Ally Furian spotted Enemy unit at dir: 1
dodge called with dir: 1

dodge
dodge1 dir: 4
different unit spotted
different unit spotted
different unit spotted
different unit spotted
Ally Furian spotted Enemy unit at dir: 7
dodge called with dir: 7

dodge
dodge1 dir: 3
different unit spotted
Ally Furian spotted Enemy unit at dir: 7
dodge called with dir: 7

dodge
dodge1 dir: 7
dodge or chase commanded dir: 5

dodge or chase commanded dir: 1

dodge or chase commanded dir: 2

warning: action already requested for unit 63
dodge or chase commanded dir: 4

warning: action already requested for unit 63
dodge or chase commanded dir: 6

warning: action already requested for unit 63
dodge or chase commanded dir: 4

warning: action already requested for unit 63
dodge or chase commanded dir: 7

warning: action already requested for unit 63
dodge or chase commanded dir: 0

warning: action already requested for unit 63
dodge or chase commanded dir: 3

warning: action already requested for unit 63
dodge or chase commanded dir: 2

dodge or chase commanded dir: 1

dodge or chase commanded dir: 3

warning: action already requested for unit 3
dodge or chase commanded dir: 6

warning: action already requested for unit 3
dodge or chase commanded dir: 1

warning: action already requested for unit 3
dodge or chase commanded dir: 6

warning: action already requested for unit 3
dodge or chase commanded dir: 0

dodge or chase commanded dir: 5

dodge or chase commanded dir: 3

dodge or chase commanded dir: 3

dodge or chase commanded dir: 3

dodge or chase commanded dir: 7

dodge or chase commanded dir: 1

dodge or chase commanded dir: 7

best move (not dodge) commanded

warning: action already requested for unit 63
best move (not dodge) commanded

best move (not dodge) commanded

best move (not dodge) commanded

warning: action already requested for unit 42
best move (not dodge) commanded

warning: action already requested for unit 42
best move (not dodge) commanded

best move (not dodge) commanded

best move (not dodge) commanded

best move (not dodge) commanded

warning: action already requested for unit 44
best move (not dodge) commanded

best move (not dodge) commanded

warning: action already requested for unit 42
best move (not dodge) commanded

best move (not dodge) commanded

best move (not dodge) commanded

best move (not dodge) commanded

best move (not dodge) commanded

best move (not dodge) commanded

best move (not dodge) commanded

best move (not dodge) commanded

best move (not dodge) commanded

best move (not dodge) commanded

best move (not dodge) commanded

best move (not dodge) commanded

best move (not dodge) commanded

best move (not dodge) commanded

warning: action already requested for unit 3
best move (not dodge) commanded

warning: action already requested for unit 44
best move (not dodge) commanded

best move (not dodge) commanded

warning: action already requested for unit 42
best move (not dodge) commanded

best move (not dodge) commanded

best move (not dodge) commanded

warning: action already requested for unit 63
best move (not dodge) commanded

best move (not dodge) commanded

best move (not dodge) commanded

best move (not dodge) commanded

warning: action already requested for unit 44
best move (not dodge) commanded

best move (not dodge) commanded

best move (not dodge) commanded

best move (not dodge) commanded

best move (not dodge) commanded

best move (not dodge) commanded

warning: action already requested for unit 42
best move (not dodge) commanded

info:     end player 0
info:     start player 1
info:     end player 1
info:     start player 2
info:     end player 2
info:     start player 3
info:     end player 3
info: end round 108
info: start round 109
info:     start player 0

next move down

different unit spotted
different unit spotted
different unit spotted
different unit spotted
Ally Pioneer spotted Enemy Furyan at dir: 5
dodge called with dir: 1

dodge
dodge1 dir: 0
order placed

next move down

different unit spotted
different unit spotted
different unit spotted
different unit spotted
different unit spotted
different unit spotted
different unit spotted
different unit spotted

Best move


next move down

different unit spotted
different unit spotted
different unit spotted
different unit spotted
different unit spotted
different unit spotted
different unit spotted

Best move


next move down

different unit spotted
different unit spotted
different unit spotted
different unit spotted
different unit spotted
Ally Pioneer spotted Enemy Furyan at dir: 1
dodge called with dir: 5

dodge
dodge1 dir: 5
order placed

next move down

different unit spotted
different unit spotted
different unit spotted
different unit spotted
different unit spotted
different unit spotted
different unit spotted
different unit spotted

Best move


next move down

different unit spotted
different unit spotted
different unit spotted
different unit spotted
different unit spotted
different unit spotted
different unit spotted
different unit spotted
different unit spotted
different unit spotted
different unit spotted
different unit spotted
different unit spotted
different unit spotted
different unit spotted
different unit spotted
different unit spotted

Best move


next move down

different unit spotted
different unit spotted
different unit spotted
different unit spotted
different unit spotted
different unit spotted
different unit spotted
different unit spotted
different unit spotted
different unit spotted
different unit spotted
different unit spotted
different unit spotted
different unit spotted
different unit spotted
different unit spotted
different unit spotted
different unit spotted
different unit spotted
different unit spotted

Best move


next move down

different unit spotted
different unit spotted
different unit spotted

Best move


next move down

different unit spotted
different unit spotted
different unit spotted
different unit spotted
different unit spotted
different unit spotted
different unit spotted
different unit spotted
different unit spotted
different unit spotted
different unit spotted
different unit spotted
different unit spotted
different unit spotted
different unit spotted
different unit spotted
different unit spotted
different unit spotted

Best move


next move down

different unit spotted
different unit spotted
different unit spotted
different unit spotted
different unit spotted
different unit spotted
different unit spotted

Best move


next move down

different unit spotted
different unit spotted
different unit spotted
different unit spotted
different unit spotted
different unit spotted
different unit spotted
different unit spotted
different unit spotted
different unit spotted
different unit spotted
different unit spotted
different unit spotted
different unit spotted
different unit spotted
different unit spotted
different unit spotted
different unit spotted
different unit spotted
different unit spotted
different unit spotted
different unit spotted
different unit spotted
different unit spotted

Best move


next move down

different unit spotted
different unit spotted
different unit spotted
different unit spotted
different unit spotted
different unit spotted
different unit spotted
different unit spotted
different unit spotted
different unit spotted
different unit spotted
different unit spotted
different unit spotted
different unit spotted
different unit spotted
different unit spotted
different unit spotted
different unit spotted
different unit spotted
different unit spotted
different unit spotted
different unit spotted

Best move


next move down

different unit spotted
different unit spotted
different unit spotted
different unit spotted

Best move


next move down

different unit spotted
different unit spotted
different unit spotted
different unit spotted

Best move


next move down

different unit spotted
different unit spotted
different unit spotted
different unit spotted
different unit spotted
different unit spotted
different unit spotted
different unit spotted
different unit spotted
different unit spotted
different unit spotted
different unit spotted
different unit spotted
different unit spotted
different unit spotted
different unit spotted

Best move


next move down

different unit spotted
different unit spotted
different unit spotted
different unit spotted
different unit spotted
different unit spotted
different unit spotted
different unit spotted
different unit spotted
different unit spotted
different unit spotted
different unit spotted
different unit spotted
different unit spotted
different unit spotted
different unit spotted
different unit spotted
different unit spotted
different unit spotted

Best move


next move down

different unit spotted
different unit spotted
different unit spotted
different unit spotted
different unit spotted
different unit spotted
different unit spotted
different unit spotted
different unit spotted
different unit spotted
different unit spotted
different unit spotted
different unit spotted
different unit spotted
different unit spotted
different unit spotted
different unit spotted
different unit spotted

Best move


next move down

different unit spotted
different unit spotted
different unit spotted
different unit spotted
different unit spotted
different unit spotted
different unit spotted
different unit spotted
different unit spotted
different unit spotted
different unit spotted
different unit spotted
different unit spotted
different unit spotted
different unit spotted

Best move


next move down

different unit spotted
different unit spotted
different unit spotted
different unit spotted
different unit spotted
different unit spotted
different unit spotted
different unit spotted
different unit spotted
different unit spotted
different unit spotted
different unit spotted
different unit spotted
different unit spotted
different unit spotted
different unit spotted
different unit spotted
different unit spotted
different unit spotted
different unit spotted
different unit spotted
different unit spotted
different unit spotted
different unit spotted
different unit spotted
different unit spotted
different unit spotted

Best move


next move down

different unit spotted
different unit spotted
different unit spotted
different unit spotted
different unit spotted
different unit spotted
different unit spotted
different unit spotted
different unit spotted
different unit spotted
different unit spotted
different unit spotted
different unit spotted
different unit spotted

Best move


next move down

different unit spotted
different unit spotted
different unit spotted
different unit spotted
different unit spotted
different unit spotted
different unit spotted
different unit spotted
different unit spotted
different unit spotted
different unit spotted

Best move


next move down

different unit spotted
different unit spotted
different unit spotted
different unit spotted
different unit spotted
different unit spotted
different unit spotted
Ally Pioneer spotted Enemy Furyan at dir: 5
dodge called with dir: 1

dodge
dodge1 dir: 2
order placed

next move down

different unit spotted
different unit spotted
different unit spotted
different unit spotted
different unit spotted
different unit spotted
different unit spotted
different unit spotted
different unit spotted
different unit spotted
different unit spotted
different unit spotted
different unit spotted
different unit spotted
different unit spotted
different unit spotted
different unit spotted
different unit spotted

Best move


next move down

different unit spotted
different unit spotted
different unit spotted
different unit spotted
different unit spotted
different unit spotted
different unit spotted
different unit spotted
different unit spotted
different unit spotted
different unit spotted
different unit spotted
different unit spotted
different unit spotted
different unit spotted
different unit spotted
different unit spotted
different unit spotted
different unit spotted
different unit spotted

Best move


next move down

different unit spotted
different unit spotted
different unit spotted
different unit spotted
different unit spotted
different unit spotted
different unit spotted
different unit spotted
different unit spotted
different unit spotted
different unit spotted
different unit spotted
different unit spotted
different unit spotted
different unit spotted
different unit spotted
different unit spotted

Best move


next move down

different unit spotted
different unit spotted
different unit spotted
different unit spotted
different unit spotted
different unit spotted
different unit spotted

Best move


next move down

different unit spotted
different unit spotted

Best move


next move down

different unit spotted
different unit spotted
different unit spotted
different unit spotted
different unit spotted
different unit spotted
different unit spotted
different unit spotted
different unit spotted
Ally Pioneer spotted Enemy Furyan at dir: 0
dodge called with dir: 4

dodge
dodge1 dir: 4
order placed

next move down

different unit spotted
different unit spotted
different unit spotted
different unit spotted
different unit spotted
different unit spotted
different unit spotted
different unit spotted
different unit spotted

Best move


next move down

different unit spotted
different unit spotted
different unit spotted
different unit spotted
different unit spotted
different unit spotted
different unit spotted
different unit spotted
different unit spotted

Best move


next move down

different unit spotted
different unit spotted
different unit spotted
different unit spotted
different unit spotted
different unit spotted
different unit spotted
different unit spotted

Best move


next move down

different unit spotted
different unit spotted
different unit spotted
different unit spotted
different unit spotted
different unit spotted
different unit spotted
Ally Pioneer spotted Enemy Furyan at dir: 5
dodge called with dir: 1

dodge
dodge1 dir: 0
order placed

next move down

different unit spotted
different unit spotted
different unit spotted
different unit spotted
different unit spotted
different unit spotted
different unit spotted
different unit spotted
different unit spotted
different unit spotted
different unit spotted
different unit spotted
different unit spotted
different unit spotted
different unit spotted

Best move


next move down

different unit spotted
different unit spotted
different unit spotted
different unit spotted
different unit spotted
different unit spotted
different unit spotted
different unit spotted
different unit spotted
different unit spotted
Hellhound spotted at dir: 7
dodge called with dir: 3

dodge
dodge1 dir: 3
order placed

next move down

different unit spotted
different unit spotted
different unit spotted
different unit spotted
different unit spotted
different unit spotted
different unit spotted
different unit spotted
different unit spotted
different unit spotted
different unit spotted
different unit spotted
different unit spotted

Best move


next move down

different unit spotted
different unit spotted
different unit spotted
different unit spotted
different unit spotted
different unit spotted
different unit spotted
different unit spotted
different unit spotted
different unit spotted
different unit spotted
different unit spotted
Ally Furian spotted Enemy unit at dir: 7
dodge called with dir: 7

dodge
dodge1 dir: 4

next move down

different unit spotted
different unit spotted
different unit spotted
different unit spotted
different unit spotted
different unit spotted
different unit spotted
different unit spotted
different unit spotted
different unit spotted
different unit spotted
Ally Furian spotted Enemy unit at dir: 7
dodge called with dir: 7

dodge
dodge1 dir: 5

next move down

different unit spotted
Ally Furian spotted Enemy unit at dir: 5
dodge called with dir: 5

dodge
dodge1 dir: 1
different unit spotted
different unit spotted
different unit spotted
different unit spotted
different unit spotted
Ally Furian spotted Enemy unit at dir: 7
dodge called with dir: 7

dodge
dodge1 dir: 3
different unit spotted
Ally Furian spotted Enemy unit at dir: 0
dodge called with dir: 0

dodge
dodge1 dir: 3
different unit spotted
Ally Furian spotted Enemy unit at dir: 2
dodge called with dir: 2

dodge
dodge1 dir: 0
different unit spotted
Ally Furian spotted Enemy unit at dir: 7
dodge called with dir: 7

dodge
dodge1 dir: 0

next move down

different unit spotted
different unit spotted
different unit spotted
different unit spotted
different unit spotted
different unit spotted
different unit spotted
different unit spotted
different unit spotted
different unit spotted
different unit spotted
different unit spotted
different unit spotted
different unit spotted
different unit spotted
Ally Furian spotted Enemy unit at dir: 2
dodge called with dir: 2

dodge
dodge1 dir: 5
different unit spotted
Ally Furian spotted Enemy unit at dir: 1
dodge called with dir: 1

dodge
dodge1 dir: 5
different unit spotted
different unit spotted
different unit spotted
different unit spotted
Ally Furian spotted Enemy unit at dir: 7
dodge called with dir: 7

dodge
dodge1 dir: 5

next move down

different unit spotted
different unit spotted
different unit spotted
different unit spotted
Ally Furian spotted Enemy unit at dir: 1
dodge called with dir: 1

dodge
dodge1 dir: 3
different unit spotted
Ally Furian spotted Enemy unit at dir: 2
dodge called with dir: 2

dodge
dodge1 dir: 0
different unit spotted
Ally Furian spotted Enemy unit at dir: 3
dodge called with dir: 3

dodge
dodge1 dir: 0
different unit spotted
Ally Furian spotted Enemy unit at dir: 5
dodge called with dir: 5

dodge
dodge1 dir: 3

next move down

different unit spotted
different unit spotted
different unit spotted
different unit spotted
different unit spotted
different unit spotted
different unit spotted
different unit spotted
Ally Furian spotted Enemy unit at dir: 5
dodge called with dir: 5

dodge
dodge1 dir: 1
different unit spotted
different unit spotted
Ally Furian spotted Enemy unit at dir: 6
dodge called with dir: 6

dodge
dodge1 dir: 2
different unit spotted
Ally Furian spotted Enemy unit at dir: 4
dodge called with dir: 4

dodge
dodge1 dir: 0
different unit spotted
Ally Furian spotted Enemy unit at dir: 7
dodge called with dir: 7

dodge
dodge1 dir: 3
different unit spotted
Ally Furian spotted Enemy unit at dir: 0
dodge called with dir: 0

dodge
dodge1 dir: 4
different unit spotted
Ally Furian spotted Enemy unit at dir: 3
dodge called with dir: 3

dodge
dodge1 dir: 7
different unit spotted
Ally Furian spotted Enemy unit at dir: 2
dodge called with dir: 2

dodge
dodge1 dir: 6
different unit spotted
Ally Furian spotted Enemy unit at dir: 1
dodge called with dir: 1

dodge
dodge1 dir: 5
different unit spotted
Ally Furian spotted Enemy unit at dir: 6
dodge called with dir: 6

dodge
dodge1 dir: 2
different unit spotted
different unit spotted
Ally Furian spotted Enemy unit at dir: 7
dodge called with dir: 7

dodge
dodge1 dir: 7
dodge or chase commanded dir: 3

dodge or chase commanded dir: 1

dodge or chase commanded dir: 3

warning: action already requested for unit 3
dodge or chase commanded dir: 0

warning: action already requested for unit 3
dodge or chase commanded dir: 3

warning: action already requested for unit 3
dodge or chase commanded dir: 4

dodge or chase commanded dir: 2

dodge or chase commanded dir: 0

dodge or chase commanded dir: 5

dodge or chase commanded dir: 0

best move (not dodge) commanded

best move (not dodge) commanded

best move (not dodge) commanded

best move (not dodge) commanded

best move (not dodge) commanded

warning: action already requested for unit 63
best move (not dodge) commanded

best move (not dodge) commanded

warning: action already requested for unit 44
best move (not dodge) commanded

warning: action already requested for unit 63
best move (not dodge) commanded

warning: action already requested for unit 44
best move (not dodge) commanded

best move (not dodge) commanded

warning: action already requested for unit 42
best move (not dodge) commanded

warning: action already requested for unit 63
best move (not dodge) commanded

warning: action already requested for unit 3
best move (not dodge) commanded

warning: action already requested for unit 63
best move (not dodge) commanded

best move (not dodge) commanded

warning: action already requested for unit 63
best move (not dodge) commanded

best move (not dodge) commanded

best move (not dodge) commanded

best move (not dodge) commanded

warning: action already requested for unit 63
best move (not dodge) commanded

best move (not dodge) commanded

best move (not dodge) commanded

best move (not dodge) commanded

best move (not dodge) commanded

best move (not dodge) commanded

best move (not dodge) commanded

best move (not dodge) commanded

best move (not dodge) commanded

best move (not dodge) commanded

best move (not dodge) commanded

warning: action already requested for unit 63
best move (not dodge) commanded

best move (not dodge) commanded

warning: action already requested for unit 42
best move (not dodge) commanded

best move (not dodge) commanded

warning: action already requested for unit 63
best move (not dodge) commanded

best move (not dodge) commanded

best move (not dodge) commanded

best move (not dodge) commanded

best move (not dodge) commanded

best move (not dodge) commanded

best move (not dodge) commanded

warning: action already requested for unit 44
best move (not dodge) commanded

best move (not dodge) commanded

warning: action already requested for unit 63
best move (not dodge) commanded

best move (not dodge) commanded

best move (not dodge) commanded

best move (not dodge) commanded

best move (not dodge) commanded

info:     end player 0
info:     start player 1
info:     end player 1
info:     start player 2
info:     end player 2
info:     start player 3
info:     end player 3
info: end round 109
info: start round 110
info:     start player 0

next move down

different unit spotted
different unit spotted
different unit spotted
different unit spotted
different unit spotted
different unit spotted
different unit spotted
different unit spotted
Ally Pioneer spotted Enemy Furyan at dir: 4
dodge called with dir: 0

dodge
dodge1 dir: 0
order placed

next move down

different unit spotted
different unit spotted
different unit spotted
different unit spotted
different unit spotted
Ally Pioneer spotted Enemy Furyan at dir: 5
dodge called with dir: 1

dodge
dodge1 dir: 2
order placed

next move down

different unit spotted
different unit spotted
different unit spotted
different unit spotted
different unit spotted
different unit spotted
different unit spotted

Best move


next move down

different unit spotted
different unit spotted
different unit spotted
different unit spotted
Ally Pioneer spotted Enemy Furyan at dir: 1
dodge called with dir: 5

dodge
dodge1 dir: 5
order placed

next move down

different unit spotted
different unit spotted
different unit spotted
different unit spotted
different unit spotted

Best move


next move down

different unit spotted
different unit spotted
different unit spotted
different unit spotted
different unit spotted
different unit spotted
different unit spotted
different unit spotted
different unit spotted
different unit spotted

Best move


next move down

different unit spotted
different unit spotted
different unit spotted
different unit spotted
different unit spotted
different unit spotted
different unit spotted
different unit spotted
different unit spotted
different unit spotted
different unit spotted
different unit spotted
different unit spotted

Best move


next move down

different unit spotted
different unit spotted
different unit spotted
different unit spotted
different unit spotted
different unit spotted
different unit spotted
different unit spotted
different unit spotted
different unit spotted
different unit spotted

Best move


next move down

different unit spotted
different unit spotted
different unit spotted
different unit spotted
different unit spotted
different unit spotted
different unit spotted
different unit spotted
different unit spotted
different unit spotted
different unit spotted
different unit spotted
different unit spotted
different unit spotted
different unit spotted
different unit spotted
different unit spotted
different unit spotted
different unit spotted
different unit spotted
Ally Pioneer spotted Enemy Furyan at dir: 4
dodge called with dir: 0

dodge
dodge1 dir: 0
order placed

next move down

different unit spotted
different unit spotted
different unit spotted
different unit spotted
different unit spotted
different unit spotted
different unit spotted
different unit spotted
different unit spotted

Best move


next move down

different unit spotted
different unit spotted
different unit spotted
different unit spotted
different unit spotted
different unit spotted
different unit spotted
different unit spotted
different unit spotted
different unit spotted
different unit spotted
different unit spotted
different unit spotted
different unit spotted
different unit spotted
different unit spotted
different unit spotted
different unit spotted
different unit spotted
different unit spotted
different unit spotted
different unit spotted

Best move


next move down

different unit spotted
different unit spotted
different unit spotted
different unit spotted
different unit spotted
different unit spotted
different unit spotted
different unit spotted
different unit spotted
different unit spotted
different unit spotted
different unit spotted
different unit spotted
different unit spotted
different unit spotted
different unit spotted
different unit spotted
different unit spotted
different unit spotted
different unit spotted
different unit spotted

Best move


next move down

different unit spotted
different unit spotted
different unit spotted
different unit spotted

Best move


next move down

different unit spotted
different unit spotted
different unit spotted
different unit spotted
different unit spotted
different unit spotted
different unit spotted
different unit spotted
different unit spotted
different unit spotted
different unit spotted

Best move


next move down

different unit spotted
different unit spotted
different unit spotted
different unit spotted
different unit spotted
different unit spotted
different unit spotted
different unit spotted
different unit spotted
different unit spotted
different unit spotted
different unit spotted

Best move


next move down

different unit spotted
different unit spotted
different unit spotted
different unit spotted
different unit spotted
different unit spotted
different unit spotted
different unit spotted
different unit spotted
different unit spotted
different unit spotted
different unit spotted
different unit spotted
different unit spotted
different unit spotted
different unit spotted
different unit spotted
different unit spotted
different unit spotted

Best move


next move down

different unit spotted
different unit spotted
different unit spotted
different unit spotted
different unit spotted
different unit spotted
different unit spotted
different unit spotted
different unit spotted
different unit spotted
different unit spotted
different unit spotted
different unit spotted
different unit spotted
different unit spotted
different unit spotted
different unit spotted
different unit spotted
different unit spotted
different unit spotted

Best move


next move down

different unit spotted
different unit spotted
different unit spotted
different unit spotted
different unit spotted
different unit spotted
different unit spotted
different unit spotted
different unit spotted
different unit spotted
different unit spotted
different unit spotted

Best move


next move down

different unit spotted
different unit spotted
different unit spotted
different unit spotted
different unit spotted
different unit spotted
different unit spotted
different unit spotted
different unit spotted
different unit spotted
different unit spotted
different unit spotted
different unit spotted
different unit spotted
different unit spotted
different unit spotted
different unit spotted
different unit spotted
different unit spotted
different unit spotted
different unit spotted
different unit spotted
different unit spotted
different unit spotted
different unit spotted
different unit spotted
different unit spotted
different unit spotted
different unit spotted
different unit spotted
different unit spotted

Best move


next move down

different unit spotted
different unit spotted
different unit spotted
different unit spotted
different unit spotted
different unit spotted
different unit spotted
different unit spotted
different unit spotted
different unit spotted
different unit spotted

Best move


next move down

different unit spotted
different unit spotted
different unit spotted
different unit spotted
different unit spotted
different unit spotted

Best move


next move down

different unit spotted
different unit spotted
different unit spotted
different unit spotted
different unit spotted
different unit spotted
Ally Pioneer spotted Enemy Furyan at dir: 7
dodge called with dir: 3

dodge
dodge1 dir: 2
order placed

next move down

different unit spotted
different unit spotted
different unit spotted
different unit spotted
different unit spotted
different unit spotted
different unit spotted
different unit spotted
different unit spotted
different unit spotted
different unit spotted
different unit spotted
different unit spotted
different unit spotted
different unit spotted
different unit spotted
different unit spotted
different unit spotted
different unit spotted

Best move


next move down

different unit spotted
different unit spotted
different unit spotted
different unit spotted
different unit spotted
different unit spotted
different unit spotted
different unit spotted
different unit spotted
different unit spotted
different unit spotted
different unit spotted
different unit spotted
different unit spotted
different unit spotted
different unit spotted
different unit spotted
different unit spotted
different unit spotted
different unit spotted
different unit spotted
different unit spotted
different unit spotted
different unit spotted
different unit spotted
different unit spotted

Best move


next move down

different unit spotted
different unit spotted
different unit spotted
different unit spotted
different unit spotted
different unit spotted
different unit spotted
different unit spotted
different unit spotted
different unit spotted
different unit spotted
different unit spotted
different unit spotted
different unit spotted
different unit spotted
different unit spotted
different unit spotted
different unit spotted
different unit spotted
different unit spotted
different unit spotted
different unit spotted
different unit spotted
different unit spotted
different unit spotted

Best move


next move down

different unit spotted
different unit spotted
different unit spotted
different unit spotted
different unit spotted
different unit spotted

Best move


next move down

different unit spotted
different unit spotted
different unit spotted

Best move


next move down

different unit spotted
different unit spotted
different unit spotted
different unit spotted
different unit spotted
different unit spotted
different unit spotted
different unit spotted
different unit spotted
different unit spotted
different unit spotted
Ally Pioneer spotted Enemy Furyan at dir: 1
dodge called with dir: 5

dodge
dodge1 dir: 5
order placed

next move down

different unit spotted
different unit spotted
different unit spotted
different unit spotted
different unit spotted
different unit spotted
different unit spotted
different unit spotted
different unit spotted
different unit spotted
different unit spotted
different unit spotted
different unit spotted

Best move


next move down

different unit spotted
different unit spotted
different unit spotted
different unit spotted
different unit spotted
different unit spotted
different unit spotted
different unit spotted
different unit spotted
different unit spotted
different unit spotted
different unit spotted
different unit spotted

Best move


next move down

different unit spotted
different unit spotted
different unit spotted
different unit spotted
different unit spotted
different unit spotted
different unit spotted

Best move


next move down

different unit spotted
different unit spotted
different unit spotted
different unit spotted
different unit spotted

Best move


next move down

different unit spotted
different unit spotted
different unit spotted
different unit spotted
different unit spotted
different unit spotted
different unit spotted
different unit spotted
different unit spotted
different unit spotted
different unit spotted
different unit spotted
different unit spotted
different unit spotted
different unit spotted
different unit spotted
different unit spotted
different unit spotted
different unit spotted

Best move


next move down

different unit spotted
different unit spotted
different unit spotted
different unit spotted
different unit spotted
different unit spotted
different unit spotted
different unit spotted
different unit spotted
different unit spotted
different unit spotted
different unit spotted
different unit spotted
different unit spotted
Hellhound spotted at dir: 7
dodge called with dir: 3

dodge
dodge1 dir: 3
order placed

next move down

different unit spotted
different unit spotted
different unit spotted
different unit spotted
different unit spotted
different unit spotted
different unit spotted
different unit spotted
different unit spotted
different unit spotted
different unit spotted
different unit spotted
different unit spotted
different unit spotted
different unit spotted
different unit spotted
different unit spotted
different unit spotted
different unit spotted

Best move


next move down

different unit spotted
different unit spotted
different unit spotted
different unit spotted
different unit spotted
different unit spotted
different unit spotted
different unit spotted
different unit spotted
different unit spotted
different unit spotted
different unit spotted
different unit spotted
different unit spotted
different unit spotted
different unit spotted
different unit spotted
different unit spotted
different unit spotted
different unit spotted
different unit spotted
different unit spotted
different unit spotted
different unit spotted
Ally Furian spotted Enemy unit at dir: 7
dodge called with dir: 7

dodge
dodge1 dir: 7

next move down

different unit spotted
different unit spotted
different unit spotted
different unit spotted
different unit spotted
different unit spotted
different unit spotted
different unit spotted
different unit spotted
different unit spotted
different unit spotted
different unit spotted
different unit spotted
different unit spotted
different unit spotted
Ally Furian spotted Enemy unit at dir: 7
dodge called with dir: 7

dodge
dodge1 dir: 6

next move down

different unit spotted
Ally Furian spotted Enemy unit at dir: 5
dodge called with dir: 5

dodge
dodge1 dir: 1
different unit spotted
different unit spotted
Ally Furian spotted Enemy unit at dir: 4
dodge called with dir: 4

dodge
dodge1 dir: 1
different unit spotted
different unit spotted
different unit spotted
Ally Furian spotted Enemy unit at dir: 7
dodge called with dir: 7

dodge
dodge1 dir: 1
different unit spotted
Ally Furian spotted Enemy unit at dir: 1
dodge called with dir: 1

dodge
dodge1 dir: 6
different unit spotted
Ally Furian spotted Enemy unit at dir: 7
dodge called with dir: 7

dodge
dodge1 dir: 6

next move down

different unit spotted
different unit spotted
different unit spotted
different unit spotted
different unit spotted
different unit spotted
different unit spotted
different unit spotted
different unit spotted
different unit spotted
different unit spotted
Ally Furian spotted Enemy unit at dir: 1
dodge called with dir: 1

dodge
dodge1 dir: 3
different unit spotted
different unit spotted
different unit spotted
Ally Furian spotted Enemy unit at dir: 7
dodge called with dir: 7

dodge
dodge1 dir: 1

next move down

different unit spotted
different unit spotted
different unit spotted
different unit spotted
different unit spotted
different unit spotted
different unit spotted
different unit spotted
Ally Furian spotted Enemy unit at dir: 1
dodge called with dir: 1

dodge
dodge1 dir: 5
different unit spotted
Ally Furian spotted Enemy unit at dir: 2
dodge called with dir: 2

dodge
dodge1 dir: 5
different unit spotted
Ally Furian spotted Enemy unit at dir: 3
dodge called with dir: 3

dodge
dodge1 dir: 7
different unit spotted
Ally Furian spotted Enemy unit at dir: 0
dodge called with dir: 0

dodge
dodge1 dir: 4
different unit spotted
Ally Furian spotted Enemy unit at dir: 4
dodge called with dir: 4

dodge
dodge1 dir: 0
different unit spotted
Ally Furian spotted Enemy unit at dir: 6
dodge called with dir: 6

dodge
dodge1 dir: 2
different unit spotted
Ally Furian spotted Enemy unit at dir: 5
dodge called with dir: 5

dodge
dodge1 dir: 1
different unit spotted
Ally Furian spotted Enemy unit at dir: 3
dodge called with dir: 3

dodge
dodge1 dir: 3

next move down

different unit spotted
different unit spotted
different unit spotted
different unit spotted
different unit spotted
different unit spotted
different unit spotted
Ally Furian spotted Enemy unit at dir: 5
dodge called with dir: 5

dodge
dodge1 dir: 1
different unit spotted
Ally Furian spotted Enemy unit at dir: 6
dodge called with dir: 6

dodge
dodge1 dir: 2
different unit spotted
Ally Furian spotted Enemy unit at dir: 4
dodge called with dir: 4

dodge
dodge1 dir: 0
different unit spotted
Ally Furian spotted Enemy unit at dir: 7
dodge called with dir: 7

dodge
dodge1 dir: 3
different unit spotted
Ally Furian spotted Enemy unit at dir: 0
dodge called with dir: 0

dodge
dodge1 dir: 4
different unit spotted
different unit spotted
Ally Furian spotted Enemy unit at dir: 3
dodge called with dir: 3

dodge
dodge1 dir: 0
different unit spotted
Ally Furian spotted Enemy unit at dir: 7
dodge called with dir: 7

dodge
dodge1 dir: 0
dodge or chase commanded dir: 3

dodge or chase commanded dir: 1

dodge or chase commanded dir: 1

warning: action already requested for unit 3
dodge or chase commanded dir: 6

warning: action already requested for unit 3
dodge or chase commanded dir: 1

warning: action already requested for unit 3
dodge or chase commanded dir: 5

dodge or chase commanded dir: 2

dodge or chase commanded dir: 0

dodge or chase commanded dir: 2

dodge or chase commanded dir: 0

dodge or chase commanded dir: 5

best move (not dodge) commanded

best move (not dodge) commanded

best move (not dodge) commanded

best move (not dodge) commanded

best move (not dodge) commanded

best move (not dodge) commanded

warning: action already requested for unit 44
best move (not dodge) commanded

warning: action already requested for unit 44
best move (not dodge) commanded

warning: action already requested for unit 44
best move (not dodge) commanded

warning: action already requested for unit 44
best move (not dodge) commanded

best move (not dodge) commanded

warning: action already requested for unit 63
best move (not dodge) commanded

warning: action already requested for unit 3
best move (not dodge) commanded

warning: action already requested for unit 63
best move (not dodge) commanded

best move (not dodge) commanded

warning: action already requested for unit 44
best move (not dodge) commanded

best move (not dodge) commanded

best move (not dodge) commanded

best move (not dodge) commanded

warning: action already requested for unit 44
best move (not dodge) commanded

best move (not dodge) commanded

best move (not dodge) commanded

best move (not dodge) commanded

best move (not dodge) commanded

best move (not dodge) commanded

best move (not dodge) commanded

best move (not dodge) commanded

best move (not dodge) commanded

best move (not dodge) commanded

best move (not dodge) commanded

warning: action already requested for unit 63
best move (not dodge) commanded

best move (not dodge) commanded

warning: action already requested for unit 42
best move (not dodge) commanded

best move (not dodge) commanded

warning: action already requested for unit 63
best move (not dodge) commanded

best move (not dodge) commanded

best move (not dodge) commanded

best move (not dodge) commanded

best move (not dodge) commanded

best move (not dodge) commanded

best move (not dodge) commanded

warning: action already requested for unit 44
best move (not dodge) commanded

best move (not dodge) commanded

warning: action already requested for unit 63
best move (not dodge) commanded

best move (not dodge) commanded

best move (not dodge) commanded

best move (not dodge) commanded

best move (not dodge) commanded

warning: action already requested for unit 63
info:     end player 0
info:     start player 1
info:     end player 1
info:     start player 2
info:     end player 2
info:     start player 3
info:     end player 3
info: end round 110
info: start round 111
info:     start player 0

next move down

different unit spotted
different unit spotted
different unit spotted
different unit spotted
different unit spotted
different unit spotted
different unit spotted
different unit spotted
different unit spotted
different unit spotted
different unit spotted
Ally Pioneer spotted Enemy Furyan at dir: 4
dodge called with dir: 0

dodge
dodge1 dir: 2
order placed

next move down

different unit spotted
different unit spotted
different unit spotted
different unit spotted
different unit spotted
Ally Pioneer spotted Enemy Furyan at dir: 5
dodge called with dir: 1

dodge
dodge1 dir: 1
order placed

next move down

different unit spotted
different unit spotted
different unit spotted

Best move


next move down

different unit spotted
different unit spotted
different unit spotted
different unit spotted
different unit spotted
different unit spotted
different unit spotted
different unit spotted
different unit spotted
Ally Pioneer spotted Enemy Furyan at dir: 1
dodge called with dir: 5

dodge
dodge1 dir: 4
order placed

next move down

different unit spotted
different unit spotted
different unit spotted
different unit spotted
different unit spotted
different unit spotted
different unit spotted
different unit spotted

Best move


next move down

different unit spotted
different unit spotted
different unit spotted
different unit spotted
different unit spotted
different unit spotted
different unit spotted
different unit spotted
different unit spotted

Best move


next move down

different unit spotted
different unit spotted
different unit spotted
different unit spotted
different unit spotted
different unit spotted
different unit spotted
different unit spotted
different unit spotted
different unit spotted

Best move


next move down

different unit spotted
different unit spotted
different unit spotted
different unit spotted
different unit spotted
different unit spotted
different unit spotted
different unit spotted
different unit spotted
different unit spotted
different unit spotted
different unit spotted
different unit spotted
different unit spotted
different unit spotted
different unit spotted
different unit spotted

Best move


next move down

different unit spotted
different unit spotted
different unit spotted
different unit spotted
different unit spotted
different unit spotted
different unit spotted
different unit spotted
different unit spotted
different unit spotted
different unit spotted
different unit spotted
different unit spotted
different unit spotted
different unit spotted
different unit spotted
different unit spotted
Ally Pioneer spotted Enemy Furyan at dir: 4
dodge called with dir: 0

dodge
dodge1 dir: 0
order placed

next move down

different unit spotted
different unit spotted
different unit spotted
different unit spotted
different unit spotted
different unit spotted

Best move


next move down

different unit spotted
different unit spotted
different unit spotted
different unit spotted
different unit spotted
different unit spotted
different unit spotted
different unit spotted
different unit spotted
different unit spotted
different unit spotted
different unit spotted
different unit spotted
different unit spotted
different unit spotted
different unit spotted
different unit spotted
different unit spotted
different unit spotted
different unit spotted

Best move


next move down

different unit spotted
different unit spotted
different unit spotted
different unit spotted
different unit spotted
different unit spotted
different unit spotted
different unit spotted
different unit spotted
different unit spotted
different unit spotted
different unit spotted
different unit spotted
different unit spotted
different unit spotted
different unit spotted
different unit spotted
different unit spotted
different unit spotted
different unit spotted
different unit spotted
different unit spotted
different unit spotted
different unit spotted

Best move


next move down

different unit spotted
different unit spotted
different unit spotted
different unit spotted
different unit spotted

Best move


next move down

different unit spotted
different unit spotted
different unit spotted
different unit spotted
different unit spotted
different unit spotted
different unit spotted
different unit spotted
different unit spotted
different unit spotted
different unit spotted
different unit spotted
different unit spotted
different unit spotted
different unit spotted

Best move


next move down

different unit spotted
different unit spotted
different unit spotted
different unit spotted
different unit spotted
different unit spotted
different unit spotted
different unit spotted
different unit spotted
different unit spotted
different unit spotted
different unit spotted

Best move


next move down

different unit spotted
different unit spotted
different unit spotted
different unit spotted
different unit spotted
different unit spotted
different unit spotted
different unit spotted
different unit spotted
different unit spotted
different unit spotted
different unit spotted
different unit spotted
different unit spotted
different unit spotted
different unit spotted
different unit spotted
different unit spotted
different unit spotted
different unit spotted
different unit spotted
different unit spotted
different unit spotted
different unit spotted

Best move


next move down

different unit spotted
different unit spotted
different unit spotted
different unit spotted
different unit spotted
different unit spotted
different unit spotted
different unit spotted
different unit spotted
different unit spotted
different unit spotted
different unit spotted
different unit spotted
different unit spotted
different unit spotted
different unit spotted
different unit spotted
different unit spotted
different unit spotted
different unit spotted
different unit spotted
different unit spotted
different unit spotted
different unit spotted

Best move


next move down

different unit spotted
different unit spotted
different unit spotted
different unit spotted
different unit spotted
different unit spotted
different unit spotted
different unit spotted

Best move


next move down

different unit spotted
different unit spotted
different unit spotted
different unit spotted
different unit spotted
different unit spotted
different unit spotted
different unit spotted
different unit spotted
different unit spotted
different unit spotted
different unit spotted
different unit spotted
different unit spotted
different unit spotted
different unit spotted
different unit spotted
different unit spotted
different unit spotted
different unit spotted
different unit spotted
different unit spotted
different unit spotted
different unit spotted
different unit spotted
different unit spotted
different unit spotted
different unit spotted
different unit spotted
different unit spotted
different unit spotted

Best move


next move down

different unit spotted
different unit spotted
different unit spotted
different unit spotted
different unit spotted
different unit spotted
different unit spotted
different unit spotted
different unit spotted
different unit spotted
different unit spotted
different unit spotted
different unit spotted

Best move


next move down

different unit spotted
different unit spotted
different unit spotted
different unit spotted
different unit spotted
different unit spotted
different unit spotted
different unit spotted

Best move


next move down

different unit spotted
different unit spotted
different unit spotted
different unit spotted
Ally Pioneer spotted Enemy Furyan at dir: 7
dodge called with dir: 3

dodge
dodge1 dir: 1
order placed

next move down

different unit spotted
different unit spotted
different unit spotted
different unit spotted
different unit spotted
different unit spotted
different unit spotted
different unit spotted
different unit spotted
different unit spotted
different unit spotted
different unit spotted
different unit spotted
different unit spotted
different unit spotted
different unit spotted
different unit spotted
different unit spotted
different unit spotted

Best move


next move down

different unit spotted
different unit spotted
different unit spotted
different unit spotted
different unit spotted
different unit spotted
different unit spotted
different unit spotted
different unit spotted
different unit spotted
different unit spotted
different unit spotted
different unit spotted
different unit spotted
different unit spotted
different unit spotted
different unit spotted
different unit spotted
different unit spotted
different unit spotted
different unit spotted
different unit spotted
different unit spotted
different unit spotted
different unit spotted
different unit spotted
different unit spotted
different unit spotted
different unit spotted
different unit spotted
different unit spotted

Best move


next move down

different unit spotted
different unit spotted
different unit spotted
different unit spotted
different unit spotted
different unit spotted
different unit spotted
different unit spotted
different unit spotted
different unit spotted
different unit spotted
different unit spotted
different unit spotted
different unit spotted
different unit spotted
different unit spotted
different unit spotted
different unit spotted
different unit spotted
different unit spotted
different unit spotted
different unit spotted
different unit spotted
different unit spotted
different unit spotted
different unit spotted
different unit spotted

Best move


next move down

different unit spotted
different unit spotted
different unit spotted
different unit spotted
different unit spotted
different unit spotted
different unit spotted
different unit spotted
different unit spotted

Best move


next move down

different unit spotted
different unit spotted

Best move


next move down

different unit spotted
different unit spotted
different unit spotted
different unit spotted
different unit spotted
different unit spotted
different unit spotted
different unit spotted
different unit spotted
different unit spotted
different unit spotted
different unit spotted
different unit spotted
different unit spotted
different unit spotted
Ally Pioneer spotted Enemy Furyan at dir: 1
dodge called with dir: 5

dodge
dodge1 dir: 5
order placed

next move down

different unit spotted
different unit spotted
different unit spotted
different unit spotted
different unit spotted
different unit spotted
different unit spotted
different unit spotted
different unit spotted
different unit spotted
different unit spotted
different unit spotted
different unit spotted

Best move


next move down

different unit spotted
different unit spotted
different unit spotted
different unit spotted
different unit spotted
different unit spotted
different unit spotted
different unit spotted
different unit spotted
different unit spotted
different unit spotted
different unit spotted
different unit spotted

Best move


next move down

different unit spotted
different unit spotted
different unit spotted
different unit spotted
different unit spotted
different unit spotted
different unit spotted
different unit spotted

Best move


next move down

different unit spotted
different unit spotted
different unit spotted
different unit spotted
different unit spotted
different unit spotted
different unit spotted
different unit spotted

Best move


next move down

different unit spotted
different unit spotted
different unit spotted
different unit spotted
different unit spotted
Ally Pioneer spotted Enemy Furyan at dir: 3
dodge called with dir: 7

dodge
dodge1 dir: 5
order placed

next move down

different unit spotted
different unit spotted
different unit spotted
different unit spotted
different unit spotted
different unit spotted
different unit spotted
different unit spotted
different unit spotted
different unit spotted
different unit spotted
different unit spotted
Hellhound spotted at dir: 7
dodge called with dir: 3

dodge
dodge1 dir: 3
order placed

next move down

different unit spotted
different unit spotted
different unit spotted
different unit spotted
different unit spotted
different unit spotted
different unit spotted
different unit spotted
different unit spotted
different unit spotted
different unit spotted
different unit spotted
different unit spotted
different unit spotted
different unit spotted
different unit spotted
different unit spotted
different unit spotted
different unit spotted

Best move


next move down

different unit spotted
different unit spotted
different unit spotted
different unit spotted
different unit spotted
different unit spotted
different unit spotted
different unit spotted
different unit spotted
different unit spotted
different unit spotted
different unit spotted
Ally Furian spotted Enemy unit at dir: 7
dodge called with dir: 7

dodge
dodge1 dir: 5

next move down

different unit spotted
different unit spotted
different unit spotted
different unit spotted
different unit spotted
different unit spotted
different unit spotted
different unit spotted
different unit spotted
Ally Furian spotted Enemy unit at dir: 7
dodge called with dir: 7

dodge
dodge1 dir: 7

next move down

different unit spotted
Ally Furian spotted Enemy unit at dir: 5
dodge called with dir: 5

dodge
dodge1 dir: 2
different unit spotted
different unit spotted
different unit spotted
Ally Furian spotted Enemy unit at dir: 2
dodge called with dir: 2

dodge
dodge1 dir: 2
different unit spotted
Ally Furian spotted Enemy unit at dir: 1
dodge called with dir: 1

dodge
dodge1 dir: 2
different unit spotted
Ally Furian spotted Enemy unit at dir: 7
dodge called with dir: 7

dodge
dodge1 dir: 2

next move down

different unit spotted
different unit spotted
different unit spotted
different unit spotted
different unit spotted
different unit spotted
different unit spotted
different unit spotted
different unit spotted
different unit spotted
different unit spotted
Ally Furian spotted Enemy unit at dir: 3
dodge called with dir: 3

dodge
dodge1 dir: 5
different unit spotted
Ally Furian spotted Enemy unit at dir: 2
dodge called with dir: 2

dodge
dodge1 dir: 5
different unit spotted
Ally Furian spotted Enemy unit at dir: 1
dodge called with dir: 1

dodge
dodge1 dir: 5
different unit spotted
different unit spotted
different unit spotted
Ally Furian spotted Enemy unit at dir: 0
dodge called with dir: 0

dodge
dodge1 dir: 4
different unit spotted
Ally Furian spotted Enemy unit at dir: 7
dodge called with dir: 7

dodge
dodge1 dir: 5

next move down

different unit spotted
different unit spotted
different unit spotted
different unit spotted
different unit spotted
different unit spotted
different unit spotted
Ally Furian spotted Enemy unit at dir: 1
dodge called with dir: 1

dodge
dodge1 dir: 4
different unit spotted
Ally Furian spotted Enemy unit at dir: 2
dodge called with dir: 2

dodge
dodge1 dir: 6
different unit spotted
Ally Furian spotted Enemy unit at dir: 3
dodge called with dir: 3

dodge
dodge1 dir: 7
different unit spotted
Ally Furian spotted Enemy unit at dir: 0
dodge called with dir: 0

dodge
dodge1 dir: 4
different unit spotted
Ally Furian spotted Enemy unit at dir: 4
dodge called with dir: 4

dodge
dodge1 dir: 1
different unit spotted
Ally Furian spotted Enemy unit at dir: 6
dodge called with dir: 6

dodge
dodge1 dir: 2
different unit spotted
Ally Furian spotted Enemy unit at dir: 5
dodge called with dir: 5

dodge
dodge1 dir: 1
different unit spotted
Ally Furian spotted Enemy unit at dir: 5
dodge called with dir: 5

dodge
dodge1 dir: 4

next move down

different unit spotted
different unit spotted
different unit spotted
different unit spotted
different unit spotted
different unit spotted
different unit spotted
different unit spotted
different unit spotted
Ally Furian spotted Enemy unit at dir: 6
dodge called with dir: 6

dodge
dodge1 dir: 2
different unit spotted
Ally Furian spotted Enemy unit at dir: 7
dodge called with dir: 7

dodge
dodge1 dir: 3
different unit spotted
Ally Furian spotted Enemy unit at dir: 5
dodge called with dir: 5

dodge
dodge1 dir: 1
different unit spotted
Ally Furian spotted Enemy unit at dir: 7
dodge called with dir: 7

dodge
dodge1 dir: 0
dodge or chase commanded dir: 3

dodge or chase commanded dir: 2

dodge or chase commanded dir: 2

warning: action already requested for unit 3
dodge or chase commanded dir: 2

warning: action already requested for unit 3
dodge or chase commanded dir: 5

dodge or chase commanded dir: 1

dodge or chase commanded dir: 2

dodge or chase commanded dir: 1

dodge or chase commanded dir: 0

dodge or chase commanded dir: 4

dodge or chase commanded dir: 5

best move (not dodge) commanded

best move (not dodge) commanded

best move (not dodge) commanded

best move (not dodge) commanded

best move (not dodge) commanded

best move (not dodge) commanded

warning: action already requested for unit 44
best move (not dodge) commanded

best move (not dodge) commanded

warning: action already requested for unit 42
best move (not dodge) commanded

warning: action already requested for unit 42
best move (not dodge) commanded

warning: action already requested for unit 63
best move (not dodge) commanded

warning: action already requested for unit 42
best move (not dodge) commanded

warning: action already requested for unit 3
best move (not dodge) commanded

best move (not dodge) commanded

warning: action already requested for unit 44
best move (not dodge) commanded

best move (not dodge) commanded

best move (not dodge) commanded

best move (not dodge) commanded

warning: action already requested for unit 44
best move (not dodge) commanded

best move (not dodge) commanded

best move (not dodge) commanded

best move (not dodge) commanded

best move (not dodge) commanded

best move (not dodge) commanded

best move (not dodge) commanded

best move (not dodge) commanded

best move (not dodge) commanded

best move (not dodge) commanded

best move (not dodge) commanded

warning: action already requested for unit 63
best move (not dodge) commanded

best move (not dodge) commanded

warning: action already requested for unit 42
best move (not dodge) commanded

best move (not dodge) commanded

warning: action already requested for unit 44
best move (not dodge) commanded

best move (not dodge) commanded

warning: action already requested for unit 44
best move (not dodge) commanded

best move (not dodge) commanded

best move (not dodge) commanded

best move (not dodge) commanded

best move (not dodge) commanded

warning: action already requested for unit 44
best move (not dodge) commanded

best move (not dodge) commanded

warning: action already requested for unit 44
best move (not dodge) commanded

best move (not dodge) commanded

best move (not dodge) commanded

best move (not dodge) commanded

best move (not dodge) commanded

warning: action already requested for unit 63
info:     end player 0
info:     start player 1
info:     end player 1
info:     start player 2
info:     end player 2
info:     start player 3
info:     end player 3
info: end round 111
info: start round 112
info:     start player 0

next move down

different unit spotted
different unit spotted
Ally Pioneer spotted Enemy Furyan at dir: 5
dodge called with dir: 1

dodge
dodge1 dir: 2
order placed

next move down

different unit spotted
different unit spotted
different unit spotted
different unit spotted
different unit spotted
Ally Pioneer spotted Enemy Furyan at dir: 6
dodge called with dir: 2

dodge
dodge1 dir: 4
order placed

next move down

different unit spotted
different unit spotted
different unit spotted
different unit spotted

Best move


next move down

different unit spotted
different unit spotted
different unit spotted
different unit spotted
different unit spotted
different unit spotted
different unit spotted
Ally Pioneer spotted Enemy Furyan at dir: 1
dodge called with dir: 5

dodge
dodge1 dir: 7
order placed

next move down

different unit spotted
different unit spotted
different unit spotted
different unit spotted
different unit spotted

Best move


next move down

different unit spotted
different unit spotted
different unit spotted
different unit spotted
different unit spotted
different unit spotted
different unit spotted
different unit spotted
different unit spotted

Best move


next move down

different unit spotted
different unit spotted
different unit spotted
different unit spotted
different unit spotted
different unit spotted
different unit spotted
different unit spotted
different unit spotted
different unit spotted
different unit spotted
different unit spotted
different unit spotted

Best move


next move down

different unit spotted
different unit spotted
different unit spotted
different unit spotted
different unit spotted
different unit spotted
different unit spotted
different unit spotted
different unit spotted
Hellhound spotted at dir: 0
dodge called with dir: 4

dodge
dodge1 dir: 4
order placed

next move down

different unit spotted
different unit spotted
different unit spotted
different unit spotted
different unit spotted
different unit spotted
different unit spotted
different unit spotted
different unit spotted
different unit spotted
different unit spotted
different unit spotted
different unit spotted
different unit spotted
Ally Pioneer spotted Enemy Furyan at dir: 5
dodge called with dir: 1

dodge
dodge1 dir: 1
order placed

next move down

different unit spotted
different unit spotted
different unit spotted
different unit spotted
different unit spotted
different unit spotted
different unit spotted
different unit spotted
different unit spotted

Best move


next move down

different unit spotted
different unit spotted
different unit spotted
different unit spotted
different unit spotted
different unit spotted
different unit spotted
different unit spotted
different unit spotted
different unit spotted
different unit spotted
different unit spotted
different unit spotted
different unit spotted
different unit spotted
different unit spotted
different unit spotted
different unit spotted
different unit spotted
different unit spotted
different unit spotted
different unit spotted
different unit spotted
different unit spotted

Best move


next move down

different unit spotted
different unit spotted
different unit spotted
different unit spotted
different unit spotted
different unit spotted
different unit spotted
different unit spotted
different unit spotted
different unit spotted
different unit spotted
different unit spotted
different unit spotted
different unit spotted
different unit spotted

Best move


next move down

different unit spotted
different unit spotted
different unit spotted
different unit spotted
different unit spotted
different unit spotted
different unit spotted
different unit spotted

Best move


next move down

different unit spotted
different unit spotted
different unit spotted
different unit spotted
different unit spotted
different unit spotted
different unit spotted
different unit spotted
different unit spotted
different unit spotted
different unit spotted
different unit spotted
different unit spotted
different unit spotted
different unit spotted
different unit spotted
different unit spotted
different unit spotted
different unit spotted

Best move


next move down

different unit spotted
different unit spotted
different unit spotted
different unit spotted
different unit spotted
different unit spotted
different unit spotted
different unit spotted
different unit spotted
different unit spotted
different unit spotted
different unit spotted

Best move


next move down

different unit spotted
different unit spotted
different unit spotted
different unit spotted
different unit spotted
different unit spotted
different unit spotted
different unit spotted
different unit spotted
different unit spotted
different unit spotted
Ally Pioneer spotted Enemy Furyan at dir: 3
dodge called with dir: 7

dodge
dodge1 dir: 7
order placed

next move down

different unit spotted
different unit spotted
different unit spotted
different unit spotted
different unit spotted
different unit spotted
different unit spotted
different unit spotted
different unit spotted
different unit spotted
different unit spotted
different unit spotted
different unit spotted
different unit spotted
different unit spotted
different unit spotted
different unit spotted
different unit spotted
different unit spotted

Best move


next move down

different unit spotted
different unit spotted
different unit spotted
different unit spotted
different unit spotted
different unit spotted
different unit spotted
different unit spotted
different unit spotted

Best move


next move down

different unit spotted
different unit spotted
different unit spotted
different unit spotted
different unit spotted
different unit spotted
different unit spotted
different unit spotted
different unit spotted
different unit spotted
different unit spotted
different unit spotted
different unit spotted
different unit spotted
different unit spotted
different unit spotted
different unit spotted
different unit spotted
different unit spotted
different unit spotted
different unit spotted
different unit spotted
different unit spotted
different unit spotted
different unit spotted
different unit spotted
different unit spotted
different unit spotted
different unit spotted
different unit spotted
different unit spotted
different unit spotted
different unit spotted
different unit spotted
different unit spotted
different unit spotted
different unit spotted
different unit spotted

Best move


next move down

different unit spotted
different unit spotted
different unit spotted
different unit spotted
different unit spotted
different unit spotted
different unit spotted
different unit spotted
different unit spotted
different unit spotted
different unit spotted

Best move


next move down

different unit spotted
different unit spotted
different unit spotted

Best move


next move down

different unit spotted
different unit spotted
different unit spotted
different unit spotted
different unit spotted
different unit spotted
different unit spotted
different unit spotted
different unit spotted
different unit spotted
different unit spotted
different unit spotted
different unit spotted
different unit spotted
different unit spotted
different unit spotted
different unit spotted
different unit spotted
different unit spotted
different unit spotted

Best move


next move down

different unit spotted
different unit spotted
different unit spotted
different unit spotted
different unit spotted
different unit spotted
different unit spotted
different unit spotted
different unit spotted
different unit spotted
different unit spotted
different unit spotted
different unit spotted
different unit spotted
different unit spotted
different unit spotted
different unit spotted
different unit spotted

Best move


next move down

different unit spotted
different unit spotted
different unit spotted
different unit spotted
different unit spotted
different unit spotted
different unit spotted
different unit spotted
different unit spotted
different unit spotted
different unit spotted
different unit spotted
different unit spotted
different unit spotted
different unit spotted
different unit spotted
different unit spotted
different unit spotted
different unit spotted
different unit spotted
different unit spotted
different unit spotted
different unit spotted
different unit spotted
different unit spotted
different unit spotted
different unit spotted
different unit spotted
different unit spotted
different unit spotted
different unit spotted
different unit spotted
different unit spotted
different unit spotted
different unit spotted
different unit spotted
different unit spotted

Best move


next move down

different unit spotted
different unit spotted
different unit spotted
different unit spotted
different unit spotted
different unit spotted
different unit spotted
different unit spotted
different unit spotted
different unit spotted
different unit spotted
different unit spotted
different unit spotted
different unit spotted
different unit spotted
different unit spotted
different unit spotted
different unit spotted
different unit spotted
different unit spotted
different unit spotted
different unit spotted
different unit spotted
different unit spotted
different unit spotted
different unit spotted
different unit spotted
different unit spotted
different unit spotted
different unit spotted

Best move


next move down

different unit spotted
different unit spotted
different unit spotted
different unit spotted
different unit spotted
different unit spotted
different unit spotted
different unit spotted
different unit spotted
different unit spotted
different unit spotted
different unit spotted

Best move


next move down

different unit spotted
different unit spotted
different unit spotted
different unit spotted
different unit spotted
different unit spotted
different unit spotted
different unit spotted
different unit spotted
different unit spotted
Hellhound spotted at dir: 0
dodge called with dir: 4

dodge
dodge1 dir: 4
order placed

next move down

different unit spotted
different unit spotted
different unit spotted
different unit spotted
different unit spotted
different unit spotted
different unit spotted
different unit spotted
different unit spotted
different unit spotted
different unit spotted
Ally Pioneer spotted Enemy Furyan at dir: 1
dodge called with dir: 5

dodge
dodge1 dir: 4
order placed

next move down

different unit spotted
different unit spotted
different unit spotted
different unit spotted
different unit spotted
different unit spotted
different unit spotted
different unit spotted
different unit spotted
different unit spotted
different unit spotted

Best move


next move down

different unit spotted
different unit spotted
different unit spotted
different unit spotted
different unit spotted
different unit spotted
different unit spotted
different unit spotted
different unit spotted
different unit spotted
different unit spotted

Best move


next move down

different unit spotted
different unit spotted
different unit spotted
different unit spotted
different unit spotted
different unit spotted
Ally Pioneer spotted Enemy Furyan at dir: 6
dodge called with dir: 2

dodge
dodge1 dir: 1
order placed

next move down

different unit spotted
different unit spotted
different unit spotted
different unit spotted

Best move


next move down

different unit spotted
Ally Pioneer spotted Enemy Furyan at dir: 4
dodge called with dir: 0

dodge
dodge1 dir: 1
order placed

next move down

different unit spotted
different unit spotted
different unit spotted
different unit spotted
different unit spotted
different unit spotted
different unit spotted
different unit spotted
different unit spotted
different unit spotted
different unit spotted

Best move


next move down

different unit spotted
different unit spotted
different unit spotted
different unit spotted
different unit spotted
different unit spotted
different unit spotted
different unit spotted
different unit spotted
different unit spotted
different unit spotted
different unit spotted
different unit spotted
different unit spotted

Best move


next move down

different unit spotted
different unit spotted
different unit spotted
different unit spotted
different unit spotted
Ally Furian spotted Enemy unit at dir: 0
dodge called with dir: 0

dodge
dodge1 dir: 1

next move down

different unit spotted
Ally Furian spotted Enemy unit at dir: 0
dodge called with dir: 0

next move down

different unit spotted
Ally Furian spotted Enemy unit at dir: 6
dodge called with dir: 6

dodge
dodge1 dir: 2
different unit spotted
different unit spotted
different unit spotted
Ally Furian spotted Enemy unit at dir: 1
dodge called with dir: 1

dodge
dodge1 dir: 2
different unit spotted
different unit spotted
different unit spotted
different unit spotted
different unit spotted
different unit spotted
different unit spotted
different unit spotted
different unit spotted
different unit spotted
Ally Furian spotted Enemy unit at dir: 6
dodge called with dir: 6

dodge
dodge1 dir: 2

next move down

different unit spotted
different unit spotted
different unit spotted
different unit spotted
different unit spotted
different unit spotted
Ally Furian spotted Enemy unit at dir: 3
dodge called with dir: 3

dodge
dodge1 dir: 1
different unit spotted
Ally Furian spotted Enemy unit at dir: 2
dodge called with dir: 2

dodge
dodge1 dir: 3
different unit spotted
Ally Furian spotted Enemy unit at dir: 1
dodge called with dir: 1

dodge
dodge1 dir: 3
different unit spotted
Ally Furian spotted Enemy unit at dir: 4
dodge called with dir: 4

dodge
dodge1 dir: 1
different unit spotted
Ally Furian spotted Enemy unit at dir: 0
dodge called with dir: 0

dodge
dodge1 dir: 3
different unit spotted
Ally Furian spotted Enemy unit at dir: 0
dodge called with dir: 0

dodge
dodge1 dir: 3
different unit spotted
Ally Furian spotted Enemy unit at dir: 1
dodge called with dir: 1

dodge
dodge1 dir: 3
different unit spotted
Ally Furian spotted Enemy unit at dir: 6
dodge called with dir: 6

dodge
dodge1 dir: 2
different unit spotted
Ally Furian spotted Enemy unit at dir: 7
dodge called with dir: 7

dodge
dodge1 dir: 3
different unit spotted
different unit spotted
Ally Furian spotted Enemy unit at dir: 6
dodge called with dir: 6

dodge
dodge1 dir: 2
different unit spotted
Ally Furian spotted Enemy unit at dir: 2
dodge called with dir: 2

dodge
dodge1 dir: 3
different unit spotted
different unit spotted
Ally Furian spotted Enemy unit at dir: 6
dodge called with dir: 6

dodge
dodge1 dir: 3

next move down

different unit spotted
different unit spotted
different unit spotted
different unit spotted
Ally Furian spotted Enemy unit at dir: 1
dodge called with dir: 1

dodge
dodge1 dir: 3
different unit spotted
Ally Furian spotted Enemy unit at dir: 2
dodge called with dir: 2

dodge
dodge1 dir: 0
different unit spotted
Ally Furian spotted Enemy unit at dir: 6
dodge called with dir: 6

dodge
dodge1 dir: 0

next move down

different unit spotted
different unit spotted
different unit spotted
different unit spotted
different unit spotted
different unit spotted
different unit spotted
different unit spotted
different unit spotted
different unit spotted
different unit spotted
different unit spotted
different unit spotted
different unit spotted
Ally Furian spotted Enemy unit at dir: 6
dodge called with dir: 6

dodge
dodge1 dir: 2
different unit spotted
Ally Furian spotted Enemy unit at dir: 7
dodge called with dir: 7

dodge
dodge1 dir: 3
different unit spotted
Ally Furian spotted Enemy unit at dir: 5
dodge called with dir: 5

dodge
dodge1 dir: 1
different unit spotted
different unit spotted
different unit spotted
different unit spotted
Ally Furian spotted Enemy unit at dir: 4
dodge called with dir: 4

dodge
dodge1 dir: 0
different unit spotted
different unit spotted
Ally Furian spotted Enemy unit at dir: 0
dodge called with dir: 0

dodge
dodge1 dir: 0
dodge or chase commanded dir: 4

dodge or chase commanded dir: 4

dodge or chase commanded dir: 0

dodge or chase commanded dir: 2

dodge or chase commanded dir: 2

warning: action already requested for unit 3
dodge or chase commanded dir: 4

dodge or chase commanded dir: 1

dodge or chase commanded dir: 2

dodge or chase commanded dir: 4

dodge or chase commanded dir: 1

dodge or chase commanded dir: 7

dodge or chase commanded dir: 7

dodge or chase commanded dir: 1

best move (not dodge) commanded

best move (not dodge) commanded

best move (not dodge) commanded

warning: action already requested for unit 63
best move (not dodge) commanded

best move (not dodge) commanded

best move (not dodge) commanded

warning: action already requested for unit 42
best move (not dodge) commanded

warning: action already requested for unit 42
best move (not dodge) commanded

warning: action already requested for unit 42
best move (not dodge) commanded

warning: action already requested for unit 42
best move (not dodge) commanded

warning: action already requested for unit 42
best move (not dodge) commanded

warning: action already requested for unit 42
best move (not dodge) commanded

warning: action already requested for unit 42
best move (not dodge) commanded

warning: action already requested for unit 3
best move (not dodge) commanded

warning: action already requested for unit 42
best move (not dodge) commanded

best move (not dodge) commanded

warning: action already requested for unit 63
best move (not dodge) commanded

best move (not dodge) commanded

warning: action already requested for unit 42
best move (not dodge) commanded

best move (not dodge) commanded

warning: action already requested for unit 42
best move (not dodge) commanded

best move (not dodge) commanded

best move (not dodge) commanded

best move (not dodge) commanded

best move (not dodge) commanded

best move (not dodge) commanded

best move (not dodge) commanded

best move (not dodge) commanded

best move (not dodge) commanded

warning: action already requested for unit 42
best move (not dodge) commanded

best move (not dodge) commanded

best move (not dodge) commanded

best move (not dodge) commanded

warning: action already requested for unit 44
best move (not dodge) commanded

best move (not dodge) commanded

best move (not dodge) commanded

best move (not dodge) commanded

warning: action already requested for unit 44
best move (not dodge) commanded

best move (not dodge) commanded

best move (not dodge) commanded

best move (not dodge) commanded

best move (not dodge) commanded

warning: action already requested for unit 63
best move (not dodge) commanded

best move (not dodge) commanded

best move (not dodge) commanded

best move (not dodge) commanded

best move (not dodge) commanded

warning: action already requested for unit 63
info:     end player 0
info:     start player 1
info:     end player 1
info:     start player 2
info:     end player 2
info:     start player 3
info:     end player 3
info: end round 112
info: start round 113
info:     start player 0

next move down

different unit spotted
different unit spotted
Ally Pioneer spotted Enemy Furyan at dir: 5
dodge called with dir: 1

dodge
order placed

next move down

different unit spotted
Ally Pioneer spotted Enemy Furyan at dir: 5
dodge called with dir: 1

dodge
dodge1 dir: 1
order placed

next move down

different unit spotted
different unit spotted
different unit spotted
different unit spotted
different unit spotted
different unit spotted
different unit spotted

Best move


next move down

different unit spotted
different unit spotted
different unit spotted
different unit spotted
Ally Pioneer spotted Enemy Furyan at dir: 1
dodge called with dir: 5

dodge
dodge1 dir: 6
order placed

get sun distance

get sun distance

get sun distance

get sun distance

get sun distance

get sun distance

get sun distance

get sun distance

next move down

different unit spotted
different unit spotted
different unit spotted
different unit spotted
different unit spotted

Best move


next move down

different unit spotted
different unit spotted
different unit spotted
different unit spotted
different unit spotted
different unit spotted

Best move


next move down

different unit spotted
different unit spotted
different unit spotted
different unit spotted
different unit spotted
different unit spotted
different unit spotted
different unit spotted
different unit spotted
Hellhound spotted at dir: 0
dodge called with dir: 4

dodge
dodge1 dir: 6
order placed

next move down

different unit spotted
different unit spotted
different unit spotted
different unit spotted
different unit spotted
different unit spotted
different unit spotted
different unit spotted
different unit spotted
different unit spotted
different unit spotted
different unit spotted
different unit spotted
different unit spotted
different unit spotted
different unit spotted
different unit spotted
different unit spotted
different unit spotted
different unit spotted
different unit spotted

Best move


next move down

different unit spotted
different unit spotted
different unit spotted
different unit spotted

Best move


next move down

different unit spotted
different unit spotted
different unit spotted
different unit spotted
different unit spotted
different unit spotted
different unit spotted
different unit spotted
different unit spotted
different unit spotted
different unit spotted
different unit spotted
different unit spotted
different unit spotted
different unit spotted
different unit spotted
different unit spotted
different unit spotted
different unit spotted
different unit spotted
Hellhound spotted at dir: 0
dodge called with dir: 4

dodge
dodge1 dir: 4
order placed

next move down

different unit spotted
different unit spotted
different unit spotted
different unit spotted
different unit spotted
different unit spotted
different unit spotted
different unit spotted
different unit spotted
different unit spotted
different unit spotted
different unit spotted
different unit spotted
different unit spotted
different unit spotted
different unit spotted
different unit spotted
different unit spotted
different unit spotted
different unit spotted

Best move


next move down

different unit spotted
different unit spotted
different unit spotted
different unit spotted
different unit spotted
different unit spotted
different unit spotted
different unit spotted
different unit spotted
different unit spotted
Ally Pioneer spotted Enemy Furyan at dir: 7
dodge called with dir: 3

dodge
dodge1 dir: 3
order placed

next move down

different unit spotted
different unit spotted
different unit spotted
different unit spotted
different unit spotted
different unit spotted
different unit spotted
different unit spotted
different unit spotted
different unit spotted
different unit spotted
different unit spotted

Best move


next move down

different unit spotted
different unit spotted
different unit spotted
different unit spotted
different unit spotted
different unit spotted
different unit spotted
different unit spotted

Best move


next move down

different unit spotted
different unit spotted
different unit spotted
different unit spotted
different unit spotted
different unit spotted
different unit spotted
different unit spotted
different unit spotted
different unit spotted
different unit spotted
different unit spotted
different unit spotted
different unit spotted
different unit spotted
Ally Pioneer spotted Enemy Furyan at dir: 3
dodge called with dir: 7

dodge
dodge1 dir: 7
order placed

next move down

different unit spotted
different unit spotted
different unit spotted
different unit spotted
different unit spotted
different unit spotted
different unit spotted
different unit spotted
different unit spotted
different unit spotted
different unit spotted
different unit spotted
different unit spotted
different unit spotted
different unit spotted
different unit spotted
different unit spotted
different unit spotted
different unit spotted
different unit spotted
different unit spotted
different unit spotted
different unit spotted
different unit spotted
different unit spotted
different unit spotted
different unit spotted
different unit spotted
different unit spotted

Best move


next move down

different unit spotted
different unit spotted
different unit spotted
different unit spotted
different unit spotted

Best move


next move down

different unit spotted
different unit spotted
different unit spotted
different unit spotted
different unit spotted
different unit spotted
different unit spotted
different unit spotted
different unit spotted
different unit spotted
different unit spotted
different unit spotted
different unit spotted
different unit spotted
different unit spotted
different unit spotted
different unit spotted
different unit spotted
different unit spotted
different unit spotted
different unit spotted
different unit spotted
different unit spotted
different unit spotted
different unit spotted
different unit spotted
different unit spotted
different unit spotted
different unit spotted
different unit spotted
different unit spotted
different unit spotted
different unit spotted
different unit spotted
different unit spotted

Best move


next move down

different unit spotted
different unit spotted
different unit spotted
different unit spotted
different unit spotted
different unit spotted
different unit spotted
different unit spotted
different unit spotted
different unit spotted
different unit spotted
different unit spotted
different unit spotted
different unit spotted
different unit spotted
different unit spotted

Best move


next move down

different unit spotted
different unit spotted
different unit spotted
different unit spotted
different unit spotted
different unit spotted
different unit spotted
different unit spotted

Best move


next move down

different unit spotted
different unit spotted
different unit spotted
different unit spotted
different unit spotted
different unit spotted
different unit spotted
different unit spotted
different unit spotted
different unit spotted
different unit spotted
different unit spotted
different unit spotted
different unit spotted
different unit spotted
different unit spotted
different unit spotted
different unit spotted
different unit spotted
different unit spotted
different unit spotted
different unit spotted

Best move


next move down

different unit spotted
different unit spotted
different unit spotted
different unit spotted
different unit spotted
different unit spotted
different unit spotted
different unit spotted
different unit spotted
different unit spotted
different unit spotted
different unit spotted
different unit spotted
different unit spotted
different unit spotted
different unit spotted
different unit spotted
different unit spotted
different unit spotted
different unit spotted
different unit spotted
different unit spotted
different unit spotted
different unit spotted
different unit spotted

Best move


next move down

different unit spotted
different unit spotted
different unit spotted
different unit spotted
different unit spotted
different unit spotted
different unit spotted
different unit spotted
different unit spotted
different unit spotted
different unit spotted
different unit spotted
different unit spotted
different unit spotted
different unit spotted
different unit spotted
different unit spotted
different unit spotted
different unit spotted
different unit spotted
different unit spotted
different unit spotted
different unit spotted
different unit spotted
different unit spotted
different unit spotted
different unit spotted
different unit spotted

Best move


next move down

different unit spotted
different unit spotted
different unit spotted
different unit spotted
different unit spotted
different unit spotted
different unit spotted
different unit spotted
different unit spotted
different unit spotted
different unit spotted
different unit spotted
different unit spotted
different unit spotted
different unit spotted
different unit spotted
different unit spotted
different unit spotted
different unit spotted
different unit spotted
different unit spotted
different unit spotted
different unit spotted
different unit spotted
different unit spotted
different unit spotted
different unit spotted
different unit spotted
different unit spotted
different unit spotted
different unit spotted
different unit spotted

Best move


next move down

different unit spotted
different unit spotted
different unit spotted
different unit spotted
different unit spotted
different unit spotted
different unit spotted
different unit spotted
different unit spotted
different unit spotted
different unit spotted
different unit spotted
different unit spotted
different unit spotted
different unit spotted
different unit spotted
different unit spotted
different unit spotted
different unit spotted
different unit spotted
different unit spotted
different unit spotted

Best move


next move down

different unit spotted
different unit spotted
different unit spotted
different unit spotted
Hellhound spotted at dir: 7
dodge called with dir: 3

dodge
dodge1 dir: 1
order placed

next move down

different unit spotted
different unit spotted
different unit spotted
different unit spotted
different unit spotted
different unit spotted
different unit spotted
different unit spotted
different unit spotted
different unit spotted

Best move


next move down

different unit spotted
different unit spotted
different unit spotted
different unit spotted
different unit spotted
different unit spotted
different unit spotted
different unit spotted
different unit spotted
different unit spotted
different unit spotted
different unit spotted
different unit spotted
different unit spotted
different unit spotted

Best move


next move down

different unit spotted
different unit spotted
different unit spotted
different unit spotted
different unit spotted
different unit spotted
different unit spotted
different unit spotted
different unit spotted
different unit spotted

Best move


next move down

different unit spotted
different unit spotted
different unit spotted
different unit spotted
different unit spotted
different unit spotted
Ally Pioneer spotted Enemy Furyan at dir: 5
dodge called with dir: 1

dodge
dodge1 dir: 0
order placed

next move down

different unit spotted
different unit spotted
different unit spotted
different unit spotted

Best move


next move down

different unit spotted
different unit spotted
different unit spotted
Ally Pioneer spotted Enemy Furyan at dir: 4
dodge called with dir: 0

dodge
dodge1 dir: 1
order placed

next move down

different unit spotted
different unit spotted
different unit spotted
different unit spotted
different unit spotted
different unit spotted
different unit spotted
different unit spotted
different unit spotted
different unit spotted
different unit spotted
different unit spotted
Hellhound spotted at dir: 7
dodge called with dir: 3

dodge
dodge1 dir: 3
order placed

next move down

different unit spotted
different unit spotted
different unit spotted
different unit spotted
different unit spotted
different unit spotted
different unit spotted
different unit spotted
different unit spotted
different unit spotted
different unit spotted
different unit spotted
different unit spotted
different unit spotted
different unit spotted
different unit spotted
different unit spotted
different unit spotted
different unit spotted

Best move


next move down

different unit spotted
different unit spotted
different unit spotted
different unit spotted
different unit spotted
Ally Furian spotted Enemy unit at dir: 0
dodge called with dir: 0

dodge
dodge1 dir: 2

next move down

different unit spotted
Ally Furian spotted Enemy unit at dir: 0
dodge called with dir: 0

next move down

different unit spotted
Ally Furian spotted Enemy unit at dir: 6
dodge called with dir: 6

dodge
dodge1 dir: 2
different unit spotted
different unit spotted
different unit spotted
Ally Furian spotted Enemy unit at dir: 2
dodge called with dir: 2

dodge
dodge1 dir: 2
different unit spotted
different unit spotted
different unit spotted
different unit spotted
different unit spotted
different unit spotted
different unit spotted
different unit spotted
different unit spotted
different unit spotted
different unit spotted
different unit spotted
Ally Furian spotted Enemy unit at dir: 6
dodge called with dir: 6

dodge
dodge1 dir: 2

next move down

different unit spotted
different unit spotted
different unit spotted
different unit spotted
different unit spotted
different unit spotted
different unit spotted
different unit spotted
different unit spotted
different unit spotted
different unit spotted
Ally Furian spotted Enemy unit at dir: 3
dodge called with dir: 3

dodge
dodge1 dir: 6
different unit spotted
Ally Furian spotted Enemy unit at dir: 2
dodge called with dir: 2

dodge
dodge1 dir: 6
different unit spotted
Ally Furian spotted Enemy unit at dir: 1
dodge called with dir: 1

dodge
dodge1 dir: 4
different unit spotted
Ally Furian spotted Enemy unit at dir: 4
dodge called with dir: 4

dodge
dodge1 dir: 0
different unit spotted
Ally Furian spotted Enemy unit at dir: 0
dodge called with dir: 0

dodge
dodge1 dir: 4
different unit spotted
Ally Furian spotted Enemy unit at dir: 0
dodge called with dir: 0

dodge
dodge1 dir: 4
different unit spotted
Ally Furian spotted Enemy unit at dir: 1
dodge called with dir: 1

dodge
dodge1 dir: 4
different unit spotted
Ally Furian spotted Enemy unit at dir: 6
dodge called with dir: 6

dodge
dodge1 dir: 2
different unit spotted
Ally Furian spotted Enemy unit at dir: 7
dodge called with dir: 7

dodge
dodge1 dir: 2
different unit spotted
Ally Furian spotted Enemy unit at dir: 6
dodge called with dir: 6

dodge
dodge1 dir: 2
different unit spotted
Ally Furian spotted Enemy unit at dir: 2
dodge called with dir: 2

dodge
dodge1 dir: 6
different unit spotted
different unit spotted
Ally Furian spotted Enemy unit at dir: 7
dodge called with dir: 7

dodge
dodge1 dir: 6

next move down

different unit spotted
different unit spotted
different unit spotted
different unit spotted
different unit spotted
Ally Furian spotted Enemy unit at dir: 7
dodge called with dir: 7

dodge
dodge1 dir: 0

next move down

different unit spotted
different unit spotted
different unit spotted
different unit spotted
different unit spotted
different unit spotted
different unit spotted
different unit spotted
different unit spotted
different unit spotted
different unit spotted
different unit spotted
different unit spotted
different unit spotted
different unit spotted
different unit spotted
different unit spotted
different unit spotted
different unit spotted
different unit spotted
different unit spotted
Ally Furian spotted Enemy unit at dir: 7
dodge called with dir: 7

dodge
dodge1 dir: 7
dodge or chase commanded dir: 6

dodge or chase commanded dir: 1

dodge or chase commanded dir: 4

dodge or chase commanded dir: 3

dodge or chase commanded dir: 0

dodge or chase commanded dir: 2

dodge or chase commanded dir: 2

warning: action already requested for unit 3
dodge or chase commanded dir: 0

dodge or chase commanded dir: 3

dodge or chase commanded dir: 10

dodge or chase commanded dir: 1

dodge or chase commanded dir: 6

dodge or chase commanded dir: 7

dodge or chase commanded dir: 1

best move (not dodge) commanded

best move (not dodge) commanded

best move (not dodge) commanded

best move (not dodge) commanded

best move (not dodge) commanded

warning: action already requested for unit 42
best move (not dodge) commanded

warning: action already requested for unit 3
best move (not dodge) commanded

warning: action already requested for unit 42
best move (not dodge) commanded

best move (not dodge) commanded

best move (not dodge) commanded

best move (not dodge) commanded

warning: action already requested for unit 42
best move (not dodge) commanded

best move (not dodge) commanded

warning: action already requested for unit 42
best move (not dodge) commanded

best move (not dodge) commanded

best move (not dodge) commanded

best move (not dodge) commanded

best move (not dodge) commanded

warning: action already requested for unit 42
best move (not dodge) commanded

best move (not dodge) commanded

best move (not dodge) commanded

best move (not dodge) commanded

warning: action already requested for unit 42
best move (not dodge) commanded

best move (not dodge) commanded

best move (not dodge) commanded

best move (not dodge) commanded

warning: action already requested for unit 42
best move (not dodge) commanded

best move (not dodge) commanded

warning: action already requested for unit 42
best move (not dodge) commanded

best move (not dodge) commanded

warning: action already requested for unit 42
best move (not dodge) commanded

best move (not dodge) commanded

best move (not dodge) commanded

warning: action already requested for unit 42
best move (not dodge) commanded

best move (not dodge) commanded

warning: action already requested for unit 42
best move (not dodge) commanded

best move (not dodge) commanded

best move (not dodge) commanded

best move (not dodge) commanded

best move (not dodge) commanded

info:     end player 0
info:     start player 1
info:     end player 1
info:     start player 2
info:     end player 2
info:     start player 3
info:     end player 3
info: end round 113
info: start round 114
info:     start player 0

next move down

different unit spotted
different unit spotted
different unit spotted
different unit spotted
Ally Pioneer spotted Enemy Furyan at dir: 6
dodge called with dir: 2

dodge
order placed

next move down

different unit spotted
different unit spotted
different unit spotted
different unit spotted
different unit spotted
Ally Pioneer spotted Enemy Furyan at dir: 5
dodge called with dir: 1

dodge
dodge1 dir: 1
order placed

next move down

different unit spotted
different unit spotted
different unit spotted
different unit spotted
different unit spotted

Best move


next move down

different unit spotted
different unit spotted
different unit spotted
Ally Pioneer spotted Enemy Furyan at dir: 2
dodge called with dir: 6

dodge
dodge1 dir: 6
order placed

get sun distance

get sun distance

get sun distance

get sun distance

get sun distance

get sun distance

get sun distance

get sun distance

next move up

next move up1

next move up2
warning: unit requested for identifier -1

next move up2
warning: unit requested for identifier -1

next move up2
warning: unit requested for identifier -1

next move up2
warning: unit requested for identifier -1

next move up2
warning: unit requested for identifier -1
warning: unit requested for identifier -1
warning: unit requested for identifier -1
warning: unit requested for identifier -1

next move up1

next move up2
warning: unit requested for identifier -1

next move up2
warning: unit requested for identifier -1

next move up2
warning: unit requested for identifier -1

next move up2
warning: unit requested for identifier -1
warning: unit requested for identifier -1
warning: unit requested for identifier -1
warning: unit requested for identifier -1

next move up2
warning: unit requested for identifier -1

next move up1

next move up2
warning: unit requested for identifier -1
warning: unit requested for identifier -1
warning: unit requested for identifier -1
warning: unit requested for identifier -1

next move up2
warning: unit requested for identifier -1

next move up2
warning: unit requested for identifier -1
warning: unit requested for identifier -1

next move up1
warning: unit requested for identifier -1
warning: unit requested for identifier -1

next move up2
warning: unit requested for identifier -1

next move up2
warning: unit requested for identifier -1
warning: unit requested for identifier -1
warning: unit requested for identifier -1

next move up1
warning: unit requested for identifier -1

next move up2
warning: unit requested for identifier -1

next move up2
warning: unit requested for identifier -1
warning: unit requested for identifier -1

next move up2
warning: unit requested for identifier -1
warning: unit requested for identifier -1
warning: unit requested for identifier -1

next move up1
warning: unit requested for identifier -1
warning: unit requested for identifier -1

next move up2
warning: unit requested for identifier -1
warning: unit requested for identifier -1

next move up1
warning: unit requested for identifier -1
warning: unit requested for identifier -1
warning: unit requested for identifier -1

next move up2
warning: unit requested for identifier -1
warning: unit requested for identifier -1
warning: unit requested for identifier -1
warning: unit requested for identifier -1

next move up1
warning: unit requested for identifier -1
warning: unit requested for identifier -1
warning: unit requested for identifier -1
warning: unit requested for identifier -1
warning: unit requested for identifier -1
warning: unit requested for identifier -1
warning: unit requested for identifier -1

next move up1

next move up2

next move up2
warning: unit requested for identifier -1
warning: unit requested for identifier -1

next move up2

next move up1
warning: unit requested for identifier -1
warning: unit requested for identifier -1
warning: unit requested for identifier -1
warning: unit requested for identifier -1
warning: unit requested for identifier -1

next move up1

next move up2
warning: unit requested for identifier -1
warning: unit requested for identifier -1

next move up2

next move up2
warning: unit requested for identifier -1

next move up1
warning: unit requested for identifier -1

next move up2

next move up2
warning: unit requested for identifier -1

next move up2
warning: unit requested for identifier -1

next move up1

next move up2

next move up2
warning: unit requested for identifier -1
warning: unit requested for identifier -1
warning: unit requested for identifier -1
warning: unit requested for identifier -1
warning: unit requested for identifier -1

next move up1
warning: unit requested for identifier -1
warning: unit requested for identifier -1
warning: unit requested for identifier -1
warning: unit requested for identifier -1
warning: unit requested for identifier -1
warning: unit requested for identifier -1

next move up2

next move up1

next move up2
warning: unit requested for identifier -1

next move up2

next move up2
warning: unit requested for identifier -1

next move up1
warning: unit requested for identifier -1
warning: unit requested for identifier -1
warning: unit requested for identifier -1
warning: unit requested for identifier -1

next move up1
warning: unit requested for identifier -1
warning: unit requested for identifier -1
warning: unit requested for identifier -1
warning: unit requested for identifier -1
warning: unit requested for identifier -1
warning: unit requested for identifier -1

next move up1
warning: unit requested for identifier -1
warning: unit requested for identifier -1

next move up2

next move up2
warning: unit requested for identifier -1

next move up1

next move up2
warning: unit requested for identifier -1
warning: unit requested for identifier -1
warning: unit requested for identifier -1
warning: unit requested for identifier -1

next move up1
warning: unit requested for identifier -1

next move up2
warning: unit requested for identifier -1
warning: unit requested for identifier -1
warning: unit requested for identifier -1

next move up1

Best move


Best move up

next move down

different unit spotted
different unit spotted
different unit spotted
different unit spotted
different unit spotted
different unit spotted
different unit spotted
different unit spotted

Best move


next move down

different unit spotted
different unit spotted
different unit spotted
different unit spotted
different unit spotted
different unit spotted
different unit spotted
different unit spotted
different unit spotted

Best move


next move down

different unit spotted
different unit spotted
different unit spotted
different unit spotted
different unit spotted
different unit spotted
Hellhound spotted at dir: 1
dodge called with dir: 5

dodge
dodge1 dir: 4
order placed

next move down

different unit spotted
different unit spotted
different unit spotted
different unit spotted
different unit spotted
different unit spotted
different unit spotted
different unit spotted
different unit spotted
different unit spotted
different unit spotted
different unit spotted
different unit spotted
different unit spotted
different unit spotted
different unit spotted
different unit spotted
different unit spotted

Best move


next move down

different unit spotted
different unit spotted
different unit spotted
different unit spotted
different unit spotted
different unit spotted
different unit spotted
different unit spotted
different unit spotted
different unit spotted
different unit spotted
different unit spotted

Best move


next move down

different unit spotted
different unit spotted
different unit spotted
different unit spotted
different unit spotted
different unit spotted
different unit spotted
different unit spotted
different unit spotted
different unit spotted
different unit spotted
different unit spotted
different unit spotted
different unit spotted
different unit spotted
different unit spotted
different unit spotted
different unit spotted
different unit spotted
different unit spotted
Hellhound spotted at dir: 1
dodge called with dir: 5

dodge
dodge1 dir: 5
order placed

next move down

different unit spotted
different unit spotted
different unit spotted
different unit spotted
different unit spotted
different unit spotted
different unit spotted
different unit spotted
different unit spotted
different unit spotted
different unit spotted
different unit spotted
different unit spotted
different unit spotted
different unit spotted
different unit spotted
different unit spotted
different unit spotted
different unit spotted
different unit spotted
different unit spotted
different unit spotted
different unit spotted
different unit spotted
different unit spotted
different unit spotted

Best move


next move down

different unit spotted
different unit spotted
different unit spotted
different unit spotted
different unit spotted
different unit spotted
different unit spotted
different unit spotted
different unit spotted
different unit spotted
different unit spotted
Ally Pioneer spotted Enemy Furyan at dir: 7
dodge called with dir: 3

dodge
dodge1 dir: 3
order placed

next move down

different unit spotted
different unit spotted
different unit spotted
different unit spotted
different unit spotted
different unit spotted
different unit spotted
different unit spotted
different unit spotted
different unit spotted
different unit spotted
different unit spotted
different unit spotted
different unit spotted
different unit spotted
different unit spotted
different unit spotted
different unit spotted
different unit spotted
different unit spotted
different unit spotted
different unit spotted
different unit spotted
different unit spotted
different unit spotted
different unit spotted
different unit spotted

Best move


next move down

different unit spotted
different unit spotted
different unit spotted
different unit spotted
different unit spotted
different unit spotted
different unit spotted
different unit spotted
different unit spotted
different unit spotted
different unit spotted
different unit spotted
different unit spotted
different unit spotted

Best move


next move down

different unit spotted
different unit spotted
different unit spotted
different unit spotted
different unit spotted
different unit spotted
different unit spotted
different unit spotted
different unit spotted
different unit spotted
different unit spotted
different unit spotted
different unit spotted
Ally Pioneer spotted Enemy Furyan at dir: 3
dodge called with dir: 7

dodge
dodge1 dir: 6
order placed

next move down

different unit spotted
different unit spotted
different unit spotted
different unit spotted
different unit spotted
different unit spotted
different unit spotted
different unit spotted
different unit spotted
different unit spotted
different unit spotted
different unit spotted
different unit spotted
different unit spotted
different unit spotted
different unit spotted
different unit spotted
different unit spotted
different unit spotted
different unit spotted
different unit spotted
different unit spotted
different unit spotted
different unit spotted
different unit spotted
different unit spotted
different unit spotted
different unit spotted
different unit spotted
different unit spotted
different unit spotted
different unit spotted

Best move


next move down

different unit spotted
different unit spotted
different unit spotted
different unit spotted
different unit spotted

Best move


next move down

different unit spotted
different unit spotted
different unit spotted
different unit spotted
different unit spotted
different unit spotted
different unit spotted
different unit spotted
different unit spotted
different unit spotted
different unit spotted
different unit spotted
different unit spotted
different unit spotted
different unit spotted
different unit spotted
different unit spotted
different unit spotted
different unit spotted
different unit spotted
different unit spotted
different unit spotted
different unit spotted
different unit spotted
different unit spotted
different unit spotted
different unit spotted
different unit spotted
different unit spotted
different unit spotted
different unit spotted
different unit spotted
different unit spotted
different unit spotted
different unit spotted
different unit spotted
different unit spotted
different unit spotted
different unit spotted

Best move


next move down

different unit spotted
different unit spotted
different unit spotted
different unit spotted
different unit spotted
different unit spotted
different unit spotted
different unit spotted
different unit spotted
different unit spotted
different unit spotted
different unit spotted
different unit spotted
different unit spotted
different unit spotted
different unit spotted
different unit spotted
different unit spotted
different unit spotted
different unit spotted
different unit spotted

Best move


next move down

different unit spotted
different unit spotted
different unit spotted
different unit spotted
different unit spotted
different unit spotted
different unit spotted
different unit spotted
different unit spotted
different unit spotted
different unit spotted
different unit spotted
different unit spotted
different unit spotted

Best move


next move down

different unit spotted
different unit spotted
different unit spotted
different unit spotted
different unit spotted
different unit spotted
different unit spotted
different unit spotted
different unit spotted
different unit spotted
different unit spotted
different unit spotted
different unit spotted
different unit spotted
different unit spotted
different unit spotted
different unit spotted
different unit spotted
different unit spotted
different unit spotted
different unit spotted
different unit spotted

Best move


next move down

different unit spotted
different unit spotted
different unit spotted
different unit spotted
different unit spotted
different unit spotted
different unit spotted
different unit spotted
different unit spotted
different unit spotted
different unit spotted
different unit spotted
different unit spotted
different unit spotted
different unit spotted
different unit spotted
different unit spotted
different unit spotted
different unit spotted
different unit spotted
different unit spotted

Best move


next move down

different unit spotted
different unit spotted
different unit spotted
different unit spotted
different unit spotted
different unit spotted
different unit spotted
different unit spotted
different unit spotted
different unit spotted
different unit spotted
different unit spotted
different unit spotted
different unit spotted
different unit spotted
different unit spotted
different unit spotted
different unit spotted
different unit spotted
different unit spotted
different unit spotted
different unit spotted
different unit spotted
different unit spotted

Best move


next move down

different unit spotted
different unit spotted
different unit spotted
different unit spotted
different unit spotted
different unit spotted
different unit spotted
different unit spotted
different unit spotted
different unit spotted
different unit spotted
different unit spotted
different unit spotted
different unit spotted
different unit spotted
different unit spotted
different unit spotted
different unit spotted
different unit spotted
different unit spotted
different unit spotted
different unit spotted
different unit spotted
different unit spotted
different unit spotted
different unit spotted
different unit spotted
different unit spotted
different unit spotted
different unit spotted
different unit spotted
different unit spotted

Best move


next move down

different unit spotted
different unit spotted
different unit spotted
different unit spotted
different unit spotted
different unit spotted
different unit spotted
different unit spotted
different unit spotted
different unit spotted
different unit spotted
different unit spotted
different unit spotted
different unit spotted
different unit spotted
different unit spotted
different unit spotted
different unit spotted
different unit spotted
different unit spotted
different unit spotted

Best move


next move down

different unit spotted
different unit spotted
different unit spotted

Best move


next move down

different unit spotted
different unit spotted
different unit spotted
different unit spotted
Hellhound spotted at dir: 7
dodge called with dir: 3

dodge
dodge1 dir: 5
order placed

next move down

different unit spotted
different unit spotted
different unit spotted
different unit spotted
different unit spotted
different unit spotted
different unit spotted
different unit spotted
different unit spotted
different unit spotted
different unit spotted
different unit spotted

Best move


next move down

different unit spotted
different unit spotted
different unit spotted
different unit spotted
different unit spotted
different unit spotted
different unit spotted
different unit spotted
different unit spotted
different unit spotted
different unit spotted
different unit spotted
different unit spotted
different unit spotted
different unit spotted
different unit spotted
different unit spotted
different unit spotted

Best move


next move down

different unit spotted
different unit spotted
different unit spotted
different unit spotted
different unit spotted
different unit spotted
different unit spotted
different unit spotted

Best move


next move down

different unit spotted
different unit spotted
different unit spotted
different unit spotted
different unit spotted
different unit spotted
different unit spotted

Best move


next move down

different unit spotted
different unit spotted
different unit spotted
different unit spotted
different unit spotted
different unit spotted
different unit spotted

Best move


next move down

different unit spotted
different unit spotted
different unit spotted
different unit spotted
different unit spotted
different unit spotted
different unit spotted
Hellhound spotted at dir: 7
dodge called with dir: 3

dodge
dodge1 dir: 3
order placed

next move down

different unit spotted
different unit spotted
different unit spotted
different unit spotted
different unit spotted
different unit spotted
different unit spotted
different unit spotted
different unit spotted
different unit spotted
different unit spotted
different unit spotted
different unit spotted
different unit spotted
different unit spotted
different unit spotted
different unit spotted
different unit spotted
different unit spotted
different unit spotted
different unit spotted

Best move


next move down

different unit spotted
different unit spotted
different unit spotted
different unit spotted
different unit spotted
different unit spotted
different unit spotted
different unit spotted
different unit spotted
different unit spotted
different unit spotted
different unit spotted
different unit spotted
different unit spotted
different unit spotted
different unit spotted
different unit spotted
different unit spotted
different unit spotted
different unit spotted
different unit spotted
different unit spotted
different unit spotted
different unit spotted
different unit spotted
different unit spotted
different unit spotted
different unit spotted
different unit spotted
different unit spotted
different unit spotted
different unit spotted
different unit spotted
different unit spotted
different unit spotted
different unit spotted
different unit spotted
different unit spotted
different unit spotted
different unit spotted
different unit spotted
different unit spotted
different unit spotted
different unit spotted
different unit spotted
different unit spotted
different unit spotted
different unit spotted
different unit spotted
different unit spotted
different unit spotted
different unit spotted
different unit spotted
Ally Furian spotted Enemy unit at dir: 0
dodge called with dir: 0

dodge
dodge1 dir: 3

next move down

different unit spotted
different unit spotted
different unit spotted
different unit spotted
different unit spotted
different unit spotted
different unit spotted
different unit spotted
different unit spotted
different unit spotted
different unit spotted
different unit spotted
different unit spotted
different unit spotted
different unit spotted
different unit spotted
different unit spotted
different unit spotted
different unit spotted
different unit spotted
different unit spotted
different unit spotted
different unit spotted
different unit spotted
different unit spotted
different unit spotted
different unit spotted
different unit spotted
different unit spotted
Ally Furian spotted Enemy unit at dir: 0
dodge called with dir: 0

dodge
dodge1 dir: 0

next move down

different unit spotted
different unit spotted
Ally Furian spotted Enemy unit at dir: 6
dodge called with dir: 6

dodge
dodge1 dir: 1
different unit spotted
different unit spotted
different unit spotted
different unit spotted
Ally Furian spotted Enemy unit at dir: 2
dodge called with dir: 2

dodge
dodge1 dir: 6
different unit spotted
different unit spotted
different unit spotted
different unit spotted
different unit spotted
different unit spotted
different unit spotted
different unit spotted
different unit spotted
different unit spotted
different unit spotted
different unit spotted
different unit spotted
different unit spotted
different unit spotted
different unit spotted
different unit spotted
different unit spotted
different unit spotted
different unit spotted
different unit spotted
different unit spotted
different unit spotted
Ally Furian spotted Enemy unit at dir: 5
dodge called with dir: 5

dodge
dodge1 dir: 6

next move down

different unit spotted
different unit spotted
different unit spotted
different unit spotted
different unit spotted
different unit spotted
different unit spotted
different unit spotted
different unit spotted
different unit spotted
different unit spotted
different unit spotted
different unit spotted
different unit spotted
different unit spotted
Ally Furian spotted Enemy unit at dir: 3
dodge called with dir: 3

dodge
dodge1 dir: 7
different unit spotted
Ally Furian spotted Enemy unit at dir: 2
dodge called with dir: 2

dodge
dodge1 dir: 6
different unit spotted
Ally Furian spotted Enemy unit at dir: 1
dodge called with dir: 1

dodge
dodge1 dir: 5
different unit spotted
Ally Furian spotted Enemy unit at dir: 4
dodge called with dir: 4

dodge
dodge1 dir: 0
different unit spotted
Ally Furian spotted Enemy unit at dir: 0
dodge called with dir: 0

dodge
dodge1 dir: 3
different unit spotted
Ally Furian spotted Enemy unit at dir: 5
dodge called with dir: 5

dodge
dodge1 dir: 1
different unit spotted
Ally Furian spotted Enemy unit at dir: 6
dodge called with dir: 6

dodge
dodge1 dir: 2
different unit spotted
Ally Furian spotted Enemy unit at dir: 7
dodge called with dir: 7

dodge
dodge1 dir: 3
different unit spotted
Ally Furian spotted Enemy unit at dir: 1
dodge called with dir: 1

dodge
dodge1 dir: 5
different unit spotted
Ally Furian spotted Enemy unit at dir: 2
dodge called with dir: 2

dodge
dodge1 dir: 6
different unit spotted
Ally Furian spotted Enemy unit at dir: 6
dodge called with dir: 6

dodge
dodge1 dir: 6

next move down

different unit spotted
different unit spotted
different unit spotted
different unit spotted
Ally Furian spotted Enemy unit at dir: 7
dodge called with dir: 7

dodge
dodge1 dir: 7

next move down

different unit spotted
different unit spotted
different unit spotted
different unit spotted
different unit spotted
different unit spotted
different unit spotted
different unit spotted
different unit spotted
different unit spotted
different unit spotted
different unit spotted
different unit spotted
different unit spotted
different unit spotted
different unit spotted
different unit spotted
different unit spotted
different unit spotted
different unit spotted
different unit spotted
different unit spotted
Ally Furian spotted Enemy unit at dir: 7
dodge called with dir: 7

dodge
dodge1 dir: 6
dodge or chase commanded dir: 4

dodge or chase commanded dir: 5

dodge or chase commanded dir: 5

dodge or chase commanded dir: 3

dodge or chase commanded dir: 3

dodge or chase commanded dir: 10

dodge or chase commanded dir: 1

dodge or chase commanded dir: 6

dodge or chase commanded dir: 6

best move (not dodge) commanded

best move (not dodge) commanded

best move (not dodge) commanded

best move (not dodge) commanded

best move (not dodge) commanded

warning: action already requested for unit 42
best move (not dodge) commanded

warning: action already requested for unit 42
best move (not dodge) commanded

warning: action already requested for unit 42
best move (not dodge) commanded

warning: action already requested for unit 42
best move (not dodge) commanded

warning: action already requested for unit 42
best move (not dodge) commanded

best move (not dodge) commanded

warning: action already requested for unit 42
best move (not dodge) commanded

warning: action already requested for unit 3
best move (not dodge) commanded

best move (not dodge) commanded

best move (not dodge) commanded

warning: action already requested for unit 42
best move (not dodge) commanded

best move (not dodge) commanded

warning: action already requested for unit 42
best move (not dodge) commanded

best move (not dodge) commanded

best move (not dodge) commanded

best move (not dodge) commanded

best move (not dodge) commanded

best move (not dodge) commanded

best move (not dodge) commanded

best move (not dodge) commanded

best move (not dodge) commanded

warning: action already requested for unit 42
best move (not dodge) commanded

best move (not dodge) commanded

best move (not dodge) commanded

best move (not dodge) commanded

warning: action already requested for unit 3
best move (not dodge) commanded

best move (not dodge) commanded

best move (not dodge) commanded

best move (not dodge) commanded

best move (not dodge) commanded

best move (not dodge) commanded

best move (not dodge) commanded

warning: action already requested for unit 42
best move (not dodge) commanded

best move (not dodge) commanded

best move (not dodge) commanded

best move (not dodge) commanded

best move (not dodge) commanded

best move (not dodge) commanded

best move (not dodge) commanded

info:     end player 0
info:     start player 1
info:     end player 1
info:     start player 2
info:     end player 2
info:     start player 3
info:     end player 3
info: end round 114
info: start round 115
info:     start player 0

next move down

different unit spotted
Ally Pioneer spotted Enemy Furyan at dir: 6
dodge called with dir: 2

dodge
order placed

next move down

different unit spotted
different unit spotted
different unit spotted
different unit spotted
different unit spotted
different unit spotted
different unit spotted
Ally Pioneer spotted Enemy Furyan at dir: 5
dodge called with dir: 1

dodge
dodge1 dir: 0
order placed

next move down

different unit spotted
different unit spotted
different unit spotted

Best move


next move down

different unit spotted
different unit spotted
different unit spotted
different unit spotted
different unit spotted
different unit spotted
different unit spotted
different unit spotted
different unit spotted
Ally Pioneer spotted Enemy Furyan at dir: 2
dodge called with dir: 6

dodge
dodge1 dir: 6
order placed

next move up

next move up1

next move up2
warning: unit requested for identifier -1

next move up2
warning: unit requested for identifier -1

next move up2
warning: unit requested for identifier -1

next move up2
warning: unit requested for identifier -1
warning: unit requested for identifier -1

next move up2
warning: unit requested for identifier -1

next move up2
warning: unit requested for identifier -1
warning: unit requested for identifier -1

next move up1

next move up2
warning: unit requested for identifier -1
warning: unit requested for identifier -1
warning: unit requested for identifier -1

next move up2
warning: unit requested for identifier -1
warning: unit requested for identifier -1
warning: unit requested for identifier -1

next move up1

next move up2
warning: unit requested for identifier -1

next move up2
warning: unit requested for identifier -1

next move up2
warning: unit requested for identifier -1
warning: unit requested for identifier -1
warning: unit requested for identifier -1
warning: unit requested for identifier -1

next move up2
warning: unit requested for identifier -1

next move up1
warning: unit requested for identifier -1
warning: unit requested for identifier -1
warning: unit requested for identifier -1
warning: unit requested for identifier -1
warning: unit requested for identifier -1
warning: unit requested for identifier -1

next move up1

next move up2
warning: unit requested for identifier -1
warning: unit requested for identifier -1

next move up2
warning: unit requested for identifier -1

next move up2
warning: unit requested for identifier -1
warning: unit requested for identifier -1
warning: unit requested for identifier -1

next move up2
warning: unit requested for identifier -1

next move up1
warning: unit requested for identifier -1
warning: unit requested for identifier -1
warning: unit requested for identifier -1
warning: unit requested for identifier -1

next move up2
warning: unit requested for identifier -1
warning: unit requested for identifier -1
warning: unit requested for identifier -1
warning: unit requested for identifier -1

next move up1
warning: unit requested for identifier -1

next move up2
warning: unit requested for identifier -1

next move up2
warning: unit requested for identifier -1

next move up2
warning: unit requested for identifier -1
warning: unit requested for identifier -1
warning: unit requested for identifier -1

next move up2
warning: unit requested for identifier -1

next move up1

next move up2
warning: unit requested for identifier -1
warning: unit requested for identifier -1

next move up2
warning: unit requested for identifier -1
warning: unit requested for identifier -1
warning: unit requested for identifier -1

next move up1
warning: unit requested for identifier -1
warning: unit requested for identifier -1
warning: unit requested for identifier -1
warning: unit requested for identifier -1

next move up2

next move up2
warning: unit requested for identifier -1
warning: unit requested for identifier -1

next move up1

next move up2

next move up2
warning: unit requested for identifier -1
warning: unit requested for identifier -1
warning: unit requested for identifier -1
warning: unit requested for identifier -1
warning: unit requested for identifier -1
warning: unit requested for identifier -1

next move up1

next move up2
warning: unit requested for identifier -1

next move up2

next move up2
warning: unit requested for identifier -1
warning: unit requested for identifier -1
warning: unit requested for identifier -1

next move up1
warning: unit requested for identifier -1

next move up2
warning: unit requested for identifier -1
warning: unit requested for identifier -1
warning: unit requested for identifier -1

next move up1
warning: unit requested for identifier -1
warning: unit requested for identifier -1
warning: unit requested for identifier -1
warning: unit requested for identifier -1
warning: unit requested for identifier -1

next move up1
warning: unit requested for identifier -1

next move up2
warning: unit requested for identifier -1

next move up2
warning: unit requested for identifier -1
warning: unit requested for identifier -1
warning: unit requested for identifier -1

next move up1
warning: unit requested for identifier -1
warning: unit requested for identifier -1

next move up2
warning: unit requested for identifier -1
warning: unit requested for identifier -1

next move up2
warning: unit requested for identifier -1
warning: unit requested for identifier -1

next move up1
warning: unit requested for identifier -1
warning: unit requested for identifier -1
warning: unit requested for identifier -1
warning: unit requested for identifier -1
warning: unit requested for identifier -1
warning: unit requested for identifier -1
warning: unit requested for identifier -1

next move up1
warning: unit requested for identifier -1
warning: unit requested for identifier -1
warning: unit requested for identifier -1
warning: unit requested for identifier -1
warning: unit requested for identifier -1
warning: unit requested for identifier -1

next move up2

next move up1
warning: unit requested for identifier -1
warning: unit requested for identifier -1

next move up2
warning: unit requested for identifier -1

next move up2

next move up1
warning: unit requested for identifier -1

next move up2

next move up2
warning: unit requested for identifier -1
warning: unit requested for identifier -1
warning: unit requested for identifier -1
warning: unit requested for identifier -1

next move up1

next move up2
warning: unit requested for identifier -1

next move up2

next move up2
warning: unit requested for identifier -1

next move up1
warning: unit requested for identifier -1
warning: unit requested for identifier -1

next move up2
warning: unit requested for identifier -1
warning: unit requested for identifier -1

next move up1
warning: unit requested for identifier -1
warning: unit requested for identifier -1
warning: unit requested for identifier -1
warning: unit requested for identifier -1
warning: unit requested for identifier -1

next move up1

Best move


Best move up

next move down

different unit spotted
different unit spotted
different unit spotted
different unit spotted
different unit spotted

Best move


next move down

different unit spotted
different unit spotted
different unit spotted
different unit spotted
different unit spotted
different unit spotted
different unit spotted
different unit spotted
different unit spotted
different unit spotted
different unit spotted
different unit spotted

Best move


next move down

different unit spotted
different unit spotted
different unit spotted
different unit spotted
different unit spotted
Hellhound spotted at dir: 1
dodge called with dir: 5

dodge
dodge1 dir: 5
order placed

next move down

different unit spotted
different unit spotted
different unit spotted
different unit spotted
different unit spotted
different unit spotted
different unit spotted
different unit spotted
different unit spotted
different unit spotted
Ally Pioneer spotted Enemy Furyan at dir: 4
dodge called with dir: 0

dodge
dodge1 dir: 0
order placed

next move down

different unit spotted
different unit spotted
different unit spotted
different unit spotted
different unit spotted
different unit spotted
different unit spotted
different unit spotted
different unit spotted
different unit spotted
different unit spotted
different unit spotted
different unit spotted
different unit spotted
different unit spotted

Best move


next move down

different unit spotted
different unit spotted
different unit spotted
different unit spotted
different unit spotted
different unit spotted
different unit spotted
different unit spotted
different unit spotted
different unit spotted
different unit spotted
different unit spotted
different unit spotted
different unit spotted
different unit spotted
different unit spotted
different unit spotted
different unit spotted
different unit spotted
different unit spotted
different unit spotted
different unit spotted
different unit spotted
Hellhound spotted at dir: 1
dodge called with dir: 5

dodge
dodge1 dir: 5
order placed

next move down

different unit spotted
different unit spotted
different unit spotted
different unit spotted
different unit spotted
different unit spotted
different unit spotted
different unit spotted
different unit spotted
different unit spotted
different unit spotted
different unit spotted
different unit spotted
different unit spotted
different unit spotted
different unit spotted
different unit spotted
different unit spotted
different unit spotted
different unit spotted
different unit spotted
different unit spotted
different unit spotted
different unit spotted
different unit spotted
different unit spotted
different unit spotted

Best move


next move down

different unit spotted
different unit spotted
different unit spotted
different unit spotted
different unit spotted
different unit spotted
different unit spotted
different unit spotted
different unit spotted
different unit spotted
different unit spotted
different unit spotted
different unit spotted
Ally Pioneer spotted Enemy Furyan at dir: 7
dodge called with dir: 3

dodge
dodge1 dir: 3
order placed

next move down

different unit spotted
different unit spotted
different unit spotted
different unit spotted
different unit spotted
different unit spotted
different unit spotted
different unit spotted
different unit spotted
different unit spotted
different unit spotted
different unit spotted
different unit spotted
different unit spotted
different unit spotted
different unit spotted
different unit spotted
different unit spotted

Best move


next move down

different unit spotted
different unit spotted
different unit spotted
different unit spotted
different unit spotted
different unit spotted
different unit spotted
different unit spotted
different unit spotted
different unit spotted
different unit spotted
different unit spotted
different unit spotted
different unit spotted
different unit spotted

Best move


next move down

different unit spotted
different unit spotted
different unit spotted
different unit spotted
different unit spotted
different unit spotted
different unit spotted
different unit spotted
different unit spotted
different unit spotted
different unit spotted
different unit spotted
different unit spotted
different unit spotted
different unit spotted
different unit spotted
different unit spotted
different unit spotted
different unit spotted
different unit spotted
different unit spotted
Hellhound spotted at dir: 1
dodge called with dir: 5

dodge
dodge1 dir: 5
order placed

next move down

different unit spotted
different unit spotted
different unit spotted
different unit spotted
different unit spotted
different unit spotted
different unit spotted
different unit spotted
different unit spotted
different unit spotted
different unit spotted
different unit spotted
different unit spotted
different unit spotted
different unit spotted
different unit spotted
different unit spotted
different unit spotted
different unit spotted
different unit spotted
different unit spotted
different unit spotted
different unit spotted
different unit spotted
different unit spotted
different unit spotted
different unit spotted
different unit spotted

Best move


next move down

different unit spotted
different unit spotted

Best move


next move down

different unit spotted
different unit spotted
different unit spotted
different unit spotted
different unit spotted
different unit spotted
different unit spotted
different unit spotted
different unit spotted
different unit spotted
different unit spotted
different unit spotted
different unit spotted
different unit spotted
different unit spotted
different unit spotted
different unit spotted
different unit spotted
different unit spotted
different unit spotted
different unit spotted
different unit spotted
different unit spotted
different unit spotted
different unit spotted
different unit spotted
different unit spotted
different unit spotted
different unit spotted
different unit spotted
different unit spotted
different unit spotted
different unit spotted

Best move


next move down

different unit spotted
different unit spotted
different unit spotted
different unit spotted
different unit spotted
different unit spotted
different unit spotted
different unit spotted
different unit spotted
different unit spotted
different unit spotted
different unit spotted
different unit spotted
different unit spotted
different unit spotted
different unit spotted
different unit spotted
different unit spotted
different unit spotted
different unit spotted
different unit spotted
different unit spotted
different unit spotted
different unit spotted

Best move


next move down

different unit spotted
different unit spotted
different unit spotted
different unit spotted
different unit spotted
different unit spotted
different unit spotted
different unit spotted
different unit spotted
different unit spotted
different unit spotted
different unit spotted
different unit spotted
different unit spotted
different unit spotted

Best move


next move down

different unit spotted
different unit spotted
different unit spotted
different unit spotted
different unit spotted
different unit spotted
different unit spotted
different unit spotted
different unit spotted
different unit spotted
different unit spotted
different unit spotted
different unit spotted
different unit spotted
different unit spotted
different unit spotted
different unit spotted
different unit spotted
different unit spotted
different unit spotted
different unit spotted
different unit spotted
different unit spotted
different unit spotted
different unit spotted
different unit spotted
different unit spotted
different unit spotted
different unit spotted
different unit spotted
different unit spotted
different unit spotted

Best move


next move down

different unit spotted
different unit spotted
different unit spotted
different unit spotted
different unit spotted
different unit spotted
different unit spotted
different unit spotted
different unit spotted
different unit spotted
different unit spotted
different unit spotted
different unit spotted
different unit spotted
different unit spotted
different unit spotted
different unit spotted
different unit spotted
different unit spotted
different unit spotted
different unit spotted
different unit spotted
different unit spotted
Hellhound spotted at dir: 1
dodge called with dir: 5

dodge
dodge1 dir: 5
order placed

next move down

different unit spotted
different unit spotted
different unit spotted
different unit spotted
different unit spotted
different unit spotted
different unit spotted
different unit spotted
different unit spotted
different unit spotted
different unit spotted
different unit spotted
different unit spotted
different unit spotted
different unit spotted
different unit spotted
different unit spotted
different unit spotted
different unit spotted
different unit spotted
different unit spotted
different unit spotted
different unit spotted
different unit spotted
different unit spotted

Best move


next move down

different unit spotted
different unit spotted
different unit spotted
different unit spotted
different unit spotted
different unit spotted
different unit spotted
different unit spotted
different unit spotted
different unit spotted
different unit spotted
different unit spotted
different unit spotted
different unit spotted
different unit spotted
different unit spotted
different unit spotted
different unit spotted
different unit spotted
different unit spotted
different unit spotted
different unit spotted
different unit spotted
different unit spotted
different unit spotted
different unit spotted
different unit spotted

Best move


next move down

different unit spotted
different unit spotted
different unit spotted
different unit spotted
different unit spotted
different unit spotted
different unit spotted
different unit spotted
different unit spotted
different unit spotted
different unit spotted
different unit spotted
different unit spotted
different unit spotted
different unit spotted
different unit spotted
different unit spotted
different unit spotted
different unit spotted
different unit spotted
different unit spotted
different unit spotted

Best move


next move down

different unit spotted
different unit spotted
different unit spotted
different unit spotted
different unit spotted
different unit spotted

Best move


next move down

different unit spotted
different unit spotted
different unit spotted
Hellhound spotted at dir: 6
dodge called with dir: 2

dodge
dodge1 dir: 1
order placed

next move down

different unit spotted
different unit spotted
different unit spotted
different unit spotted
different unit spotted
Hellhound spotted at dir: 1
dodge called with dir: 5

dodge
dodge1 dir: 6
order placed

next move down

different unit spotted
different unit spotted
different unit spotted
different unit spotted
different unit spotted
different unit spotted
different unit spotted
different unit spotted
different unit spotted
different unit spotted
different unit spotted
different unit spotted
different unit spotted
different unit spotted
different unit spotted
different unit spotted
different unit spotted
different unit spotted
different unit spotted
different unit spotted
different unit spotted
different unit spotted

Best move


next move down

different unit spotted
different unit spotted
different unit spotted
different unit spotted
different unit spotted
different unit spotted
different unit spotted

Best move


next move down

different unit spotted
different unit spotted
different unit spotted
different unit spotted
different unit spotted
different unit spotted
different unit spotted

Best move


get sun distance

get sun distance

get sun distance

get sun distance

get sun distance

get sun distance

get sun distance

get sun distance

next move down

different unit spotted
different unit spotted
different unit spotted
different unit spotted
different unit spotted
different unit spotted
different unit spotted
Hellhound spotted at dir: 7
dodge called with dir: 3

dodge
dodge1 dir: 3
order placed

next move down

different unit spotted
different unit spotted
different unit spotted
different unit spotted
different unit spotted
different unit spotted
different unit spotted
different unit spotted
different unit spotted
different unit spotted
different unit spotted
different unit spotted
different unit spotted
different unit spotted
different unit spotted
different unit spotted
different unit spotted
different unit spotted
different unit spotted
different unit spotted
different unit spotted
different unit spotted
different unit spotted
different unit spotted

Best move


next move down

different unit spotted
different unit spotted
different unit spotted
different unit spotted
different unit spotted
different unit spotted
different unit spotted
different unit spotted
different unit spotted
different unit spotted
different unit spotted
different unit spotted
different unit spotted
different unit spotted
different unit spotted
different unit spotted
different unit spotted
different unit spotted
different unit spotted
different unit spotted
different unit spotted
different unit spotted
different unit spotted
different unit spotted
different unit spotted
different unit spotted
different unit spotted
different unit spotted
different unit spotted
different unit spotted
different unit spotted
different unit spotted
different unit spotted
different unit spotted
different unit spotted
different unit spotted
Ally Furian spotted Enemy unit at dir: 1
dodge called with dir: 1

dodge
dodge1 dir: 2

next move down

different unit spotted
different unit spotted
different unit spotted
different unit spotted
different unit spotted
different unit spotted
different unit spotted
different unit spotted
different unit spotted
different unit spotted
different unit spotted
different unit spotted
different unit spotted
different unit spotted
different unit spotted
different unit spotted
different unit spotted
different unit spotted
different unit spotted
different unit spotted
different unit spotted
different unit spotted
different unit spotted
different unit spotted
different unit spotted
different unit spotted
different unit spotted
different unit spotted
different unit spotted
different unit spotted
different unit spotted
Ally Furian spotted Enemy unit at dir: 1
dodge called with dir: 1

dodge
dodge1 dir: 2

next move down

different unit spotted
Ally Furian spotted Enemy unit at dir: 6
dodge called with dir: 6

dodge
dodge1 dir: 1
different unit spotted
different unit spotted
different unit spotted
Ally Furian spotted Enemy unit at dir: 2
dodge called with dir: 2

dodge
dodge1 dir: 1
different unit spotted
different unit spotted
different unit spotted
different unit spotted
different unit spotted
different unit spotted
different unit spotted
different unit spotted
different unit spotted
different unit spotted
different unit spotted
different unit spotted
different unit spotted
different unit spotted
Ally Furian spotted Enemy unit at dir: 7
dodge called with dir: 7

dodge
dodge1 dir: 1

next move down

different unit spotted
different unit spotted
different unit spotted
different unit spotted
different unit spotted
different unit spotted
different unit spotted
different unit spotted
different unit spotted
different unit spotted
different unit spotted
different unit spotted
different unit spotted
different unit spotted
Ally Furian spotted Enemy unit at dir: 3
dodge called with dir: 3

dodge
dodge1 dir: 6
different unit spotted
Ally Furian spotted Enemy unit at dir: 2
dodge called with dir: 2

dodge
dodge1 dir: 6
different unit spotted
Ally Furian spotted Enemy unit at dir: 1
dodge called with dir: 1

dodge
dodge1 dir: 4
different unit spotted
Ally Furian spotted Enemy unit at dir: 4
dodge called with dir: 4

dodge
dodge1 dir: 0
different unit spotted
Ally Furian spotted Enemy unit at dir: 0
dodge called with dir: 0

dodge
dodge1 dir: 4
different unit spotted
Ally Furian spotted Enemy unit at dir: 5
dodge called with dir: 5

dodge
dodge1 dir: 1
different unit spotted
Ally Furian spotted Enemy unit at dir: 6
dodge called with dir: 6

dodge
dodge1 dir: 2
different unit spotted
Ally Furian spotted Enemy unit at dir: 7
dodge called with dir: 7

dodge
dodge1 dir: 2
different unit spotted
Ally Furian spotted Enemy unit at dir: 0
dodge called with dir: 0

dodge
dodge1 dir: 4
different unit spotted
Ally Furian spotted Enemy unit at dir: 1
dodge called with dir: 1

dodge
dodge1 dir: 4
different unit spotted
Ally Furian spotted Enemy unit at dir: 5
dodge called with dir: 5

dodge
dodge1 dir: 4

next move down

different unit spotted
different unit spotted
different unit spotted
Ally Furian spotted Enemy unit at dir: 7
dodge called with dir: 7

dodge
dodge1 dir: 6

next move down

different unit spotted
different unit spotted
different unit spotted
different unit spotted
different unit spotted
different unit spotted
different unit spotted
different unit spotted
different unit spotted
different unit spotted
different unit spotted
different unit spotted
different unit spotted
different unit spotted
different unit spotted
different unit spotted
different unit spotted
different unit spotted
different unit spotted
different unit spotted
different unit spotted
different unit spotted
different unit spotted
different unit spotted
Ally Furian spotted Enemy unit at dir: 7
dodge called with dir: 7

dodge
dodge1 dir: 7
dodge or chase commanded dir: 5

dodge or chase commanded dir: 1

dodge or chase commanded dir: 6

dodge or chase commanded dir: 5

dodge or chase commanded dir: 5

dodge or chase commanded dir: 5

dodge or chase commanded dir: 1

dodge or chase commanded dir: 1

warning: action already requested for unit 3
dodge or chase commanded dir: 3

dodge or chase commanded dir: 3

dodge or chase commanded dir: 10

dodge or chase commanded dir: 0

dodge or chase commanded dir: 0

dodge or chase commanded dir: 6

best move (not dodge) commanded

best move (not dodge) commanded

best move (not dodge) commanded

best move (not dodge) commanded

best move (not dodge) commanded

warning: action already requested for unit 3
best move (not dodge) commanded

warning: action already requested for unit 42
best move (not dodge) commanded

best move (not dodge) commanded

best move (not dodge) commanded

best move (not dodge) commanded

warning: action already requested for unit 42
best move (not dodge) commanded

best move (not dodge) commanded

warning: action already requested for unit 42
best move (not dodge) commanded

best move (not dodge) commanded

best move (not dodge) commanded

best move (not dodge) commanded

best move (not dodge) commanded

best move (not dodge) commanded

best move (not dodge) commanded

best move (not dodge) commanded

best move (not dodge) commanded

warning: action already requested for unit 42
best move (not dodge) commanded

best move (not dodge) commanded

best move (not dodge) commanded

best move (not dodge) commanded

warning: action already requested for unit 42
best move (not dodge) commanded

best move (not dodge) commanded

warning: action already requested for unit 42
best move (not dodge) commanded

best move (not dodge) commanded

best move (not dodge) commanded

best move (not dodge) commanded

best move (not dodge) commanded

warning: action already requested for unit 42
best move (not dodge) commanded

best move (not dodge) commanded

warning: action already requested for unit 42
best move (not dodge) commanded

best move (not dodge) commanded

best move (not dodge) commanded

warning: action already requested for unit 42
best move (not dodge) commanded

best move (not dodge) commanded

warning: action already requested for unit 42
info:     end player 0
info:     start player 1
info:     end player 1
info:     start player 2
info:     end player 2
info:     start player 3
info:     end player 3
info: end round 115
info: start round 116
info:     start player 0

next move down

different unit spotted
Ally Pioneer spotted Enemy Furyan at dir: 6
dodge called with dir: 2

dodge
order placed

next move down

different unit spotted
different unit spotted
different unit spotted
different unit spotted
different unit spotted
different unit spotted
Ally Pioneer spotted Enemy Furyan at dir: 5
dodge called with dir: 1

dodge
dodge1 dir: 4
order placed

next move down

different unit spotted
different unit spotted
different unit spotted
different unit spotted
different unit spotted

Best move


next move down

different unit spotted
different unit spotted
different unit spotted
different unit spotted
different unit spotted
different unit spotted
different unit spotted
different unit spotted
different unit spotted
different unit spotted
different unit spotted
different unit spotted
different unit spotted
different unit spotted

Best move


next move up

next move up1

next move up2
warning: unit requested for identifier -1
warning: unit requested for identifier -1
warning: unit requested for identifier -1

next move up2
warning: unit requested for identifier -1

next move up2
warning: unit requested for identifier -1

next move up2
warning: unit requested for identifier -1
warning: unit requested for identifier -1

next move up2
warning: unit requested for identifier -1

next move up1
warning: unit requested for identifier -1
warning: unit requested for identifier -1

next move up2
warning: unit requested for identifier -1

next move up2
warning: unit requested for identifier -1
warning: unit requested for identifier -1
warning: unit requested for identifier -1
warning: unit requested for identifier -1

next move up1

next move up2
warning: unit requested for identifier -1

next move up2
warning: unit requested for identifier -1

next move up2
warning: unit requested for identifier -1

next move up2
warning: unit requested for identifier -1
warning: unit requested for identifier -1

next move up2
warning: unit requested for identifier -1

next move up2
warning: unit requested for identifier -1

next move up1

next move up2
warning: unit requested for identifier -1

next move up2
warning: unit requested for identifier -1
warning: unit requested for identifier -1
warning: unit requested for identifier -1
warning: unit requested for identifier -1
warning: unit requested for identifier -1

next move up2
warning: unit requested for identifier -1
warning: unit requested for identifier -1

next move up1
warning: unit requested for identifier -1
warning: unit requested for identifier -1

next move up2
warning: unit requested for identifier -1
warning: unit requested for identifier -1
warning: unit requested for identifier -1

next move up2
warning: unit requested for identifier -1
warning: unit requested for identifier -1

next move up1

next move up2
warning: unit requested for identifier -1
warning: unit requested for identifier -1
warning: unit requested for identifier -1
warning: unit requested for identifier -1
warning: unit requested for identifier -1
warning: unit requested for identifier -1

next move up2
warning: unit requested for identifier -1

next move up1

next move up2

next move up2
warning: unit requested for identifier -1
warning: unit requested for identifier -1

next move up2

next move up1

next move up2
warning: unit requested for identifier -1
warning: unit requested for identifier -1
warning: unit requested for identifier -1
warning: unit requested for identifier -1
warning: unit requested for identifier -1

next move up1

next move up2

next move up2

next move up2

next move up2
warning: unit requested for identifier -1

next move up1
warning: unit requested for identifier -1
warning: unit requested for identifier -1
warning: unit requested for identifier -1
warning: unit requested for identifier -1
warning: unit requested for identifier -1

next move up1
warning: unit requested for identifier -1
warning: unit requested for identifier -1
warning: unit requested for identifier -1
warning: unit requested for identifier -1

next move up1
warning: unit requested for identifier -1

next move up2

next move up2
warning: unit requested for identifier -1
warning: unit requested for identifier -1

next move up1
warning: unit requested for identifier -1
warning: unit requested for identifier -1
warning: unit requested for identifier -1
warning: unit requested for identifier -1
warning: unit requested for identifier -1

next move up1
warning: unit requested for identifier -1
warning: unit requested for identifier -1
warning: unit requested for identifier -1
warning: unit requested for identifier -1

next move up1
warning: unit requested for identifier -1
warning: unit requested for identifier -1
warning: unit requested for identifier -1
warning: unit requested for identifier -1
warning: unit requested for identifier -1

next move up2
warning: unit requested for identifier -1
warning: unit requested for identifier -1

next move up1

next move up2

next move up2
warning: unit requested for identifier -1
warning: unit requested for identifier -1
warning: unit requested for identifier -1

next move up1

next move up2
warning: unit requested for identifier -1
warning: unit requested for identifier -1
warning: unit requested for identifier -1
warning: unit requested for identifier -1

next move up1

next move up2

next move up2
warning: unit requested for identifier -1

next move up2
warning: unit requested for identifier -1
warning: unit requested for identifier -1

next move up1
warning: unit requested for identifier -1
warning: unit requested for identifier -1
warning: unit requested for identifier -1

next move up2
warning: unit requested for identifier -1

next move up1
warning: unit requested for identifier -1
warning: unit requested for identifier -1
warning: unit requested for identifier -1
warning: unit requested for identifier -1

next move up2

next move up1
warning: unit requested for identifier -1
warning: unit requested for identifier -1
warning: unit requested for identifier -1

next move up2
warning: unit requested for identifier -1

next move up1

Best move


Best move up

next move down

different unit spotted
different unit spotted
different unit spotted
different unit spotted
different unit spotted
different unit spotted

Best move


next move down

different unit spotted
different unit spotted
different unit spotted
different unit spotted
different unit spotted
different unit spotted
different unit spotted
different unit spotted
different unit spotted
different unit spotted
different unit spotted
different unit spotted
different unit spotted
different unit spotted
different unit spotted

Best move


next move down

different unit spotted
different unit spotted
different unit spotted
different unit spotted
different unit spotted
different unit spotted
different unit spotted
Hellhound spotted at dir: 1
dodge called with dir: 5

dodge
dodge1 dir: 5
order placed

next move down

different unit spotted
different unit spotted
different unit spotted
different unit spotted
different unit spotted
different unit spotted
different unit spotted
different unit spotted
different unit spotted
different unit spotted
different unit spotted
different unit spotted
different unit spotted
different unit spotted
different unit spotted
different unit spotted
different unit spotted
different unit spotted

Best move


next move down

different unit spotted
different unit spotted
different unit spotted
different unit spotted
different unit spotted
different unit spotted
different unit spotted
different unit spotted
different unit spotted
different unit spotted
different unit spotted
different unit spotted
different unit spotted
different unit spotted
different unit spotted
different unit spotted

Best move


next move down

different unit spotted
different unit spotted
different unit spotted
different unit spotted
different unit spotted
different unit spotted
different unit spotted
different unit spotted
different unit spotted
different unit spotted
different unit spotted
different unit spotted
different unit spotted
different unit spotted
different unit spotted
different unit spotted
different unit spotted
different unit spotted
different unit spotted
different unit spotted
different unit spotted
different unit spotted
different unit spotted
different unit spotted
different unit spotted
different unit spotted
different unit spotted
different unit spotted
different unit spotted
different unit spotted
Hellhound spotted at dir: 1
dodge called with dir: 5

dodge
dodge1 dir: 5
order placed

next move down

different unit spotted
different unit spotted
different unit spotted
different unit spotted
different unit spotted
different unit spotted
different unit spotted
different unit spotted
different unit spotted
different unit spotted
different unit spotted
different unit spotted
different unit spotted
different unit spotted
different unit spotted
different unit spotted
different unit spotted
different unit spotted
different unit spotted
different unit spotted
different unit spotted
different unit spotted
different unit spotted
different unit spotted
different unit spotted

Best move


next move down

different unit spotted
different unit spotted
different unit spotted
different unit spotted
different unit spotted
different unit spotted
different unit spotted
different unit spotted
different unit spotted
different unit spotted
different unit spotted
different unit spotted
Ally Pioneer spotted Enemy Furyan at dir: 7
dodge called with dir: 3

dodge
dodge1 dir: 1
order placed

next move down

different unit spotted
different unit spotted
different unit spotted
different unit spotted
different unit spotted
different unit spotted
different unit spotted
different unit spotted
different unit spotted
different unit spotted
different unit spotted
different unit spotted
different unit spotted
different unit spotted
different unit spotted
different unit spotted
different unit spotted
different unit spotted
different unit spotted
different unit spotted
different unit spotted
different unit spotted

Best move


next move down

different unit spotted
different unit spotted
different unit spotted
different unit spotted
different unit spotted
different unit spotted
different unit spotted
different unit spotted
different unit spotted
different unit spotted
different unit spotted
different unit spotted
different unit spotted
different unit spotted
different unit spotted
different unit spotted

Best move


next move down

different unit spotted
different unit spotted
different unit spotted
different unit spotted
different unit spotted
different unit spotted
different unit spotted
different unit spotted
different unit spotted
different unit spotted
different unit spotted
different unit spotted
different unit spotted
different unit spotted
different unit spotted
different unit spotted
different unit spotted
different unit spotted
different unit spotted
different unit spotted
different unit spotted
different unit spotted
different unit spotted
different unit spotted
different unit spotted
Hellhound spotted at dir: 1
dodge called with dir: 5

dodge
dodge1 dir: 5
order placed

next move down

different unit spotted
different unit spotted
different unit spotted
different unit spotted
different unit spotted
different unit spotted
different unit spotted
different unit spotted
different unit spotted
different unit spotted
different unit spotted
different unit spotted
different unit spotted
different unit spotted
different unit spotted
different unit spotted
different unit spotted
different unit spotted
different unit spotted
different unit spotted
different unit spotted
different unit spotted
different unit spotted
different unit spotted
different unit spotted

Best move


next move down

different unit spotted
different unit spotted

Best move


next move down

different unit spotted
different unit spotted
different unit spotted
different unit spotted
different unit spotted
different unit spotted
different unit spotted
different unit spotted
different unit spotted
different unit spotted
different unit spotted
different unit spotted
different unit spotted
different unit spotted

Best move


next move down

different unit spotted
different unit spotted
different unit spotted
different unit spotted
different unit spotted
different unit spotted
different unit spotted
different unit spotted
different unit spotted
different unit spotted
different unit spotted
different unit spotted
different unit spotted
different unit spotted
different unit spotted
different unit spotted
different unit spotted
different unit spotted
different unit spotted
different unit spotted
different unit spotted
different unit spotted
different unit spotted
different unit spotted
different unit spotted
different unit spotted
different unit spotted
different unit spotted

Best move


next move down

different unit spotted
different unit spotted
different unit spotted
different unit spotted
different unit spotted
different unit spotted
different unit spotted
different unit spotted
different unit spotted
different unit spotted
different unit spotted
different unit spotted
different unit spotted
different unit spotted
different unit spotted

Best move


next move down

different unit spotted
different unit spotted
different unit spotted
different unit spotted
different unit spotted
different unit spotted
different unit spotted
different unit spotted
different unit spotted
different unit spotted
different unit spotted
different unit spotted
different unit spotted
different unit spotted
different unit spotted
different unit spotted
different unit spotted
different unit spotted
different unit spotted
different unit spotted
different unit spotted

Best move


next move down

different unit spotted
different unit spotted
different unit spotted
different unit spotted
different unit spotted
different unit spotted
different unit spotted
different unit spotted
different unit spotted
different unit spotted
different unit spotted
different unit spotted
different unit spotted
different unit spotted
different unit spotted
different unit spotted
different unit spotted
different unit spotted
different unit spotted
different unit spotted
different unit spotted
Hellhound spotted at dir: 1
dodge called with dir: 5

dodge
dodge1 dir: 5
order placed

next move down

different unit spotted
different unit spotted
different unit spotted
different unit spotted
different unit spotted
different unit spotted
different unit spotted
different unit spotted
different unit spotted
different unit spotted
different unit spotted
different unit spotted
different unit spotted
different unit spotted
different unit spotted
different unit spotted
different unit spotted
different unit spotted
different unit spotted
different unit spotted
different unit spotted
different unit spotted
different unit spotted

Best move


next move down

different unit spotted
different unit spotted
different unit spotted
different unit spotted
Ally Pioneer spotted Enemy Furyan at dir: 5
dodge called with dir: 1

dodge
dodge1 dir: 1
order placed

next move down

different unit spotted
different unit spotted
different unit spotted
different unit spotted
different unit spotted
different unit spotted
different unit spotted
different unit spotted
different unit spotted
different unit spotted
different unit spotted
different unit spotted
different unit spotted
different unit spotted
different unit spotted
different unit spotted
different unit spotted
different unit spotted
different unit spotted
different unit spotted
different unit spotted

Best move


next move down

different unit spotted
different unit spotted
different unit spotted
different unit spotted
different unit spotted

Best move


next move down

different unit spotted
different unit spotted
different unit spotted
different unit spotted
Hellhound spotted at dir: 5
dodge called with dir: 1

dodge
order placed

next move down

different unit spotted
different unit spotted
different unit spotted
different unit spotted
different unit spotted
different unit spotted
different unit spotted
different unit spotted
different unit spotted
Ally Pioneer spotted Enemy Furyan at dir: 6
dodge called with dir: 2

dodge
dodge1 dir: 2
order placed

next move down

different unit spotted
different unit spotted
different unit spotted
different unit spotted
different unit spotted
different unit spotted
different unit spotted
different unit spotted
different unit spotted
different unit spotted
different unit spotted
different unit spotted
different unit spotted
different unit spotted
different unit spotted
different unit spotted
different unit spotted
different unit spotted
different unit spotted
different unit spotted
different unit spotted
different unit spotted
different unit spotted
different unit spotted
different unit spotted

Best move


next move down

different unit spotted
different unit spotted
different unit spotted
different unit spotted
different unit spotted
different unit spotted
different unit spotted
different unit spotted
Ally Pioneer spotted Enemy Furyan at dir: 6
dodge called with dir: 2

dodge
dodge1 dir: 2
order placed

next move down

different unit spotted
different unit spotted
different unit spotted
different unit spotted
different unit spotted
different unit spotted
Ally Pioneer spotted Enemy Furyan at dir: 5
dodge called with dir: 1

dodge
dodge1 dir: 3
order placed

get sun distance

get sun distance

get sun distance

get sun distance

get sun distance

get sun distance

get sun distance

get sun distance

next move up

next move up1

next move up2
warning: unit requested for identifier -1

next move up2
warning: unit requested for identifier -1
warning: unit requested for identifier -1

next move up2
warning: unit requested for identifier -1

next move up2
warning: unit requested for identifier -1

next move up2
warning: unit requested for identifier -1
warning: unit requested for identifier -1
warning: unit requested for identifier -1

next move up1

next move up2
warning: unit requested for identifier -1

next move up2
warning: unit requested for identifier -1

next move up2
warning: unit requested for identifier -1
warning: unit requested for identifier -1
warning: unit requested for identifier -1
warning: unit requested for identifier -1

next move up2
warning: unit requested for identifier -1

next move up2
warning: unit requested for identifier -1

next move up1
warning: unit requested for identifier -1

next move up2
warning: unit requested for identifier -1
warning: unit requested for identifier -1
warning: unit requested for identifier -1
warning: unit requested for identifier -1
warning: unit requested for identifier -1

next move up1
warning: unit requested for identifier -1

next move up2
warning: unit requested for identifier -1

next move up2
warning: unit requested for identifier -1
warning: unit requested for identifier -1

next move up2
warning: unit requested for identifier -1

next move up2
warning: unit requested for identifier -1
warning: unit requested for identifier -1

next move up2
warning: unit requested for identifier -1

next move up1

next move up2
warning: unit requested for identifier -1
warning: unit requested for identifier -1
warning: unit requested for identifier -1

next move up2
warning: unit requested for identifier -1
warning: unit requested for identifier -1

next move up2
warning: unit requested for identifier -1
warning: unit requested for identifier -1

next move up1
warning: unit requested for identifier -1
warning: unit requested for identifier -1
warning: unit requested for identifier -1

next move up2
warning: unit requested for identifier -1
warning: unit requested for identifier -1
warning: unit requested for identifier -1
warning: unit requested for identifier -1
warning: unit requested for identifier -1

next move up1
warning: unit requested for identifier -1

next move up2
warning: unit requested for identifier -1

next move up2
warning: unit requested for identifier -1

next move up2
warning: unit requested for identifier -1

next move up1
warning: unit requested for identifier -1

next move up2
warning: unit requested for identifier -1

next move up2
warning: unit requested for identifier -1

next move up1

next move up2
warning: unit requested for identifier -1

next move up1
warning: unit requested for identifier -1
warning: unit requested for identifier -1
warning: unit requested for identifier -1
warning: unit requested for identifier -1

next move up2

next move up1
warning: unit requested for identifier -1
warning: unit requested for identifier -1
warning: unit requested for identifier -1
warning: unit requested for identifier -1
warning: unit requested for identifier -1
warning: unit requested for identifier -1
warning: unit requested for identifier -1
warning: unit requested for identifier -1

next move up1
warning: unit requested for identifier -1

next move up2

next move up2
warning: unit requested for identifier -1
warning: unit requested for identifier -1

next move up2

next move up1
warning: unit requested for identifier -1
warning: unit requested for identifier -1
warning: unit requested for identifier -1
warning: unit requested for identifier -1
warning: unit requested for identifier -1
warning: unit requested for identifier -1

next move up1
warning: unit requested for identifier -1
warning: unit requested for identifier -1

next move up2

next move up2
warning: unit requested for identifier -1
warning: unit requested for identifier -1
warning: unit requested for identifier -1

next move up1
warning: unit requested for identifier -1
warning: unit requested for identifier -1
warning: unit requested for identifier -1

next move up2

next move up1

next move up2

next move up2
warning: unit requested for identifier -1
warning: unit requested for identifier -1
warning: unit requested for identifier -1
warning: unit requested for identifier -1
warning: unit requested for identifier -1

next move up2

next move up1
warning: unit requested for identifier -1
warning: unit requested for identifier -1

next move up1

next move up2
warning: unit requested for identifier -1
warning: unit requested for identifier -1
warning: unit requested for identifier -1

next move up2
warning: unit requested for identifier -1
warning: unit requested for identifier -1

next move up1
warning: unit requested for identifier -1
warning: unit requested for identifier -1
warning: unit requested for identifier -1
warning: unit requested for identifier -1
warning: unit requested for identifier -1

next move up2
warning: unit requested for identifier -1

next move up1
warning: unit requested for identifier -1
warning: unit requested for identifier -1
warning: unit requested for identifier -1

next move up2
warning: unit requested for identifier -1

next move up1
warning: unit requested for identifier -1
warning: unit requested for identifier -1
warning: unit requested for identifier -1
warning: unit requested for identifier -1

next move up2
warning: unit requested for identifier -1

next move up1

Best move


Best move up

next move down

different unit spotted
different unit spotted
different unit spotted
different unit spotted
different unit spotted
different unit spotted
different unit spotted
Ally Pioneer spotted Enemy Furyan at dir: 5
dodge called with dir: 1

dodge
dodge1 dir: 0
order placed

next move down

different unit spotted
different unit spotted
different unit spotted
different unit spotted
different unit spotted
different unit spotted
different unit spotted
different unit spotted
different unit spotted
different unit spotted
different unit spotted
different unit spotted
different unit spotted
different unit spotted
different unit spotted
different unit spotted
different unit spotted
different unit spotted
different unit spotted
different unit spotted
different unit spotted
different unit spotted
different unit spotted
different unit spotted
Ally Pioneer spotted Enemy Furyan at dir: 3
dodge called with dir: 7

dodge
dodge1 dir: 0
order placed

next move down

different unit spotted
different unit spotted
different unit spotted
different unit spotted
different unit spotted
different unit spotted
different unit spotted
different unit spotted
different unit spotted
different unit spotted
different unit spotted
different unit spotted
different unit spotted
different unit spotted
different unit spotted
different unit spotted
different unit spotted
Ally Furian spotted Enemy unit at dir: 1
dodge called with dir: 1

dodge
dodge1 dir: 3

next move down

different unit spotted
different unit spotted
different unit spotted
different unit spotted
different unit spotted
different unit spotted
different unit spotted
different unit spotted
different unit spotted
different unit spotted
different unit spotted
different unit spotted
different unit spotted
different unit spotted
different unit spotted
different unit spotted
different unit spotted
different unit spotted
different unit spotted
different unit spotted
different unit spotted
different unit spotted
different unit spotted
Ally Furian spotted Enemy unit at dir: 5
dodge called with dir: 5

dodge
different unit spotted
different unit spotted
different unit spotted
different unit spotted
different unit spotted
different unit spotted
different unit spotted
different unit spotted
different unit spotted
Ally Furian spotted Enemy unit at dir: 1
dodge called with dir: 1

dodge

next move down

different unit spotted
different unit spotted
different unit spotted
different unit spotted
different unit spotted
Ally Furian spotted Enemy unit at dir: 6
dodge called with dir: 6

dodge
dodge1 dir: 1
different unit spotted
different unit spotted
different unit spotted
different unit spotted
different unit spotted
Ally Furian spotted Enemy unit at dir: 2
dodge called with dir: 2

dodge
dodge1 dir: 5
different unit spotted
different unit spotted
different unit spotted
different unit spotted
different unit spotted
different unit spotted
different unit spotted
different unit spotted
different unit spotted
different unit spotted
different unit spotted
different unit spotted
different unit spotted
different unit spotted
Ally Furian spotted Enemy unit at dir: 3
dodge called with dir: 3

dodge
dodge1 dir: 5
different unit spotted
different unit spotted
different unit spotted
different unit spotted
different unit spotted
different unit spotted
different unit spotted
different unit spotted
different unit spotted
Ally Furian spotted Enemy unit at dir: 4
dodge called with dir: 4

dodge
dodge1 dir: 1
different unit spotted
different unit spotted
different unit spotted
different unit spotted
different unit spotted
different unit spotted
different unit spotted
Ally Furian spotted Enemy unit at dir: 6
dodge called with dir: 6

dodge
dodge1 dir: 1
different unit spotted
different unit spotted
different unit spotted
Ally Furian spotted Enemy unit at dir: 0
dodge called with dir: 0

dodge
dodge1 dir: 1

next move down

different unit spotted
different unit spotted
different unit spotted
different unit spotted
different unit spotted
different unit spotted
different unit spotted
different unit spotted
different unit spotted
different unit spotted
different unit spotted
different unit spotted
different unit spotted
different unit spotted
Ally Furian spotted Enemy unit at dir: 2
dodge called with dir: 2

dodge
dodge1 dir: 5
different unit spotted
Ally Furian spotted Enemy unit at dir: 1
dodge called with dir: 1

dodge
dodge1 dir: 5
different unit spotted
Ally Furian spotted Enemy unit at dir: 4
dodge called with dir: 4

dodge
dodge1 dir: 0
different unit spotted
Ally Furian spotted Enemy unit at dir: 0
dodge called with dir: 0

dodge
dodge1 dir: 4
different unit spotted
Ally Furian spotted Enemy unit at dir: 6
dodge called with dir: 6

dodge
dodge1 dir: 3
different unit spotted
Ally Furian spotted Enemy unit at dir: 7
dodge called with dir: 7

dodge
dodge1 dir: 3
different unit spotted
Ally Furian spotted Enemy unit at dir: 0
dodge called with dir: 0

dodge
dodge1 dir: 4
different unit spotted
Ally Furian spotted Enemy unit at dir: 1
dodge called with dir: 1

dodge
dodge1 dir: 5
different unit spotted
Ally Furian spotted Enemy unit at dir: 6
dodge called with dir: 6

dodge
dodge1 dir: 5

next move down

different unit spotted
different unit spotted
Ally Furian spotted Enemy unit at dir: 7
dodge called with dir: 7

next move down

different unit spotted
different unit spotted
different unit spotted
different unit spotted
different unit spotted
different unit spotted
different unit spotted
different unit spotted
different unit spotted
different unit spotted
different unit spotted
different unit spotted
different unit spotted
different unit spotted
different unit spotted
different unit spotted
different unit spotted
different unit spotted
different unit spotted
different unit spotted
different unit spotted
different unit spotted
different unit spotted
different unit spotted
different unit spotted
different unit spotted
Ally Furian spotted Enemy unit at dir: 1
dodge called with dir: 1

dodge
dodge1 dir: 1
dodge or chase commanded dir: 5

dodge or chase commanded dir: 10

dodge or chase commanded dir: 7

dodge or chase commanded dir: 5

dodge or chase commanded dir: 5

dodge or chase commanded dir: 5

dodge or chase commanded dir: 1

dodge or chase commanded dir: 2

dodge or chase commanded dir: 2

dodge or chase commanded dir: 1

dodge or chase commanded dir: 10

dodge or chase commanded dir: 4

dodge or chase commanded dir: 0

dodge or chase commanded dir: 0

dodge or chase commanded dir: 3

best move (not dodge) commanded

best move (not dodge) commanded

best move (not dodge) commanded

best move (not dodge) commanded

warning: action already requested for unit 42
best move (not dodge) commanded

best move (not dodge) commanded

warning: action already requested for unit 3
best move (not dodge) commanded

warning: action already requested for unit 3
best move (not dodge) commanded

best move (not dodge) commanded

warning: action already requested for unit 2
best move (not dodge) commanded

best move (not dodge) commanded

warning: action already requested for unit 3
best move (not dodge) commanded

best move (not dodge) commanded

warning: action already requested for unit 42
best move (not dodge) commanded

best move (not dodge) commanded

best move (not dodge) commanded

warning: action already requested for unit 42
best move (not dodge) commanded

best move (not dodge) commanded

warning: action already requested for unit 42
best move (not dodge) commanded

best move (not dodge) commanded

best move (not dodge) commanded

best move (not dodge) commanded

warning: action already requested for unit 3
best move (not dodge) commanded

best move (not dodge) commanded

best move (not dodge) commanded

best move (not dodge) commanded

warning: action already requested for unit 3
best move (not dodge) commanded

best move (not dodge) commanded

warning: action already requested for unit 42
best move (not dodge) commanded

best move (not dodge) commanded

best move (not dodge) commanded

best move (not dodge) commanded

best move (not dodge) commanded

warning: action already requested for unit 42
best move (not dodge) commanded

best move (not dodge) commanded

best move (not dodge) commanded

best move (not dodge) commanded

warning: action already requested for unit 42
best move (not dodge) commanded

warning: action already requested for unit 42
best move (not dodge) commanded

best move (not dodge) commanded

info:     end player 0
info:     start player 1
info:     end player 1
info:     start player 2
info:     end player 2
info:     start player 3
info:     end player 3
info: end round 116
info: start round 117
info:     start player 0

next move down

different unit spotted
different unit spotted
different unit spotted
different unit spotted
different unit spotted
different unit spotted
different unit spotted
different unit spotted
different unit spotted
different unit spotted

Best move


next move down

different unit spotted
Ally Pioneer spotted Enemy Furyan at dir: 5
dodge called with dir: 1

dodge
dodge1 dir: 0
order placed

next move down

different unit spotted
different unit spotted
different unit spotted
different unit spotted
different unit spotted
different unit spotted
different unit spotted

Best move


next move down

different unit spotted
different unit spotted
different unit spotted
different unit spotted
different unit spotted
different unit spotted
different unit spotted
different unit spotted
different unit spotted
different unit spotted
different unit spotted
different unit spotted
different unit spotted
different unit spotted
different unit spotted
different unit spotted
different unit spotted
different unit spotted
different unit spotted
different unit spotted

Best move


next move up

next move up1

next move up2
warning: unit requested for identifier -1

next move up2
warning: unit requested for identifier -1

next move up2
warning: unit requested for identifier -1

next move up2
warning: unit requested for identifier -1

next move up2
warning: unit requested for identifier -1
warning: unit requested for identifier -1
warning: unit requested for identifier -1

next move up2
warning: unit requested for identifier -1

next move up1
warning: unit requested for identifier -1

next move up2
warning: unit requested for identifier -1

next move up2
warning: unit requested for identifier -1

next move up2
warning: unit requested for identifier -1
warning: unit requested for identifier -1

next move up1
warning: unit requested for identifier -1
warning: unit requested for identifier -1

next move up2
warning: unit requested for identifier -1

next move up2
warning: unit requested for identifier -1
warning: unit requested for identifier -1
warning: unit requested for identifier -1
warning: unit requested for identifier -1
warning: unit requested for identifier -1

next move up1

next move up2
warning: unit requested for identifier -1

next move up2
warning: unit requested for identifier -1

next move up2
warning: unit requested for identifier -1
warning: unit requested for identifier -1
warning: unit requested for identifier -1
warning: unit requested for identifier -1
warning: unit requested for identifier -1

next move up1

next move up2
warning: unit requested for identifier -1
warning: unit requested for identifier -1

next move up2
warning: unit requested for identifier -1
warning: unit requested for identifier -1
warning: unit requested for identifier -1
warning: unit requested for identifier -1
warning: unit requested for identifier -1

next move up1
warning: unit requested for identifier -1
warning: unit requested for identifier -1
warning: unit requested for identifier -1
warning: unit requested for identifier -1

next move up2
warning: unit requested for identifier -1
warning: unit requested for identifier -1
warning: unit requested for identifier -1
warning: unit requested for identifier -1

next move up1
warning: unit requested for identifier -1

next move up2
warning: unit requested for identifier -1
warning: unit requested for identifier -1
warning: unit requested for identifier -1
warning: unit requested for identifier -1
warning: unit requested for identifier -1
warning: unit requested for identifier -1

next move up1

next move up2
warning: unit requested for identifier -1

next move up2
warning: unit requested for identifier -1
warning: unit requested for identifier -1
warning: unit requested for identifier -1

next move up2

next move up1

next move up2
warning: unit requested for identifier -1
warning: unit requested for identifier -1
warning: unit requested for identifier -1
warning: unit requested for identifier -1
warning: unit requested for identifier -1

next move up1

next move up2

next move up2

next move up2

next move up1

next move up2
warning: unit requested for identifier -1

next move up2

next move up2

next move up2
warning: unit requested for identifier -1

next move up2

next move up1

next move up2
warning: unit requested for identifier -1
warning: unit requested for identifier -1
warning: unit requested for identifier -1
warning: unit requested for identifier -1

next move up1

next move up2
warning: unit requested for identifier -1
warning: unit requested for identifier -1

next move up2
warning: unit requested for identifier -1
warning: unit requested for identifier -1

next move up1

next move up2
warning: unit requested for identifier -1

next move up2

next move up2

next move up1
warning: unit requested for identifier -1
warning: unit requested for identifier -1
warning: unit requested for identifier -1

next move up1

next move up2

next move up2
warning: unit requested for identifier -1
warning: unit requested for identifier -1

next move up1
warning: unit requested for identifier -1

next move up2
warning: unit requested for identifier -1
warning: unit requested for identifier -1

next move up1

next move up2
warning: unit requested for identifier -1
warning: unit requested for identifier -1

next move up2
warning: unit requested for identifier -1

next move up1
warning: unit requested for identifier -1
warning: unit requested for identifier -1
warning: unit requested for identifier -1
warning: unit requested for identifier -1
warning: unit requested for identifier -1
warning: unit requested for identifier -1

next move up1

Best move


Best move up

next move down

different unit spotted
different unit spotted
different unit spotted
different unit spotted
different unit spotted
different unit spotted
different unit spotted

Best move


next move down

different unit spotted
different unit spotted
different unit spotted
different unit spotted
different unit spotted
different unit spotted
different unit spotted
different unit spotted
different unit spotted
different unit spotted
different unit spotted
different unit spotted
different unit spotted
different unit spotted
different unit spotted
different unit spotted
different unit spotted
different unit spotted
different unit spotted

Best move


next move down

different unit spotted
different unit spotted
different unit spotted
different unit spotted
different unit spotted
different unit spotted
different unit spotted
different unit spotted
Hellhound spotted at dir: 1
dodge called with dir: 5

dodge
dodge1 dir: 5
order placed

next move down

different unit spotted
different unit spotted
different unit spotted
different unit spotted
different unit spotted
different unit spotted
different unit spotted
different unit spotted
different unit spotted
different unit spotted
different unit spotted
different unit spotted
different unit spotted

Best move


next move down

different unit spotted
different unit spotted
different unit spotted
different unit spotted
different unit spotted
different unit spotted
different unit spotted
different unit spotted

Best move


next move down

different unit spotted
different unit spotted
different unit spotted
different unit spotted
different unit spotted
different unit spotted
different unit spotted
different unit spotted
different unit spotted
different unit spotted
different unit spotted
different unit spotted
different unit spotted
different unit spotted
different unit spotted
different unit spotted
different unit spotted
different unit spotted
different unit spotted
different unit spotted
different unit spotted
different unit spotted
different unit spotted
different unit spotted
different unit spotted
different unit spotted
different unit spotted
different unit spotted
different unit spotted
different unit spotted
different unit spotted
Hellhound spotted at dir: 1
dodge called with dir: 5

dodge
dodge1 dir: 5
order placed

next move down

different unit spotted
different unit spotted
different unit spotted
different unit spotted
different unit spotted
different unit spotted
different unit spotted
different unit spotted
different unit spotted
different unit spotted
different unit spotted
different unit spotted
different unit spotted
different unit spotted
different unit spotted
different unit spotted
different unit spotted
different unit spotted
different unit spotted
different unit spotted
different unit spotted
different unit spotted
different unit spotted
different unit spotted
different unit spotted
different unit spotted
different unit spotted

Best move


next move down

different unit spotted
different unit spotted
different unit spotted
different unit spotted
different unit spotted
different unit spotted
different unit spotted
different unit spotted
different unit spotted
Ally Pioneer spotted Enemy Furyan at dir: 7
dodge called with dir: 3

dodge
dodge1 dir: 3
order placed

next move down

different unit spotted
different unit spotted
different unit spotted
different unit spotted
different unit spotted
different unit spotted
different unit spotted
different unit spotted
different unit spotted
different unit spotted
different unit spotted
different unit spotted
different unit spotted
different unit spotted
different unit spotted
different unit spotted
different unit spotted
different unit spotted
different unit spotted
different unit spotted

Best move


next move down

different unit spotted
different unit spotted
different unit spotted
different unit spotted
different unit spotted
different unit spotted
different unit spotted
different unit spotted

Best move


next move down

different unit spotted
different unit spotted
different unit spotted
different unit spotted
different unit spotted
different unit spotted
different unit spotted
different unit spotted
different unit spotted
different unit spotted
different unit spotted
different unit spotted
different unit spotted
different unit spotted
different unit spotted
different unit spotted
different unit spotted
different unit spotted
different unit spotted
different unit spotted
different unit spotted
different unit spotted
different unit spotted
different unit spotted
different unit spotted
different unit spotted
Hellhound spotted at dir: 1
dodge called with dir: 5

dodge
dodge1 dir: 5
order placed

next move down

different unit spotted
different unit spotted
different unit spotted
different unit spotted
different unit spotted
different unit spotted
different unit spotted
different unit spotted
different unit spotted
different unit spotted
different unit spotted
different unit spotted
different unit spotted
different unit spotted
different unit spotted
different unit spotted
different unit spotted
different unit spotted
different unit spotted
different unit spotted
different unit spotted
different unit spotted
different unit spotted
different unit spotted
different unit spotted
different unit spotted
different unit spotted

Best move


next move down

different unit spotted
different unit spotted

Best move


next move down

different unit spotted
different unit spotted
different unit spotted
different unit spotted
different unit spotted
different unit spotted
different unit spotted

Best move


next move down

different unit spotted
different unit spotted
different unit spotted
different unit spotted
different unit spotted
different unit spotted
different unit spotted
different unit spotted
different unit spotted
different unit spotted
different unit spotted
different unit spotted
different unit spotted
different unit spotted
different unit spotted
different unit spotted
different unit spotted
different unit spotted
different unit spotted
different unit spotted
different unit spotted
different unit spotted
Ally Pioneer spotted Enemy Furyan at dir: 3
dodge called with dir: 7

dodge
dodge1 dir: 7
order placed

next move down

different unit spotted
different unit spotted
different unit spotted
Ally Pioneer spotted Enemy Furyan at dir: 2
dodge called with dir: 6

dodge
dodge1 dir: 7
order placed

next move down

different unit spotted
different unit spotted
different unit spotted
different unit spotted
different unit spotted
different unit spotted
different unit spotted
different unit spotted
different unit spotted
different unit spotted
different unit spotted
different unit spotted
different unit spotted
different unit spotted
different unit spotted
different unit spotted
different unit spotted
different unit spotted
different unit spotted
Ally Pioneer spotted Enemy Furyan at dir: 4
dodge called with dir: 0

dodge
dodge1 dir: 2
order placed

next move down

different unit spotted
different unit spotted
different unit spotted
different unit spotted
different unit spotted
different unit spotted
different unit spotted
different unit spotted
different unit spotted
different unit spotted
different unit spotted
different unit spotted
different unit spotted
different unit spotted
different unit spotted
different unit spotted
different unit spotted
different unit spotted
different unit spotted
different unit spotted
different unit spotted
different unit spotted
different unit spotted
different unit spotted
different unit spotted
Hellhound spotted at dir: 1
dodge called with dir: 5

dodge
dodge1 dir: 5
order placed

next move down

different unit spotted
different unit spotted
different unit spotted
different unit spotted
different unit spotted
different unit spotted
different unit spotted
different unit spotted
different unit spotted
different unit spotted
different unit spotted
different unit spotted
different unit spotted
different unit spotted
different unit spotted
different unit spotted
different unit spotted
different unit spotted
different unit spotted
different unit spotted
different unit spotted

Best move


next move down

different unit spotted
different unit spotted
different unit spotted
different unit spotted
different unit spotted
different unit spotted
different unit spotted
different unit spotted
different unit spotted
different unit spotted
Ally Pioneer spotted Enemy Furyan at dir: 4
dodge called with dir: 0

dodge
dodge1 dir: 0
order placed

next move down

different unit spotted
different unit spotted
different unit spotted
different unit spotted
different unit spotted
different unit spotted
different unit spotted
different unit spotted
different unit spotted
different unit spotted
different unit spotted
different unit spotted
different unit spotted
different unit spotted
different unit spotted
different unit spotted
different unit spotted

Best move


next move down

different unit spotted
different unit spotted
different unit spotted
different unit spotted
different unit spotted
different unit spotted

Best move


next move down

different unit spotted
different unit spotted
different unit spotted

Best move


next move down

different unit spotted
different unit spotted
different unit spotted
different unit spotted
different unit spotted
different unit spotted
different unit spotted
different unit spotted
Hellhound spotted at dir: 1
dodge called with dir: 5

dodge
dodge1 dir: 6
order placed

next move down

different unit spotted
different unit spotted
different unit spotted
different unit spotted
different unit spotted
Ally Pioneer spotted Enemy Furyan at dir: 3
dodge called with dir: 7

dodge
dodge1 dir: 7
order placed

next move down

different unit spotted
different unit spotted
different unit spotted
different unit spotted
different unit spotted
different unit spotted
Ally Pioneer spotted Enemy Furyan at dir: 5
dodge called with dir: 1

dodge
dodge1 dir: 0
order placed

next move down

different unit spotted
different unit spotted
different unit spotted
different unit spotted
Ally Pioneer spotted Enemy Furyan at dir: 5
dodge called with dir: 1

dodge
dodge1 dir: 3
order placed

next move up

next move up1

next move up2
warning: unit requested for identifier -1

next move up2
warning: unit requested for identifier -1

next move up2
warning: unit requested for identifier -1

next move up2
warning: unit requested for identifier -1

next move up2
warning: unit requested for identifier -1

next move up2
warning: unit requested for identifier -1
warning: unit requested for identifier -1
warning: unit requested for identifier -1

next move up1

next move up2
warning: unit requested for identifier -1

next move up2
warning: unit requested for identifier -1

next move up2
warning: unit requested for identifier -1

next move up2
warning: unit requested for identifier -1
warning: unit requested for identifier -1

next move up2
warning: unit requested for identifier -1
warning: unit requested for identifier -1

next move up1
warning: unit requested for identifier -1

next move up2
warning: unit requested for identifier -1
warning: unit requested for identifier -1
warning: unit requested for identifier -1

next move up2
warning: unit requested for identifier -1

next move up2
warning: unit requested for identifier -1
warning: unit requested for identifier -1

next move up1
warning: unit requested for identifier -1
warning: unit requested for identifier -1

next move up2
warning: unit requested for identifier -1
warning: unit requested for identifier -1
warning: unit requested for identifier -1
warning: unit requested for identifier -1

next move up2
warning: unit requested for identifier -1
warning: unit requested for identifier -1

next move up1
warning: unit requested for identifier -1
warning: unit requested for identifier -1
warning: unit requested for identifier -1

next move up2
warning: unit requested for identifier -1
warning: unit requested for identifier -1
warning: unit requested for identifier -1
warning: unit requested for identifier -1

next move up1
warning: unit requested for identifier -1
warning: unit requested for identifier -1
warning: unit requested for identifier -1

next move up2
warning: unit requested for identifier -1

next move up2
warning: unit requested for identifier -1
warning: unit requested for identifier -1
warning: unit requested for identifier -1

next move up1
warning: unit requested for identifier -1
warning: unit requested for identifier -1

next move up2
warning: unit requested for identifier -1

next move up2
warning: unit requested for identifier -1
warning: unit requested for identifier -1
warning: unit requested for identifier -1
warning: unit requested for identifier -1
warning: unit requested for identifier -1

next move up1

next move up2

next move up2
warning: unit requested for identifier -1
warning: unit requested for identifier -1
warning: unit requested for identifier -1
warning: unit requested for identifier -1
warning: unit requested for identifier -1

next move up1
warning: unit requested for identifier -1
warning: unit requested for identifier -1
warning: unit requested for identifier -1

next move up2

next move up2
warning: unit requested for identifier -1

next move up1
warning: unit requested for identifier -1
warning: unit requested for identifier -1
warning: unit requested for identifier -1
warning: unit requested for identifier -1
warning: unit requested for identifier -1
warning: unit requested for identifier -1

next move up1
warning: unit requested for identifier -1
warning: unit requested for identifier -1
warning: unit requested for identifier -1
warning: unit requested for identifier -1

next move up2

next move up2

next move up1

next move up2
warning: unit requested for identifier -1
warning: unit requested for identifier -1
warning: unit requested for identifier -1
warning: unit requested for identifier -1

next move up1

next move up2
warning: unit requested for identifier -1
warning: unit requested for identifier -1
warning: unit requested for identifier -1
warning: unit requested for identifier -1
warning: unit requested for identifier -1

next move up2
warning: unit requested for identifier -1

next move up1
warning: unit requested for identifier -1
warning: unit requested for identifier -1

next move up2
warning: unit requested for identifier -1
warning: unit requested for identifier -1
warning: unit requested for identifier -1

next move up1
warning: unit requested for identifier -1
warning: unit requested for identifier -1
warning: unit requested for identifier -1
warning: unit requested for identifier -1
warning: unit requested for identifier -1

next move up2
warning: unit requested for identifier -1
warning: unit requested for identifier -1

next move up1
warning: unit requested for identifier -1
warning: unit requested for identifier -1
warning: unit requested for identifier -1
warning: unit requested for identifier -1
warning: unit requested for identifier -1
warning: unit requested for identifier -1

next move up2

next move up1
warning: unit requested for identifier -1
warning: unit requested for identifier -1
warning: unit requested for identifier -1
warning: unit requested for identifier -1
warning: unit requested for identifier -1
warning: unit requested for identifier -1

next move up1

next move up2
warning: unit requested for identifier -1
warning: unit requested for identifier -1
warning: unit requested for identifier -1

next move up1

next move up2
warning: unit requested for identifier -1

next move up2
warning: unit requested for identifier -1

next move up1
warning: unit requested for identifier -1

next move up2
warning: unit requested for identifier -1

next move up1
warning: unit requested for identifier -1

next move up2

next move up2
warning: unit requested for identifier -1
warning: unit requested for identifier -1

next move up1
warning: unit requested for identifier -1
warning: unit requested for identifier -1

next move up2

next move up1

Best move


Best move up

next move down

different unit spotted
different unit spotted
different unit spotted
different unit spotted
different unit spotted
Ally Pioneer spotted Enemy Furyan at dir: 5
dodge called with dir: 1

dodge
dodge1 dir: 3
order placed

next move down

different unit spotted
different unit spotted
different unit spotted
different unit spotted
different unit spotted
different unit spotted
different unit spotted
different unit spotted
different unit spotted
different unit spotted
different unit spotted
different unit spotted
different unit spotted
different unit spotted
different unit spotted
different unit spotted
different unit spotted
different unit spotted
Ally Pioneer spotted Enemy Furyan at dir: 3
dodge called with dir: 7

dodge
dodge1 dir: 7
order placed

next move down

different unit spotted
different unit spotted
different unit spotted
different unit spotted
different unit spotted
different unit spotted
different unit spotted
different unit spotted
different unit spotted
different unit spotted
different unit spotted
different unit spotted
different unit spotted
different unit spotted
different unit spotted
different unit spotted
different unit spotted
different unit spotted
different unit spotted
different unit spotted
different unit spotted
different unit spotted
Ally Furian spotted Enemy unit at dir: 1
dodge called with dir: 1

dodge
dodge1 dir: 1

next move down

different unit spotted
different unit spotted
different unit spotted
different unit spotted
different unit spotted
different unit spotted
different unit spotted
different unit spotted
different unit spotted
different unit spotted
different unit spotted
different unit spotted
different unit spotted
different unit spotted
different unit spotted
different unit spotted
different unit spotted
different unit spotted
different unit spotted
different unit spotted
Ally Furian spotted Enemy unit at dir: 4
dodge called with dir: 4

dodge
different unit spotted
different unit spotted
different unit spotted
Ally Furian spotted Enemy unit at dir: 3
dodge called with dir: 3

dodge
dodge1 dir: 6
different unit spotted
different unit spotted
different unit spotted
different unit spotted
Ally Furian spotted Enemy unit at dir: 1
dodge called with dir: 1

dodge
dodge1 dir: 5
different unit spotted
different unit spotted
different unit spotted
Ally Furian spotted Enemy unit at dir: 1
dodge called with dir: 1

dodge

next move down

different unit spotted
different unit spotted
Ally Furian spotted Enemy unit at dir: 5
dodge called with dir: 5

dodge
dodge1 dir: 0
different unit spotted
different unit spotted
different unit spotted
different unit spotted
different unit spotted
different unit spotted
different unit spotted
Ally Furian spotted Enemy unit at dir: 2
dodge called with dir: 2

dodge
dodge1 dir: 0
different unit spotted
different unit spotted
different unit spotted
different unit spotted
Ally Furian spotted Enemy unit at dir: 2
dodge called with dir: 2

dodge
dodge1 dir: 0
different unit spotted
different unit spotted
different unit spotted
Ally Furian spotted Enemy unit at dir: 3
dodge called with dir: 3

dodge
dodge1 dir: 0
different unit spotted
different unit spotted
different unit spotted
different unit spotted
different unit spotted
different unit spotted
different unit spotted
different unit spotted
different unit spotted
different unit spotted
Ally Furian spotted Enemy unit at dir: 4
dodge called with dir: 4

dodge
dodge1 dir: 0
different unit spotted
different unit spotted
different unit spotted
different unit spotted
different unit spotted
different unit spotted
different unit spotted
Ally Furian spotted Enemy unit at dir: 6
dodge called with dir: 6

dodge
dodge1 dir: 0
different unit spotted
Ally Furian spotted Enemy unit at dir: 5
dodge called with dir: 5

dodge
dodge1 dir: 0
different unit spotted
Ally Furian spotted Enemy unit at dir: 7
dodge called with dir: 7

dodge
dodge1 dir: 0
different unit spotted
different unit spotted
different unit spotted
different unit spotted
different unit spotted
different unit spotted
different unit spotted
different unit spotted
different unit spotted
different unit spotted
Ally Furian spotted Enemy unit at dir: 3
dodge called with dir: 3

dodge
dodge1 dir: 0

next move down

different unit spotted
different unit spotted
different unit spotted
different unit spotted
different unit spotted
different unit spotted
different unit spotted
different unit spotted
different unit spotted
different unit spotted
Ally Furian spotted Enemy unit at dir: 1
dodge called with dir: 1

dodge
dodge1 dir: 5
different unit spotted
different unit spotted
Ally Furian spotted Enemy unit at dir: 2
dodge called with dir: 2

dodge
dodge1 dir: 6
different unit spotted
different unit spotted
different unit spotted
Ally Furian spotted Enemy unit at dir: 3
dodge called with dir: 3

dodge
dodge1 dir: 7
different unit spotted
different unit spotted
different unit spotted
Ally Furian spotted Enemy unit at dir: 0
dodge called with dir: 0

dodge
dodge1 dir: 4
different unit spotted
Ally Furian spotted Enemy unit at dir: 7
dodge called with dir: 7

dodge
dodge1 dir: 3
different unit spotted
Ally Furian spotted Enemy unit at dir: 6
dodge called with dir: 6

dodge
dodge1 dir: 2
different unit spotted
Ally Furian spotted Enemy unit at dir: 5
dodge called with dir: 5

dodge
dodge1 dir: 2
different unit spotted
Ally Furian spotted Enemy unit at dir: 7
dodge called with dir: 7

dodge
dodge1 dir: 7

next move down

different unit spotted
different unit spotted
Ally Furian spotted Enemy unit at dir: 7
dodge called with dir: 7

next move down

different unit spotted
different unit spotted
different unit spotted
different unit spotted
different unit spotted
different unit spotted
different unit spotted
different unit spotted
different unit spotted
different unit spotted
Ally Furian spotted Enemy unit at dir: 0
dodge called with dir: 0

dodge
dodge1 dir: 0
dodge or chase commanded dir: 5

dodge or chase commanded dir: 6

dodge or chase commanded dir: 7

dodge or chase commanded dir: 5

dodge or chase commanded dir: 5

dodge or chase commanded dir: 0

dodge or chase commanded dir: 0

warning: action already requested for unit 3
dodge or chase commanded dir: 5

dodge or chase commanded dir: 7

dodge or chase commanded dir: 0

dodge or chase commanded dir: 3

dodge or chase commanded dir: 0

dodge or chase commanded dir: 0

dodge or chase commanded dir: 2

dodge or chase commanded dir: 7

dodge or chase commanded dir: 7

dodge or chase commanded dir: 3

dodge or chase commanded dir: 3

dodge or chase commanded dir: 7

best move (not dodge) commanded

best move (not dodge) commanded

best move (not dodge) commanded

best move (not dodge) commanded

warning: action already requested for unit 3
best move (not dodge) commanded

warning: action already requested for unit 3
best move (not dodge) commanded

best move (not dodge) commanded

warning: action already requested for unit 42
best move (not dodge) commanded

warning: action already requested for unit 2
best move (not dodge) commanded

warning: action already requested for unit 2
best move (not dodge) commanded

best move (not dodge) commanded

warning: action already requested for unit 3
best move (not dodge) commanded

best move (not dodge) commanded

best move (not dodge) commanded

best move (not dodge) commanded

best move (not dodge) commanded

warning: action already requested for unit 42
best move (not dodge) commanded

best move (not dodge) commanded

warning: action already requested for unit 42
best move (not dodge) commanded

best move (not dodge) commanded

best move (not dodge) commanded

best move (not dodge) commanded

warning: action already requested for unit 42
best move (not dodge) commanded

best move (not dodge) commanded

warning: action already requested for unit 42
best move (not dodge) commanded

best move (not dodge) commanded

warning: action already requested for unit 2
best move (not dodge) commanded

best move (not dodge) commanded

warning: action already requested for unit 3
best move (not dodge) commanded

best move (not dodge) commanded

best move (not dodge) commanded

best move (not dodge) commanded

best move (not dodge) commanded

warning: action already requested for unit 3
best move (not dodge) commanded

warning: action already requested for unit 3
best move (not dodge) commanded

best move (not dodge) commanded

best move (not dodge) commanded

warning: action already requested for unit 42
best move (not dodge) commanded

warning: action already requested for unit 42
best move (not dodge) commanded

warning: action already requested for unit 3
best move (not dodge) commanded

info:     end player 0
info:     start player 1
info:     end player 1
info:     start player 2
info:     end player 2
info:     start player 3
info:     end player 3
info: end round 117
info: start round 118
info:     start player 0

next move down

different unit spotted
different unit spotted
different unit spotted
different unit spotted
different unit spotted
different unit spotted
different unit spotted
different unit spotted
different unit spotted
different unit spotted
different unit spotted
different unit spotted
different unit spotted

Best move


get sun distance

get sun distance

get sun distance

get sun distance

get sun distance

get sun distance

get sun distance

get sun distance

next move down

different unit spotted
different unit spotted
different unit spotted
different unit spotted
different unit spotted
different unit spotted
different unit spotted
different unit spotted
different unit spotted
different unit spotted
different unit spotted
different unit spotted
different unit spotted
different unit spotted
different unit spotted
different unit spotted
different unit spotted
different unit spotted
different unit spotted
different unit spotted
different unit spotted
different unit spotted
different unit spotted

Best move


next move up

next move up1

next move up2
warning: unit requested for identifier -1

next move up2
warning: unit requested for identifier -1

next move up2
warning: unit requested for identifier -1

next move up2
warning: unit requested for identifier -1
warning: unit requested for identifier -1
warning: unit requested for identifier -1

next move up2
warning: unit requested for identifier -1
warning: unit requested for identifier -1

next move up1

next move up2
warning: unit requested for identifier -1

next move up2
warning: unit requested for identifier -1

next move up2
warning: unit requested for identifier -1

next move up2
warning: unit requested for identifier -1

next move up2
warning: unit requested for identifier -1
warning: unit requested for identifier -1

next move up2
warning: unit requested for identifier -1
warning: unit requested for identifier -1

next move up1

next move up2
warning: unit requested for identifier -1
warning: unit requested for identifier -1
warning: unit requested for identifier -1

next move up2
warning: unit requested for identifier -1
warning: unit requested for identifier -1
warning: unit requested for identifier -1

next move up2
warning: unit requested for identifier -1

next move up1
warning: unit requested for identifier -1
warning: unit requested for identifier -1

next move up2
warning: unit requested for identifier -1
warning: unit requested for identifier -1
warning: unit requested for identifier -1
warning: unit requested for identifier -1

next move up1
warning: unit requested for identifier -1
warning: unit requested for identifier -1

next move up2
warning: unit requested for identifier -1
warning: unit requested for identifier -1

next move up2
warning: unit requested for identifier -1
warning: unit requested for identifier -1

next move up2
warning: unit requested for identifier -1
warning: unit requested for identifier -1

next move up1
warning: unit requested for identifier -1

next move up2
warning: unit requested for identifier -1
warning: unit requested for identifier -1
warning: unit requested for identifier -1
warning: unit requested for identifier -1
warning: unit requested for identifier -1
warning: unit requested for identifier -1

next move up1
warning: unit requested for identifier -1
warning: unit requested for identifier -1

next move up2

next move up2
warning: unit requested for identifier -1

next move up2

next move up1

next move up2

next move up2
warning: unit requested for identifier -1
warning: unit requested for identifier -1
warning: unit requested for identifier -1

next move up1

next move up2

next move up1
warning: unit requested for identifier -1
warning: unit requested for identifier -1
warning: unit requested for identifier -1
warning: unit requested for identifier -1
warning: unit requested for identifier -1

next move up2
warning: unit requested for identifier -1
warning: unit requested for identifier -1

next move up1
warning: unit requested for identifier -1
warning: unit requested for identifier -1
warning: unit requested for identifier -1
warning: unit requested for identifier -1
warning: unit requested for identifier -1

next move up1
warning: unit requested for identifier -1
warning: unit requested for identifier -1
warning: unit requested for identifier -1
warning: unit requested for identifier -1

next move up2
warning: unit requested for identifier -1

next move up1

next move up2
warning: unit requested for identifier -1
warning: unit requested for identifier -1
warning: unit requested for identifier -1
warning: unit requested for identifier -1

next move up1
warning: unit requested for identifier -1

next move up2

next move up2

next move up2
warning: unit requested for identifier -1
warning: unit requested for identifier -1

next move up1

next move up2

next move up1

next move up2
warning: unit requested for identifier -1

next move up2
warning: unit requested for identifier -1
warning: unit requested for identifier -1
warning: unit requested for identifier -1
warning: unit requested for identifier -1
warning: unit requested for identifier -1

next move up1
warning: unit requested for identifier -1
warning: unit requested for identifier -1
warning: unit requested for identifier -1
warning: unit requested for identifier -1

next move up2

next move up1

next move up2
warning: unit requested for identifier -1

next move up2
warning: unit requested for identifier -1
warning: unit requested for identifier -1
warning: unit requested for identifier -1
warning: unit requested for identifier -1

next move up1
warning: unit requested for identifier -1
warning: unit requested for identifier -1
warning: unit requested for identifier -1

next move up2

next move up1
warning: unit requested for identifier -1
warning: unit requested for identifier -1
warning: unit requested for identifier -1

next move up1

Best move


Best move up

next move down

different unit spotted
different unit spotted
different unit spotted

Best move


next move down

different unit spotted
different unit spotted
different unit spotted
different unit spotted
different unit spotted
different unit spotted
different unit spotted
different unit spotted
different unit spotted
different unit spotted
different unit spotted
different unit spotted
different unit spotted
different unit spotted
different unit spotted
different unit spotted
different unit spotted
different unit spotted
different unit spotted
different unit spotted
different unit spotted
different unit spotted
different unit spotted

Best move


next move down

different unit spotted
different unit spotted
different unit spotted
different unit spotted
different unit spotted
different unit spotted
different unit spotted
different unit spotted
Hellhound spotted at dir: 1
dodge called with dir: 5

dodge
dodge1 dir: 5
order placed

next move down

different unit spotted
different unit spotted
different unit spotted
different unit spotted
different unit spotted
different unit spotted
different unit spotted
different unit spotted
different unit spotted
different unit spotted
different unit spotted
different unit spotted
different unit spotted
different unit spotted
different unit spotted
different unit spotted
different unit spotted
different unit spotted
different unit spotted

Best move


next move down

different unit spotted
different unit spotted
different unit spotted
different unit spotted
different unit spotted
different unit spotted
different unit spotted
different unit spotted
different unit spotted
different unit spotted
different unit spotted

Best move


next move down

different unit spotted
different unit spotted
different unit spotted
different unit spotted
different unit spotted
different unit spotted
different unit spotted
different unit spotted
different unit spotted
different unit spotted
different unit spotted
different unit spotted
different unit spotted
different unit spotted
different unit spotted
different unit spotted
different unit spotted
different unit spotted
different unit spotted
different unit spotted
different unit spotted
different unit spotted
different unit spotted
different unit spotted
different unit spotted
different unit spotted
different unit spotted
different unit spotted
different unit spotted
different unit spotted
different unit spotted
Hellhound spotted at dir: 1
dodge called with dir: 5

dodge
dodge1 dir: 5
order placed

next move down

different unit spotted
different unit spotted
different unit spotted
different unit spotted
different unit spotted
different unit spotted
different unit spotted
different unit spotted
different unit spotted
different unit spotted
different unit spotted
different unit spotted
different unit spotted
different unit spotted
different unit spotted
different unit spotted
different unit spotted
different unit spotted
different unit spotted
different unit spotted
different unit spotted
different unit spotted
different unit spotted

Best move


next move down

different unit spotted
different unit spotted
different unit spotted
different unit spotted
different unit spotted
Ally Pioneer spotted Enemy Furyan at dir: 6
dodge called with dir: 2

dodge
dodge1 dir: 2
order placed

next move down

different unit spotted
different unit spotted
different unit spotted
different unit spotted
different unit spotted
different unit spotted
different unit spotted
different unit spotted
different unit spotted
different unit spotted
different unit spotted
different unit spotted
different unit spotted
different unit spotted
different unit spotted
different unit spotted
different unit spotted
different unit spotted

Best move


next move down

different unit spotted
different unit spotted
different unit spotted
different unit spotted
different unit spotted
different unit spotted
different unit spotted
different unit spotted
different unit spotted
different unit spotted
different unit spotted

Best move


next move down

different unit spotted
different unit spotted
different unit spotted
different unit spotted
different unit spotted
different unit spotted
different unit spotted
different unit spotted
different unit spotted
different unit spotted
different unit spotted
different unit spotted
different unit spotted
different unit spotted
different unit spotted
different unit spotted
different unit spotted
different unit spotted
different unit spotted
different unit spotted
different unit spotted
different unit spotted
different unit spotted
different unit spotted
different unit spotted
different unit spotted
Hellhound spotted at dir: 1
dodge called with dir: 5

dodge
dodge1 dir: 5
order placed

next move down

different unit spotted
different unit spotted
different unit spotted
different unit spotted
different unit spotted
different unit spotted
different unit spotted
different unit spotted
different unit spotted
different unit spotted
different unit spotted
different unit spotted
different unit spotted
different unit spotted
different unit spotted
different unit spotted
different unit spotted
different unit spotted
different unit spotted
different unit spotted
different unit spotted

Best move


next move down

different unit spotted
different unit spotted
different unit spotted

Best move


next move down

different unit spotted
different unit spotted
different unit spotted
different unit spotted
different unit spotted
different unit spotted
different unit spotted
different unit spotted
different unit spotted
different unit spotted

Best move


next move down

different unit spotted
different unit spotted
different unit spotted
different unit spotted
different unit spotted
different unit spotted
different unit spotted
different unit spotted
different unit spotted
different unit spotted
different unit spotted
different unit spotted
different unit spotted
different unit spotted
different unit spotted
different unit spotted
different unit spotted
different unit spotted
different unit spotted
different unit spotted
different unit spotted
different unit spotted
different unit spotted
different unit spotted
different unit spotted
different unit spotted
different unit spotted
different unit spotted
different unit spotted
different unit spotted
different unit spotted
different unit spotted
different unit spotted
different unit spotted
different unit spotted

Best move


next move down

different unit spotted
different unit spotted
Ally Pioneer spotted Enemy Furyan at dir: 2
dodge called with dir: 6

dodge
dodge1 dir: 6
order placed

next move down

different unit spotted
different unit spotted
different unit spotted
different unit spotted
different unit spotted
different unit spotted
different unit spotted
different unit spotted
different unit spotted
different unit spotted
different unit spotted
different unit spotted
different unit spotted
different unit spotted
different unit spotted
Ally Pioneer spotted Enemy Furyan at dir: 5
dodge called with dir: 1

dodge
dodge1 dir: 4
order placed

next move down

different unit spotted
different unit spotted
different unit spotted
different unit spotted
different unit spotted
different unit spotted
different unit spotted
different unit spotted
different unit spotted
different unit spotted
different unit spotted
different unit spotted
different unit spotted
different unit spotted
different unit spotted
different unit spotted
different unit spotted
different unit spotted
different unit spotted
different unit spotted
different unit spotted
different unit spotted
different unit spotted
Hellhound spotted at dir: 1
dodge called with dir: 5

dodge
dodge1 dir: 5
order placed

next move down

different unit spotted
different unit spotted
different unit spotted
different unit spotted
different unit spotted
different unit spotted
different unit spotted
different unit spotted
different unit spotted
different unit spotted
different unit spotted
different unit spotted
different unit spotted
different unit spotted
different unit spotted
different unit spotted
Ally Pioneer spotted Enemy Furyan at dir: 5
dodge called with dir: 1

dodge
dodge1 dir: 4
order placed

next move down

different unit spotted
different unit spotted
different unit spotted
different unit spotted
different unit spotted
different unit spotted
different unit spotted
different unit spotted
Ally Pioneer spotted Enemy Furyan at dir: 5
dodge called with dir: 1

dodge
dodge1 dir: 0
order placed

next move down

different unit spotted
different unit spotted
different unit spotted
different unit spotted
different unit spotted
different unit spotted
different unit spotted
different unit spotted
different unit spotted
different unit spotted
different unit spotted
different unit spotted
different unit spotted
different unit spotted
different unit spotted
different unit spotted

Best move


next move down

different unit spotted

Best move


next move down

different unit spotted
different unit spotted

Best move


next move down

different unit spotted
different unit spotted
different unit spotted
different unit spotted
different unit spotted
different unit spotted
Ally Pioneer spotted Enemy Furyan at dir: 6
dodge called with dir: 2

dodge
dodge1 dir: 2
order placed

next move down

different unit spotted
different unit spotted
different unit spotted
different unit spotted
different unit spotted
different unit spotted
different unit spotted
different unit spotted
different unit spotted
different unit spotted
different unit spotted
different unit spotted
different unit spotted
different unit spotted
different unit spotted
different unit spotted
different unit spotted
Ally Pioneer spotted Enemy Furyan at dir: 3
dodge called with dir: 7

dodge
dodge1 dir: 7
order placed

next move down

different unit spotted
different unit spotted
different unit spotted
different unit spotted
different unit spotted
different unit spotted
different unit spotted
different unit spotted
different unit spotted
different unit spotted
different unit spotted
different unit spotted
different unit spotted
Ally Pioneer spotted Enemy Furyan at dir: 5
dodge called with dir: 1

dodge
dodge1 dir: 0
order placed

next move down

different unit spotted
different unit spotted
different unit spotted
different unit spotted

Best move


next move up

next move up1

next move up2
warning: unit requested for identifier -1

next move up2
warning: unit requested for identifier -1

next move up2
warning: unit requested for identifier -1

next move up2
warning: unit requested for identifier -1
warning: unit requested for identifier -1
warning: unit requested for identifier -1
warning: unit requested for identifier -1
warning: unit requested for identifier -1

next move up1

next move up2
warning: unit requested for identifier -1

next move up2
warning: unit requested for identifier -1

next move up2
warning: unit requested for identifier -1
warning: unit requested for identifier -1
warning: unit requested for identifier -1
warning: unit requested for identifier -1

next move up2
warning: unit requested for identifier -1
warning: unit requested for identifier -1

next move up1
warning: unit requested for identifier -1
warning: unit requested for identifier -1
warning: unit requested for identifier -1
warning: unit requested for identifier -1

next move up2
warning: unit requested for identifier -1
warning: unit requested for identifier -1
warning: unit requested for identifier -1
warning: unit requested for identifier -1

next move up1

next move up2
warning: unit requested for identifier -1
warning: unit requested for identifier -1
warning: unit requested for identifier -1

next move up2
warning: unit requested for identifier -1

next move up2
warning: unit requested for identifier -1

next move up2
warning: unit requested for identifier -1
warning: unit requested for identifier -1

next move up1
warning: unit requested for identifier -1
warning: unit requested for identifier -1

next move up2
warning: unit requested for identifier -1
warning: unit requested for identifier -1
warning: unit requested for identifier -1
warning: unit requested for identifier -1
warning: unit requested for identifier -1

next move up2
warning: unit requested for identifier -1

next move up1

next move up2

next move up2
warning: unit requested for identifier -1
warning: unit requested for identifier -1
warning: unit requested for identifier -1
warning: unit requested for identifier -1

next move up2

next move up1

next move up2
warning: unit requested for identifier -1
warning: unit requested for identifier -1
warning: unit requested for identifier -1
warning: unit requested for identifier -1
warning: unit requested for identifier -1
warning: unit requested for identifier -1
warning: unit requested for identifier -1

next move up1

next move up2
warning: unit requested for identifier -1

next move up2
warning: unit requested for identifier -1
warning: unit requested for identifier -1

next move up1
warning: unit requested for identifier -1
warning: unit requested for identifier -1

next move up2
warning: unit requested for identifier -1

next move up1

next move up2
warning: unit requested for identifier -1
warning: unit requested for identifier -1
warning: unit requested for identifier -1
warning: unit requested for identifier -1

next move up1
warning: unit requested for identifier -1

next move up2

next move up2

next move up2
warning: unit requested for identifier -1
warning: unit requested for identifier -1

next move up1
warning: unit requested for identifier -1

next move up2

next move up2

next move up2

next move up2

next move up1
warning: unit requested for identifier -1

next move up2
warning: unit requested for identifier -1
warning: unit requested for identifier -1
warning: unit requested for identifier -1
warning: unit requested for identifier -1

next move up1
warning: unit requested for identifier -1
warning: unit requested for identifier -1
warning: unit requested for identifier -1
warning: unit requested for identifier -1
warning: unit requested for identifier -1
warning: unit requested for identifier -1

next move up1
warning: unit requested for identifier -1

next move up2
warning: unit requested for identifier -1

next move up2
warning: unit requested for identifier -1
warning: unit requested for identifier -1
warning: unit requested for identifier -1

next move up1
warning: unit requested for identifier -1

next move up2

next move up2
warning: unit requested for identifier -1

next move up2

next move up1

Best move


Best move up

next move down

different unit spotted
different unit spotted
different unit spotted
different unit spotted
different unit spotted
different unit spotted
different unit spotted
different unit spotted
different unit spotted
different unit spotted
different unit spotted
different unit spotted
different unit spotted
different unit spotted
different unit spotted

Best move


next move down

different unit spotted
different unit spotted
different unit spotted
different unit spotted
different unit spotted
Ally Pioneer spotted Enemy Furyan at dir: 5
dodge called with dir: 1

dodge
dodge1 dir: 4
order placed

next move down

different unit spotted
different unit spotted
different unit spotted
different unit spotted
different unit spotted
different unit spotted
different unit spotted
different unit spotted
different unit spotted
different unit spotted
different unit spotted
different unit spotted
different unit spotted
different unit spotted
different unit spotted
different unit spotted
different unit spotted
different unit spotted
different unit spotted
different unit spotted
different unit spotted
different unit spotted
Ally Pioneer spotted Enemy Furyan at dir: 3
dodge called with dir: 7

dodge
dodge1 dir: 7
order placed

next move down

different unit spotted
different unit spotted
different unit spotted
different unit spotted
different unit spotted
different unit spotted
different unit spotted
different unit spotted
different unit spotted
different unit spotted
different unit spotted
different unit spotted
different unit spotted
different unit spotted
different unit spotted
different unit spotted
different unit spotted
different unit spotted
different unit spotted
different unit spotted
different unit spotted
different unit spotted
different unit spotted
different unit spotted
different unit spotted
different unit spotted
different unit spotted
different unit spotted
different unit spotted
different unit spotted
different unit spotted
different unit spotted
different unit spotted
Ally Furian spotted Enemy unit at dir: 1
dodge called with dir: 1

dodge
dodge1 dir: 1

next move down

different unit spotted
different unit spotted
different unit spotted
different unit spotted
different unit spotted
different unit spotted
different unit spotted
different unit spotted
different unit spotted
different unit spotted
different unit spotted
different unit spotted
different unit spotted
different unit spotted
different unit spotted
Ally Furian spotted Enemy unit at dir: 5
dodge called with dir: 5

dodge
different unit spotted
different unit spotted
different unit spotted
different unit spotted
Ally Furian spotted Enemy unit at dir: 4
dodge called with dir: 4

dodge
different unit spotted
different unit spotted
different unit spotted
different unit spotted
Ally Furian spotted Enemy unit at dir: 3
dodge called with dir: 3

dodge
dodge1 dir: 5
different unit spotted
Ally Furian spotted Enemy unit at dir: 2
dodge called with dir: 2

dodge
dodge1 dir: 5
different unit spotted
Ally Furian spotted Enemy unit at dir: 0
dodge called with dir: 0

dodge
dodge1 dir: 5
different unit spotted
different unit spotted
different unit spotted
different unit spotted
Ally Furian spotted Enemy unit at dir: 0
dodge called with dir: 0

dodge

next move down

different unit spotted
different unit spotted
different unit spotted
different unit spotted
different unit spotted
different unit spotted
different unit spotted
Ally Furian spotted Enemy unit at dir: 5
dodge called with dir: 5

dodge
dodge1 dir: 0
different unit spotted
different unit spotted
different unit spotted
Ally Furian spotted Enemy unit at dir: 1
dodge called with dir: 1

dodge
dodge1 dir: 0

next move down

different unit spotted
different unit spotted
different unit spotted
different unit spotted
different unit spotted
different unit spotted
different unit spotted
different unit spotted
different unit spotted
Ally Furian spotted Enemy unit at dir: 1
dodge called with dir: 1

dodge
dodge1 dir: 5
different unit spotted
different unit spotted
different unit spotted
different unit spotted
Ally Furian spotted Enemy unit at dir: 2
dodge called with dir: 2

dodge
dodge1 dir: 6
different unit spotted
different unit spotted
Ally Furian spotted Enemy unit at dir: 3
dodge called with dir: 3

dodge
dodge1 dir: 6
different unit spotted
different unit spotted
Ally Furian spotted Enemy unit at dir: 0
dodge called with dir: 0

dodge
dodge1 dir: 4
different unit spotted
Ally Furian spotted Enemy unit at dir: 4
dodge called with dir: 4

dodge
dodge1 dir: 0
different unit spotted
Ally Furian spotted Enemy unit at dir: 7
dodge called with dir: 7

dodge
dodge1 dir: 3
different unit spotted
Ally Furian spotted Enemy unit at dir: 5
dodge called with dir: 5

dodge
dodge1 dir: 0
different unit spotted
Ally Furian spotted Enemy unit at dir: 6
dodge called with dir: 6

dodge
dodge1 dir: 6

next move down

different unit spotted
Ally Furian spotted Enemy unit at dir: 6
dodge called with dir: 6

dodge
dodge1 dir: 2
different unit spotted
different unit spotted
different unit spotted
different unit spotted
Ally Furian spotted Enemy unit at dir: 7
dodge called with dir: 7

dodge
dodge1 dir: 2
different unit spotted
different unit spotted
Ally Furian spotted Enemy unit at dir: 4
dodge called with dir: 4

dodge
dodge1 dir: 2
different unit spotted
different unit spotted
Ally Furian spotted Enemy unit at dir: 2
dodge called with dir: 2

dodge
dodge1 dir: 7
different unit spotted
Ally Furian spotted Enemy unit at dir: 1
dodge called with dir: 1

dodge
dodge1 dir: 4
different unit spotted
Ally Furian spotted Enemy unit at dir: 3
dodge called with dir: 3

dodge
dodge1 dir: 7
different unit spotted
different unit spotted
different unit spotted
Ally Furian spotted Enemy unit at dir: 3
dodge called with dir: 3

dodge
dodge1 dir: 7
different unit spotted
Ally Furian spotted Enemy unit at dir: 2
dodge called with dir: 2

dodge
dodge1 dir: 7
different unit spotted
Ally Furian spotted Enemy unit at dir: 1
dodge called with dir: 1

dodge
dodge1 dir: 4
different unit spotted
Ally Furian spotted Enemy unit at dir: 3
dodge called with dir: 3

dodge
dodge1 dir: 2

next move down

different unit spotted
different unit spotted
different unit spotted
different unit spotted
different unit spotted
different unit spotted
different unit spotted
different unit spotted
different unit spotted
Ally Furian spotted Enemy unit at dir: 1
dodge called with dir: 1

dodge
dodge1 dir: 1
dodge or chase commanded dir: 5

dodge or chase commanded dir: 5

dodge or chase commanded dir: 7

dodge or chase commanded dir: 4

warning: action already requested for unit 44
dodge or chase commanded dir: 7

warning: action already requested for unit 44
dodge or chase commanded dir: 2

warning: action already requested for unit 44
dodge or chase commanded dir: 2

warning: action already requested for unit 44
dodge or chase commanded dir: 2

warning: action already requested for unit 44
dodge or chase commanded dir: 5

dodge or chase commanded dir: 5

dodge or chase commanded dir: 0

dodge or chase commanded dir: 7

dodge or chase commanded dir: 2

dodge or chase commanded dir: 2

dodge or chase commanded dir: 0

dodge or chase commanded dir: 6

dodge or chase commanded dir: 4

dodge or chase commanded dir: 4

dodge or chase commanded dir: 4

dodge or chase commanded dir: 7

best move (not dodge) commanded

best move (not dodge) commanded

warning: action already requested for unit 44
best move (not dodge) commanded

best move (not dodge) commanded

warning: action already requested for unit 42
best move (not dodge) commanded

best move (not dodge) commanded

warning: action already requested for unit 42
best move (not dodge) commanded

best move (not dodge) commanded

warning: action already requested for unit 2
best move (not dodge) commanded

warning: action already requested for unit 2
best move (not dodge) commanded

warning: action already requested for unit 42
best move (not dodge) commanded

warning: action already requested for unit 2
best move (not dodge) commanded

warning: action already requested for unit 2
best move (not dodge) commanded

best move (not dodge) commanded

warning: action already requested for unit 42
best move (not dodge) commanded

best move (not dodge) commanded

best move (not dodge) commanded

best move (not dodge) commanded

best move (not dodge) commanded

best move (not dodge) commanded

best move (not dodge) commanded

warning: action already requested for unit 42
best move (not dodge) commanded

best move (not dodge) commanded

best move (not dodge) commanded

best move (not dodge) commanded

warning: action already requested for unit 42
best move (not dodge) commanded

best move (not dodge) commanded

warning: action already requested for unit 3
best move (not dodge) commanded

best move (not dodge) commanded

warning: action already requested for unit 2
best move (not dodge) commanded

best move (not dodge) commanded

best move (not dodge) commanded

warning: action already requested for unit 44
best move (not dodge) commanded

best move (not dodge) commanded

warning: action already requested for unit 44
best move (not dodge) commanded

best move (not dodge) commanded

best move (not dodge) commanded

best move (not dodge) commanded

best move (not dodge) commanded

warning: action already requested for unit 44
best move (not dodge) commanded

best move (not dodge) commanded

best move (not dodge) commanded

warning: action already requested for unit 42
best move (not dodge) commanded

info:     end player 0
info:     start player 1
info:     end player 1
info:     start player 2
info:     end player 2
info:     start player 3
info:     end player 3
info: end round 118
info: start round 119
info:     start player 0

next move down

different unit spotted
different unit spotted
different unit spotted
different unit spotted
different unit spotted
different unit spotted
different unit spotted
different unit spotted
different unit spotted
different unit spotted
different unit spotted
different unit spotted
different unit spotted
different unit spotted

Best move


get sun distance

get sun distance

get sun distance

get sun distance

get sun distance

get sun distance

get sun distance

get sun distance

next move up

next move up1

next move up2
warning: unit requested for identifier -1

next move up2
warning: unit requested for identifier -1

next move up2
warning: unit requested for identifier -1

next move up2
warning: unit requested for identifier -1
warning: unit requested for identifier -1
warning: unit requested for identifier -1
warning: unit requested for identifier -1
warning: unit requested for identifier -1

next move up1
warning: unit requested for identifier -1

next move up2
warning: unit requested for identifier -1

next move up2
warning: unit requested for identifier -1

next move up2
warning: unit requested for identifier -1
warning: unit requested for identifier -1
warning: unit requested for identifier -1
warning: unit requested for identifier -1
warning: unit requested for identifier -1

next move up1

next move up2
warning: unit requested for identifier -1

next move up2
warning: unit requested for identifier -1
warning: unit requested for identifier -1
warning: unit requested for identifier -1
warning: unit requested for identifier -1
warning: unit requested for identifier -1
warning: unit requested for identifier -1

next move up1

next move up2
warning: unit requested for identifier -1
warning: unit requested for identifier -1

next move up2
warning: unit requested for identifier -1
warning: unit requested for identifier -1

next move up2
warning: unit requested for identifier -1
warning: unit requested for identifier -1

next move up2
warning: unit requested for identifier -1

next move up2
warning: unit requested for identifier -1

next move up1

next move up2
warning: unit requested for identifier -1
warning: unit requested for identifier -1
warning: unit requested for identifier -1

next move up2
warning: unit requested for identifier -1
warning: unit requested for identifier -1

next move up2
warning: unit requested for identifier -1
warning: unit requested for identifier -1

next move up1
warning: unit requested for identifier -1

next move up2
warning: unit requested for identifier -1
warning: unit requested for identifier -1
warning: unit requested for identifier -1
warning: unit requested for identifier -1
warning: unit requested for identifier -1

next move up1
warning: unit requested for identifier -1
warning: unit requested for identifier -1
warning: unit requested for identifier -1
warning: unit requested for identifier -1
warning: unit requested for identifier -1
warning: unit requested for identifier -1

next move up2
warning: unit requested for identifier -1

next move up1

next move up2

next move up2
warning: unit requested for identifier -1
warning: unit requested for identifier -1
warning: unit requested for identifier -1
warning: unit requested for identifier -1

next move up1
warning: unit requested for identifier -1

next move up2

next move up2
warning: unit requested for identifier -1
warning: unit requested for identifier -1

next move up1

next move up2
warning: unit requested for identifier -1
warning: unit requested for identifier -1
warning: unit requested for identifier -1

next move up1

next move up2

next move up2
warning: unit requested for identifier -1

next move up2

next move up2

next move up1

next move up2
warning: unit requested for identifier -1

next move up2
warning: unit requested for identifier -1

next move up2
warning: unit requested for identifier -1

next move up1
warning: unit requested for identifier -1
warning: unit requested for identifier -1
warning: unit requested for identifier -1
warning: unit requested for identifier -1
warning: unit requested for identifier -1

next move up1
warning: unit requested for identifier -1
warning: unit requested for identifier -1
warning: unit requested for identifier -1

next move up2
warning: unit requested for identifier -1

next move up1
warning: unit requested for identifier -1
warning: unit requested for identifier -1

next move up2
warning: unit requested for identifier -1
warning: unit requested for identifier -1
warning: unit requested for identifier -1
warning: unit requested for identifier -1

next move up1
warning: unit requested for identifier -1
warning: unit requested for identifier -1
warning: unit requested for identifier -1
warning: unit requested for identifier -1
warning: unit requested for identifier -1

next move up1

next move up2
warning: unit requested for identifier -1
warning: unit requested for identifier -1

next move up2

next move up2
warning: unit requested for identifier -1

next move up1

next move up2

next move up2
warning: unit requested for identifier -1
warning: unit requested for identifier -1

next move up1

Best move


Best move up

next move down

different unit spotted
different unit spotted
different unit spotted
different unit spotted
different unit spotted
different unit spotted
different unit spotted
different unit spotted
different unit spotted
different unit spotted
different unit spotted
different unit spotted
different unit spotted
different unit spotted
different unit spotted
Ally Pioneer spotted Enemy Furyan at dir: 2
dodge called with dir: 6

dodge
dodge1 dir: 6
order placed

next move up

next move up1

next move up2
warning: unit requested for identifier -1

next move up2
warning: unit requested for identifier -1

next move up2
warning: unit requested for identifier -1
warning: unit requested for identifier -1

next move up2
warning: unit requested for identifier -1

next move up2
warning: unit requested for identifier -1
warning: unit requested for identifier -1

next move up2
warning: unit requested for identifier -1

next move up1
warning: unit requested for identifier -1
warning: unit requested for identifier -1

next move up2
warning: unit requested for identifier -1
warning: unit requested for identifier -1
warning: unit requested for identifier -1

next move up2
warning: unit requested for identifier -1
warning: unit requested for identifier -1

next move up2
warning: unit requested for identifier -1

next move up1

next move up2
warning: unit requested for identifier -1
warning: unit requested for identifier -1

next move up2
warning: unit requested for identifier -1

next move up2
warning: unit requested for identifier -1
warning: unit requested for identifier -1

next move up2
warning: unit requested for identifier -1

next move up1
warning: unit requested for identifier -1
warning: unit requested for identifier -1

next move up2
warning: unit requested for identifier -1
warning: unit requested for identifier -1
warning: unit requested for identifier -1
warning: unit requested for identifier -1
warning: unit requested for identifier -1
warning: unit requested for identifier -1

next move up1
warning: unit requested for identifier -1

next move up2
warning: unit requested for identifier -1
warning: unit requested for identifier -1
warning: unit requested for identifier -1
warning: unit requested for identifier -1
warning: unit requested for identifier -1
warning: unit requested for identifier -1
warning: unit requested for identifier -1

next move up1

next move up2
warning: unit requested for identifier -1

next move up2
warning: unit requested for identifier -1
warning: unit requested for identifier -1

next move up2
warning: unit requested for identifier -1
warning: unit requested for identifier -1
warning: unit requested for identifier -1
warning: unit requested for identifier -1

next move up1

next move up2
warning: unit requested for identifier -1
warning: unit requested for identifier -1

next move up2
warning: unit requested for identifier -1

next move up2
warning: unit requested for identifier -1
warning: unit requested for identifier -1
warning: unit requested for identifier -1
warning: unit requested for identifier -1

next move up1

next move up2

next move up2

next move up2

next move up1
warning: unit requested for identifier -1
warning: unit requested for identifier -1
warning: unit requested for identifier -1
warning: unit requested for identifier -1

next move up1
warning: unit requested for identifier -1

next move up2
warning: unit requested for identifier -1
warning: unit requested for identifier -1
warning: unit requested for identifier -1
warning: unit requested for identifier -1

next move up1

next move up2

next move up2
warning: unit requested for identifier -1

next move up2
warning: unit requested for identifier -1
warning: unit requested for identifier -1

next move up1
warning: unit requested for identifier -1

next move up2

next move up2
warning: unit requested for identifier -1
warning: unit requested for identifier -1

next move up1

next move up2
warning: unit requested for identifier -1
warning: unit requested for identifier -1
warning: unit requested for identifier -1

next move up2
warning: unit requested for identifier -1
warning: unit requested for identifier -1

next move up1
warning: unit requested for identifier -1
warning: unit requested for identifier -1
warning: unit requested for identifier -1
warning: unit requested for identifier -1
warning: unit requested for identifier -1
warning: unit requested for identifier -1
warning: unit requested for identifier -1

next move up1
warning: unit requested for identifier -1
warning: unit requested for identifier -1

next move up2
warning: unit requested for identifier -1
warning: unit requested for identifier -1

next move up1

next move up2
warning: unit requested for identifier -1
warning: unit requested for identifier -1

next move up2
warning: unit requested for identifier -1

next move up2

next move up1
warning: unit requested for identifier -1

next move up2
warning: unit requested for identifier -1
warning: unit requested for identifier -1

next move up2
warning: unit requested for identifier -1

next move up1
warning: unit requested for identifier -1

next move up2

next move up2

next move up1
warning: unit requested for identifier -1
warning: unit requested for identifier -1
warning: unit requested for identifier -1
warning: unit requested for identifier -1
warning: unit requested for identifier -1

next move up2

next move up1
warning: unit requested for identifier -1

next move up2

next move up2

next move up2

next move up1
warning: unit requested for identifier -1
warning: unit requested for identifier -1
warning: unit requested for identifier -1
warning: unit requested for identifier -1

next move up1
warning: unit requested for identifier -1
warning: unit requested for identifier -1
warning: unit requested for identifier -1
warning: unit requested for identifier -1
warning: unit requested for identifier -1

next move up1

Best move


Best move up

next move down

different unit spotted
different unit spotted
different unit spotted
different unit spotted
different unit spotted
different unit spotted
different unit spotted
different unit spotted

Best move


next move down

different unit spotted
different unit spotted
different unit spotted
different unit spotted
different unit spotted
different unit spotted
different unit spotted
different unit spotted
different unit spotted
different unit spotted
different unit spotted
different unit spotted
different unit spotted
different unit spotted
different unit spotted
different unit spotted
different unit spotted
different unit spotted
different unit spotted
different unit spotted
different unit spotted
different unit spotted
different unit spotted
different unit spotted
different unit spotted
different unit spotted
different unit spotted
different unit spotted
different unit spotted
different unit spotted
different unit spotted
different unit spotted
different unit spotted
different unit spotted
different unit spotted

Best move


next move down

different unit spotted
different unit spotted
different unit spotted
different unit spotted
different unit spotted
different unit spotted
different unit spotted
different unit spotted
Hellhound spotted at dir: 1
dodge called with dir: 5

dodge
dodge1 dir: 5
order placed

next move down

different unit spotted
different unit spotted
different unit spotted
different unit spotted
different unit spotted
different unit spotted
different unit spotted
different unit spotted
different unit spotted
different unit spotted
different unit spotted
different unit spotted
different unit spotted
different unit spotted

Best move


next move down

different unit spotted
different unit spotted
different unit spotted
different unit spotted
different unit spotted
different unit spotted
different unit spotted
different unit spotted
different unit spotted
different unit spotted

Best move


next move down

different unit spotted
different unit spotted
different unit spotted
different unit spotted
different unit spotted
different unit spotted
different unit spotted
different unit spotted
different unit spotted
different unit spotted
different unit spotted
different unit spotted
different unit spotted
different unit spotted
different unit spotted
different unit spotted
different unit spotted
different unit spotted
different unit spotted
different unit spotted
different unit spotted
different unit spotted
different unit spotted
different unit spotted
different unit spotted
different unit spotted
different unit spotted
different unit spotted
different unit spotted
different unit spotted
different unit spotted
different unit spotted
different unit spotted
Hellhound spotted at dir: 1
dodge called with dir: 5

dodge
dodge1 dir: 5
order placed

next move down

different unit spotted
different unit spotted
different unit spotted
different unit spotted
different unit spotted
different unit spotted
different unit spotted
different unit spotted
different unit spotted
different unit spotted
different unit spotted
different unit spotted
different unit spotted
different unit spotted
different unit spotted
different unit spotted
different unit spotted
different unit spotted
different unit spotted
different unit spotted
different unit spotted
different unit spotted

Best move


next move down

different unit spotted
different unit spotted
different unit spotted
different unit spotted
different unit spotted
Ally Pioneer spotted Enemy Furyan at dir: 6
dodge called with dir: 2

dodge
dodge1 dir: 2
order placed

next move down

different unit spotted
different unit spotted
different unit spotted
different unit spotted
different unit spotted
different unit spotted
different unit spotted
different unit spotted
different unit spotted
different unit spotted
different unit spotted
different unit spotted
different unit spotted
different unit spotted
different unit spotted
different unit spotted

Best move


next move down

different unit spotted
different unit spotted
different unit spotted
different unit spotted
different unit spotted
different unit spotted
different unit spotted
different unit spotted
different unit spotted
different unit spotted

Best move


next move down

different unit spotted
different unit spotted
different unit spotted
different unit spotted
different unit spotted
different unit spotted
different unit spotted
different unit spotted
different unit spotted
different unit spotted
different unit spotted
different unit spotted
different unit spotted
different unit spotted
different unit spotted
different unit spotted
different unit spotted
different unit spotted
different unit spotted
different unit spotted
different unit spotted
different unit spotted
different unit spotted
different unit spotted
different unit spotted
different unit spotted
Hellhound spotted at dir: 1
dodge called with dir: 5

dodge
dodge1 dir: 5
order placed

next move down

different unit spotted
different unit spotted
different unit spotted
different unit spotted
different unit spotted
different unit spotted
different unit spotted
different unit spotted
different unit spotted
different unit spotted
different unit spotted
different unit spotted
different unit spotted
different unit spotted
different unit spotted
different unit spotted
different unit spotted
different unit spotted
different unit spotted
different unit spotted

Best move


next move down

different unit spotted
different unit spotted

Best move


next move down

different unit spotted
different unit spotted
different unit spotted
different unit spotted
different unit spotted
different unit spotted
different unit spotted
different unit spotted
different unit spotted
different unit spotted
different unit spotted
different unit spotted

Best move


next move down

different unit spotted
different unit spotted
different unit spotted
different unit spotted
different unit spotted
different unit spotted
different unit spotted
different unit spotted
different unit spotted
different unit spotted
different unit spotted
different unit spotted
different unit spotted
different unit spotted
different unit spotted
different unit spotted
different unit spotted
different unit spotted
different unit spotted
Ally Pioneer spotted Enemy Furyan at dir: 3
dodge called with dir: 7

dodge
dodge1 dir: 7
order placed

next move down

different unit spotted
different unit spotted
different unit spotted
different unit spotted
different unit spotted
different unit spotted
different unit spotted
Ally Pioneer spotted Enemy Furyan at dir: 3
dodge called with dir: 7

dodge
dodge1 dir: 6
order placed

next move down

different unit spotted
different unit spotted
different unit spotted
different unit spotted
different unit spotted
different unit spotted
different unit spotted
different unit spotted
different unit spotted
different unit spotted
different unit spotted
different unit spotted
different unit spotted
different unit spotted
different unit spotted
Ally Pioneer spotted Enemy Furyan at dir: 5
dodge called with dir: 1

dodge
dodge1 dir: 0
order placed

next move down

different unit spotted
different unit spotted
different unit spotted
different unit spotted
different unit spotted
different unit spotted
different unit spotted
different unit spotted
different unit spotted
different unit spotted
different unit spotted
different unit spotted
different unit spotted
different unit spotted
different unit spotted
different unit spotted
different unit spotted
different unit spotted
different unit spotted
different unit spotted
different unit spotted
different unit spotted
different unit spotted
Hellhound spotted at dir: 1
dodge called with dir: 5

dodge
dodge1 dir: 4
order placed

next move down

different unit spotted
different unit spotted
different unit spotted
different unit spotted
different unit spotted
different unit spotted
different unit spotted
different unit spotted
different unit spotted
different unit spotted
different unit spotted
different unit spotted
different unit spotted
different unit spotted
different unit spotted
Ally Pioneer spotted Enemy Furyan at dir: 5
dodge called with dir: 1

dodge
dodge1 dir: 0
order placed

next move down

different unit spotted
different unit spotted
different unit spotted
different unit spotted
different unit spotted
different unit spotted
different unit spotted
different unit spotted
different unit spotted
different unit spotted
different unit spotted
different unit spotted
different unit spotted
different unit spotted
Ally Pioneer spotted Enemy Furyan at dir: 5
dodge called with dir: 1

dodge
dodge1 dir: 2
order placed

next move down

different unit spotted
different unit spotted
different unit spotted
different unit spotted
different unit spotted
different unit spotted
different unit spotted
different unit spotted
different unit spotted
different unit spotted
different unit spotted
different unit spotted
different unit spotted
different unit spotted
different unit spotted
different unit spotted
different unit spotted

Best move


next move down

different unit spotted
different unit spotted
different unit spotted
different unit spotted
different unit spotted
different unit spotted
different unit spotted
different unit spotted
different unit spotted
different unit spotted
different unit spotted
different unit spotted
different unit spotted
different unit spotted
different unit spotted
different unit spotted
different unit spotted
different unit spotted
different unit spotted
different unit spotted

Best move


next move down

different unit spotted
different unit spotted
different unit spotted
different unit spotted

Best move


next move down

different unit spotted
different unit spotted
different unit spotted
different unit spotted
different unit spotted
Hellhound spotted at dir: 3
dodge called with dir: 7

dodge
dodge1 dir: 6
order placed

next move down

different unit spotted
different unit spotted
different unit spotted
different unit spotted
different unit spotted
different unit spotted
different unit spotted
different unit spotted
different unit spotted
different unit spotted
different unit spotted
different unit spotted
different unit spotted
different unit spotted
different unit spotted
different unit spotted
different unit spotted
Ally Pioneer spotted Enemy Furyan at dir: 3
dodge called with dir: 7

dodge
dodge1 dir: 7
order placed

next move down

different unit spotted
different unit spotted
different unit spotted
different unit spotted
different unit spotted
different unit spotted
different unit spotted
different unit spotted
different unit spotted
different unit spotted
different unit spotted
different unit spotted
Ally Pioneer spotted Enemy Furyan at dir: 5
dodge called with dir: 1

dodge
dodge1 dir: 0
order placed

next move down

different unit spotted
different unit spotted

Best move


next move up

next move up1

next move up2
warning: unit requested for identifier -1

next move up2
warning: unit requested for identifier -1

next move up2
warning: unit requested for identifier -1

next move up2
warning: unit requested for identifier -1

next move up2
warning: unit requested for identifier -1
warning: unit requested for identifier -1
warning: unit requested for identifier -1
warning: unit requested for identifier -1

next move up1
warning: unit requested for identifier -1

next move up2
warning: unit requested for identifier -1
warning: unit requested for identifier -1

next move up2
warning: unit requested for identifier -1

next move up2
warning: unit requested for identifier -1

next move up2
warning: unit requested for identifier -1
warning: unit requested for identifier -1

next move up1

next move up2
warning: unit requested for identifier -1
warning: unit requested for identifier -1
warning: unit requested for identifier -1
warning: unit requested for identifier -1

next move up2
warning: unit requested for identifier -1
warning: unit requested for identifier -1

next move up2
warning: unit requested for identifier -1

next move up1

next move up2
warning: unit requested for identifier -1
warning: unit requested for identifier -1

next move up2
warning: unit requested for identifier -1
warning: unit requested for identifier -1
warning: unit requested for identifier -1

next move up2
warning: unit requested for identifier -1
warning: unit requested for identifier -1

next move up1

next move up2
warning: unit requested for identifier -1
warning: unit requested for identifier -1
warning: unit requested for identifier -1
warning: unit requested for identifier -1
warning: unit requested for identifier -1
warning: unit requested for identifier -1

next move up2
warning: unit requested for identifier -1
warning: unit requested for identifier -1

next move up1
warning: unit requested for identifier -1
warning: unit requested for identifier -1
warning: unit requested for identifier -1
warning: unit requested for identifier -1
warning: unit requested for identifier -1
warning: unit requested for identifier -1
warning: unit requested for identifier -1
warning: unit requested for identifier -1

next move up1

next move up2

next move up2
warning: unit requested for identifier -1
warning: unit requested for identifier -1
warning: unit requested for identifier -1

next move up2

next move up2
warning: unit requested for identifier -1

next move up1
warning: unit requested for identifier -1
warning: unit requested for identifier -1
warning: unit requested for identifier -1
warning: unit requested for identifier -1
warning: unit requested for identifier -1
warning: unit requested for identifier -1
warning: unit requested for identifier -1

next move up1

next move up2

next move up2
warning: unit requested for identifier -1
warning: unit requested for identifier -1
warning: unit requested for identifier -1
warning: unit requested for identifier -1
warning: unit requested for identifier -1

next move up2

next move up1
warning: unit requested for identifier -1
warning: unit requested for identifier -1

next move up2
warning: unit requested for identifier -1

next move up1

next move up2

next move up2
warning: unit requested for identifier -1

next move up2

next move up2
warning: unit requested for identifier -1

next move up1
warning: unit requested for identifier -1

next move up2
warning: unit requested for identifier -1
warning: unit requested for identifier -1

next move up2

next move up2

next move up1
warning: unit requested for identifier -1
warning: unit requested for identifier -1
warning: unit requested for identifier -1
warning: unit requested for identifier -1

next move up1
warning: unit requested for identifier -1
warning: unit requested for identifier -1

next move up2
warning: unit requested for identifier -1

next move up2
warning: unit requested for identifier -1

next move up1
warning: unit requested for identifier -1

next move up2
warning: unit requested for identifier -1

next move up2
warning: unit requested for identifier -1

next move up1

next move up2
warning: unit requested for identifier -1

next move up2
warning: unit requested for identifier -1

next move up2
warning: unit requested for identifier -1

next move up1
warning: unit requested for identifier -1
warning: unit requested for identifier -1
warning: unit requested for identifier -1

next move up2

next move up2

next move up1
warning: unit requested for identifier -1
warning: unit requested for identifier -1
warning: unit requested for identifier -1
warning: unit requested for identifier -1
warning: unit requested for identifier -1
warning: unit requested for identifier -1

next move up1

Best move


Best move up

next move down

different unit spotted
different unit spotted
different unit spotted
different unit spotted
different unit spotted

Best move


next move down

different unit spotted
different unit spotted
different unit spotted
different unit spotted
different unit spotted
different unit spotted
Ally Pioneer spotted Enemy Furyan at dir: 5
dodge called with dir: 1

dodge
dodge1 dir: 0
order placed

next move down

different unit spotted
different unit spotted
different unit spotted
different unit spotted
different unit spotted
different unit spotted
different unit spotted
different unit spotted
different unit spotted
different unit spotted
different unit spotted
different unit spotted
different unit spotted
different unit spotted
different unit spotted
different unit spotted
different unit spotted
different unit spotted
different unit spotted
different unit spotted
different unit spotted
different unit spotted
different unit spotted
different unit spotted
different unit spotted
different unit spotted
different unit spotted
different unit spotted
different unit spotted
Ally Pioneer spotted Enemy Furyan at dir: 3
dodge called with dir: 7

dodge
dodge1 dir: 7
order placed

next move down

different unit spotted
different unit spotted
different unit spotted
different unit spotted
different unit spotted
different unit spotted
different unit spotted
different unit spotted
different unit spotted
different unit spotted
different unit spotted
different unit spotted
different unit spotted
different unit spotted
different unit spotted
different unit spotted
different unit spotted
different unit spotted
different unit spotted
different unit spotted
Ally Furian spotted Enemy unit at dir: 2
dodge called with dir: 2

dodge
dodge1 dir: 2

next move down

different unit spotted
different unit spotted
different unit spotted
different unit spotted
different unit spotted
different unit spotted
different unit spotted
different unit spotted
different unit spotted
different unit spotted
different unit spotted
different unit spotted
different unit spotted
different unit spotted
different unit spotted
different unit spotted
different unit spotted
Ally Furian spotted Enemy unit at dir: 5
dodge called with dir: 5

dodge
different unit spotted
different unit spotted
different unit spotted
different unit spotted
Ally Furian spotted Enemy unit at dir: 4
dodge called with dir: 4

dodge
different unit spotted
different unit spotted
different unit spotted
Ally Furian spotted Enemy unit at dir: 3
dodge called with dir: 3

dodge
dodge1 dir: 6
different unit spotted
Ally Furian spotted Enemy unit at dir: 2
dodge called with dir: 2

dodge
dodge1 dir: 6
different unit spotted
Ally Furian spotted Enemy unit at dir: 0
dodge called with dir: 0

dodge
dodge1 dir: 6
different unit spotted
different unit spotted
different unit spotted
different unit spotted
Ally Furian spotted Enemy unit at dir: 0
dodge called with dir: 0

dodge

next move down

different unit spotted
different unit spotted
different unit spotted
different unit spotted
different unit spotted
different unit spotted
different unit spotted
Ally Furian spotted Enemy unit at dir: 4
dodge called with dir: 4

dodge
dodge1 dir: 0
different unit spotted
different unit spotted
different unit spotted
Ally Furian spotted Enemy unit at dir: 5
dodge called with dir: 5

dodge
dodge1 dir: 0
different unit spotted
different unit spotted
different unit spotted
Ally Furian spotted Enemy unit at dir: 0
dodge called with dir: 0

dodge
dodge1 dir: 0

next move down

different unit spotted
different unit spotted
different unit spotted
different unit spotted
different unit spotted
different unit spotted
different unit spotted
different unit spotted
different unit spotted
different unit spotted
Ally Furian spotted Enemy unit at dir: 1
dodge called with dir: 1

dodge
dodge1 dir: 5
different unit spotted
Ally Furian spotted Enemy unit at dir: 2
dodge called with dir: 2

dodge
dodge1 dir: 6
different unit spotted
different unit spotted
different unit spotted
Ally Furian spotted Enemy unit at dir: 3
dodge called with dir: 3

dodge
dodge1 dir: 6
different unit spotted
Ally Furian spotted Enemy unit at dir: 0
dodge called with dir: 0

dodge
dodge1 dir: 4
different unit spotted
Ally Furian spotted Enemy unit at dir: 4
dodge called with dir: 4

dodge
dodge1 dir: 1
different unit spotted
Ally Furian spotted Enemy unit at dir: 7
dodge called with dir: 7

dodge
dodge1 dir: 3
different unit spotted
Ally Furian spotted Enemy unit at dir: 6
dodge called with dir: 6

dodge
dodge1 dir: 2
different unit spotted
Ally Furian spotted Enemy unit at dir: 0
dodge called with dir: 0

dodge
dodge1 dir: 4
different unit spotted
Ally Furian spotted Enemy unit at dir: 5
dodge called with dir: 5

dodge
dodge1 dir: 5

next move down

different unit spotted
Ally Furian spotted Enemy unit at dir: 3
dodge called with dir: 3

dodge
dodge1 dir: 6
different unit spotted
different unit spotted
Ally Furian spotted Enemy unit at dir: 2
dodge called with dir: 2

dodge
dodge1 dir: 6
different unit spotted
different unit spotted
different unit spotted
different unit spotted
Ally Furian spotted Enemy unit at dir: 0
dodge called with dir: 0

dodge
dodge1 dir: 4
different unit spotted
Ally Furian spotted Enemy unit at dir: 6
dodge called with dir: 6

dodge
dodge1 dir: 4
different unit spotted
different unit spotted
different unit spotted
different unit spotted
different unit spotted
Ally Furian spotted Enemy unit at dir: 2
dodge called with dir: 2

dodge
dodge1 dir: 6
different unit spotted
Ally Furian spotted Enemy unit at dir: 1
dodge called with dir: 1

dodge
dodge1 dir: 5
different unit spotted
Ally Furian spotted Enemy unit at dir: 0
dodge called with dir: 0

dodge
dodge1 dir: 4
different unit spotted
Ally Furian spotted Enemy unit at dir: 3
dodge called with dir: 3

dodge
dodge1 dir: 4

next move down

different unit spotted
different unit spotted
different unit spotted
different unit spotted
different unit spotted
different unit spotted
different unit spotted
different unit spotted
different unit spotted
different unit spotted
different unit spotted
different unit spotted
different unit spotted
Ally Furian spotted Enemy unit at dir: 1
dodge called with dir: 1

dodge
dodge1 dir: 2
dodge or chase commanded dir: 5

dodge or chase commanded dir: 5

dodge or chase commanded dir: 6

dodge or chase commanded dir: 6

dodge or chase commanded dir: 4

warning: action already requested for unit 44
dodge or chase commanded dir: 4

warning: action already requested for unit 44
dodge or chase commanded dir: 6

warning: action already requested for unit 44
dodge or chase commanded dir: 5

dodge or chase commanded dir: 4

dodge or chase commanded dir: 0

dodge or chase commanded dir: 7

dodge or chase commanded dir: 6

dodge or chase commanded dir: 2

dodge or chase commanded dir: 2

dodge or chase commanded dir: 6

dodge or chase commanded dir: 0

dodge or chase commanded dir: 0

dodge or chase commanded dir: 7

dodge or chase commanded dir: 0

dodge or chase commanded dir: 7

best move (not dodge) commanded

best move (not dodge) commanded

warning: action already requested for unit 44
best move (not dodge) commanded

best move (not dodge) commanded

warning: action already requested for unit 42
best move (not dodge) commanded

best move (not dodge) commanded

warning: action already requested for unit 42
best move (not dodge) commanded

best move (not dodge) commanded

warning: action already requested for unit 2
best move (not dodge) commanded

warning: action already requested for unit 2
best move (not dodge) commanded

warning: action already requested for unit 42
best move (not dodge) commanded

warning: action already requested for unit 2
best move (not dodge) commanded

warning: action already requested for unit 2
best move (not dodge) commanded

best move (not dodge) commanded

warning: action already requested for unit 42
best move (not dodge) commanded

best move (not dodge) commanded

best move (not dodge) commanded

best move (not dodge) commanded

best move (not dodge) commanded

warning: action already requested for unit 44
best move (not dodge) commanded

warning: action already requested for unit 44
best move (not dodge) commanded

warning: action already requested for unit 42
best move (not dodge) commanded

best move (not dodge) commanded

warning: action already requested for unit 42
best move (not dodge) commanded

best move (not dodge) commanded

warning: action already requested for unit 3
best move (not dodge) commanded

best move (not dodge) commanded

warning: action already requested for unit 3
best move (not dodge) commanded

best move (not dodge) commanded

warning: action already requested for unit 2
best move (not dodge) commanded

best move (not dodge) commanded

warning: action already requested for unit 42
best move (not dodge) commanded

warning: action already requested for unit 44
best move (not dodge) commanded

best move (not dodge) commanded

best move (not dodge) commanded

best move (not dodge) commanded

best move (not dodge) commanded

best move (not dodge) commanded

best move (not dodge) commanded

best move (not dodge) commanded

best move (not dodge) commanded

best move (not dodge) commanded

warning: action already requested for unit 42
best move (not dodge) commanded

info:     end player 0
info:     start player 1
info:     end player 1
info:     start player 2
info:     end player 2
info:     start player 3
info:     end player 3
info: end round 119
info: player Skibbidy got score 940
info: player Dummy got score 307
info: player Dummy got score 254
info: player Dummy got score 154
info: player(s) Skibbidy got top score
info: game played
